8-10-2026 18:30:06-log: Cannot access game frame or container.
8-10-2026 18:30:06-debug: asset-db:require-engine-code (448ms)
8-10-2026 18:30:06-log: meshopt wasm decoder initialized
8-10-2026 18:30:06-log: [bullet]:bullet wasm lib loaded.
8-10-2026 18:30:07-log: [box2d]:box2d wasm lib loaded.
8-10-2026 18:30:07-log: Cocos Creator v3.8.8
8-10-2026 18:30:07-log: Using legacy pipeline
8-10-2026 18:30:07-debug: [Assets Memory track]: asset-db:worker-init: initEngine start:27.77MB, end 79.11MB, increase: 51.34MB
8-10-2026 18:30:07-log: Forward render pipeline initialized.
8-10-2026 18:30:08-debug: [Assets Memory track]: asset-db:worker-init: initPlugin start:79.16MB, end 343.00MB, increase: 263.85MB
8-10-2026 18:30:08-debug: run package(google-play) handler(enable) start
8-10-2026 18:30:08-debug: run package(google-play) handler(enable) success!
8-10-2026 18:30:08-debug: run package(harmonyos-next) handler(enable) start
8-10-2026 18:30:08-debug: run package(honor-mini-game) handler(enable) start
8-10-2026 18:30:08-debug: run package(harmonyos-next) handler(enable) success!
8-10-2026 18:30:08-debug: run package(honor-mini-game) handler(enable) success!
8-10-2026 18:30:08-debug: run package(huawei-agc) handler(enable) success!
8-10-2026 18:30:08-debug: run package(huawei-quick-game) handler(enable) start
8-10-2026 18:30:08-debug: run package(huawei-quick-game) handler(enable) success!
8-10-2026 18:30:08-debug: run package(huawei-agc) handler(enable) start
8-10-2026 18:30:08-debug: run package(ios) handler(enable) success!
8-10-2026 18:30:08-debug: run package(linux) handler(enable) start
8-10-2026 18:30:08-debug: run package(linux) handler(enable) success!
8-10-2026 18:30:08-debug: run package(mac) handler(enable) success!
8-10-2026 18:30:08-debug: run package(mac) handler(enable) start
8-10-2026 18:30:08-debug: run package(migu-mini-game) handler(enable) start
8-10-2026 18:30:08-debug: run package(native) handler(enable) start
8-10-2026 18:30:08-debug: run package(migu-mini-game) handler(enable) success!
8-10-2026 18:30:08-debug: run package(ios) handler(enable) start
8-10-2026 18:30:08-debug: run package(ohos) handler(enable) start
8-10-2026 18:30:08-debug: run package(ohos) handler(enable) success!
8-10-2026 18:30:08-debug: run package(oppo-mini-game) handler(enable) start
8-10-2026 18:30:08-debug: run package(native) handler(enable) success!
8-10-2026 18:30:08-debug: run package(runtime-dev-tools) handler(enable) start
8-10-2026 18:30:08-debug: run package(oppo-mini-game) handler(enable) success!
8-10-2026 18:30:08-debug: run package(taobao-mini-game) handler(enable) success!
8-10-2026 18:30:08-debug: run package(runtime-dev-tools) handler(enable) success!
8-10-2026 18:30:08-debug: run package(taobao-mini-game) handler(enable) start
8-10-2026 18:30:08-debug: run package(vivo-mini-game) handler(enable) success!
8-10-2026 18:30:08-debug: run package(vivo-mini-game) handler(enable) start
8-10-2026 18:30:08-debug: run package(web-mobile) handler(enable) start
8-10-2026 18:30:08-debug: run package(web-desktop) handler(enable) start
8-10-2026 18:30:08-debug: run package(web-desktop) handler(enable) success!
8-10-2026 18:30:08-debug: run package(web-mobile) handler(enable) success!
8-10-2026 18:30:08-debug: run package(wechatgame) handler(enable) start
8-10-2026 18:30:08-debug: run package(wechatgame) handler(enable) success!
8-10-2026 18:30:08-debug: run package(wechatprogram) handler(enable) success!
8-10-2026 18:30:08-debug: run package(wechatprogram) handler(enable) start
8-10-2026 18:30:08-debug: run package(xiaomi-quick-game) handler(enable) start
8-10-2026 18:30:08-debug: run package(windows) handler(enable) success!
8-10-2026 18:30:08-debug: run package(xiaomi-quick-game) handler(enable) success!
8-10-2026 18:30:08-debug: run package(cocos-service) handler(enable) start
8-10-2026 18:30:08-debug: run package(cocos-service) handler(enable) success!
8-10-2026 18:30:08-debug: run package(im-plugin) handler(enable) success!
8-10-2026 18:30:08-debug: run package(im-plugin) handler(enable) start
8-10-2026 18:30:08-debug: run package(placeholder) handler(enable) start
8-10-2026 18:30:08-debug: run package(placeholder) handler(enable) success!
8-10-2026 18:30:08-debug: asset-db:worker-init: initPlugin (1313ms)
8-10-2026 18:30:08-debug: run package(windows) handler(enable) start
8-10-2026 18:30:08-debug: [Assets Memory track]: asset-db:worker-init start:27.76MB, end 342.62MB, increase: 314.86MB
8-10-2026 18:30:08-debug: Run asset db hook engine-extends:beforePreStart ...
8-10-2026 18:30:08-debug: Run asset db hook programming:beforePreStart ...
8-10-2026 18:30:08-debug: Run asset db hook programming:beforePreStart success!
8-10-2026 18:30:08-debug: Run asset db hook engine-extends:beforePreStart success!
8-10-2026 18:30:08-debug: asset-db:worker-init (1915ms)
8-10-2026 18:30:08-debug: asset-db-hook-programming-beforePreStart (63ms)
8-10-2026 18:30:08-debug: asset-db-hook-engine-extends-beforePreStart (63ms)
8-10-2026 18:30:08-debug: Preimport db internal success
8-10-2026 18:30:08-debug: Preimport db assets success
8-10-2026 18:30:08-debug: Run asset db hook programming:afterPreStart ...
8-10-2026 18:30:08-debug: starting packer-driver...
8-10-2026 18:30:09-debug: initialize scripting environment...
8-10-2026 18:30:09-debug: [[Executor]] prepare before lock
8-10-2026 18:30:09-debug: Set detail map pack:///resolution-detail-map.json: {}
8-10-2026 18:30:09-debug: [[Executor]] prepare after unlock
8-10-2026 18:30:09-debug: Run asset db hook programming:afterPreStart success!
8-10-2026 18:30:09-debug: Run asset db hook engine-extends:afterPreStart success!
8-10-2026 18:30:09-debug: [Assets Memory track]: asset-db:worker-init: preStart start:342.64MB, end 344.90MB, increase: 2.26MB
8-10-2026 18:30:09-debug: Start up the 'internal' database...
8-10-2026 18:30:09-debug: Run asset db hook engine-extends:afterPreStart ...
8-10-2026 18:30:09-debug: asset-db-hook-programming-afterPreStart (1183ms)
8-10-2026 18:30:09-debug: asset-db:worker-effect-data-processing (216ms)
8-10-2026 18:30:09-debug: asset-db-hook-engine-extends-afterPreStart (216ms)
8-10-2026 18:30:09-debug: Run asset db hook engine-extends:afterStartDB ...
8-10-2026 18:30:09-debug: recompile effect.bin success
8-10-2026 18:30:09-debug: Start up the 'assets' database...
8-10-2026 18:30:09-debug: Run asset db hook engine-extends:afterStartDB success!
8-10-2026 18:30:09-debug: asset-db:worker-effect-data-processing (265ms)
8-10-2026 18:30:09-debug: asset-db-hook-engine-extends-afterStartDB (266ms)
8-10-2026 18:30:09-debug: Run asset db hook engine-extends:afterStartDB ...
8-10-2026 18:30:10-debug: recompile effect.bin success
8-10-2026 18:30:10-debug: Run asset db hook engine-extends:afterStartDB success!
8-10-2026 18:30:10-debug: lazy register asset handler *
8-10-2026 18:30:10-debug: lazy register asset handler directory
8-10-2026 18:30:10-debug: lazy register asset handler text
8-10-2026 18:30:10-debug: lazy register asset handler json
8-10-2026 18:30:10-debug: lazy register asset handler spine-data
8-10-2026 18:30:10-debug: [Assets Memory track]: asset-db:worker-init: startup start:344.91MB, end 387.25MB, increase: 42.34MB
8-10-2026 18:30:10-debug: lazy register asset handler dragonbones-atlas
8-10-2026 18:30:10-debug: lazy register asset handler javascript
8-10-2026 18:30:10-debug: lazy register asset handler terrain
8-10-2026 18:30:10-debug: lazy register asset handler scene
8-10-2026 18:30:10-debug: lazy register asset handler prefab
8-10-2026 18:30:10-debug: lazy register asset handler typescript
8-10-2026 18:30:10-debug: lazy register asset handler sprite-frame
8-10-2026 18:30:10-debug: lazy register asset handler tiled-map
8-10-2026 18:30:10-debug: lazy register asset handler buffer
8-10-2026 18:30:10-debug: lazy register asset handler sign-image
8-10-2026 18:30:10-debug: lazy register asset handler alpha-image
8-10-2026 18:30:10-debug: lazy register asset handler image
8-10-2026 18:30:10-debug: lazy register asset handler texture-cube
8-10-2026 18:30:10-debug: lazy register asset handler erp-texture-cube
8-10-2026 18:30:10-debug: lazy register asset handler texture
8-10-2026 18:30:10-debug: lazy register asset handler texture-cube-face
8-10-2026 18:30:10-debug: lazy register asset handler dragonbones
8-10-2026 18:30:10-debug: lazy register asset handler rt-sprite-frame
8-10-2026 18:30:10-debug: lazy register asset handler gltf
8-10-2026 18:30:10-debug: lazy register asset handler gltf-mesh
8-10-2026 18:30:10-debug: lazy register asset handler gltf-animation
8-10-2026 18:30:10-debug: lazy register asset handler render-texture
8-10-2026 18:30:10-debug: lazy register asset handler gltf-skeleton
8-10-2026 18:30:10-debug: lazy register asset handler gltf-embeded-image
8-10-2026 18:30:10-debug: lazy register asset handler gltf-material
8-10-2026 18:30:10-debug: lazy register asset handler gltf-scene
8-10-2026 18:30:10-debug: lazy register asset handler fbx
8-10-2026 18:30:10-debug: lazy register asset handler material
8-10-2026 18:30:10-debug: lazy register asset handler effect-header
8-10-2026 18:30:10-debug: lazy register asset handler audio-clip
8-10-2026 18:30:10-debug: lazy register asset handler physics-material
8-10-2026 18:30:10-debug: lazy register asset handler animation-clip
8-10-2026 18:30:10-debug: lazy register asset handler animation-graph
8-10-2026 18:30:10-debug: lazy register asset handler animation-graph-variant
8-10-2026 18:30:10-debug: lazy register asset handler animation-mask
8-10-2026 18:30:10-debug: lazy register asset handler bitmap-font
8-10-2026 18:30:10-debug: lazy register asset handler ttf-font
8-10-2026 18:30:10-debug: lazy register asset handler sprite-atlas
8-10-2026 18:30:10-debug: lazy register asset handler particle
8-10-2026 18:30:10-debug: lazy register asset handler auto-atlas
8-10-2026 18:30:10-debug: lazy register asset handler render-pipeline
8-10-2026 18:30:10-debug: lazy register asset handler label-atlas
8-10-2026 18:30:10-debug: lazy register asset handler render-stage
8-10-2026 18:30:10-debug: lazy register asset handler instantiation-material
8-10-2026 18:30:10-debug: lazy register asset handler effect
8-10-2026 18:30:10-debug: lazy register asset handler render-flow
8-10-2026 18:30:10-debug: lazy register asset handler instantiation-animation
8-10-2026 18:30:10-debug: lazy register asset handler instantiation-mesh
8-10-2026 18:30:10-debug: lazy register asset handler instantiation-skeleton
8-10-2026 18:30:10-debug: lazy register asset handler video-clip
8-10-2026 18:30:10-debug: asset-db:worker-effect-data-processing (228ms)
8-10-2026 18:30:10-debug: asset-db:start-database (1846ms)
8-10-2026 18:30:10-debug: asset-db-hook-engine-extends-afterStartDB (228ms)
8-10-2026 18:30:10-debug: asset-db:ready (5250ms)
8-10-2026 18:30:10-debug: init worker message success
8-10-2026 18:30:10-debug: programming:execute-script (4ms)
8-10-2026 18:30:10-debug: [Build Memory track]: builder:worker-init start:382.05MB, end 392.86MB, increase: 10.81MB
8-10-2026 18:30:10-debug: builder:worker-init (203ms)
8-10-2026 18:30:23-debug: refresh db internal success
8-10-2026 18:30:23-debug: refresh db assets success
8-10-2026 18:30:23-debug: Run asset db hook engine-extends:afterRefresh ...
8-10-2026 18:30:23-debug: Run asset db hook engine-extends:afterRefresh success!
8-10-2026 18:30:23-debug: asset-db:refresh-all-database (96ms)
8-10-2026 18:30:23-debug: asset-db:worker-effect-data-processing (1ms)
8-10-2026 18:30:23-debug: asset-db-hook-engine-extends-afterRefresh (1ms)
8-10-2026 18:30:24-debug: Query all assets info in project
8-10-2026 18:30:24-debug: init custom config: keepNodeUuid: false, useCache: true
8-10-2026 18:30:24-debug: Skip compress image, progress: 0%
8-10-2026 18:30:24-debug: Init all bundles start..., progress: 0%
8-10-2026 18:30:24-debug: // ---- build task Query asset bundle ----
8-10-2026 18:30:24-debug: Query asset bundle start, progress: 0%
8-10-2026 18:30:24-debug: Init bundle root assets start..., progress: 0%
8-10-2026 18:30:24-debug: Num of bundles: 2..., progress: 0%
8-10-2026 18:30:24-debug:   Number of all scenes: 3
8-10-2026 18:30:24-debug:   Number of all scripts: 41
8-10-2026 18:30:24-debug: Query preload assets/scripts from cc.config.json: 60f7195c-ec2a-45eb-ba94-8955f60e81d0,1c02ae6f-4492-4915-b8f8-7492a3b1e4cd,810e96e4-e456-4468-9b59-f4e8f39732c0,efe8e2a3-eace-427b-b4f1-cb8a937ec77d,e9aa9a3e-5b2b-4ac7-a2c7-073de2b2b24f,8bbdbcdd-5cd4-4100-b6d5-b7c9625b6107,50f4348b-c883-4e2f-8f11-ce233b859fa1,fda095cb-831d-4601-ad94-846013963de8,f92806d7-1768-443f-afe8-12bcde84d0f0,dd3a144d-ab7f-41f0-82b8-2e43a090d496,f0416e68-0200-4b77-a926-4f9d16e494da,511d2633-09a7-4bdd-ac42-f778032124b3,5d45aa00-e064-4938-b314-4265f0c2258c,9361fd90-ba52-4f84-aa93-6e878fd576ca,970b0598-bcb0-4714-91fb-2e81440dccd8,bcd64cc6-2dd9-43f6-abbe-66318d332032,d930590d-bb92-4cc8-8bd1-23cd027f9edf,a3cd009f-0ab0-420d-9278-b9fdab939bbc,6a2d0734-bd9e-4ddf-946e-caa52498cb75,d9937e59-61fe-4ec6-92ab-7ac5a19c89b0,d1346436-ac96-4271-b863-1f4fdead95b0,971bdb23-3ff6-43eb-b422-1c30165a3663,17debcc3-0a6b-4b8a-b00b-dc58b885581e,711ebe11-f673-4cd9-9a83-63c60ba54c5b,c0143906-9aed-447e-9436-2ae8512d1b6e,14da1725-c4c2-42b4-ab08-ee0aeb6898b3,081cab31-dccd-428e-8652-f2404cc81c47,78e0584a-4343-4727-8f37-e14e65c2a2db,871c3b6c-7379-419d-bda3-794b239ab90d,ff9b0199-ce04-4cfe-86cc-6c719f08d6e4,de1c2107-70c8-4021-8459-6399f24d01c6,cbf30902-517f-40dc-af90-a550bac27cf1,5c601d96-e4c7-4698-991b-7ee674b11079
8-10-2026 18:30:24-debug: Init bundle root assets success..., progress: 0%
8-10-2026 18:30:24-debug:   Number of other assets: 486
8-10-2026 18:30:24-debug: // ---- build task Query asset bundle ---- (6ms)
8-10-2026 18:30:24-log: run build task Query asset bundle success in 6 ms√, progress: 5%
8-10-2026 18:30:24-debug: [Build Memory track]: Query asset bundle start:224.90MB, end 224.92MB, increase: 18.33KB
8-10-2026 18:30:24-debug: // ---- build task Query asset bundle ----
8-10-2026 18:30:24-debug: Query asset bundle start, progress: 5%
8-10-2026 18:30:24-debug: // ---- build task Query asset bundle ---- (2ms)
8-10-2026 18:30:24-log: run build task Query asset bundle success in 2 ms√, progress: 10%
8-10-2026 18:30:24-debug: [Build Memory track]: Query asset bundle start:224.97MB, end 225.14MB, increase: 176.37KB
8-10-2026 18:30:24-debug: // ---- build task Sort some build options to settings.json ----
8-10-2026 18:30:24-debug: Sort some build options to settings.json start, progress: 10%
8-10-2026 18:30:24-log: run build task Sort some build options to settings.json success in √, progress: 12%
8-10-2026 18:30:24-debug: [Build Memory track]: Sort some build options to settings.json start:225.18MB, end 225.20MB, increase: 21.04KB
8-10-2026 18:30:24-debug: Fill script data to settings start, progress: 12%
8-10-2026 18:30:24-debug: // ---- build task Fill script data to settings ----
8-10-2026 18:30:24-debug: // ---- build task Fill script data to settings ---- (1ms)
8-10-2026 18:30:24-log: run build task Fill script data to settings success in 1 ms√, progress: 13%
8-10-2026 18:30:24-debug: [Build Memory track]: Fill script data to settings start:225.24MB, end 224.61MB, increase: -649.42KB
8-10-2026 18:30:24-debug: Sort some build options to settings.json start, progress: 13%
8-10-2026 18:30:24-debug: // ---- build task Sort some build options to settings.json ----
8-10-2026 18:30:24-debug: // ---- build task Sort some build options to settings.json ---- (4ms)
8-10-2026 18:30:24-log: run build task Sort some build options to settings.json success in 4 ms√, progress: 15%
8-10-2026 18:30:24-debug: [Build Memory track]: Sort some build options to settings.json start:224.65MB, end 224.80MB, increase: 147.98KB
8-10-2026 18:30:31-debug: Query all assets info in project
8-10-2026 18:30:31-debug: init custom config: keepNodeUuid: false, useCache: true
8-10-2026 18:30:31-debug: Skip compress image, progress: 0%
8-10-2026 18:30:31-debug: Init all bundles start..., progress: 0%
8-10-2026 18:30:31-debug: Query asset bundle start, progress: 0%
8-10-2026 18:30:31-debug: // ---- build task Query asset bundle ----
8-10-2026 18:30:31-debug: Num of bundles: 2..., progress: 0%
8-10-2026 18:30:31-debug: Init bundle root assets start..., progress: 0%
8-10-2026 18:30:31-debug: Query preload assets/scripts from cc.config.json: 60f7195c-ec2a-45eb-ba94-8955f60e81d0,1c02ae6f-4492-4915-b8f8-7492a3b1e4cd,810e96e4-e456-4468-9b59-f4e8f39732c0,efe8e2a3-eace-427b-b4f1-cb8a937ec77d,e9aa9a3e-5b2b-4ac7-a2c7-073de2b2b24f,8bbdbcdd-5cd4-4100-b6d5-b7c9625b6107,50f4348b-c883-4e2f-8f11-ce233b859fa1,fda095cb-831d-4601-ad94-846013963de8,f92806d7-1768-443f-afe8-12bcde84d0f0,dd3a144d-ab7f-41f0-82b8-2e43a090d496,f0416e68-0200-4b77-a926-4f9d16e494da,511d2633-09a7-4bdd-ac42-f778032124b3,5d45aa00-e064-4938-b314-4265f0c2258c,9361fd90-ba52-4f84-aa93-6e878fd576ca,970b0598-bcb0-4714-91fb-2e81440dccd8,bcd64cc6-2dd9-43f6-abbe-66318d332032,d930590d-bb92-4cc8-8bd1-23cd027f9edf,a3cd009f-0ab0-420d-9278-b9fdab939bbc,6a2d0734-bd9e-4ddf-946e-caa52498cb75,d9937e59-61fe-4ec6-92ab-7ac5a19c89b0,d1346436-ac96-4271-b863-1f4fdead95b0,971bdb23-3ff6-43eb-b422-1c30165a3663,17debcc3-0a6b-4b8a-b00b-dc58b885581e,711ebe11-f673-4cd9-9a83-63c60ba54c5b,c0143906-9aed-447e-9436-2ae8512d1b6e,14da1725-c4c2-42b4-ab08-ee0aeb6898b3,081cab31-dccd-428e-8652-f2404cc81c47,78e0584a-4343-4727-8f37-e14e65c2a2db,871c3b6c-7379-419d-bda3-794b239ab90d,ff9b0199-ce04-4cfe-86cc-6c719f08d6e4,de1c2107-70c8-4021-8459-6399f24d01c6,cbf30902-517f-40dc-af90-a550bac27cf1,5c601d96-e4c7-4698-991b-7ee674b11079
8-10-2026 18:30:31-debug:   Number of all scenes: 3
8-10-2026 18:30:31-debug: Init bundle root assets success..., progress: 0%
8-10-2026 18:30:31-debug:   Number of other assets: 486
8-10-2026 18:30:31-debug:   Number of all scripts: 41
8-10-2026 18:30:31-debug: // ---- build task Query asset bundle ---- (4ms)
8-10-2026 18:30:31-log: run build task Query asset bundle success in 4 ms√, progress: 5%
8-10-2026 18:30:31-debug: [Build Memory track]: Query asset bundle start:225.53MB, end 224.76MB, increase: -789.62KB
8-10-2026 18:30:31-debug: Query asset bundle start, progress: 5%
8-10-2026 18:30:31-debug: // ---- build task Query asset bundle ----
8-10-2026 18:30:31-debug: // ---- build task Query asset bundle ---- (4ms)
8-10-2026 18:30:31-log: run build task Query asset bundle success in 4 ms√, progress: 10%
8-10-2026 18:30:31-debug: [Build Memory track]: Query asset bundle start:224.80MB, end 224.94MB, increase: 148.72KB
8-10-2026 18:30:31-debug: // ---- build task Sort some build options to settings.json ----
8-10-2026 18:30:31-debug: Sort some build options to settings.json start, progress: 10%
8-10-2026 18:30:31-log: run build task Sort some build options to settings.json success in √, progress: 12%
8-10-2026 18:30:31-debug: [Build Memory track]: Sort some build options to settings.json start:224.99MB, end 225.01MB, increase: 20.93KB
8-10-2026 18:30:31-debug: Fill script data to settings start, progress: 12%
8-10-2026 18:30:31-debug: // ---- build task Fill script data to settings ----
8-10-2026 18:30:31-log: run build task Fill script data to settings success in √, progress: 13%
8-10-2026 18:30:31-debug: [Build Memory track]: Fill script data to settings start:225.05MB, end 225.08MB, increase: 28.52KB
8-10-2026 18:30:31-debug: // ---- build task Sort some build options to settings.json ----
8-10-2026 18:30:31-debug: Sort some build options to settings.json start, progress: 13%
8-10-2026 18:30:31-debug: // ---- build task Sort some build options to settings.json ---- (2ms)
8-10-2026 18:30:31-log: run build task Sort some build options to settings.json success in 2 ms√, progress: 15%
8-10-2026 18:30:31-debug: [Build Memory track]: Sort some build options to settings.json start:225.12MB, end 225.25MB, increase: 133.89KB
8-10-2026 18:33:26-debug: Query all assets info in project
8-10-2026 18:33:26-debug: init custom config: keepNodeUuid: false, useCache: true
8-10-2026 18:33:26-debug: Skip compress image, progress: 0%
8-10-2026 18:33:26-debug: Init all bundles start..., progress: 0%
8-10-2026 18:33:26-debug: Num of bundles: 2..., progress: 0%
8-10-2026 18:33:26-debug: // ---- build task Query asset bundle ----
8-10-2026 18:33:26-debug: Init bundle root assets start..., progress: 0%
8-10-2026 18:33:26-debug: Query asset bundle start, progress: 0%
8-10-2026 18:33:26-debug: Query preload assets/scripts from cc.config.json: 60f7195c-ec2a-45eb-ba94-8955f60e81d0,1c02ae6f-4492-4915-b8f8-7492a3b1e4cd,810e96e4-e456-4468-9b59-f4e8f39732c0,efe8e2a3-eace-427b-b4f1-cb8a937ec77d,e9aa9a3e-5b2b-4ac7-a2c7-073de2b2b24f,8bbdbcdd-5cd4-4100-b6d5-b7c9625b6107,50f4348b-c883-4e2f-8f11-ce233b859fa1,fda095cb-831d-4601-ad94-846013963de8,f92806d7-1768-443f-afe8-12bcde84d0f0,dd3a144d-ab7f-41f0-82b8-2e43a090d496,f0416e68-0200-4b77-a926-4f9d16e494da,511d2633-09a7-4bdd-ac42-f778032124b3,5d45aa00-e064-4938-b314-4265f0c2258c,9361fd90-ba52-4f84-aa93-6e878fd576ca,970b0598-bcb0-4714-91fb-2e81440dccd8,bcd64cc6-2dd9-43f6-abbe-66318d332032,d930590d-bb92-4cc8-8bd1-23cd027f9edf,a3cd009f-0ab0-420d-9278-b9fdab939bbc,6a2d0734-bd9e-4ddf-946e-caa52498cb75,d9937e59-61fe-4ec6-92ab-7ac5a19c89b0,d1346436-ac96-4271-b863-1f4fdead95b0,971bdb23-3ff6-43eb-b422-1c30165a3663,17debcc3-0a6b-4b8a-b00b-dc58b885581e,711ebe11-f673-4cd9-9a83-63c60ba54c5b,c0143906-9aed-447e-9436-2ae8512d1b6e,14da1725-c4c2-42b4-ab08-ee0aeb6898b3,081cab31-dccd-428e-8652-f2404cc81c47,78e0584a-4343-4727-8f37-e14e65c2a2db,871c3b6c-7379-419d-bda3-794b239ab90d,ff9b0199-ce04-4cfe-86cc-6c719f08d6e4,de1c2107-70c8-4021-8459-6399f24d01c6,cbf30902-517f-40dc-af90-a550bac27cf1,5c601d96-e4c7-4698-991b-7ee674b11079
8-10-2026 18:33:26-debug:   Number of all scenes: 3
8-10-2026 18:33:26-debug: Init bundle root assets success..., progress: 0%
8-10-2026 18:33:26-debug:   Number of all scripts: 41
8-10-2026 18:33:26-debug:   Number of other assets: 486
8-10-2026 18:33:26-debug: // ---- build task Query asset bundle ---- (6ms)
8-10-2026 18:33:26-log: run build task Query asset bundle success in 6 ms√, progress: 5%
8-10-2026 18:33:26-debug: [Build Memory track]: Query asset bundle start:221.94MB, end 221.83MB, increase: -111.86KB
8-10-2026 18:33:26-debug: // ---- build task Query asset bundle ----
8-10-2026 18:33:26-debug: Query asset bundle start, progress: 5%
8-10-2026 18:33:26-debug: // ---- build task Query asset bundle ---- (3ms)
8-10-2026 18:33:26-debug: [Build Memory track]: Query asset bundle start:221.88MB, end 222.03MB, increase: 148.24KB
8-10-2026 18:33:26-debug: // ---- build task Sort some build options to settings.json ----
8-10-2026 18:33:26-log: run build task Query asset bundle success in 3 ms√, progress: 10%
8-10-2026 18:33:26-debug: Sort some build options to settings.json start, progress: 10%
8-10-2026 18:33:26-debug: // ---- build task Sort some build options to settings.json ---- (2ms)
8-10-2026 18:33:26-log: run build task Sort some build options to settings.json success in 2 ms√, progress: 12%
8-10-2026 18:33:26-debug: [Build Memory track]: Sort some build options to settings.json start:222.07MB, end 222.10MB, increase: 35.09KB
8-10-2026 18:33:26-debug: // ---- build task Fill script data to settings ----
8-10-2026 18:33:26-debug: Fill script data to settings start, progress: 12%
8-10-2026 18:33:26-debug: // ---- build task Fill script data to settings ---- (2ms)
8-10-2026 18:33:26-log: run build task Fill script data to settings success in 2 ms√, progress: 13%
8-10-2026 18:33:26-debug: [Build Memory track]: Fill script data to settings start:222.14MB, end 222.18MB, increase: 33.05KB
8-10-2026 18:33:26-debug: // ---- build task Sort some build options to settings.json ----
8-10-2026 18:33:26-debug: Sort some build options to settings.json start, progress: 13%
8-10-2026 18:33:26-debug: // ---- build task Sort some build options to settings.json ---- (4ms)
8-10-2026 18:33:26-log: run build task Sort some build options to settings.json success in 4 ms√, progress: 15%
8-10-2026 18:33:26-debug: [Build Memory track]: Sort some build options to settings.json start:222.21MB, end 222.37MB, increase: 156.74KB
