8-13-2026 10:45:15-log: Cannot access game frame or container.
8-13-2026 10:45:16-debug: asset-db:require-engine-code (1694ms)
8-13-2026 10:45:16-log: meshopt wasm decoder initialized
8-13-2026 10:45:16-log: [bullet]:bullet wasm lib loaded.
8-13-2026 10:45:16-log: [box2d]:box2d wasm lib loaded.
8-13-2026 10:45:16-log: Cocos Creator v3.8.8
8-13-2026 10:45:16-log: Using legacy pipeline
8-13-2026 10:45:16-log: Forward render pipeline initialized.
8-13-2026 10:45:16-debug: [Assets Memory track]: asset-db:worker-init: initEngine start:28.79MB, end 79.51MB, increase: 50.73MB
8-13-2026 10:45:20-debug: [Assets Memory track]: asset-db:worker-init: initPlugin start:79.56MB, end 198.96MB, increase: 119.40MB
8-13-2026 10:45:20-debug: asset-db:worker-init: initPlugin (3815ms)
8-13-2026 10:45:20-debug: [Assets Memory track]: asset-db:worker-init start:28.78MB, end 199.06MB, increase: 170.28MB
8-13-2026 10:45:20-debug: Run asset db hook engine-extends:beforePreStart success!
8-13-2026 10:45:20-debug: Run asset db hook programming:beforePreStart ...
8-13-2026 10:45:20-debug: Run asset db hook programming:beforePreStart success!
8-13-2026 10:45:20-debug: Run asset db hook engine-extends:beforePreStart ...
8-13-2026 10:45:26-debug: asset-db:worker-init (11362ms)
8-13-2026 10:45:26-debug: asset-db-hook-programming-beforePreStart (5449ms)
8-13-2026 10:45:26-debug: asset-db-hook-engine-extends-beforePreStart (5448ms)
8-13-2026 10:45:28-debug: Preimport db internal success
8-13-2026 10:45:28-debug: Preimport db assets success
8-13-2026 10:45:28-debug: Run asset db hook programming:afterPreStart ...
8-13-2026 10:45:28-debug: starting packer-driver...
8-13-2026 10:45:32-debug: initialize scripting environment...
8-13-2026 10:45:32-debug: [[Executor]] prepare before lock
8-13-2026 10:45:32-debug: Set detail map pack:///resolution-detail-map.json: {}
8-13-2026 10:45:32-debug: [[Executor]] prepare after unlock
8-13-2026 10:45:32-debug: Run asset db hook programming:afterPreStart success!
8-13-2026 10:45:32-debug: Run asset db hook engine-extends:afterPreStart success!
8-13-2026 10:45:32-debug: Run asset db hook engine-extends:afterPreStart ...
8-13-2026 10:45:32-debug: [Assets Memory track]: asset-db:worker-init: preStart start:199.07MB, end 203.70MB, increase: 4.63MB
8-13-2026 10:45:32-debug: Start up the 'internal' database...
8-13-2026 10:45:35-debug: asset-db-hook-programming-afterPreStart (6328ms)
8-13-2026 10:45:35-debug: asset-db:worker-effect-data-processing (3200ms)
8-13-2026 10:45:35-debug: asset-db-hook-engine-extends-afterPreStart (3201ms)
8-13-2026 10:45:35-debug: Run asset db hook engine-extends:afterStartDB ...
8-13-2026 10:45:37-debug: recompile effect.bin success
8-13-2026 10:45:37-debug: Run asset db hook engine-extends:afterStartDB success!
8-13-2026 10:45:37-debug: Start up the 'assets' database...
8-13-2026 10:45:38-debug: asset-db:worker-effect-data-processing (3093ms)
8-13-2026 10:45:38-debug: asset-db-hook-engine-extends-afterStartDB (3095ms)
8-13-2026 10:45:38-debug: Run asset db hook engine-extends:afterStartDB ...
8-13-2026 10:45:39-debug: recompile effect.bin success
8-13-2026 10:45:39-debug: Run asset db hook engine-extends:afterStartDB success!
8-13-2026 10:45:39-debug: [Assets Memory track]: asset-db:worker-init: startup start:203.72MB, end 218.39MB, increase: 14.67MB
8-13-2026 10:45:39-debug: lazy register asset handler text
8-13-2026 10:45:39-debug: lazy register asset handler directory
8-13-2026 10:45:39-debug: lazy register asset handler spine-data
8-13-2026 10:45:39-debug: lazy register asset handler *
8-13-2026 10:45:39-debug: lazy register asset handler dragonbones
8-13-2026 10:45:39-debug: lazy register asset handler dragonbones-atlas
8-13-2026 10:45:39-debug: lazy register asset handler javascript
8-13-2026 10:45:39-debug: lazy register asset handler json
8-13-2026 10:45:39-debug: lazy register asset handler terrain
8-13-2026 10:45:39-debug: lazy register asset handler prefab
8-13-2026 10:45:39-debug: lazy register asset handler scene
8-13-2026 10:45:39-debug: lazy register asset handler typescript
8-13-2026 10:45:39-debug: lazy register asset handler sprite-frame
8-13-2026 10:45:39-debug: lazy register asset handler buffer
8-13-2026 10:45:39-debug: lazy register asset handler tiled-map
8-13-2026 10:45:39-debug: lazy register asset handler sign-image
8-13-2026 10:45:39-debug: lazy register asset handler alpha-image
8-13-2026 10:45:39-debug: lazy register asset handler texture
8-13-2026 10:45:39-debug: lazy register asset handler texture-cube
8-13-2026 10:45:39-debug: lazy register asset handler erp-texture-cube
8-13-2026 10:45:39-debug: lazy register asset handler image
8-13-2026 10:45:39-debug: lazy register asset handler render-texture
8-13-2026 10:45:39-debug: lazy register asset handler rt-sprite-frame
8-13-2026 10:45:39-debug: lazy register asset handler texture-cube-face
8-13-2026 10:45:39-debug: lazy register asset handler gltf-animation
8-13-2026 10:45:39-debug: lazy register asset handler gltf
8-13-2026 10:45:39-debug: lazy register asset handler gltf-skeleton
8-13-2026 10:45:39-debug: lazy register asset handler gltf-mesh
8-13-2026 10:45:39-debug: lazy register asset handler gltf-material
8-13-2026 10:45:39-debug: lazy register asset handler gltf-embeded-image
8-13-2026 10:45:39-debug: lazy register asset handler fbx
8-13-2026 10:45:39-debug: lazy register asset handler material
8-13-2026 10:45:39-debug: lazy register asset handler gltf-scene
8-13-2026 10:45:39-debug: lazy register asset handler physics-material
8-13-2026 10:45:39-debug: lazy register asset handler effect-header
8-13-2026 10:45:39-debug: lazy register asset handler animation-clip
8-13-2026 10:45:39-debug: lazy register asset handler audio-clip
8-13-2026 10:45:39-debug: lazy register asset handler effect
8-13-2026 10:45:39-debug: lazy register asset handler animation-graph
8-13-2026 10:45:39-debug: lazy register asset handler animation-mask
8-13-2026 10:45:39-debug: lazy register asset handler animation-graph-variant
8-13-2026 10:45:39-debug: lazy register asset handler ttf-font
8-13-2026 10:45:39-debug: lazy register asset handler particle
8-13-2026 10:45:39-debug: lazy register asset handler bitmap-font
8-13-2026 10:45:39-debug: lazy register asset handler sprite-atlas
8-13-2026 10:45:39-debug: lazy register asset handler label-atlas
8-13-2026 10:45:39-debug: lazy register asset handler render-pipeline
8-13-2026 10:45:39-debug: lazy register asset handler auto-atlas
8-13-2026 10:45:39-debug: lazy register asset handler render-flow
8-13-2026 10:45:39-debug: lazy register asset handler instantiation-material
8-13-2026 10:45:39-debug: lazy register asset handler instantiation-mesh
8-13-2026 10:45:39-debug: lazy register asset handler instantiation-skeleton
8-13-2026 10:45:39-debug: lazy register asset handler instantiation-animation
8-13-2026 10:45:39-debug: lazy register asset handler render-stage
8-13-2026 10:45:39-debug: lazy register asset handler video-clip
8-13-2026 10:45:39-debug: asset-db-hook-engine-extends-afterStartDB (731ms)
8-13-2026 10:45:39-debug: asset-db:ready (29242ms)
8-13-2026 10:45:39-debug: asset-db:worker-effect-data-processing (731ms)
8-13-2026 10:45:39-debug: asset-db:start-database (18754ms)
8-13-2026 10:45:39-debug: init worker message success
8-13-2026 10:45:40-debug: programming:execute-script (15ms)
8-13-2026 10:45:40-debug: [Build Memory track]: builder:worker-init start:222.47MB, end 230.37MB, increase: 7.90MB
8-13-2026 10:45:40-debug: builder:worker-init (830ms)
8-13-2026 10:46:08-debug: refresh db internal success
8-13-2026 10:46:08-debug: refresh db assets success
8-13-2026 10:46:08-debug: Run asset db hook engine-extends:afterRefresh success!
8-13-2026 10:46:08-debug: Run asset db hook engine-extends:afterRefresh ...
8-13-2026 10:46:08-debug: asset-db:refresh-all-database (92ms)
8-13-2026 10:46:08-debug: asset-db:worker-effect-data-processing (4ms)
8-13-2026 10:46:08-debug: asset-db-hook-engine-extends-afterRefresh (4ms)
8-13-2026 10:46:18-debug: refresh db internal success
8-13-2026 10:46:18-debug: refresh db assets success
8-13-2026 10:46:18-debug: Run asset db hook engine-extends:afterRefresh ...
8-13-2026 10:46:18-debug: Run asset db hook engine-extends:afterRefresh success!
8-13-2026 10:46:18-debug: asset-db:refresh-all-database (91ms)
8-13-2026 10:46:18-debug: asset-db:worker-effect-data-processing (2ms)
8-13-2026 10:46:18-debug: asset-db-hook-engine-extends-afterRefresh (2ms)
8-13-2026 10:46:26-debug: refresh db internal success
8-13-2026 10:46:26-debug: refresh db assets success
8-13-2026 10:46:26-debug: Run asset db hook engine-extends:afterRefresh ...
8-13-2026 10:46:26-debug: Run asset db hook engine-extends:afterRefresh success!
8-13-2026 10:46:26-debug: asset-db:refresh-all-database (81ms)
8-13-2026 10:46:26-debug: asset-db:worker-effect-data-processing (8ms)
8-13-2026 10:46:26-debug: asset-db-hook-engine-extends-afterRefresh (10ms)
8-13-2026 10:47:09-debug: refresh db internal success
8-13-2026 10:47:09-debug: refresh db assets success
8-13-2026 10:47:09-debug: Run asset db hook engine-extends:afterRefresh ...
8-13-2026 10:47:09-debug: Run asset db hook engine-extends:afterRefresh success!
8-13-2026 10:47:09-debug: asset-db:refresh-all-database (120ms)
8-13-2026 10:47:09-debug: asset-db:worker-effect-data-processing (12ms)
8-13-2026 10:47:09-debug: asset-db-hook-engine-extends-afterRefresh (12ms)
