8-13-2026 18:36:18-log: Cannot access game frame or container.
8-13-2026 18:36:18-debug: asset-db:require-engine-code (436ms)
8-13-2026 18:36:18-log: meshopt wasm decoder initialized
8-13-2026 18:36:18-log: [box2d]:box2d wasm lib loaded.
8-13-2026 18:36:18-log: [bullet]:bullet wasm lib loaded.
8-13-2026 18:36:18-log: Cocos Creator v3.8.8
8-13-2026 18:36:18-log: Using legacy pipeline
8-13-2026 18:36:18-log: Forward render pipeline initialized.
8-13-2026 18:36:18-debug: [Assets Memory track]: asset-db:worker-init: initEngine start:27.82MB, end 79.11MB, increase: 51.29MB
8-13-2026 18:36:19-debug: [Assets Memory track]: asset-db:worker-init: initPlugin start:79.15MB, end 340.69MB, increase: 261.54MB
8-13-2026 18:36:19-debug: run package(google-play) handler(enable) start
8-13-2026 18:36:19-debug: run package(google-play) handler(enable) success!
8-13-2026 18:36:19-debug: run package(honor-mini-game) handler(enable) start
8-13-2026 18:36:19-debug: run package(harmonyos-next) handler(enable) start
8-13-2026 18:36:19-debug: run package(harmonyos-next) handler(enable) success!
8-13-2026 18:36:19-debug: run package(honor-mini-game) handler(enable) success!
8-13-2026 18:36:19-debug: run package(huawei-agc) handler(enable) start
8-13-2026 18:36:19-debug: run package(huawei-quick-game) handler(enable) start
8-13-2026 18:36:19-debug: run package(huawei-agc) handler(enable) success!
8-13-2026 18:36:19-debug: run package(huawei-quick-game) handler(enable) success!
8-13-2026 18:36:19-debug: run package(ios) handler(enable) start
8-13-2026 18:36:19-debug: run package(ios) handler(enable) success!
8-13-2026 18:36:19-debug: run package(linux) handler(enable) success!
8-13-2026 18:36:19-debug: run package(linux) handler(enable) start
8-13-2026 18:36:19-debug: run package(mac) handler(enable) success!
8-13-2026 18:36:19-debug: run package(migu-mini-game) handler(enable) start
8-13-2026 18:36:19-debug: run package(mac) handler(enable) start
8-13-2026 18:36:19-debug: run package(native) handler(enable) start
8-13-2026 18:36:19-debug: run package(migu-mini-game) handler(enable) success!
8-13-2026 18:36:19-debug: run package(ohos) handler(enable) success!
8-13-2026 18:36:19-debug: run package(native) handler(enable) success!
8-13-2026 18:36:19-debug: run package(oppo-mini-game) handler(enable) start
8-13-2026 18:36:19-debug: run package(oppo-mini-game) handler(enable) success!
8-13-2026 18:36:19-debug: run package(runtime-dev-tools) handler(enable) success!
8-13-2026 18:36:19-debug: run package(ohos) handler(enable) start
8-13-2026 18:36:19-debug: run package(taobao-mini-game) handler(enable) start
8-13-2026 18:36:19-debug: run package(taobao-mini-game) handler(enable) success!
8-13-2026 18:36:19-debug: run package(vivo-mini-game) handler(enable) start
8-13-2026 18:36:19-debug: run package(vivo-mini-game) handler(enable) success!
8-13-2026 18:36:19-debug: run package(runtime-dev-tools) handler(enable) start
8-13-2026 18:36:19-debug: run package(web-desktop) handler(enable) success!
8-13-2026 18:36:19-debug: run package(web-mobile) handler(enable) success!
8-13-2026 18:36:19-debug: run package(wechatgame) handler(enable) start
8-13-2026 18:36:19-debug: run package(web-desktop) handler(enable) start
8-13-2026 18:36:19-debug: run package(wechatgame) handler(enable) success!
8-13-2026 18:36:19-debug: run package(wechatprogram) handler(enable) start
8-13-2026 18:36:19-debug: run package(web-mobile) handler(enable) start
8-13-2026 18:36:19-debug: run package(wechatprogram) handler(enable) success!
8-13-2026 18:36:19-debug: run package(windows) handler(enable) start
8-13-2026 18:36:19-debug: run package(windows) handler(enable) success!
8-13-2026 18:36:19-debug: run package(xiaomi-quick-game) handler(enable) start
8-13-2026 18:36:19-debug: run package(xiaomi-quick-game) handler(enable) success!
8-13-2026 18:36:19-debug: run package(cocos-service) handler(enable) start
8-13-2026 18:36:19-debug: run package(cocos-service) handler(enable) success!
8-13-2026 18:36:19-debug: run package(im-plugin) handler(enable) success!
8-13-2026 18:36:19-debug: run package(placeholder) handler(enable) success!
8-13-2026 18:36:19-debug: run package(placeholder) handler(enable) start
8-13-2026 18:36:19-debug: asset-db:worker-init: initPlugin (1249ms)
8-13-2026 18:36:19-debug: run package(im-plugin) handler(enable) start
8-13-2026 18:36:19-debug: [Assets Memory track]: asset-db:worker-init start:27.81MB, end 343.23MB, increase: 315.42MB
8-13-2026 18:36:19-debug: Run asset db hook engine-extends:beforePreStart ...
8-13-2026 18:36:19-debug: Run asset db hook engine-extends:beforePreStart success!
8-13-2026 18:36:19-debug: Run asset db hook programming:beforePreStart success!
8-13-2026 18:36:19-debug: Run asset db hook programming:beforePreStart ...
8-13-2026 18:36:19-debug: asset-db:worker-init (1902ms)
8-13-2026 18:36:19-debug: asset-db-hook-programming-beforePreStart (59ms)
8-13-2026 18:36:19-debug: asset-db-hook-engine-extends-beforePreStart (58ms)
8-13-2026 18:36:19-debug: Preimport db internal success
8-13-2026 18:36:19-debug: Preimport db assets success
8-13-2026 18:36:19-debug: Run asset db hook programming:afterPreStart ...
8-13-2026 18:36:19-debug: starting packer-driver...
8-13-2026 18:36:20-debug: initialize scripting environment...
8-13-2026 18:36:20-debug: [[Executor]] prepare before lock
8-13-2026 18:36:20-debug: Set detail map pack:///resolution-detail-map.json: {}
8-13-2026 18:36:20-debug: [[Executor]] prepare after unlock
8-13-2026 18:36:20-debug: Run asset db hook programming:afterPreStart success!
8-13-2026 18:36:20-debug: Run asset db hook engine-extends:afterPreStart ...
8-13-2026 18:36:20-debug: Run asset db hook engine-extends:afterPreStart success!
8-13-2026 18:36:20-debug: [Assets Memory track]: asset-db:worker-init: preStart start:343.25MB, end 344.98MB, increase: 1.73MB
8-13-2026 18:36:20-debug: Start up the 'internal' database...
8-13-2026 18:36:21-debug: asset-db-hook-programming-afterPreStart (1100ms)
8-13-2026 18:36:21-debug: asset-db:worker-effect-data-processing (212ms)
8-13-2026 18:36:21-debug: asset-db-hook-engine-extends-afterPreStart (212ms)
8-13-2026 18:36:21-debug: Run asset db hook engine-extends:afterStartDB ...
8-13-2026 18:36:21-debug: recompile effect.bin success
8-13-2026 18:36:21-debug: Run asset db hook engine-extends:afterStartDB success!
8-13-2026 18:36:21-debug: %cImport%c: D:\Works\Github\BattleGame\assets\Test.scenebackground: #aaff85; color: #000;color: #000;
8-13-2026 18:36:21-debug: Start up the 'assets' database...
8-13-2026 18:36:21-debug: asset-db:worker-effect-data-processing (256ms)
8-13-2026 18:36:21-debug: asset-db-hook-engine-extends-afterStartDB (256ms)
8-13-2026 18:36:21-debug: Run asset db hook engine-extends:afterStartDB ...
8-13-2026 18:36:21-debug: recompile effect.bin success
8-13-2026 18:36:21-debug: Run asset db hook engine-extends:afterStartDB success!
8-13-2026 18:36:21-debug: [Assets Memory track]: asset-db:worker-init: startup start:344.99MB, end 387.66MB, increase: 42.67MB
8-13-2026 18:36:21-debug: lazy register asset handler text
8-13-2026 18:36:21-debug: lazy register asset handler directory
8-13-2026 18:36:21-debug: lazy register asset handler json
8-13-2026 18:36:21-debug: lazy register asset handler spine-data
8-13-2026 18:36:21-debug: lazy register asset handler dragonbones-atlas
8-13-2026 18:36:21-debug: lazy register asset handler dragonbones
8-13-2026 18:36:21-debug: lazy register asset handler javascript
8-13-2026 18:36:21-debug: lazy register asset handler terrain
8-13-2026 18:36:21-debug: lazy register asset handler typescript
8-13-2026 18:36:21-debug: lazy register asset handler scene
8-13-2026 18:36:21-debug: lazy register asset handler prefab
8-13-2026 18:36:21-debug: lazy register asset handler sprite-frame
8-13-2026 18:36:21-debug: lazy register asset handler buffer
8-13-2026 18:36:21-debug: lazy register asset handler tiled-map
8-13-2026 18:36:21-debug: lazy register asset handler *
8-13-2026 18:36:21-debug: lazy register asset handler image
8-13-2026 18:36:21-debug: lazy register asset handler alpha-image
8-13-2026 18:36:21-debug: lazy register asset handler texture-cube
8-13-2026 18:36:21-debug: lazy register asset handler erp-texture-cube
8-13-2026 18:36:21-debug: lazy register asset handler sign-image
8-13-2026 18:36:21-debug: lazy register asset handler texture-cube-face
8-13-2026 18:36:21-debug: lazy register asset handler rt-sprite-frame
8-13-2026 18:36:21-debug: lazy register asset handler render-texture
8-13-2026 18:36:21-debug: lazy register asset handler gltf-mesh
8-13-2026 18:36:21-debug: lazy register asset handler texture
8-13-2026 18:36:21-debug: lazy register asset handler gltf
8-13-2026 18:36:21-debug: lazy register asset handler gltf-animation
8-13-2026 18:36:21-debug: lazy register asset handler gltf-scene
8-13-2026 18:36:21-debug: lazy register asset handler gltf-skeleton
8-13-2026 18:36:21-debug: lazy register asset handler gltf-embeded-image
8-13-2026 18:36:21-debug: lazy register asset handler material
8-13-2026 18:36:21-debug: lazy register asset handler gltf-material
8-13-2026 18:36:21-debug: lazy register asset handler physics-material
8-13-2026 18:36:21-debug: lazy register asset handler effect-header
8-13-2026 18:36:21-debug: lazy register asset handler effect
8-13-2026 18:36:21-debug: lazy register asset handler animation-clip
8-13-2026 18:36:21-debug: lazy register asset handler fbx
8-13-2026 18:36:21-debug: lazy register asset handler animation-graph
8-13-2026 18:36:21-debug: lazy register asset handler animation-graph-variant
8-13-2026 18:36:21-debug: lazy register asset handler ttf-font
8-13-2026 18:36:21-debug: lazy register asset handler animation-mask
8-13-2026 18:36:21-debug: lazy register asset handler bitmap-font
8-13-2026 18:36:21-debug: lazy register asset handler audio-clip
8-13-2026 18:36:21-debug: lazy register asset handler particle
8-13-2026 18:36:21-debug: lazy register asset handler sprite-atlas
8-13-2026 18:36:21-debug: lazy register asset handler auto-atlas
8-13-2026 18:36:21-debug: lazy register asset handler label-atlas
8-13-2026 18:36:21-debug: lazy register asset handler render-stage
8-13-2026 18:36:21-debug: lazy register asset handler render-pipeline
8-13-2026 18:36:21-debug: lazy register asset handler instantiation-material
8-13-2026 18:36:21-debug: lazy register asset handler instantiation-mesh
8-13-2026 18:36:21-debug: lazy register asset handler instantiation-skeleton
8-13-2026 18:36:21-debug: lazy register asset handler instantiation-animation
8-13-2026 18:36:21-debug: lazy register asset handler render-flow
8-13-2026 18:36:21-debug: lazy register asset handler video-clip
8-13-2026 18:36:21-debug: asset-db:worker-effect-data-processing (234ms)
8-13-2026 18:36:21-debug: asset-db:start-database (1750ms)
8-13-2026 18:36:21-debug: asset-db-hook-engine-extends-afterStartDB (235ms)
8-13-2026 18:36:21-debug: asset-db:ready (5146ms)
8-13-2026 18:36:21-debug: init worker message success
8-13-2026 18:36:21-debug: programming:execute-script (3ms)
8-13-2026 18:36:21-debug: [Build Memory track]: builder:worker-init start:382.47MB, end 393.76MB, increase: 11.29MB
8-13-2026 18:36:21-debug: builder:worker-init (204ms)
8-13-2026 18:36:27-debug: %cImport%c: D:\Works\Github\BattleGame\assets\Test.scenebackground: #aaff85; color: #000;color: #000;
8-13-2026 18:36:27-debug: asset-db:reimport-asset1effe86e-a401-4769-9dbc-62218c68834d (20ms)
8-13-2026 18:36:31-debug: Query all assets info in project
8-13-2026 18:36:31-debug: init custom config: keepNodeUuid: false, useCache: true
8-13-2026 18:36:31-debug: Skip compress image, progress: 0%
8-13-2026 18:36:31-debug: Init all bundles start..., progress: 0%
8-13-2026 18:36:31-debug: Num of bundles: 2..., progress: 0%
8-13-2026 18:36:31-debug: Query asset bundle start, progress: 0%
8-13-2026 18:36:31-debug: Init bundle root assets start..., progress: 0%
8-13-2026 18:36:31-debug: // ---- build task Query asset bundle ----
8-13-2026 18:36:31-debug: Query preload assets/scripts from cc.config.json: 60f7195c-ec2a-45eb-ba94-8955f60e81d0,1c02ae6f-4492-4915-b8f8-7492a3b1e4cd,810e96e4-e456-4468-9b59-f4e8f39732c0,efe8e2a3-eace-427b-b4f1-cb8a937ec77d,e9aa9a3e-5b2b-4ac7-a2c7-073de2b2b24f,8bbdbcdd-5cd4-4100-b6d5-b7c9625b6107,50f4348b-c883-4e2f-8f11-ce233b859fa1,fda095cb-831d-4601-ad94-846013963de8,f92806d7-1768-443f-afe8-12bcde84d0f0,dd3a144d-ab7f-41f0-82b8-2e43a090d496,f0416e68-0200-4b77-a926-4f9d16e494da,511d2633-09a7-4bdd-ac42-f778032124b3,5d45aa00-e064-4938-b314-4265f0c2258c,9361fd90-ba52-4f84-aa93-6e878fd576ca,970b0598-bcb0-4714-91fb-2e81440dccd8,bcd64cc6-2dd9-43f6-abbe-66318d332032,d930590d-bb92-4cc8-8bd1-23cd027f9edf,a3cd009f-0ab0-420d-9278-b9fdab939bbc,6a2d0734-bd9e-4ddf-946e-caa52498cb75,d9937e59-61fe-4ec6-92ab-7ac5a19c89b0,d1346436-ac96-4271-b863-1f4fdead95b0,971bdb23-3ff6-43eb-b422-1c30165a3663,17debcc3-0a6b-4b8a-b00b-dc58b885581e,711ebe11-f673-4cd9-9a83-63c60ba54c5b,c0143906-9aed-447e-9436-2ae8512d1b6e,14da1725-c4c2-42b4-ab08-ee0aeb6898b3,081cab31-dccd-428e-8652-f2404cc81c47,78e0584a-4343-4727-8f37-e14e65c2a2db,871c3b6c-7379-419d-bda3-794b239ab90d,ff9b0199-ce04-4cfe-86cc-6c719f08d6e4,de1c2107-70c8-4021-8459-6399f24d01c6,cbf30902-517f-40dc-af90-a550bac27cf1,5c601d96-e4c7-4698-991b-7ee674b11079
8-13-2026 18:36:32-debug:   Number of all scripts: 41
8-13-2026 18:36:32-debug:   Number of other assets: 486
8-13-2026 18:36:32-debug:   Number of all scenes: 3
8-13-2026 18:36:32-debug: Init bundle root assets success..., progress: 0%
8-13-2026 18:36:32-debug: // ---- build task Query asset bundle ---- (8ms)
8-13-2026 18:36:32-log: run build task Query asset bundle success in 8 ms√, progress: 5%
8-13-2026 18:36:32-debug: // ---- build task Query asset bundle ----
8-13-2026 18:36:32-debug: [Build Memory track]: Query asset bundle start:222.21MB, end 222.25MB, increase: 44.31KB
8-13-2026 18:36:32-debug: Query asset bundle start, progress: 5%
8-13-2026 18:36:32-debug: // ---- build task Query asset bundle ---- (4ms)
8-13-2026 18:36:32-log: run build task Query asset bundle success in 4 ms√, progress: 10%
8-13-2026 18:36:32-debug: [Build Memory track]: Query asset bundle start:222.29MB, end 222.45MB, increase: 169.71KB
8-13-2026 18:36:32-debug: Sort some build options to settings.json start, progress: 10%
8-13-2026 18:36:32-debug: // ---- build task Sort some build options to settings.json ----
8-13-2026 18:36:32-debug: // ---- build task Sort some build options to settings.json ---- (3ms)
8-13-2026 18:36:32-debug: Fill script data to settings start, progress: 12%
8-13-2026 18:36:32-log: run build task Sort some build options to settings.json success in 3 ms√, progress: 12%
8-13-2026 18:36:32-debug: [Build Memory track]: Sort some build options to settings.json start:222.50MB, end 222.54MB, increase: 36.81KB
8-13-2026 18:36:32-debug: // ---- build task Fill script data to settings ----
8-13-2026 18:36:32-debug: [Build Memory track]: Fill script data to settings start:222.58MB, end 222.61MB, increase: 33.97KB
8-13-2026 18:36:32-log: run build task Fill script data to settings success in 1 ms√, progress: 13%
8-13-2026 18:36:32-debug: // ---- build task Fill script data to settings ---- (1ms)
8-13-2026 18:36:32-debug: Sort some build options to settings.json start, progress: 13%
8-13-2026 18:36:32-debug: // ---- build task Sort some build options to settings.json ----
8-13-2026 18:36:32-debug: // ---- build task Sort some build options to settings.json ---- (8ms)
8-13-2026 18:36:32-log: run build task Sort some build options to settings.json success in 8 ms√, progress: 15%
8-13-2026 18:36:32-debug: [Build Memory track]: Sort some build options to settings.json start:222.66MB, end 222.81MB, increase: 154.97KB
8-13-2026 18:36:53-debug: Query all assets info in project
8-13-2026 18:36:53-debug: init custom config: keepNodeUuid: false, useCache: true
8-13-2026 18:36:53-debug: Skip compress image, progress: 0%
8-13-2026 18:36:53-debug: Init all bundles start..., progress: 0%
8-13-2026 18:36:53-debug: Num of bundles: 2..., progress: 0%
8-13-2026 18:36:53-debug: Init bundle root assets start..., progress: 0%
8-13-2026 18:36:53-debug: Query asset bundle start, progress: 0%
8-13-2026 18:36:53-debug: // ---- build task Query asset bundle ----
8-13-2026 18:36:53-debug: Query preload assets/scripts from cc.config.json: 60f7195c-ec2a-45eb-ba94-8955f60e81d0,1c02ae6f-4492-4915-b8f8-7492a3b1e4cd,810e96e4-e456-4468-9b59-f4e8f39732c0,efe8e2a3-eace-427b-b4f1-cb8a937ec77d,e9aa9a3e-5b2b-4ac7-a2c7-073de2b2b24f,8bbdbcdd-5cd4-4100-b6d5-b7c9625b6107,50f4348b-c883-4e2f-8f11-ce233b859fa1,fda095cb-831d-4601-ad94-846013963de8,f92806d7-1768-443f-afe8-12bcde84d0f0,dd3a144d-ab7f-41f0-82b8-2e43a090d496,f0416e68-0200-4b77-a926-4f9d16e494da,511d2633-09a7-4bdd-ac42-f778032124b3,5d45aa00-e064-4938-b314-4265f0c2258c,9361fd90-ba52-4f84-aa93-6e878fd576ca,970b0598-bcb0-4714-91fb-2e81440dccd8,bcd64cc6-2dd9-43f6-abbe-66318d332032,d930590d-bb92-4cc8-8bd1-23cd027f9edf,a3cd009f-0ab0-420d-9278-b9fdab939bbc,6a2d0734-bd9e-4ddf-946e-caa52498cb75,d9937e59-61fe-4ec6-92ab-7ac5a19c89b0,d1346436-ac96-4271-b863-1f4fdead95b0,971bdb23-3ff6-43eb-b422-1c30165a3663,17debcc3-0a6b-4b8a-b00b-dc58b885581e,711ebe11-f673-4cd9-9a83-63c60ba54c5b,c0143906-9aed-447e-9436-2ae8512d1b6e,14da1725-c4c2-42b4-ab08-ee0aeb6898b3,081cab31-dccd-428e-8652-f2404cc81c47,78e0584a-4343-4727-8f37-e14e65c2a2db,871c3b6c-7379-419d-bda3-794b239ab90d,ff9b0199-ce04-4cfe-86cc-6c719f08d6e4,de1c2107-70c8-4021-8459-6399f24d01c6,cbf30902-517f-40dc-af90-a550bac27cf1,5c601d96-e4c7-4698-991b-7ee674b11079
8-13-2026 18:36:53-debug:   Number of all scenes: 3
8-13-2026 18:36:53-debug:   Number of other assets: 486
8-13-2026 18:36:53-debug: Init bundle root assets success..., progress: 0%
8-13-2026 18:36:53-debug:   Number of all scripts: 41
8-13-2026 18:36:53-debug: // ---- build task Query asset bundle ---- (6ms)
8-13-2026 18:36:53-log: run build task Query asset bundle success in 6 ms√, progress: 5%
8-13-2026 18:36:53-debug: [Build Memory track]: Query asset bundle start:221.79MB, end 221.68MB, increase: -118.64KB
8-13-2026 18:36:53-debug: Query asset bundle start, progress: 5%
8-13-2026 18:36:53-debug: // ---- build task Query asset bundle ----
8-13-2026 18:36:53-debug: // ---- build task Query asset bundle ---- (2ms)
8-13-2026 18:36:53-log: run build task Query asset bundle success in 2 ms√, progress: 10%
8-13-2026 18:36:53-debug: [Build Memory track]: Query asset bundle start:221.72MB, end 221.86MB, increase: 149.60KB
8-13-2026 18:36:53-debug: // ---- build task Sort some build options to settings.json ----
8-13-2026 18:36:53-debug: Sort some build options to settings.json start, progress: 10%
8-13-2026 18:36:53-debug: // ---- build task Sort some build options to settings.json ---- (1ms)
8-13-2026 18:36:53-debug: [Build Memory track]: Sort some build options to settings.json start:221.91MB, end 221.94MB, increase: 35.61KB
8-13-2026 18:36:53-log: run build task Sort some build options to settings.json success in 1 ms√, progress: 12%
8-13-2026 18:36:53-debug: // ---- build task Fill script data to settings ----
8-13-2026 18:36:53-debug: Fill script data to settings start, progress: 12%
8-13-2026 18:36:53-debug: // ---- build task Fill script data to settings ---- (2ms)
8-13-2026 18:36:53-debug: [Build Memory track]: Fill script data to settings start:221.99MB, end 222.03MB, increase: 37.72KB
8-13-2026 18:36:53-log: run build task Fill script data to settings success in 2 ms√, progress: 13%
8-13-2026 18:36:53-debug: // ---- build task Sort some build options to settings.json ----
8-13-2026 18:36:53-debug: Sort some build options to settings.json start, progress: 13%
8-13-2026 18:36:53-debug: // ---- build task Sort some build options to settings.json ---- (7ms)
8-13-2026 18:36:53-log: run build task Sort some build options to settings.json success in 7 ms√, progress: 15%
8-13-2026 18:36:53-debug: [Build Memory track]: Sort some build options to settings.json start:222.06MB, end 222.21MB, increase: 145.33KB
8-13-2026 18:39:29-debug: refresh db internal success
8-13-2026 18:39:29-debug: %cImport%c: D:\Works\Github\BattleGame\assets\scripts\GameManager.tsbackground: #aaff85; color: #000;color: #000;
8-13-2026 18:39:29-debug: %cImport%c: D:\Works\Github\BattleGame\assets\scripts\LevelSettings.tsbackground: #aaff85; color: #000;color: #000;
8-13-2026 18:39:29-debug: refresh db assets success
8-13-2026 18:39:29-debug: Run asset db hook engine-extends:afterRefresh success!
8-13-2026 18:39:29-debug: Run asset db hook engine-extends:afterRefresh ...
8-13-2026 18:39:29-debug: asset-db:refresh-all-database (69ms)
8-13-2026 18:39:29-debug: asset-db:worker-effect-data-processing (1ms)
8-13-2026 18:39:29-debug: asset-db-hook-engine-extends-afterRefresh (1ms)
8-13-2026 18:39:33-debug: %cImport%c: D:\Works\Github\BattleGame\assets\Test.scenebackground: #aaff85; color: #000;color: #000;
8-13-2026 18:39:33-debug: asset-db:reimport-asset1effe86e-a401-4769-9dbc-62218c68834d (15ms)
8-13-2026 18:39:36-debug: Query all assets info in project
8-13-2026 18:39:36-debug: init custom config: keepNodeUuid: false, useCache: true
8-13-2026 18:39:36-debug: Skip compress image, progress: 0%
8-13-2026 18:39:36-debug: Init all bundles start..., progress: 0%
8-13-2026 18:39:36-debug: Query asset bundle start, progress: 0%
8-13-2026 18:39:36-debug: // ---- build task Query asset bundle ----
8-13-2026 18:39:36-debug: Init bundle root assets start..., progress: 0%
8-13-2026 18:39:36-debug: Num of bundles: 2..., progress: 0%
8-13-2026 18:39:36-debug: Query preload assets/scripts from cc.config.json: 60f7195c-ec2a-45eb-ba94-8955f60e81d0,1c02ae6f-4492-4915-b8f8-7492a3b1e4cd,810e96e4-e456-4468-9b59-f4e8f39732c0,efe8e2a3-eace-427b-b4f1-cb8a937ec77d,e9aa9a3e-5b2b-4ac7-a2c7-073de2b2b24f,8bbdbcdd-5cd4-4100-b6d5-b7c9625b6107,50f4348b-c883-4e2f-8f11-ce233b859fa1,fda095cb-831d-4601-ad94-846013963de8,f92806d7-1768-443f-afe8-12bcde84d0f0,dd3a144d-ab7f-41f0-82b8-2e43a090d496,f0416e68-0200-4b77-a926-4f9d16e494da,511d2633-09a7-4bdd-ac42-f778032124b3,5d45aa00-e064-4938-b314-4265f0c2258c,9361fd90-ba52-4f84-aa93-6e878fd576ca,970b0598-bcb0-4714-91fb-2e81440dccd8,bcd64cc6-2dd9-43f6-abbe-66318d332032,d930590d-bb92-4cc8-8bd1-23cd027f9edf,a3cd009f-0ab0-420d-9278-b9fdab939bbc,6a2d0734-bd9e-4ddf-946e-caa52498cb75,d9937e59-61fe-4ec6-92ab-7ac5a19c89b0,d1346436-ac96-4271-b863-1f4fdead95b0,971bdb23-3ff6-43eb-b422-1c30165a3663,17debcc3-0a6b-4b8a-b00b-dc58b885581e,711ebe11-f673-4cd9-9a83-63c60ba54c5b,c0143906-9aed-447e-9436-2ae8512d1b6e,14da1725-c4c2-42b4-ab08-ee0aeb6898b3,081cab31-dccd-428e-8652-f2404cc81c47,78e0584a-4343-4727-8f37-e14e65c2a2db,871c3b6c-7379-419d-bda3-794b239ab90d,ff9b0199-ce04-4cfe-86cc-6c719f08d6e4,de1c2107-70c8-4021-8459-6399f24d01c6,cbf30902-517f-40dc-af90-a550bac27cf1,5c601d96-e4c7-4698-991b-7ee674b11079
8-13-2026 18:39:36-debug:   Number of all scripts: 41
8-13-2026 18:39:36-debug:   Number of other assets: 486
8-13-2026 18:39:36-debug: Init bundle root assets success..., progress: 0%
8-13-2026 18:39:36-debug:   Number of all scenes: 3
8-13-2026 18:39:36-debug: // ---- build task Query asset bundle ---- (5ms)
8-13-2026 18:39:36-log: run build task Query asset bundle success in 5 ms√, progress: 5%
8-13-2026 18:39:36-debug: [Build Memory track]: Query asset bundle start:225.65MB, end 224.53MB, increase: -1146.36KB
8-13-2026 18:39:36-debug: // ---- build task Query asset bundle ----
8-13-2026 18:39:36-debug: Query asset bundle start, progress: 5%
8-13-2026 18:39:36-debug: // ---- build task Query asset bundle ---- (2ms)
8-13-2026 18:39:36-log: run build task Query asset bundle success in 2 ms√, progress: 10%
8-13-2026 18:39:36-debug: Sort some build options to settings.json start, progress: 10%
8-13-2026 18:39:36-debug: // ---- build task Sort some build options to settings.json ----
8-13-2026 18:39:36-debug: [Build Memory track]: Query asset bundle start:224.57MB, end 223.83MB, increase: -763.83KB
8-13-2026 18:39:36-debug: // ---- build task Sort some build options to settings.json ---- (1ms)
8-13-2026 18:39:36-log: run build task Sort some build options to settings.json success in 1 ms√, progress: 12%
8-13-2026 18:39:36-debug: Fill script data to settings start, progress: 12%
8-13-2026 18:39:36-debug: [Build Memory track]: Sort some build options to settings.json start:223.87MB, end 223.90MB, increase: 33.55KB
8-13-2026 18:39:36-debug: // ---- build task Fill script data to settings ----
8-13-2026 18:39:36-debug: // ---- build task Fill script data to settings ---- (1ms)
8-13-2026 18:39:36-log: run build task Fill script data to settings success in 1 ms√, progress: 13%
8-13-2026 18:39:36-debug: // ---- build task Sort some build options to settings.json ----
8-13-2026 18:39:36-debug: [Build Memory track]: Fill script data to settings start:223.94MB, end 223.97MB, increase: 32.95KB
8-13-2026 18:39:36-debug: Sort some build options to settings.json start, progress: 13%
8-13-2026 18:39:36-debug: // ---- build task Sort some build options to settings.json ---- (3ms)
8-13-2026 18:39:36-debug: [Build Memory track]: Sort some build options to settings.json start:224.01MB, end 224.14MB, increase: 133.79KB
8-13-2026 18:39:36-log: run build task Sort some build options to settings.json success in 3 ms√, progress: 15%
8-13-2026 18:39:54-debug: Query all assets info in project
8-13-2026 18:39:54-debug: init custom config: keepNodeUuid: false, useCache: true
8-13-2026 18:39:54-debug: Skip compress image, progress: 0%
8-13-2026 18:39:54-debug: Init all bundles start..., progress: 0%
8-13-2026 18:39:54-debug: Num of bundles: 2..., progress: 0%
8-13-2026 18:39:54-debug: Query asset bundle start, progress: 0%
8-13-2026 18:39:54-debug: // ---- build task Query asset bundle ----
8-13-2026 18:39:54-debug: Init bundle root assets start..., progress: 0%
8-13-2026 18:39:54-debug: Query preload assets/scripts from cc.config.json: 60f7195c-ec2a-45eb-ba94-8955f60e81d0,1c02ae6f-4492-4915-b8f8-7492a3b1e4cd,810e96e4-e456-4468-9b59-f4e8f39732c0,efe8e2a3-eace-427b-b4f1-cb8a937ec77d,e9aa9a3e-5b2b-4ac7-a2c7-073de2b2b24f,8bbdbcdd-5cd4-4100-b6d5-b7c9625b6107,50f4348b-c883-4e2f-8f11-ce233b859fa1,fda095cb-831d-4601-ad94-846013963de8,f92806d7-1768-443f-afe8-12bcde84d0f0,dd3a144d-ab7f-41f0-82b8-2e43a090d496,f0416e68-0200-4b77-a926-4f9d16e494da,511d2633-09a7-4bdd-ac42-f778032124b3,5d45aa00-e064-4938-b314-4265f0c2258c,9361fd90-ba52-4f84-aa93-6e878fd576ca,970b0598-bcb0-4714-91fb-2e81440dccd8,bcd64cc6-2dd9-43f6-abbe-66318d332032,d930590d-bb92-4cc8-8bd1-23cd027f9edf,a3cd009f-0ab0-420d-9278-b9fdab939bbc,6a2d0734-bd9e-4ddf-946e-caa52498cb75,d9937e59-61fe-4ec6-92ab-7ac5a19c89b0,d1346436-ac96-4271-b863-1f4fdead95b0,971bdb23-3ff6-43eb-b422-1c30165a3663,17debcc3-0a6b-4b8a-b00b-dc58b885581e,711ebe11-f673-4cd9-9a83-63c60ba54c5b,c0143906-9aed-447e-9436-2ae8512d1b6e,14da1725-c4c2-42b4-ab08-ee0aeb6898b3,081cab31-dccd-428e-8652-f2404cc81c47,78e0584a-4343-4727-8f37-e14e65c2a2db,871c3b6c-7379-419d-bda3-794b239ab90d,ff9b0199-ce04-4cfe-86cc-6c719f08d6e4,de1c2107-70c8-4021-8459-6399f24d01c6,cbf30902-517f-40dc-af90-a550bac27cf1,5c601d96-e4c7-4698-991b-7ee674b11079
8-13-2026 18:39:54-debug:   Number of all scenes: 3
8-13-2026 18:39:54-debug:   Number of all scripts: 41
8-13-2026 18:39:54-debug: Init bundle root assets success..., progress: 0%
8-13-2026 18:39:54-debug:   Number of other assets: 486
8-13-2026 18:39:54-debug: // ---- build task Query asset bundle ---- (5ms)
8-13-2026 18:39:54-log: run build task Query asset bundle success in 5 ms√, progress: 5%
8-13-2026 18:39:54-debug: [Build Memory track]: Query asset bundle start:224.11MB, end 224.01MB, increase: -101.73KB
8-13-2026 18:39:54-debug: // ---- build task Query asset bundle ----
8-13-2026 18:39:54-debug: Query asset bundle start, progress: 5%
8-13-2026 18:39:54-debug: // ---- build task Query asset bundle ---- (4ms)
8-13-2026 18:39:54-log: run build task Query asset bundle success in 4 ms√, progress: 10%
8-13-2026 18:39:54-debug: [Build Memory track]: Query asset bundle start:224.05MB, end 224.19MB, increase: 147.74KB
8-13-2026 18:39:54-debug: // ---- build task Sort some build options to settings.json ----
8-13-2026 18:39:54-debug: Sort some build options to settings.json start, progress: 10%
8-13-2026 18:39:54-debug: // ---- build task Sort some build options to settings.json ---- (1ms)
8-13-2026 18:39:54-log: run build task Sort some build options to settings.json success in 1 ms√, progress: 12%
8-13-2026 18:39:54-debug: [Build Memory track]: Sort some build options to settings.json start:224.23MB, end 224.26MB, increase: 33.54KB
8-13-2026 18:39:54-debug: Fill script data to settings start, progress: 12%
8-13-2026 18:39:54-debug: // ---- build task Fill script data to settings ----
8-13-2026 18:39:54-debug: // ---- build task Fill script data to settings ---- (1ms)
8-13-2026 18:39:54-debug: Sort some build options to settings.json start, progress: 13%
8-13-2026 18:39:54-debug: [Build Memory track]: Fill script data to settings start:224.30MB, end 224.34MB, increase: 32.96KB
8-13-2026 18:39:54-debug: // ---- build task Sort some build options to settings.json ----
8-13-2026 18:39:54-log: run build task Fill script data to settings success in 1 ms√, progress: 13%
8-13-2026 18:39:54-debug: // ---- build task Sort some build options to settings.json ---- (3ms)
8-13-2026 18:39:54-log: run build task Sort some build options to settings.json success in 3 ms√, progress: 15%
8-13-2026 18:39:54-debug: [Build Memory track]: Sort some build options to settings.json start:224.38MB, end 224.52MB, increase: 149.18KB
8-13-2026 18:40:19-debug: Query all assets info in project
8-13-2026 18:40:19-debug: init custom config: keepNodeUuid: false, useCache: true
8-13-2026 18:40:19-debug: Skip compress image, progress: 0%
8-13-2026 18:40:19-debug: Init all bundles start..., progress: 0%
8-13-2026 18:40:19-debug: Num of bundles: 2..., progress: 0%
8-13-2026 18:40:19-debug: Query asset bundle start, progress: 0%
8-13-2026 18:40:19-debug: Init bundle root assets start..., progress: 0%
8-13-2026 18:40:19-debug: // ---- build task Query asset bundle ----
8-13-2026 18:40:19-debug: Query preload assets/scripts from cc.config.json: 60f7195c-ec2a-45eb-ba94-8955f60e81d0,1c02ae6f-4492-4915-b8f8-7492a3b1e4cd,810e96e4-e456-4468-9b59-f4e8f39732c0,efe8e2a3-eace-427b-b4f1-cb8a937ec77d,e9aa9a3e-5b2b-4ac7-a2c7-073de2b2b24f,8bbdbcdd-5cd4-4100-b6d5-b7c9625b6107,50f4348b-c883-4e2f-8f11-ce233b859fa1,fda095cb-831d-4601-ad94-846013963de8,f92806d7-1768-443f-afe8-12bcde84d0f0,dd3a144d-ab7f-41f0-82b8-2e43a090d496,f0416e68-0200-4b77-a926-4f9d16e494da,511d2633-09a7-4bdd-ac42-f778032124b3,5d45aa00-e064-4938-b314-4265f0c2258c,9361fd90-ba52-4f84-aa93-6e878fd576ca,970b0598-bcb0-4714-91fb-2e81440dccd8,bcd64cc6-2dd9-43f6-abbe-66318d332032,d930590d-bb92-4cc8-8bd1-23cd027f9edf,a3cd009f-0ab0-420d-9278-b9fdab939bbc,6a2d0734-bd9e-4ddf-946e-caa52498cb75,d9937e59-61fe-4ec6-92ab-7ac5a19c89b0,d1346436-ac96-4271-b863-1f4fdead95b0,971bdb23-3ff6-43eb-b422-1c30165a3663,17debcc3-0a6b-4b8a-b00b-dc58b885581e,711ebe11-f673-4cd9-9a83-63c60ba54c5b,c0143906-9aed-447e-9436-2ae8512d1b6e,14da1725-c4c2-42b4-ab08-ee0aeb6898b3,081cab31-dccd-428e-8652-f2404cc81c47,78e0584a-4343-4727-8f37-e14e65c2a2db,871c3b6c-7379-419d-bda3-794b239ab90d,ff9b0199-ce04-4cfe-86cc-6c719f08d6e4,de1c2107-70c8-4021-8459-6399f24d01c6,cbf30902-517f-40dc-af90-a550bac27cf1,5c601d96-e4c7-4698-991b-7ee674b11079
8-13-2026 18:40:19-debug:   Number of all scripts: 41
8-13-2026 18:40:19-debug:   Number of other assets: 486
8-13-2026 18:40:19-debug: Init bundle root assets success..., progress: 0%
8-13-2026 18:40:19-debug:   Number of all scenes: 3
8-13-2026 18:40:19-debug: // ---- build task Query asset bundle ---- (8ms)
8-13-2026 18:40:19-debug: [Build Memory track]: Query asset bundle start:224.50MB, end 224.37MB, increase: -132.27KB
8-13-2026 18:40:19-debug: Query asset bundle start, progress: 5%
8-13-2026 18:40:19-log: run build task Query asset bundle success in 8 ms√, progress: 5%
8-13-2026 18:40:19-debug: // ---- build task Query asset bundle ----
8-13-2026 18:40:19-debug: // ---- build task Query asset bundle ---- (3ms)
8-13-2026 18:40:19-debug: Sort some build options to settings.json start, progress: 10%
8-13-2026 18:40:19-debug: [Build Memory track]: Query asset bundle start:224.41MB, end 224.55MB, increase: 147.85KB
8-13-2026 18:40:19-log: run build task Query asset bundle success in 3 ms√, progress: 10%
8-13-2026 18:40:19-debug: // ---- build task Sort some build options to settings.json ----
8-13-2026 18:40:19-debug: // ---- build task Sort some build options to settings.json ---- (1ms)
8-13-2026 18:40:19-log: run build task Sort some build options to settings.json success in 1 ms√, progress: 12%
8-13-2026 18:40:19-debug: [Build Memory track]: Sort some build options to settings.json start:224.59MB, end 224.63MB, increase: 42.25KB
8-13-2026 18:40:19-debug: Fill script data to settings start, progress: 12%
8-13-2026 18:40:19-debug: // ---- build task Fill script data to settings ----
8-13-2026 18:40:19-log: run build task Fill script data to settings success in 1 ms√, progress: 13%
8-13-2026 18:40:19-debug: Sort some build options to settings.json start, progress: 13%
8-13-2026 18:40:19-debug: [Build Memory track]: Fill script data to settings start:224.67MB, end 224.71MB, increase: 35.74KB
8-13-2026 18:40:19-debug: // ---- build task Fill script data to settings ---- (1ms)
8-13-2026 18:40:19-debug: // ---- build task Sort some build options to settings.json ----
8-13-2026 18:40:19-debug: // ---- build task Sort some build options to settings.json ---- (5ms)
8-13-2026 18:40:19-log: run build task Sort some build options to settings.json success in 5 ms√, progress: 15%
8-13-2026 18:40:19-debug: [Build Memory track]: Sort some build options to settings.json start:224.75MB, end 224.88MB, increase: 134.00KB
8-13-2026 18:41:29-debug: refresh db internal success
8-13-2026 18:41:29-debug: %cImport%c: D:\Works\Github\BattleGame\assets\scripts\GameManager.tsbackground: #aaff85; color: #000;color: #000;
8-13-2026 18:41:29-debug: refresh db assets success
8-13-2026 18:41:29-debug: Run asset db hook engine-extends:afterRefresh ...
8-13-2026 18:41:29-debug: Run asset db hook engine-extends:afterRefresh success!
8-13-2026 18:41:29-debug: asset-db:refresh-all-database (55ms)
8-13-2026 18:41:29-debug: asset-db:worker-effect-data-processing (1ms)
8-13-2026 18:41:29-debug: asset-db-hook-engine-extends-afterRefresh (1ms)
8-13-2026 18:41:31-debug: Query all assets info in project
8-13-2026 18:41:31-debug: init custom config: keepNodeUuid: false, useCache: true
8-13-2026 18:41:31-debug: Skip compress image, progress: 0%
8-13-2026 18:41:31-debug: Init all bundles start..., progress: 0%
8-13-2026 18:41:31-debug: Num of bundles: 2..., progress: 0%
8-13-2026 18:41:31-debug: Query asset bundle start, progress: 0%
8-13-2026 18:41:31-debug: // ---- build task Query asset bundle ----
8-13-2026 18:41:31-debug: Init bundle root assets start..., progress: 0%
8-13-2026 18:41:31-debug: Query preload assets/scripts from cc.config.json: 60f7195c-ec2a-45eb-ba94-8955f60e81d0,1c02ae6f-4492-4915-b8f8-7492a3b1e4cd,810e96e4-e456-4468-9b59-f4e8f39732c0,efe8e2a3-eace-427b-b4f1-cb8a937ec77d,e9aa9a3e-5b2b-4ac7-a2c7-073de2b2b24f,8bbdbcdd-5cd4-4100-b6d5-b7c9625b6107,50f4348b-c883-4e2f-8f11-ce233b859fa1,fda095cb-831d-4601-ad94-846013963de8,f92806d7-1768-443f-afe8-12bcde84d0f0,dd3a144d-ab7f-41f0-82b8-2e43a090d496,f0416e68-0200-4b77-a926-4f9d16e494da,511d2633-09a7-4bdd-ac42-f778032124b3,5d45aa00-e064-4938-b314-4265f0c2258c,9361fd90-ba52-4f84-aa93-6e878fd576ca,970b0598-bcb0-4714-91fb-2e81440dccd8,bcd64cc6-2dd9-43f6-abbe-66318d332032,d930590d-bb92-4cc8-8bd1-23cd027f9edf,a3cd009f-0ab0-420d-9278-b9fdab939bbc,6a2d0734-bd9e-4ddf-946e-caa52498cb75,d9937e59-61fe-4ec6-92ab-7ac5a19c89b0,d1346436-ac96-4271-b863-1f4fdead95b0,971bdb23-3ff6-43eb-b422-1c30165a3663,17debcc3-0a6b-4b8a-b00b-dc58b885581e,711ebe11-f673-4cd9-9a83-63c60ba54c5b,c0143906-9aed-447e-9436-2ae8512d1b6e,14da1725-c4c2-42b4-ab08-ee0aeb6898b3,081cab31-dccd-428e-8652-f2404cc81c47,78e0584a-4343-4727-8f37-e14e65c2a2db,871c3b6c-7379-419d-bda3-794b239ab90d,ff9b0199-ce04-4cfe-86cc-6c719f08d6e4,de1c2107-70c8-4021-8459-6399f24d01c6,cbf30902-517f-40dc-af90-a550bac27cf1,5c601d96-e4c7-4698-991b-7ee674b11079
8-13-2026 18:41:31-debug:   Number of all scenes: 3
8-13-2026 18:41:31-debug:   Number of all scripts: 41
8-13-2026 18:41:31-debug:   Number of other assets: 486
8-13-2026 18:41:31-debug: Init bundle root assets success..., progress: 0%
8-13-2026 18:41:31-debug: // ---- build task Query asset bundle ---- (6ms)
8-13-2026 18:41:31-log: run build task Query asset bundle success in 6 ms√, progress: 5%
8-13-2026 18:41:31-debug: [Build Memory track]: Query asset bundle start:226.23MB, end 227.23MB, increase: 1014.52KB
8-13-2026 18:41:31-debug: Query asset bundle start, progress: 5%
8-13-2026 18:41:31-debug: // ---- build task Query asset bundle ----
8-13-2026 18:41:31-debug: // ---- build task Query asset bundle ---- (3ms)
8-13-2026 18:41:31-log: run build task Query asset bundle success in 3 ms√, progress: 10%
8-13-2026 18:41:31-debug: [Build Memory track]: Query asset bundle start:227.26MB, end 227.41MB, increase: 150.25KB
8-13-2026 18:41:31-debug: Sort some build options to settings.json start, progress: 10%
8-13-2026 18:41:31-debug: // ---- build task Sort some build options to settings.json ----
8-13-2026 18:41:31-log: run build task Sort some build options to settings.json success in √, progress: 12%
8-13-2026 18:41:31-debug: [Build Memory track]: Sort some build options to settings.json start:227.45MB, end 227.47MB, increase: 19.84KB
8-13-2026 18:41:31-debug: Fill script data to settings start, progress: 12%
8-13-2026 18:41:31-debug: // ---- build task Fill script data to settings ----
8-13-2026 18:41:31-debug: // ---- build task Fill script data to settings ---- (1ms)
8-13-2026 18:41:31-log: run build task Fill script data to settings success in 1 ms√, progress: 13%
8-13-2026 18:41:31-debug: [Build Memory track]: Fill script data to settings start:227.88MB, end 227.72MB, increase: -165.92KB
8-13-2026 18:41:31-debug: Sort some build options to settings.json start, progress: 13%
8-13-2026 18:41:31-debug: // ---- build task Sort some build options to settings.json ----
8-13-2026 18:41:31-debug: // ---- build task Sort some build options to settings.json ---- (5ms)
8-13-2026 18:41:31-log: run build task Sort some build options to settings.json success in 5 ms√, progress: 15%
8-13-2026 18:41:31-debug: [Build Memory track]: Sort some build options to settings.json start:227.76MB, end 226.00MB, increase: -1801.77KB
8-13-2026 18:41:55-debug: refresh db internal success
8-13-2026 18:41:55-debug: refresh db assets success
8-13-2026 18:41:55-debug: Run asset db hook engine-extends:afterRefresh ...
8-13-2026 18:41:55-debug: Run asset db hook engine-extends:afterRefresh success!
8-13-2026 18:41:55-debug: asset-db:refresh-all-database (72ms)
8-13-2026 18:41:55-debug: asset-db:worker-effect-data-processing (2ms)
8-13-2026 18:41:55-debug: asset-db-hook-engine-extends-afterRefresh (2ms)
8-13-2026 18:44:03-debug: Query all assets info in project
8-13-2026 18:44:03-debug: init custom config: keepNodeUuid: false, useCache: true
8-13-2026 18:44:03-debug: Skip compress image, progress: 0%
8-13-2026 18:44:03-debug: Num of bundles: 2..., progress: 0%
8-13-2026 18:44:03-debug: Init all bundles start..., progress: 0%
8-13-2026 18:44:03-debug: // ---- build task Query asset bundle ----
8-13-2026 18:44:03-debug: Query asset bundle start, progress: 0%
8-13-2026 18:44:03-debug: Init bundle root assets start..., progress: 0%
8-13-2026 18:44:03-debug: Query preload assets/scripts from cc.config.json: 60f7195c-ec2a-45eb-ba94-8955f60e81d0,1c02ae6f-4492-4915-b8f8-7492a3b1e4cd,810e96e4-e456-4468-9b59-f4e8f39732c0,efe8e2a3-eace-427b-b4f1-cb8a937ec77d,e9aa9a3e-5b2b-4ac7-a2c7-073de2b2b24f,8bbdbcdd-5cd4-4100-b6d5-b7c9625b6107,50f4348b-c883-4e2f-8f11-ce233b859fa1,fda095cb-831d-4601-ad94-846013963de8,f92806d7-1768-443f-afe8-12bcde84d0f0,dd3a144d-ab7f-41f0-82b8-2e43a090d496,f0416e68-0200-4b77-a926-4f9d16e494da,511d2633-09a7-4bdd-ac42-f778032124b3,5d45aa00-e064-4938-b314-4265f0c2258c,9361fd90-ba52-4f84-aa93-6e878fd576ca,970b0598-bcb0-4714-91fb-2e81440dccd8,bcd64cc6-2dd9-43f6-abbe-66318d332032,d930590d-bb92-4cc8-8bd1-23cd027f9edf,a3cd009f-0ab0-420d-9278-b9fdab939bbc,6a2d0734-bd9e-4ddf-946e-caa52498cb75,d9937e59-61fe-4ec6-92ab-7ac5a19c89b0,d1346436-ac96-4271-b863-1f4fdead95b0,971bdb23-3ff6-43eb-b422-1c30165a3663,17debcc3-0a6b-4b8a-b00b-dc58b885581e,711ebe11-f673-4cd9-9a83-63c60ba54c5b,c0143906-9aed-447e-9436-2ae8512d1b6e,14da1725-c4c2-42b4-ab08-ee0aeb6898b3,081cab31-dccd-428e-8652-f2404cc81c47,78e0584a-4343-4727-8f37-e14e65c2a2db,871c3b6c-7379-419d-bda3-794b239ab90d,ff9b0199-ce04-4cfe-86cc-6c719f08d6e4,de1c2107-70c8-4021-8459-6399f24d01c6,cbf30902-517f-40dc-af90-a550bac27cf1,5c601d96-e4c7-4698-991b-7ee674b11079
8-13-2026 18:44:03-debug:   Number of all scripts: 41
8-13-2026 18:44:03-debug:   Number of other assets: 486
8-13-2026 18:44:03-debug: Init bundle root assets success..., progress: 0%
8-13-2026 18:44:03-debug:   Number of all scenes: 3
8-13-2026 18:44:03-debug: [Build Memory track]: Query asset bundle start:227.97MB, end 227.56MB, increase: -428.20KB
8-13-2026 18:44:03-debug: // ---- build task Query asset bundle ---- (6ms)
8-13-2026 18:44:03-log: run build task Query asset bundle success in 6 ms√, progress: 5%
8-13-2026 18:44:03-debug: Query asset bundle start, progress: 5%
8-13-2026 18:44:03-debug: // ---- build task Query asset bundle ----
8-13-2026 18:44:03-debug: // ---- build task Query asset bundle ---- (2ms)
8-13-2026 18:44:03-log: run build task Query asset bundle success in 2 ms√, progress: 10%
8-13-2026 18:44:03-debug: [Build Memory track]: Query asset bundle start:227.58MB, end 227.72MB, increase: 141.42KB
8-13-2026 18:44:03-debug: Sort some build options to settings.json start, progress: 10%
8-13-2026 18:44:03-debug: // ---- build task Sort some build options to settings.json ----
8-13-2026 18:44:03-debug: // ---- build task Sort some build options to settings.json ---- (1ms)
8-13-2026 18:44:03-log: run build task Sort some build options to settings.json success in 1 ms√, progress: 12%
8-13-2026 18:44:03-debug: [Build Memory track]: Sort some build options to settings.json start:227.75MB, end 227.78MB, increase: 26.13KB
8-13-2026 18:44:03-debug: Fill script data to settings start, progress: 12%
8-13-2026 18:44:03-debug: // ---- build task Fill script data to settings ----
8-13-2026 18:44:03-debug: // ---- build task Fill script data to settings ---- (2ms)
8-13-2026 18:44:03-log: run build task Fill script data to settings success in 2 ms√, progress: 13%
8-13-2026 18:44:03-debug: [Build Memory track]: Fill script data to settings start:227.81MB, end 227.83MB, increase: 26.43KB
8-13-2026 18:44:03-debug: Sort some build options to settings.json start, progress: 13%
8-13-2026 18:44:03-debug: // ---- build task Sort some build options to settings.json ----
8-13-2026 18:44:03-debug: // ---- build task Sort some build options to settings.json ---- (4ms)
8-13-2026 18:44:03-log: run build task Sort some build options to settings.json success in 4 ms√, progress: 15%
8-13-2026 18:44:03-debug: [Build Memory track]: Sort some build options to settings.json start:227.86MB, end 227.98MB, increase: 126.47KB
8-13-2026 18:45:02-debug: refresh db internal success
8-13-2026 18:45:02-debug: %cImport%c: D:\Works\Github\BattleGame\assets\scripts\GameManager.tsbackground: #aaff85; color: #000;color: #000;
8-13-2026 18:45:02-debug: %cImport%c: D:\Works\Github\BattleGame\assets\scripts\LevelSettings.tsbackground: #aaff85; color: #000;color: #000;
8-13-2026 18:45:02-debug: refresh db assets success
8-13-2026 18:45:02-debug: Run asset db hook engine-extends:afterRefresh ...
8-13-2026 18:45:02-debug: Run asset db hook engine-extends:afterRefresh success!
8-13-2026 18:45:02-debug: asset-db:refresh-all-database (58ms)
8-13-2026 18:45:02-debug: asset-db:worker-effect-data-processing (1ms)
8-13-2026 18:45:02-debug: asset-db-hook-engine-extends-afterRefresh (1ms)
8-13-2026 18:45:09-debug: %cImport%c: D:\Works\Github\BattleGame\assets\Test.scenebackground: #aaff85; color: #000;color: #000;
8-13-2026 18:45:09-debug: asset-db:reimport-asset1effe86e-a401-4769-9dbc-62218c68834d (18ms)
8-13-2026 18:45:11-debug: Query all assets info in project
8-13-2026 18:45:11-debug: init custom config: keepNodeUuid: false, useCache: true
8-13-2026 18:45:11-debug: Skip compress image, progress: 0%
8-13-2026 18:45:11-debug: Init all bundles start..., progress: 0%
8-13-2026 18:45:11-debug: // ---- build task Query asset bundle ----
8-13-2026 18:45:11-debug: Init bundle root assets start..., progress: 0%
8-13-2026 18:45:11-debug: Query asset bundle start, progress: 0%
8-13-2026 18:45:11-debug: Num of bundles: 2..., progress: 0%
8-13-2026 18:45:11-debug: Query preload assets/scripts from cc.config.json: 60f7195c-ec2a-45eb-ba94-8955f60e81d0,1c02ae6f-4492-4915-b8f8-7492a3b1e4cd,810e96e4-e456-4468-9b59-f4e8f39732c0,efe8e2a3-eace-427b-b4f1-cb8a937ec77d,e9aa9a3e-5b2b-4ac7-a2c7-073de2b2b24f,8bbdbcdd-5cd4-4100-b6d5-b7c9625b6107,50f4348b-c883-4e2f-8f11-ce233b859fa1,fda095cb-831d-4601-ad94-846013963de8,f92806d7-1768-443f-afe8-12bcde84d0f0,dd3a144d-ab7f-41f0-82b8-2e43a090d496,f0416e68-0200-4b77-a926-4f9d16e494da,511d2633-09a7-4bdd-ac42-f778032124b3,5d45aa00-e064-4938-b314-4265f0c2258c,9361fd90-ba52-4f84-aa93-6e878fd576ca,970b0598-bcb0-4714-91fb-2e81440dccd8,bcd64cc6-2dd9-43f6-abbe-66318d332032,d930590d-bb92-4cc8-8bd1-23cd027f9edf,a3cd009f-0ab0-420d-9278-b9fdab939bbc,6a2d0734-bd9e-4ddf-946e-caa52498cb75,d9937e59-61fe-4ec6-92ab-7ac5a19c89b0,d1346436-ac96-4271-b863-1f4fdead95b0,971bdb23-3ff6-43eb-b422-1c30165a3663,17debcc3-0a6b-4b8a-b00b-dc58b885581e,711ebe11-f673-4cd9-9a83-63c60ba54c5b,c0143906-9aed-447e-9436-2ae8512d1b6e,14da1725-c4c2-42b4-ab08-ee0aeb6898b3,081cab31-dccd-428e-8652-f2404cc81c47,78e0584a-4343-4727-8f37-e14e65c2a2db,871c3b6c-7379-419d-bda3-794b239ab90d,ff9b0199-ce04-4cfe-86cc-6c719f08d6e4,de1c2107-70c8-4021-8459-6399f24d01c6,cbf30902-517f-40dc-af90-a550bac27cf1,5c601d96-e4c7-4698-991b-7ee674b11079
8-13-2026 18:45:11-debug:   Number of other assets: 486
8-13-2026 18:45:11-debug: Init bundle root assets success..., progress: 0%
8-13-2026 18:45:11-debug:   Number of all scenes: 3
8-13-2026 18:45:11-debug:   Number of all scripts: 41
8-13-2026 18:45:11-debug: // ---- build task Query asset bundle ---- (5ms)
8-13-2026 18:45:11-log: run build task Query asset bundle success in 5 ms√, progress: 5%
8-13-2026 18:45:11-debug: // ---- build task Query asset bundle ----
8-13-2026 18:45:11-debug: [Build Memory track]: Query asset bundle start:230.15MB, end 229.94MB, increase: -215.80KB
8-13-2026 18:45:11-debug: Query asset bundle start, progress: 5%
8-13-2026 18:45:11-debug: // ---- build task Query asset bundle ---- (3ms)
8-13-2026 18:45:11-log: run build task Query asset bundle success in 3 ms√, progress: 10%
8-13-2026 18:45:11-debug: [Build Memory track]: Query asset bundle start:229.97MB, end 230.11MB, increase: 145.91KB
8-13-2026 18:45:11-debug: Sort some build options to settings.json start, progress: 10%
8-13-2026 18:45:11-debug: // ---- build task Sort some build options to settings.json ----
8-13-2026 18:45:11-debug: // ---- build task Sort some build options to settings.json ---- (1ms)
8-13-2026 18:45:11-log: run build task Sort some build options to settings.json success in 1 ms√, progress: 12%
8-13-2026 18:45:11-debug: [Build Memory track]: Sort some build options to settings.json start:230.14MB, end 230.17MB, increase: 26.55KB
8-13-2026 18:45:11-debug: Fill script data to settings start, progress: 12%
8-13-2026 18:45:11-debug: // ---- build task Fill script data to settings ----
8-13-2026 18:45:11-debug: // ---- build task Fill script data to settings ---- (2ms)
8-13-2026 18:45:11-log: run build task Fill script data to settings success in 2 ms√, progress: 13%
8-13-2026 18:45:11-debug: [Build Memory track]: Fill script data to settings start:230.20MB, end 230.22MB, increase: 27.64KB
8-13-2026 18:45:11-debug: Sort some build options to settings.json start, progress: 13%
8-13-2026 18:45:11-debug: // ---- build task Sort some build options to settings.json ----
8-13-2026 18:45:11-debug: // ---- build task Sort some build options to settings.json ---- (4ms)
8-13-2026 18:45:11-log: run build task Sort some build options to settings.json success in 4 ms√, progress: 15%
8-13-2026 18:45:11-debug: [Build Memory track]: Sort some build options to settings.json start:230.25MB, end 230.38MB, increase: 130.67KB
8-13-2026 18:45:41-debug: refresh db internal success
8-13-2026 18:45:41-debug: refresh db assets success
8-13-2026 18:45:41-debug: Run asset db hook engine-extends:afterRefresh ...
8-13-2026 18:45:41-debug: Run asset db hook engine-extends:afterRefresh success!
8-13-2026 18:45:41-debug: asset-db:refresh-all-database (77ms)
8-13-2026 18:45:41-debug: asset-db-hook-engine-extends-afterRefresh (2ms)
8-13-2026 18:45:41-debug: asset-db:worker-effect-data-processing (2ms)
8-13-2026 18:45:43-debug: %cImport%c: D:\Works\Github\BattleGame\assets\Test.scenebackground: #aaff85; color: #000;color: #000;
8-13-2026 18:45:43-debug: asset-db:reimport-asset1effe86e-a401-4769-9dbc-62218c68834d (10ms)
8-13-2026 18:45:44-debug: Query all assets info in project
8-13-2026 18:45:44-debug: init custom config: keepNodeUuid: false, useCache: true
8-13-2026 18:45:44-debug: Skip compress image, progress: 0%
8-13-2026 18:45:44-debug: Init all bundles start..., progress: 0%
8-13-2026 18:45:44-debug: // ---- build task Query asset bundle ----
8-13-2026 18:45:44-debug: Query asset bundle start, progress: 0%
8-13-2026 18:45:44-debug: Init bundle root assets start..., progress: 0%
8-13-2026 18:45:44-debug: Num of bundles: 2..., progress: 0%
8-13-2026 18:45:44-debug: Query preload assets/scripts from cc.config.json: 60f7195c-ec2a-45eb-ba94-8955f60e81d0,1c02ae6f-4492-4915-b8f8-7492a3b1e4cd,810e96e4-e456-4468-9b59-f4e8f39732c0,efe8e2a3-eace-427b-b4f1-cb8a937ec77d,e9aa9a3e-5b2b-4ac7-a2c7-073de2b2b24f,8bbdbcdd-5cd4-4100-b6d5-b7c9625b6107,50f4348b-c883-4e2f-8f11-ce233b859fa1,fda095cb-831d-4601-ad94-846013963de8,f92806d7-1768-443f-afe8-12bcde84d0f0,dd3a144d-ab7f-41f0-82b8-2e43a090d496,f0416e68-0200-4b77-a926-4f9d16e494da,511d2633-09a7-4bdd-ac42-f778032124b3,5d45aa00-e064-4938-b314-4265f0c2258c,9361fd90-ba52-4f84-aa93-6e878fd576ca,970b0598-bcb0-4714-91fb-2e81440dccd8,bcd64cc6-2dd9-43f6-abbe-66318d332032,d930590d-bb92-4cc8-8bd1-23cd027f9edf,a3cd009f-0ab0-420d-9278-b9fdab939bbc,6a2d0734-bd9e-4ddf-946e-caa52498cb75,d9937e59-61fe-4ec6-92ab-7ac5a19c89b0,d1346436-ac96-4271-b863-1f4fdead95b0,971bdb23-3ff6-43eb-b422-1c30165a3663,17debcc3-0a6b-4b8a-b00b-dc58b885581e,711ebe11-f673-4cd9-9a83-63c60ba54c5b,c0143906-9aed-447e-9436-2ae8512d1b6e,14da1725-c4c2-42b4-ab08-ee0aeb6898b3,081cab31-dccd-428e-8652-f2404cc81c47,78e0584a-4343-4727-8f37-e14e65c2a2db,871c3b6c-7379-419d-bda3-794b239ab90d,ff9b0199-ce04-4cfe-86cc-6c719f08d6e4,de1c2107-70c8-4021-8459-6399f24d01c6,cbf30902-517f-40dc-af90-a550bac27cf1,5c601d96-e4c7-4698-991b-7ee674b11079
8-13-2026 18:45:44-debug:   Number of all scripts: 41
8-13-2026 18:45:44-debug:   Number of other assets: 486
8-13-2026 18:45:44-debug: Init bundle root assets success..., progress: 0%
8-13-2026 18:45:44-debug:   Number of all scenes: 3
8-13-2026 18:45:44-debug: // ---- build task Query asset bundle ---- (5ms)
8-13-2026 18:45:44-log: run build task Query asset bundle success in 5 ms√, progress: 5%
8-13-2026 18:45:44-debug: [Build Memory track]: Query asset bundle start:232.06MB, end 231.91MB, increase: -146.33KB
8-13-2026 18:45:44-debug: Query asset bundle start, progress: 5%
8-13-2026 18:45:44-debug: // ---- build task Query asset bundle ----
8-13-2026 18:45:44-debug: // ---- build task Query asset bundle ---- (2ms)
8-13-2026 18:45:44-log: run build task Query asset bundle success in 2 ms√, progress: 10%
8-13-2026 18:45:44-debug: [Build Memory track]: Query asset bundle start:231.95MB, end 231.27MB, increase: -694.25KB
8-13-2026 18:45:44-debug: // ---- build task Sort some build options to settings.json ----
8-13-2026 18:45:44-debug: Sort some build options to settings.json start, progress: 10%
8-13-2026 18:45:44-debug: // ---- build task Sort some build options to settings.json ---- (2ms)
8-13-2026 18:45:44-log: run build task Sort some build options to settings.json success in 2 ms√, progress: 12%
8-13-2026 18:45:44-debug: Fill script data to settings start, progress: 12%
8-13-2026 18:45:44-debug: [Build Memory track]: Sort some build options to settings.json start:231.30MB, end 231.33MB, increase: 26.52KB
8-13-2026 18:45:44-debug: // ---- build task Fill script data to settings ----
8-13-2026 18:45:44-debug: // ---- build task Fill script data to settings ---- (1ms)
8-13-2026 18:45:44-log: run build task Fill script data to settings success in 1 ms√, progress: 13%
8-13-2026 18:45:44-debug: [Build Memory track]: Fill script data to settings start:231.36MB, end 231.38MB, increase: 25.89KB
8-13-2026 18:45:44-debug: Sort some build options to settings.json start, progress: 13%
8-13-2026 18:45:44-debug: // ---- build task Sort some build options to settings.json ----
8-13-2026 18:45:44-debug: // ---- build task Sort some build options to settings.json ---- (5ms)
8-13-2026 18:45:44-log: run build task Sort some build options to settings.json success in 5 ms√, progress: 15%
8-13-2026 18:45:44-debug: [Build Memory track]: Sort some build options to settings.json start:231.41MB, end 231.54MB, increase: 135.11KB
8-13-2026 18:49:03-debug: Query all assets info in project
8-13-2026 18:49:03-debug: init custom config: keepNodeUuid: false, useCache: true
8-13-2026 18:49:03-debug: Skip compress image, progress: 0%
8-13-2026 18:49:03-debug: Init all bundles start..., progress: 0%
8-13-2026 18:49:03-debug: // ---- build task Query asset bundle ----
8-13-2026 18:49:03-debug: Init bundle root assets start..., progress: 0%
8-13-2026 18:49:03-debug: Num of bundles: 2..., progress: 0%
8-13-2026 18:49:03-debug: Query asset bundle start, progress: 0%
8-13-2026 18:49:03-debug: Query preload assets/scripts from cc.config.json: 60f7195c-ec2a-45eb-ba94-8955f60e81d0,1c02ae6f-4492-4915-b8f8-7492a3b1e4cd,810e96e4-e456-4468-9b59-f4e8f39732c0,efe8e2a3-eace-427b-b4f1-cb8a937ec77d,e9aa9a3e-5b2b-4ac7-a2c7-073de2b2b24f,8bbdbcdd-5cd4-4100-b6d5-b7c9625b6107,50f4348b-c883-4e2f-8f11-ce233b859fa1,fda095cb-831d-4601-ad94-846013963de8,f92806d7-1768-443f-afe8-12bcde84d0f0,dd3a144d-ab7f-41f0-82b8-2e43a090d496,f0416e68-0200-4b77-a926-4f9d16e494da,511d2633-09a7-4bdd-ac42-f778032124b3,5d45aa00-e064-4938-b314-4265f0c2258c,9361fd90-ba52-4f84-aa93-6e878fd576ca,970b0598-bcb0-4714-91fb-2e81440dccd8,bcd64cc6-2dd9-43f6-abbe-66318d332032,d930590d-bb92-4cc8-8bd1-23cd027f9edf,a3cd009f-0ab0-420d-9278-b9fdab939bbc,6a2d0734-bd9e-4ddf-946e-caa52498cb75,d9937e59-61fe-4ec6-92ab-7ac5a19c89b0,d1346436-ac96-4271-b863-1f4fdead95b0,971bdb23-3ff6-43eb-b422-1c30165a3663,17debcc3-0a6b-4b8a-b00b-dc58b885581e,711ebe11-f673-4cd9-9a83-63c60ba54c5b,c0143906-9aed-447e-9436-2ae8512d1b6e,14da1725-c4c2-42b4-ab08-ee0aeb6898b3,081cab31-dccd-428e-8652-f2404cc81c47,78e0584a-4343-4727-8f37-e14e65c2a2db,871c3b6c-7379-419d-bda3-794b239ab90d,ff9b0199-ce04-4cfe-86cc-6c719f08d6e4,de1c2107-70c8-4021-8459-6399f24d01c6,cbf30902-517f-40dc-af90-a550bac27cf1,5c601d96-e4c7-4698-991b-7ee674b11079
8-13-2026 18:49:03-debug:   Number of all scripts: 41
8-13-2026 18:49:03-debug: Init bundle root assets success..., progress: 0%
8-13-2026 18:49:03-debug:   Number of all scenes: 3
8-13-2026 18:49:03-debug:   Number of other assets: 486
8-13-2026 18:49:03-debug: // ---- build task Query asset bundle ---- (6ms)
8-13-2026 18:49:03-log: run build task Query asset bundle success in 6 ms√, progress: 5%
8-13-2026 18:49:03-debug: [Build Memory track]: Query asset bundle start:232.18MB, end 232.08MB, increase: -104.05KB
8-13-2026 18:49:03-debug: Query asset bundle start, progress: 5%
8-13-2026 18:49:03-debug: // ---- build task Query asset bundle ----
8-13-2026 18:49:03-debug: // ---- build task Query asset bundle ---- (2ms)
8-13-2026 18:49:03-log: run build task Query asset bundle success in 2 ms√, progress: 10%
8-13-2026 18:49:03-debug: [Build Memory track]: Query asset bundle start:232.11MB, end 231.45MB, increase: -667.92KB
8-13-2026 18:49:03-debug: Sort some build options to settings.json start, progress: 10%
8-13-2026 18:49:03-debug: // ---- build task Sort some build options to settings.json ----
8-13-2026 18:49:03-debug: // ---- build task Sort some build options to settings.json ---- (2ms)
8-13-2026 18:49:03-log: run build task Sort some build options to settings.json success in 2 ms√, progress: 12%
8-13-2026 18:49:03-debug: [Build Memory track]: Sort some build options to settings.json start:231.51MB, end 231.53MB, increase: 27.95KB
8-13-2026 18:49:03-debug: Fill script data to settings start, progress: 12%
8-13-2026 18:49:03-debug: // ---- build task Fill script data to settings ----
8-13-2026 18:49:03-debug: // ---- build task Fill script data to settings ---- (1ms)
8-13-2026 18:49:03-debug: [Build Memory track]: Fill script data to settings start:231.56MB, end 231.59MB, increase: 27.95KB
8-13-2026 18:49:03-log: run build task Fill script data to settings success in 1 ms√, progress: 13%
8-13-2026 18:49:03-debug: Sort some build options to settings.json start, progress: 13%
8-13-2026 18:49:03-debug: // ---- build task Sort some build options to settings.json ----
8-13-2026 18:49:03-debug: // ---- build task Sort some build options to settings.json ---- (4ms)
8-13-2026 18:49:03-log: run build task Sort some build options to settings.json success in 4 ms√, progress: 15%
8-13-2026 18:49:03-debug: [Build Memory track]: Sort some build options to settings.json start:231.62MB, end 231.75MB, increase: 126.91KB
8-13-2026 18:55:20-debug: refresh db internal success
8-13-2026 18:55:20-debug: %cImport%c: D:\Works\Github\BattleGame\assets\scripts\GameManager.tsbackground: #aaff85; color: #000;color: #000;
8-13-2026 18:55:20-debug: %cImport%c: D:\Works\Github\BattleGame\assets\scripts\LevelSettings.tsbackground: #aaff85; color: #000;color: #000;
8-13-2026 18:55:20-debug: refresh db assets success
8-13-2026 18:55:20-debug: Run asset db hook engine-extends:afterRefresh ...
8-13-2026 18:55:20-debug: Run asset db hook engine-extends:afterRefresh success!
8-13-2026 18:55:20-debug: asset-db:refresh-all-database (56ms)
8-13-2026 18:55:20-debug: asset-db:worker-effect-data-processing (1ms)
8-13-2026 18:55:20-debug: asset-db-hook-engine-extends-afterRefresh (1ms)
8-13-2026 18:55:28-debug: Query all assets info in project
8-13-2026 18:55:28-debug: init custom config: keepNodeUuid: false, useCache: true
8-13-2026 18:55:28-debug: Skip compress image, progress: 0%
8-13-2026 18:55:28-debug: Init all bundles start..., progress: 0%
8-13-2026 18:55:28-debug: // ---- build task Query asset bundle ----
8-13-2026 18:55:28-debug: Init bundle root assets start..., progress: 0%
8-13-2026 18:55:28-debug: Query asset bundle start, progress: 0%
8-13-2026 18:55:28-debug: Num of bundles: 2..., progress: 0%
8-13-2026 18:55:28-debug: Query preload assets/scripts from cc.config.json: 60f7195c-ec2a-45eb-ba94-8955f60e81d0,1c02ae6f-4492-4915-b8f8-7492a3b1e4cd,810e96e4-e456-4468-9b59-f4e8f39732c0,efe8e2a3-eace-427b-b4f1-cb8a937ec77d,e9aa9a3e-5b2b-4ac7-a2c7-073de2b2b24f,8bbdbcdd-5cd4-4100-b6d5-b7c9625b6107,50f4348b-c883-4e2f-8f11-ce233b859fa1,fda095cb-831d-4601-ad94-846013963de8,f92806d7-1768-443f-afe8-12bcde84d0f0,dd3a144d-ab7f-41f0-82b8-2e43a090d496,f0416e68-0200-4b77-a926-4f9d16e494da,511d2633-09a7-4bdd-ac42-f778032124b3,5d45aa00-e064-4938-b314-4265f0c2258c,9361fd90-ba52-4f84-aa93-6e878fd576ca,970b0598-bcb0-4714-91fb-2e81440dccd8,bcd64cc6-2dd9-43f6-abbe-66318d332032,d930590d-bb92-4cc8-8bd1-23cd027f9edf,a3cd009f-0ab0-420d-9278-b9fdab939bbc,6a2d0734-bd9e-4ddf-946e-caa52498cb75,d9937e59-61fe-4ec6-92ab-7ac5a19c89b0,d1346436-ac96-4271-b863-1f4fdead95b0,971bdb23-3ff6-43eb-b422-1c30165a3663,17debcc3-0a6b-4b8a-b00b-dc58b885581e,711ebe11-f673-4cd9-9a83-63c60ba54c5b,c0143906-9aed-447e-9436-2ae8512d1b6e,14da1725-c4c2-42b4-ab08-ee0aeb6898b3,081cab31-dccd-428e-8652-f2404cc81c47,78e0584a-4343-4727-8f37-e14e65c2a2db,871c3b6c-7379-419d-bda3-794b239ab90d,ff9b0199-ce04-4cfe-86cc-6c719f08d6e4,de1c2107-70c8-4021-8459-6399f24d01c6,cbf30902-517f-40dc-af90-a550bac27cf1,5c601d96-e4c7-4698-991b-7ee674b11079
8-13-2026 18:55:28-debug:   Number of all scenes: 3
8-13-2026 18:55:28-debug:   Number of all scripts: 41
8-13-2026 18:55:28-debug: Init bundle root assets success..., progress: 0%
8-13-2026 18:55:28-debug:   Number of other assets: 486
8-13-2026 18:55:28-debug: // ---- build task Query asset bundle ---- (5ms)
8-13-2026 18:55:28-log: run build task Query asset bundle success in 5 ms√, progress: 5%
8-13-2026 18:55:28-debug: [Build Memory track]: Query asset bundle start:233.31MB, end 233.10MB, increase: -210.97KB
8-13-2026 18:55:28-debug: Query asset bundle start, progress: 5%
8-13-2026 18:55:28-debug: // ---- build task Query asset bundle ----
8-13-2026 18:55:28-debug: // ---- build task Query asset bundle ---- (2ms)
8-13-2026 18:55:28-log: run build task Query asset bundle success in 2 ms√, progress: 10%
8-13-2026 18:55:28-debug: [Build Memory track]: Query asset bundle start:233.13MB, end 233.27MB, increase: 139.89KB
8-13-2026 18:55:28-debug: Sort some build options to settings.json start, progress: 10%
8-13-2026 18:55:28-debug: // ---- build task Sort some build options to settings.json ----
8-13-2026 18:55:28-debug: // ---- build task Sort some build options to settings.json ---- (1ms)
8-13-2026 18:55:28-log: run build task Sort some build options to settings.json success in 1 ms√, progress: 12%
8-13-2026 18:55:28-debug: [Build Memory track]: Sort some build options to settings.json start:233.30MB, end 233.32MB, increase: 26.44KB
8-13-2026 18:55:28-debug: Fill script data to settings start, progress: 12%
8-13-2026 18:55:28-debug: // ---- build task Fill script data to settings ----
8-13-2026 18:55:28-log: run build task Fill script data to settings success in √, progress: 13%
8-13-2026 18:55:28-debug: [Build Memory track]: Fill script data to settings start:233.35MB, end 233.37MB, increase: 22.54KB
8-13-2026 18:55:28-debug: Sort some build options to settings.json start, progress: 13%
8-13-2026 18:55:28-debug: // ---- build task Sort some build options to settings.json ----
8-13-2026 18:55:28-debug: // ---- build task Sort some build options to settings.json ---- (3ms)
8-13-2026 18:55:28-log: run build task Sort some build options to settings.json success in 3 ms√, progress: 15%
8-13-2026 18:55:28-debug: [Build Memory track]: Sort some build options to settings.json start:233.40MB, end 233.53MB, increase: 135.02KB
8-13-2026 18:57:49-debug: refresh db internal success
8-13-2026 18:57:49-debug: %cImport%c: D:\Works\Github\BattleGame\assets\scripts\LevelSettings.tsbackground: #aaff85; color: #000;color: #000;
8-13-2026 18:57:49-debug: refresh db assets success
8-13-2026 18:57:49-debug: Run asset db hook engine-extends:afterRefresh success!
8-13-2026 18:57:49-debug: Run asset db hook engine-extends:afterRefresh ...
8-13-2026 18:57:49-debug: asset-db:refresh-all-database (74ms)
8-13-2026 18:57:49-debug: asset-db:worker-effect-data-processing (1ms)
8-13-2026 18:57:49-debug: asset-db-hook-engine-extends-afterRefresh (1ms)
8-13-2026 18:57:53-debug: Query all assets info in project
8-13-2026 18:57:53-debug: init custom config: keepNodeUuid: false, useCache: true
8-13-2026 18:57:53-debug: Skip compress image, progress: 0%
8-13-2026 18:57:53-debug: Init all bundles start..., progress: 0%
8-13-2026 18:57:53-debug: // ---- build task Query asset bundle ----
8-13-2026 18:57:53-debug: Init bundle root assets start..., progress: 0%
8-13-2026 18:57:53-debug: Query asset bundle start, progress: 0%
8-13-2026 18:57:53-debug: Num of bundles: 2..., progress: 0%
8-13-2026 18:57:53-debug: Query preload assets/scripts from cc.config.json: 60f7195c-ec2a-45eb-ba94-8955f60e81d0,1c02ae6f-4492-4915-b8f8-7492a3b1e4cd,810e96e4-e456-4468-9b59-f4e8f39732c0,efe8e2a3-eace-427b-b4f1-cb8a937ec77d,e9aa9a3e-5b2b-4ac7-a2c7-073de2b2b24f,8bbdbcdd-5cd4-4100-b6d5-b7c9625b6107,50f4348b-c883-4e2f-8f11-ce233b859fa1,fda095cb-831d-4601-ad94-846013963de8,f92806d7-1768-443f-afe8-12bcde84d0f0,dd3a144d-ab7f-41f0-82b8-2e43a090d496,f0416e68-0200-4b77-a926-4f9d16e494da,511d2633-09a7-4bdd-ac42-f778032124b3,5d45aa00-e064-4938-b314-4265f0c2258c,9361fd90-ba52-4f84-aa93-6e878fd576ca,970b0598-bcb0-4714-91fb-2e81440dccd8,bcd64cc6-2dd9-43f6-abbe-66318d332032,d930590d-bb92-4cc8-8bd1-23cd027f9edf,a3cd009f-0ab0-420d-9278-b9fdab939bbc,6a2d0734-bd9e-4ddf-946e-caa52498cb75,d9937e59-61fe-4ec6-92ab-7ac5a19c89b0,d1346436-ac96-4271-b863-1f4fdead95b0,971bdb23-3ff6-43eb-b422-1c30165a3663,17debcc3-0a6b-4b8a-b00b-dc58b885581e,711ebe11-f673-4cd9-9a83-63c60ba54c5b,c0143906-9aed-447e-9436-2ae8512d1b6e,14da1725-c4c2-42b4-ab08-ee0aeb6898b3,081cab31-dccd-428e-8652-f2404cc81c47,78e0584a-4343-4727-8f37-e14e65c2a2db,871c3b6c-7379-419d-bda3-794b239ab90d,ff9b0199-ce04-4cfe-86cc-6c719f08d6e4,de1c2107-70c8-4021-8459-6399f24d01c6,cbf30902-517f-40dc-af90-a550bac27cf1,5c601d96-e4c7-4698-991b-7ee674b11079
8-13-2026 18:57:53-debug:   Number of all scenes: 3
8-13-2026 18:57:53-debug:   Number of all scripts: 41
8-13-2026 18:57:53-debug: Init bundle root assets success..., progress: 0%
8-13-2026 18:57:53-debug:   Number of other assets: 486
8-13-2026 18:57:53-debug: // ---- build task Query asset bundle ---- (4ms)
8-13-2026 18:57:53-debug: [Build Memory track]: Query asset bundle start:234.91MB, end 234.88MB, increase: -31.90KB
8-13-2026 18:57:53-log: run build task Query asset bundle success in 4 ms√, progress: 5%
8-13-2026 18:57:53-debug: Query asset bundle start, progress: 5%
8-13-2026 18:57:53-debug: // ---- build task Query asset bundle ----
8-13-2026 18:57:53-debug: // ---- build task Query asset bundle ---- (2ms)
8-13-2026 18:57:53-log: run build task Query asset bundle success in 2 ms√, progress: 10%
8-13-2026 18:57:53-debug: [Build Memory track]: Query asset bundle start:234.91MB, end 235.05MB, increase: 139.93KB
8-13-2026 18:57:53-debug: // ---- build task Sort some build options to settings.json ----
8-13-2026 18:57:53-debug: Sort some build options to settings.json start, progress: 10%
8-13-2026 18:57:53-debug: // ---- build task Sort some build options to settings.json ---- (1ms)
8-13-2026 18:57:53-log: run build task Sort some build options to settings.json success in 1 ms√, progress: 12%
8-13-2026 18:57:53-debug: [Build Memory track]: Sort some build options to settings.json start:235.08MB, end 235.54MB, increase: 480.18KB
8-13-2026 18:57:53-debug: // ---- build task Fill script data to settings ----
8-13-2026 18:57:53-debug: Fill script data to settings start, progress: 12%
8-13-2026 18:57:53-debug: // ---- build task Fill script data to settings ---- (1ms)
8-13-2026 18:57:53-log: run build task Fill script data to settings success in 1 ms√, progress: 13%
8-13-2026 18:57:53-debug: [Build Memory track]: Fill script data to settings start:235.13MB, end 235.16MB, increase: 26.61KB
8-13-2026 18:57:53-debug: // ---- build task Sort some build options to settings.json ----
8-13-2026 18:57:53-debug: Sort some build options to settings.json start, progress: 13%
8-13-2026 18:57:53-debug: // ---- build task Sort some build options to settings.json ---- (5ms)
8-13-2026 18:57:53-log: run build task Sort some build options to settings.json success in 5 ms√, progress: 15%
8-13-2026 18:57:53-debug: [Build Memory track]: Sort some build options to settings.json start:235.19MB, end 235.31MB, increase: 126.52KB
8-13-2026 18:59:59-debug: refresh db internal success
8-13-2026 18:59:59-debug: %cImport%c: D:\Works\Github\BattleGame\assets\scripts\LevelSettings.tsbackground: #aaff85; color: #000;color: #000;
8-13-2026 18:59:59-debug: refresh db assets success
8-13-2026 18:59:59-debug: Run asset db hook engine-extends:afterRefresh ...
8-13-2026 18:59:59-debug: Run asset db hook engine-extends:afterRefresh success!
8-13-2026 18:59:59-debug: asset-db:refresh-all-database (59ms)
8-13-2026 18:59:59-debug: asset-db:worker-effect-data-processing (1ms)
8-13-2026 18:59:59-debug: asset-db-hook-engine-extends-afterRefresh (1ms)
8-13-2026 19:00:05-debug: %cImport%c: D:\Works\Github\BattleGame\assets\Test.scenebackground: #aaff85; color: #000;color: #000;
8-13-2026 19:00:05-debug: asset-db:reimport-asset1effe86e-a401-4769-9dbc-62218c68834d (15ms)
8-13-2026 19:00:07-debug: Query all assets info in project
8-13-2026 19:00:07-debug: init custom config: keepNodeUuid: false, useCache: true
8-13-2026 19:00:07-debug: Skip compress image, progress: 0%
8-13-2026 19:00:07-debug: Init all bundles start..., progress: 0%
8-13-2026 19:00:07-debug: Query asset bundle start, progress: 0%
8-13-2026 19:00:07-debug: Init bundle root assets start..., progress: 0%
8-13-2026 19:00:07-debug: // ---- build task Query asset bundle ----
8-13-2026 19:00:07-debug: Num of bundles: 2..., progress: 0%
8-13-2026 19:00:07-debug: Query preload assets/scripts from cc.config.json: 60f7195c-ec2a-45eb-ba94-8955f60e81d0,1c02ae6f-4492-4915-b8f8-7492a3b1e4cd,810e96e4-e456-4468-9b59-f4e8f39732c0,efe8e2a3-eace-427b-b4f1-cb8a937ec77d,e9aa9a3e-5b2b-4ac7-a2c7-073de2b2b24f,8bbdbcdd-5cd4-4100-b6d5-b7c9625b6107,50f4348b-c883-4e2f-8f11-ce233b859fa1,fda095cb-831d-4601-ad94-846013963de8,f92806d7-1768-443f-afe8-12bcde84d0f0,dd3a144d-ab7f-41f0-82b8-2e43a090d496,f0416e68-0200-4b77-a926-4f9d16e494da,511d2633-09a7-4bdd-ac42-f778032124b3,5d45aa00-e064-4938-b314-4265f0c2258c,9361fd90-ba52-4f84-aa93-6e878fd576ca,970b0598-bcb0-4714-91fb-2e81440dccd8,bcd64cc6-2dd9-43f6-abbe-66318d332032,d930590d-bb92-4cc8-8bd1-23cd027f9edf,a3cd009f-0ab0-420d-9278-b9fdab939bbc,6a2d0734-bd9e-4ddf-946e-caa52498cb75,d9937e59-61fe-4ec6-92ab-7ac5a19c89b0,d1346436-ac96-4271-b863-1f4fdead95b0,971bdb23-3ff6-43eb-b422-1c30165a3663,17debcc3-0a6b-4b8a-b00b-dc58b885581e,711ebe11-f673-4cd9-9a83-63c60ba54c5b,c0143906-9aed-447e-9436-2ae8512d1b6e,14da1725-c4c2-42b4-ab08-ee0aeb6898b3,081cab31-dccd-428e-8652-f2404cc81c47,78e0584a-4343-4727-8f37-e14e65c2a2db,871c3b6c-7379-419d-bda3-794b239ab90d,ff9b0199-ce04-4cfe-86cc-6c719f08d6e4,de1c2107-70c8-4021-8459-6399f24d01c6,cbf30902-517f-40dc-af90-a550bac27cf1,5c601d96-e4c7-4698-991b-7ee674b11079
8-13-2026 19:00:07-debug:   Number of other assets: 486
8-13-2026 19:00:07-debug: Init bundle root assets success..., progress: 0%
8-13-2026 19:00:07-debug:   Number of all scripts: 41
8-13-2026 19:00:07-debug:   Number of all scenes: 3
8-13-2026 19:00:07-debug: // ---- build task Query asset bundle ---- (6ms)
8-13-2026 19:00:07-log: run build task Query asset bundle success in 6 ms√, progress: 5%
8-13-2026 19:00:07-debug: [Build Memory track]: Query asset bundle start:236.34MB, end 236.14MB, increase: -206.78KB
8-13-2026 19:00:07-debug: Query asset bundle start, progress: 5%
8-13-2026 19:00:07-debug: // ---- build task Query asset bundle ----
8-13-2026 19:00:07-debug: // ---- build task Query asset bundle ---- (3ms)
8-13-2026 19:00:07-log: run build task Query asset bundle success in 3 ms√, progress: 10%
8-13-2026 19:00:07-debug: [Build Memory track]: Query asset bundle start:236.17MB, end 236.30MB, increase: 139.90KB
8-13-2026 19:00:07-debug: // ---- build task Sort some build options to settings.json ----
8-13-2026 19:00:07-debug: Sort some build options to settings.json start, progress: 10%
8-13-2026 19:00:07-debug: // ---- build task Sort some build options to settings.json ---- (1ms)
8-13-2026 19:00:07-log: run build task Sort some build options to settings.json success in 1 ms√, progress: 12%
8-13-2026 19:00:07-debug: Fill script data to settings start, progress: 12%
8-13-2026 19:00:07-debug: // ---- build task Fill script data to settings ----
8-13-2026 19:00:07-debug: [Build Memory track]: Sort some build options to settings.json start:236.33MB, end 236.36MB, increase: 26.56KB
8-13-2026 19:00:07-debug: // ---- build task Fill script data to settings ---- (1ms)
8-13-2026 19:00:07-log: run build task Fill script data to settings success in 1 ms√, progress: 13%
8-13-2026 19:00:07-debug: [Build Memory track]: Fill script data to settings start:236.39MB, end 236.41MB, increase: 25.98KB
8-13-2026 19:00:07-debug: Sort some build options to settings.json start, progress: 13%
8-13-2026 19:00:07-debug: // ---- build task Sort some build options to settings.json ----
8-13-2026 19:00:07-debug: // ---- build task Sort some build options to settings.json ---- (4ms)
8-13-2026 19:00:07-log: run build task Sort some build options to settings.json success in 4 ms√, progress: 15%
8-13-2026 19:00:07-debug: [Build Memory track]: Sort some build options to settings.json start:236.44MB, end 236.58MB, increase: 144.39KB
8-13-2026 19:00:34-debug: Query all assets info in project
8-13-2026 19:00:34-debug: init custom config: keepNodeUuid: false, useCache: true
8-13-2026 19:00:34-debug: Skip compress image, progress: 0%
8-13-2026 19:00:34-debug: Init all bundles start..., progress: 0%
8-13-2026 19:00:34-debug: Num of bundles: 2..., progress: 0%
8-13-2026 19:00:34-debug: Query asset bundle start, progress: 0%
8-13-2026 19:00:34-debug: // ---- build task Query asset bundle ----
8-13-2026 19:00:34-debug: Init bundle root assets start..., progress: 0%
8-13-2026 19:00:34-debug: Query preload assets/scripts from cc.config.json: 60f7195c-ec2a-45eb-ba94-8955f60e81d0,1c02ae6f-4492-4915-b8f8-7492a3b1e4cd,810e96e4-e456-4468-9b59-f4e8f39732c0,efe8e2a3-eace-427b-b4f1-cb8a937ec77d,e9aa9a3e-5b2b-4ac7-a2c7-073de2b2b24f,8bbdbcdd-5cd4-4100-b6d5-b7c9625b6107,50f4348b-c883-4e2f-8f11-ce233b859fa1,fda095cb-831d-4601-ad94-846013963de8,f92806d7-1768-443f-afe8-12bcde84d0f0,dd3a144d-ab7f-41f0-82b8-2e43a090d496,f0416e68-0200-4b77-a926-4f9d16e494da,511d2633-09a7-4bdd-ac42-f778032124b3,5d45aa00-e064-4938-b314-4265f0c2258c,9361fd90-ba52-4f84-aa93-6e878fd576ca,970b0598-bcb0-4714-91fb-2e81440dccd8,bcd64cc6-2dd9-43f6-abbe-66318d332032,d930590d-bb92-4cc8-8bd1-23cd027f9edf,a3cd009f-0ab0-420d-9278-b9fdab939bbc,6a2d0734-bd9e-4ddf-946e-caa52498cb75,d9937e59-61fe-4ec6-92ab-7ac5a19c89b0,d1346436-ac96-4271-b863-1f4fdead95b0,971bdb23-3ff6-43eb-b422-1c30165a3663,17debcc3-0a6b-4b8a-b00b-dc58b885581e,711ebe11-f673-4cd9-9a83-63c60ba54c5b,c0143906-9aed-447e-9436-2ae8512d1b6e,14da1725-c4c2-42b4-ab08-ee0aeb6898b3,081cab31-dccd-428e-8652-f2404cc81c47,78e0584a-4343-4727-8f37-e14e65c2a2db,871c3b6c-7379-419d-bda3-794b239ab90d,ff9b0199-ce04-4cfe-86cc-6c719f08d6e4,de1c2107-70c8-4021-8459-6399f24d01c6,cbf30902-517f-40dc-af90-a550bac27cf1,5c601d96-e4c7-4698-991b-7ee674b11079
8-13-2026 19:00:34-debug:   Number of all scenes: 3
8-13-2026 19:00:34-debug: Init bundle root assets success..., progress: 0%
8-13-2026 19:00:34-debug:   Number of all scripts: 41
8-13-2026 19:00:34-debug:   Number of other assets: 486
8-13-2026 19:00:34-debug: // ---- build task Query asset bundle ---- (7ms)
8-13-2026 19:00:34-log: run build task Query asset bundle success in 7 ms√, progress: 5%
8-13-2026 19:00:34-debug: [Build Memory track]: Query asset bundle start:236.43MB, end 236.29MB, increase: -149.05KB
8-13-2026 19:00:34-debug: Query asset bundle start, progress: 5%
8-13-2026 19:00:34-debug: // ---- build task Query asset bundle ----
8-13-2026 19:00:34-debug: // ---- build task Query asset bundle ---- (2ms)
8-13-2026 19:00:34-debug: Sort some build options to settings.json start, progress: 10%
8-13-2026 19:00:34-log: run build task Query asset bundle success in 2 ms√, progress: 10%
8-13-2026 19:00:34-debug: [Build Memory track]: Query asset bundle start:236.32MB, end 236.46MB, increase: 143.06KB
8-13-2026 19:00:34-debug: // ---- build task Sort some build options to settings.json ----
8-13-2026 19:00:34-debug: // ---- build task Sort some build options to settings.json ---- (1ms)
8-13-2026 19:00:34-log: run build task Sort some build options to settings.json success in 1 ms√, progress: 12%
8-13-2026 19:00:34-debug: [Build Memory track]: Sort some build options to settings.json start:236.48MB, end 236.51MB, increase: 26.75KB
8-13-2026 19:00:34-debug: Fill script data to settings start, progress: 12%
8-13-2026 19:00:34-debug: // ---- build task Fill script data to settings ----
8-13-2026 19:00:34-debug: // ---- build task Fill script data to settings ---- (1ms)
8-13-2026 19:00:34-log: run build task Fill script data to settings success in 1 ms√, progress: 13%
8-13-2026 19:00:34-debug: [Build Memory track]: Fill script data to settings start:236.54MB, end 236.56MB, increase: 25.63KB
8-13-2026 19:00:34-debug: Sort some build options to settings.json start, progress: 13%
8-13-2026 19:00:34-debug: // ---- build task Sort some build options to settings.json ----
8-13-2026 19:00:34-debug: // ---- build task Sort some build options to settings.json ---- (5ms)
8-13-2026 19:00:34-log: run build task Sort some build options to settings.json success in 5 ms√, progress: 15%
8-13-2026 19:00:34-debug: [Build Memory track]: Sort some build options to settings.json start:236.59MB, end 236.72MB, increase: 127.18KB
8-13-2026 19:04:04-debug: refresh db internal success
8-13-2026 19:04:04-debug: %cImport%c: D:\Works\Github\BattleGame\assets\scripts\GameManager.tsbackground: #aaff85; color: #000;color: #000;
8-13-2026 19:04:04-debug: %cImport%c: D:\Works\Github\BattleGame\assets\scripts\LevelSettings.tsbackground: #aaff85; color: #000;color: #000;
8-13-2026 19:04:04-debug: refresh db assets success
8-13-2026 19:04:04-debug: Run asset db hook engine-extends:afterRefresh ...
8-13-2026 19:04:04-debug: Run asset db hook engine-extends:afterRefresh success!
8-13-2026 19:04:04-debug: asset-db:refresh-all-database (54ms)
8-13-2026 19:04:04-debug: asset-db:worker-effect-data-processing (1ms)
8-13-2026 19:04:04-debug: asset-db-hook-engine-extends-afterRefresh (1ms)
8-13-2026 19:04:07-debug: Query all assets info in project
8-13-2026 19:04:07-debug: Skip compress image, progress: 0%
8-13-2026 19:04:07-debug: init custom config: keepNodeUuid: false, useCache: true
8-13-2026 19:04:07-debug: Init all bundles start..., progress: 0%
8-13-2026 19:04:07-debug: // ---- build task Query asset bundle ----
8-13-2026 19:04:07-debug: Init bundle root assets start..., progress: 0%
8-13-2026 19:04:07-debug: Query asset bundle start, progress: 0%
8-13-2026 19:04:07-debug: Num of bundles: 2..., progress: 0%
8-13-2026 19:04:07-debug: Query preload assets/scripts from cc.config.json: 60f7195c-ec2a-45eb-ba94-8955f60e81d0,1c02ae6f-4492-4915-b8f8-7492a3b1e4cd,810e96e4-e456-4468-9b59-f4e8f39732c0,efe8e2a3-eace-427b-b4f1-cb8a937ec77d,e9aa9a3e-5b2b-4ac7-a2c7-073de2b2b24f,8bbdbcdd-5cd4-4100-b6d5-b7c9625b6107,50f4348b-c883-4e2f-8f11-ce233b859fa1,fda095cb-831d-4601-ad94-846013963de8,f92806d7-1768-443f-afe8-12bcde84d0f0,dd3a144d-ab7f-41f0-82b8-2e43a090d496,f0416e68-0200-4b77-a926-4f9d16e494da,511d2633-09a7-4bdd-ac42-f778032124b3,5d45aa00-e064-4938-b314-4265f0c2258c,9361fd90-ba52-4f84-aa93-6e878fd576ca,970b0598-bcb0-4714-91fb-2e81440dccd8,bcd64cc6-2dd9-43f6-abbe-66318d332032,d930590d-bb92-4cc8-8bd1-23cd027f9edf,a3cd009f-0ab0-420d-9278-b9fdab939bbc,6a2d0734-bd9e-4ddf-946e-caa52498cb75,d9937e59-61fe-4ec6-92ab-7ac5a19c89b0,d1346436-ac96-4271-b863-1f4fdead95b0,971bdb23-3ff6-43eb-b422-1c30165a3663,17debcc3-0a6b-4b8a-b00b-dc58b885581e,711ebe11-f673-4cd9-9a83-63c60ba54c5b,c0143906-9aed-447e-9436-2ae8512d1b6e,14da1725-c4c2-42b4-ab08-ee0aeb6898b3,081cab31-dccd-428e-8652-f2404cc81c47,78e0584a-4343-4727-8f37-e14e65c2a2db,871c3b6c-7379-419d-bda3-794b239ab90d,ff9b0199-ce04-4cfe-86cc-6c719f08d6e4,de1c2107-70c8-4021-8459-6399f24d01c6,cbf30902-517f-40dc-af90-a550bac27cf1,5c601d96-e4c7-4698-991b-7ee674b11079
8-13-2026 19:04:07-debug:   Number of all scripts: 41
8-13-2026 19:04:07-debug:   Number of other assets: 486
8-13-2026 19:04:07-debug: Init bundle root assets success..., progress: 0%
8-13-2026 19:04:07-debug:   Number of all scenes: 3
8-13-2026 19:04:07-debug: // ---- build task Query asset bundle ---- (5ms)
8-13-2026 19:04:07-log: run build task Query asset bundle success in 5 ms√, progress: 5%
8-13-2026 19:04:07-debug: [Build Memory track]: Query asset bundle start:237.76MB, end 237.56MB, increase: -202.99KB
8-13-2026 19:04:07-debug: // ---- build task Query asset bundle ----
8-13-2026 19:04:07-debug: Query asset bundle start, progress: 5%
8-13-2026 19:04:07-debug: // ---- build task Query asset bundle ---- (1ms)
8-13-2026 19:04:07-log: run build task Query asset bundle success in 1 ms√, progress: 10%
8-13-2026 19:04:07-debug: [Build Memory track]: Query asset bundle start:237.59MB, end 237.72MB, increase: 140.03KB
8-13-2026 19:04:07-debug: Sort some build options to settings.json start, progress: 10%
8-13-2026 19:04:07-debug: // ---- build task Sort some build options to settings.json ----
8-13-2026 19:04:07-debug: // ---- build task Sort some build options to settings.json ---- (1ms)
8-13-2026 19:04:07-log: run build task Sort some build options to settings.json success in 1 ms√, progress: 12%
8-13-2026 19:04:07-debug: [Build Memory track]: Sort some build options to settings.json start:237.75MB, end 237.78MB, increase: 27.91KB
8-13-2026 19:04:07-debug: // ---- build task Fill script data to settings ----
8-13-2026 19:04:07-debug: Fill script data to settings start, progress: 12%
8-13-2026 19:04:07-log: run build task Fill script data to settings success in √, progress: 13%
8-13-2026 19:04:07-debug: [Build Memory track]: Fill script data to settings start:237.81MB, end 237.82MB, increase: 16.88KB
8-13-2026 19:04:07-debug: Sort some build options to settings.json start, progress: 13%
8-13-2026 19:04:07-debug: // ---- build task Sort some build options to settings.json ----
8-13-2026 19:04:07-debug: // ---- build task Sort some build options to settings.json ---- (5ms)
8-13-2026 19:04:07-log: run build task Sort some build options to settings.json success in 5 ms√, progress: 15%
8-13-2026 19:04:07-debug: [Build Memory track]: Sort some build options to settings.json start:237.85MB, end 237.98MB, increase: 125.96KB
8-13-2026 19:04:17-debug: refresh db internal success
8-13-2026 19:04:17-debug: refresh db assets success
8-13-2026 19:04:17-debug: Run asset db hook engine-extends:afterRefresh ...
8-13-2026 19:04:17-debug: Run asset db hook engine-extends:afterRefresh success!
8-13-2026 19:04:17-debug: asset-db:refresh-all-database (53ms)
8-13-2026 19:04:17-debug: asset-db:worker-effect-data-processing (2ms)
8-13-2026 19:04:17-debug: asset-db-hook-engine-extends-afterRefresh (2ms)
8-13-2026 19:04:38-debug: refresh db internal success
8-13-2026 19:04:38-debug: refresh db assets success
8-13-2026 19:04:38-debug: Run asset db hook engine-extends:afterRefresh ...
8-13-2026 19:04:38-debug: Run asset db hook engine-extends:afterRefresh success!
8-13-2026 19:04:38-debug: asset-db:worker-effect-data-processing (2ms)
8-13-2026 19:04:38-debug: asset-db:refresh-all-database (51ms)
8-13-2026 19:04:38-debug: asset-db-hook-engine-extends-afterRefresh (2ms)
8-13-2026 19:04:42-debug: refresh db internal success
8-13-2026 19:04:42-debug: refresh db assets success
8-13-2026 19:04:42-debug: Run asset db hook engine-extends:afterRefresh ...
8-13-2026 19:04:42-debug: Run asset db hook engine-extends:afterRefresh success!
8-13-2026 19:04:42-debug: asset-db:worker-effect-data-processing (1ms)
8-13-2026 19:04:42-debug: asset-db:refresh-all-database (49ms)
8-13-2026 19:04:42-debug: asset-db-hook-engine-extends-afterRefresh (1ms)
8-13-2026 19:06:32-debug: refresh db internal success
8-13-2026 19:06:32-debug: %cImport%c: D:\Works\Github\BattleGame\assets\scripts\GameManager.tsbackground: #aaff85; color: #000;color: #000;
8-13-2026 19:06:32-debug: refresh db assets success
8-13-2026 19:06:32-debug: Run asset db hook engine-extends:afterRefresh ...
8-13-2026 19:06:32-debug: Run asset db hook engine-extends:afterRefresh success!
8-13-2026 19:06:32-debug: asset-db:refresh-all-database (51ms)
8-13-2026 19:06:32-debug: asset-db:worker-effect-data-processing (1ms)
8-13-2026 19:06:32-debug: asset-db-hook-engine-extends-afterRefresh (1ms)
8-13-2026 19:06:36-debug: Query all assets info in project
8-13-2026 19:06:36-debug: init custom config: keepNodeUuid: false, useCache: true
8-13-2026 19:06:36-debug: Skip compress image, progress: 0%
8-13-2026 19:06:36-debug: Init all bundles start..., progress: 0%
8-13-2026 19:06:36-debug: // ---- build task Query asset bundle ----
8-13-2026 19:06:36-debug: Num of bundles: 2..., progress: 0%
8-13-2026 19:06:36-debug: Query asset bundle start, progress: 0%
8-13-2026 19:06:36-debug: Init bundle root assets start..., progress: 0%
8-13-2026 19:06:36-debug: Query preload assets/scripts from cc.config.json: 60f7195c-ec2a-45eb-ba94-8955f60e81d0,1c02ae6f-4492-4915-b8f8-7492a3b1e4cd,810e96e4-e456-4468-9b59-f4e8f39732c0,efe8e2a3-eace-427b-b4f1-cb8a937ec77d,e9aa9a3e-5b2b-4ac7-a2c7-073de2b2b24f,8bbdbcdd-5cd4-4100-b6d5-b7c9625b6107,50f4348b-c883-4e2f-8f11-ce233b859fa1,fda095cb-831d-4601-ad94-846013963de8,f92806d7-1768-443f-afe8-12bcde84d0f0,dd3a144d-ab7f-41f0-82b8-2e43a090d496,f0416e68-0200-4b77-a926-4f9d16e494da,511d2633-09a7-4bdd-ac42-f778032124b3,5d45aa00-e064-4938-b314-4265f0c2258c,9361fd90-ba52-4f84-aa93-6e878fd576ca,970b0598-bcb0-4714-91fb-2e81440dccd8,bcd64cc6-2dd9-43f6-abbe-66318d332032,d930590d-bb92-4cc8-8bd1-23cd027f9edf,a3cd009f-0ab0-420d-9278-b9fdab939bbc,6a2d0734-bd9e-4ddf-946e-caa52498cb75,d9937e59-61fe-4ec6-92ab-7ac5a19c89b0,d1346436-ac96-4271-b863-1f4fdead95b0,971bdb23-3ff6-43eb-b422-1c30165a3663,17debcc3-0a6b-4b8a-b00b-dc58b885581e,711ebe11-f673-4cd9-9a83-63c60ba54c5b,c0143906-9aed-447e-9436-2ae8512d1b6e,14da1725-c4c2-42b4-ab08-ee0aeb6898b3,081cab31-dccd-428e-8652-f2404cc81c47,78e0584a-4343-4727-8f37-e14e65c2a2db,871c3b6c-7379-419d-bda3-794b239ab90d,ff9b0199-ce04-4cfe-86cc-6c719f08d6e4,de1c2107-70c8-4021-8459-6399f24d01c6,cbf30902-517f-40dc-af90-a550bac27cf1,5c601d96-e4c7-4698-991b-7ee674b11079
8-13-2026 19:06:36-debug:   Number of all scripts: 41
8-13-2026 19:06:36-debug:   Number of other assets: 486
8-13-2026 19:06:36-debug: Init bundle root assets success..., progress: 0%
8-13-2026 19:06:36-debug:   Number of all scenes: 3
8-13-2026 19:06:36-debug: // ---- build task Query asset bundle ---- (4ms)
8-13-2026 19:06:36-log: run build task Query asset bundle success in 4 ms√, progress: 5%
8-13-2026 19:06:36-debug: [Build Memory track]: Query asset bundle start:242.39MB, end 243.10MB, increase: 729.73KB
8-13-2026 19:06:36-debug: Query asset bundle start, progress: 5%
8-13-2026 19:06:36-debug: // ---- build task Query asset bundle ----
8-13-2026 19:06:36-debug: // ---- build task Query asset bundle ---- (2ms)
8-13-2026 19:06:36-debug: [Build Memory track]: Query asset bundle start:243.13MB, end 241.77MB, increase: -1392.40KB
8-13-2026 19:06:36-debug: // ---- build task Sort some build options to settings.json ----
8-13-2026 19:06:36-debug: Sort some build options to settings.json start, progress: 10%
8-13-2026 19:06:36-log: run build task Query asset bundle success in 2 ms√, progress: 10%
8-13-2026 19:06:36-debug: // ---- build task Sort some build options to settings.json ---- (1ms)
8-13-2026 19:06:36-log: run build task Sort some build options to settings.json success in 1 ms√, progress: 12%
8-13-2026 19:06:36-debug: [Build Memory track]: Sort some build options to settings.json start:241.80MB, end 241.83MB, increase: 26.63KB
8-13-2026 19:06:36-debug: Fill script data to settings start, progress: 12%
8-13-2026 19:06:36-debug: // ---- build task Fill script data to settings ----
8-13-2026 19:06:36-debug: // ---- build task Fill script data to settings ---- (1ms)
8-13-2026 19:06:36-log: run build task Fill script data to settings success in 1 ms√, progress: 13%
8-13-2026 19:06:36-debug: [Build Memory track]: Fill script data to settings start:241.86MB, end 241.88MB, increase: 25.26KB
8-13-2026 19:06:36-debug: Sort some build options to settings.json start, progress: 13%
8-13-2026 19:06:36-debug: // ---- build task Sort some build options to settings.json ----
8-13-2026 19:06:36-debug: // ---- build task Sort some build options to settings.json ---- (4ms)
8-13-2026 19:06:36-debug: [Build Memory track]: Sort some build options to settings.json start:241.91MB, end 242.03MB, increase: 127.46KB
8-13-2026 19:06:36-log: run build task Sort some build options to settings.json success in 4 ms√, progress: 15%
8-13-2026 19:11:09-debug: refresh db internal success
8-13-2026 19:11:09-debug: refresh db assets success
8-13-2026 19:11:09-debug: Run asset db hook engine-extends:afterRefresh ...
8-13-2026 19:11:09-debug: Run asset db hook engine-extends:afterRefresh success!
8-13-2026 19:11:09-debug: asset-db:refresh-all-database (51ms)
8-13-2026 19:11:09-debug: asset-db-hook-engine-extends-afterRefresh (2ms)
8-13-2026 19:11:09-debug: asset-db:worker-effect-data-processing (2ms)
