8-14-2026 10:47:45-log: Cannot access game frame or container.
8-14-2026 10:47:45-debug: asset-db:require-engine-code (433ms)
8-14-2026 10:47:45-log: meshopt wasm decoder initialized
8-14-2026 10:47:45-log: [bullet]:bullet wasm lib loaded.
8-14-2026 10:47:45-log: [box2d]:box2d wasm lib loaded.
8-14-2026 10:47:45-log: Cocos Creator v3.8.8
8-14-2026 10:47:45-log: Using legacy pipeline
8-14-2026 10:47:45-debug: [Assets Memory track]: asset-db:worker-init: initEngine start:28.21MB, end 78.96MB, increase: 50.75MB
8-14-2026 10:47:45-log: Forward render pipeline initialized.
8-14-2026 10:47:47-debug: [Assets Memory track]: asset-db:worker-init: initPlugin start:79.00MB, end 340.74MB, increase: 261.74MB
8-14-2026 10:47:47-debug: run package(migu-mini-game) handler(enable) success!
8-14-2026 10:47:47-debug: run package(native) handler(enable) success!
8-14-2026 10:47:47-debug: run package(migu-mini-game) handler(enable) start
8-14-2026 10:47:47-debug: run package(ohos) handler(enable) success!
8-14-2026 10:47:47-debug: run package(native) handler(enable) start
8-14-2026 10:47:47-debug: run package(oppo-mini-game) handler(enable) start
8-14-2026 10:47:47-debug: run package(runtime-dev-tools) handler(enable) start
8-14-2026 10:47:47-debug: run package(runtime-dev-tools) handler(enable) success!
8-14-2026 10:47:47-debug: run package(ohos) handler(enable) start
8-14-2026 10:47:47-debug: run package(oppo-mini-game) handler(enable) success!
8-14-2026 10:47:47-debug: run package(vivo-mini-game) handler(enable) start
8-14-2026 10:47:47-debug: run package(vivo-mini-game) handler(enable) success!
8-14-2026 10:47:47-debug: run package(taobao-mini-game) handler(enable) success!
8-14-2026 10:47:47-debug: run package(web-desktop) handler(enable) start
8-14-2026 10:47:47-debug: run package(web-desktop) handler(enable) success!
8-14-2026 10:47:47-debug: run package(web-mobile) handler(enable) start
8-14-2026 10:47:47-debug: run package(web-mobile) handler(enable) success!
8-14-2026 10:47:47-debug: run package(taobao-mini-game) handler(enable) start
8-14-2026 10:47:47-debug: run package(wechatprogram) handler(enable) start
8-14-2026 10:47:47-debug: run package(wechatprogram) handler(enable) success!
8-14-2026 10:47:47-debug: run package(windows) handler(enable) start
8-14-2026 10:47:47-debug: run package(wechatgame) handler(enable) start
8-14-2026 10:47:47-debug: run package(wechatgame) handler(enable) success!
8-14-2026 10:47:47-debug: run package(xiaomi-quick-game) handler(enable) start
8-14-2026 10:47:47-debug: run package(cocos-service) handler(enable) start
8-14-2026 10:47:47-debug: run package(xiaomi-quick-game) handler(enable) success!
8-14-2026 10:47:47-debug: run package(cocos-service) handler(enable) success!
8-14-2026 10:47:47-debug: run package(im-plugin) handler(enable) success!
8-14-2026 10:47:47-debug: run package(windows) handler(enable) success!
8-14-2026 10:47:47-debug: run package(im-plugin) handler(enable) start
8-14-2026 10:47:47-debug: run package(placeholder) handler(enable) start
8-14-2026 10:47:47-debug: asset-db:worker-init: initPlugin (1240ms)
8-14-2026 10:47:47-debug: run package(placeholder) handler(enable) success!
8-14-2026 10:47:47-debug: [Assets Memory track]: asset-db:worker-init start:28.20MB, end 341.99MB, increase: 313.79MB
8-14-2026 10:47:47-debug: Run asset db hook programming:beforePreStart ...
8-14-2026 10:47:47-debug: Run asset db hook programming:beforePreStart success!
8-14-2026 10:47:47-debug: Run asset db hook engine-extends:beforePreStart success!
8-14-2026 10:47:47-debug: Run asset db hook engine-extends:beforePreStart ...
8-14-2026 10:47:49-debug: asset-db:worker-init (3634ms)
8-14-2026 10:47:49-debug: asset-db-hook-programming-beforePreStart (1792ms)
8-14-2026 10:47:49-debug: asset-db-hook-engine-extends-beforePreStart (1793ms)
8-14-2026 10:47:49-debug: Preimport db internal success
8-14-2026 10:47:49-debug: Preimport db assets success
8-14-2026 10:47:49-debug: Run asset db hook programming:afterPreStart ...
8-14-2026 10:47:49-debug: starting packer-driver...
8-14-2026 10:47:50-debug: initialize scripting environment...
8-14-2026 10:47:50-debug: [[Executor]] prepare before lock
8-14-2026 10:47:50-debug: Set detail map pack:///resolution-detail-map.json: {}
8-14-2026 10:47:50-debug: [[Executor]] prepare after unlock
8-14-2026 10:47:50-debug: Run asset db hook programming:afterPreStart success!
8-14-2026 10:47:50-debug: Run asset db hook engine-extends:afterPreStart ...
8-14-2026 10:47:50-debug: Run asset db hook engine-extends:afterPreStart success!
8-14-2026 10:47:50-debug: [Assets Memory track]: asset-db:worker-init: preStart start:342.00MB, end 348.19MB, increase: 6.18MB
8-14-2026 10:47:51-debug: asset-db:worker-effect-data-processing (878ms)
8-14-2026 10:47:50-debug: Start up the 'internal' database...
8-14-2026 10:47:51-debug: asset-db-hook-programming-afterPreStart (1400ms)
8-14-2026 10:47:51-debug: asset-db-hook-engine-extends-afterPreStart (878ms)
8-14-2026 10:47:51-debug: Run asset db hook engine-extends:afterStartDB ...
8-14-2026 10:47:51-debug: Run asset db hook engine-extends:afterStartDB success!
8-14-2026 10:47:51-debug: Start up the 'assets' database...
8-14-2026 10:47:51-debug: recompile effect.bin success
8-14-2026 10:47:51-debug: asset-db:worker-effect-data-processing (216ms)
8-14-2026 10:47:51-debug: asset-db-hook-engine-extends-afterStartDB (217ms)
8-14-2026 10:47:51-debug: Run asset db hook engine-extends:afterStartDB ...
8-14-2026 10:47:51-debug: recompile effect.bin success
8-14-2026 10:47:51-debug: Run asset db hook engine-extends:afterStartDB success!
8-14-2026 10:47:51-debug: lazy register asset handler directory
8-14-2026 10:47:51-debug: lazy register asset handler text
8-14-2026 10:47:51-debug: lazy register asset handler spine-data
8-14-2026 10:47:51-debug: lazy register asset handler json
8-14-2026 10:47:51-debug: lazy register asset handler dragonbones
8-14-2026 10:47:51-debug: lazy register asset handler *
8-14-2026 10:47:51-debug: lazy register asset handler terrain
8-14-2026 10:47:51-debug: lazy register asset handler typescript
8-14-2026 10:47:51-debug: lazy register asset handler dragonbones-atlas
8-14-2026 10:47:51-debug: lazy register asset handler scene
8-14-2026 10:47:51-debug: lazy register asset handler javascript
8-14-2026 10:47:51-debug: lazy register asset handler sprite-frame
8-14-2026 10:47:51-debug: lazy register asset handler tiled-map
8-14-2026 10:47:51-debug: lazy register asset handler prefab
8-14-2026 10:47:51-debug: lazy register asset handler sign-image
8-14-2026 10:47:51-debug: lazy register asset handler alpha-image
8-14-2026 10:47:51-debug: lazy register asset handler image
8-14-2026 10:47:51-debug: lazy register asset handler buffer
8-14-2026 10:47:51-debug: lazy register asset handler erp-texture-cube
8-14-2026 10:47:51-debug: lazy register asset handler texture
8-14-2026 10:47:51-debug: lazy register asset handler texture-cube
8-14-2026 10:47:51-debug: lazy register asset handler rt-sprite-frame
8-14-2026 10:47:51-debug: lazy register asset handler render-texture
8-14-2026 10:47:51-debug: lazy register asset handler texture-cube-face
8-14-2026 10:47:51-debug: lazy register asset handler gltf
8-14-2026 10:47:51-debug: lazy register asset handler gltf-mesh
8-14-2026 10:47:51-debug: lazy register asset handler gltf-material
8-14-2026 10:47:51-debug: lazy register asset handler gltf-animation
8-14-2026 10:47:51-debug: lazy register asset handler gltf-embeded-image
8-14-2026 10:47:51-debug: lazy register asset handler gltf-scene
8-14-2026 10:47:51-debug: lazy register asset handler gltf-skeleton
8-14-2026 10:47:51-debug: lazy register asset handler physics-material
8-14-2026 10:47:51-debug: lazy register asset handler material
8-14-2026 10:47:51-debug: lazy register asset handler effect-header
8-14-2026 10:47:51-debug: lazy register asset handler effect
8-14-2026 10:47:51-debug: lazy register asset handler audio-clip
8-14-2026 10:47:51-debug: lazy register asset handler fbx
8-14-2026 10:47:51-debug: lazy register asset handler animation-graph
8-14-2026 10:47:51-debug: lazy register asset handler animation-mask
8-14-2026 10:47:51-debug: lazy register asset handler animation-graph-variant
8-14-2026 10:47:51-debug: lazy register asset handler bitmap-font
8-14-2026 10:47:51-debug: lazy register asset handler animation-clip
8-14-2026 10:47:51-debug: lazy register asset handler ttf-font
8-14-2026 10:47:51-debug: lazy register asset handler particle
8-14-2026 10:47:51-debug: lazy register asset handler sprite-atlas
8-14-2026 10:47:51-debug: lazy register asset handler label-atlas
8-14-2026 10:47:51-debug: lazy register asset handler render-pipeline
8-14-2026 10:47:51-debug: lazy register asset handler auto-atlas
8-14-2026 10:47:51-debug: lazy register asset handler render-flow
8-14-2026 10:47:51-debug: lazy register asset handler instantiation-mesh
8-14-2026 10:47:51-debug: lazy register asset handler instantiation-skeleton
8-14-2026 10:47:51-debug: lazy register asset handler instantiation-material
8-14-2026 10:47:51-debug: lazy register asset handler instantiation-animation
8-14-2026 10:47:51-debug: lazy register asset handler render-stage
8-14-2026 10:47:51-debug: lazy register asset handler video-clip
8-14-2026 10:47:51-debug: asset-db:worker-effect-data-processing (217ms)
8-14-2026 10:47:51-debug: asset-db-hook-engine-extends-afterStartDB (217ms)
8-14-2026 10:47:51-debug: asset-db:start-database (4387ms)
8-14-2026 10:47:51-debug: asset-db:ready (8119ms)
8-14-2026 10:47:51-debug: init worker message success
8-14-2026 10:47:51-debug: programming:execute-script (-1ms)
8-14-2026 10:47:51-debug: [Build Memory track]: builder:worker-init start:220.54MB, end 228.87MB, increase: 8.33MB
8-14-2026 10:47:51-debug: builder:worker-init (211ms)
8-14-2026 10:47:55-debug: refresh db internal success
8-14-2026 10:47:55-debug: refresh db assets success
8-14-2026 10:47:55-debug: Run asset db hook engine-extends:afterRefresh ...
8-14-2026 10:47:55-debug: Run asset db hook engine-extends:afterRefresh success!
8-14-2026 10:47:55-debug: asset-db:refresh-all-database (48ms)
8-14-2026 10:47:55-debug: asset-db:worker-effect-data-processing (-3ms)
8-14-2026 10:47:55-debug: asset-db-hook-engine-extends-afterRefresh (-2ms)
8-14-2026 10:48:08-debug: refresh db internal success
8-14-2026 10:48:08-debug: refresh db assets success
8-14-2026 10:48:08-debug: Run asset db hook engine-extends:afterRefresh ...
8-14-2026 10:48:08-debug: Run asset db hook engine-extends:afterRefresh success!
8-14-2026 10:48:08-debug: asset-db:refresh-all-database (52ms)
8-14-2026 10:48:08-debug: asset-db:worker-effect-data-processing (-2ms)
8-14-2026 10:48:08-debug: asset-db-hook-engine-extends-afterRefresh (-1ms)
8-14-2026 10:48:10-debug: refresh db internal success
8-14-2026 10:48:10-debug: refresh db assets success
8-14-2026 10:48:10-debug: Run asset db hook engine-extends:afterRefresh success!
8-14-2026 10:48:10-debug: Run asset db hook engine-extends:afterRefresh ...
8-14-2026 10:48:10-debug: asset-db:refresh-all-database (41ms)
8-14-2026 10:48:10-debug: asset-db:worker-effect-data-processing (-4ms)
8-14-2026 10:48:10-debug: asset-db-hook-engine-extends-afterRefresh (-3ms)
8-14-2026 11:26:13-debug: refresh db internal success
8-14-2026 11:26:13-debug: %cImport%c: D:\Works\Github\BattleGame\assets\MainGame.scenebackground: #aaff85; color: #000;color: #000;
8-14-2026 11:26:13-debug: refresh db assets success
8-14-2026 11:26:13-debug: Run asset db hook engine-extends:afterRefresh ...
8-14-2026 11:26:13-debug: Run asset db hook engine-extends:afterRefresh success!
8-14-2026 11:26:13-debug: asset-db:refresh-all-database (86ms)
8-14-2026 11:26:19-debug: Query all assets info in project
8-14-2026 11:26:19-debug: init custom config: keepNodeUuid: false, useCache: true
8-14-2026 11:26:19-debug: Skip compress image, progress: 0%
8-14-2026 11:26:19-debug: Init all bundles start..., progress: 0%
8-14-2026 11:26:19-debug: Num of bundles: 2..., progress: 0%
8-14-2026 11:26:19-debug: // ---- build task Query asset bundle ----
8-14-2026 11:26:19-debug: Init bundle root assets start..., progress: 0%
8-14-2026 11:26:19-debug: Query asset bundle start, progress: 0%
8-14-2026 11:26:19-debug: Query preload assets/scripts from cc.config.json: 60f7195c-ec2a-45eb-ba94-8955f60e81d0,1c02ae6f-4492-4915-b8f8-7492a3b1e4cd,810e96e4-e456-4468-9b59-f4e8f39732c0,efe8e2a3-eace-427b-b4f1-cb8a937ec77d,e9aa9a3e-5b2b-4ac7-a2c7-073de2b2b24f,8bbdbcdd-5cd4-4100-b6d5-b7c9625b6107,50f4348b-c883-4e2f-8f11-ce233b859fa1,fda095cb-831d-4601-ad94-846013963de8,f92806d7-1768-443f-afe8-12bcde84d0f0,dd3a144d-ab7f-41f0-82b8-2e43a090d496,f0416e68-0200-4b77-a926-4f9d16e494da,511d2633-09a7-4bdd-ac42-f778032124b3,5d45aa00-e064-4938-b314-4265f0c2258c,9361fd90-ba52-4f84-aa93-6e878fd576ca,970b0598-bcb0-4714-91fb-2e81440dccd8,bcd64cc6-2dd9-43f6-abbe-66318d332032,d930590d-bb92-4cc8-8bd1-23cd027f9edf,a3cd009f-0ab0-420d-9278-b9fdab939bbc,6a2d0734-bd9e-4ddf-946e-caa52498cb75,d9937e59-61fe-4ec6-92ab-7ac5a19c89b0,d1346436-ac96-4271-b863-1f4fdead95b0,971bdb23-3ff6-43eb-b422-1c30165a3663,17debcc3-0a6b-4b8a-b00b-dc58b885581e,711ebe11-f673-4cd9-9a83-63c60ba54c5b,c0143906-9aed-447e-9436-2ae8512d1b6e,14da1725-c4c2-42b4-ab08-ee0aeb6898b3,081cab31-dccd-428e-8652-f2404cc81c47,78e0584a-4343-4727-8f37-e14e65c2a2db,871c3b6c-7379-419d-bda3-794b239ab90d,ff9b0199-ce04-4cfe-86cc-6c719f08d6e4,de1c2107-70c8-4021-8459-6399f24d01c6,cbf30902-517f-40dc-af90-a550bac27cf1,5c601d96-e4c7-4698-991b-7ee674b11079
8-14-2026 11:26:19-debug:   Number of other assets: 486
8-14-2026 11:26:19-debug: Init bundle root assets success..., progress: 0%
8-14-2026 11:26:19-debug:   Number of all scenes: 2
8-14-2026 11:26:19-debug:   Number of all scripts: 42
8-14-2026 11:26:19-debug: // ---- build task Query asset bundle ---- (5ms)
8-14-2026 11:26:19-log: run build task Query asset bundle success in 5 ms√, progress: 5%
8-14-2026 11:26:19-debug: // ---- build task Query asset bundle ----
8-14-2026 11:26:19-debug: [Build Memory track]: Query asset bundle start:223.75MB, end 223.74MB, increase: -13.25KB
8-14-2026 11:26:19-debug: Query asset bundle start, progress: 5%
8-14-2026 11:26:19-debug: // ---- build task Query asset bundle ---- (1ms)
8-14-2026 11:26:19-log: run build task Query asset bundle success in 1 ms√, progress: 10%
8-14-2026 11:26:19-debug: [Build Memory track]: Query asset bundle start:223.78MB, end 223.97MB, increase: 186.56KB
8-14-2026 11:26:19-debug: Sort some build options to settings.json start, progress: 10%
8-14-2026 11:26:19-debug: // ---- build task Sort some build options to settings.json ----
8-14-2026 11:26:19-log: run build task Sort some build options to settings.json success in √, progress: 12%
8-14-2026 11:26:19-debug: [Build Memory track]: Sort some build options to settings.json start:224.01MB, end 224.03MB, increase: 22.20KB
8-14-2026 11:26:19-debug: Fill script data to settings start, progress: 12%
8-14-2026 11:26:19-debug: // ---- build task Fill script data to settings ----
8-14-2026 11:26:19-log: run build task Fill script data to settings success in √, progress: 13%
8-14-2026 11:26:19-debug: [Build Memory track]: Fill script data to settings start:224.07MB, end 223.42MB, increase: -672.98KB
8-14-2026 11:26:19-debug: // ---- build task Sort some build options to settings.json ----
8-14-2026 11:26:19-debug: Sort some build options to settings.json start, progress: 13%
8-14-2026 11:26:19-debug: // ---- build task Sort some build options to settings.json ---- (2ms)
8-14-2026 11:26:19-log: run build task Sort some build options to settings.json success in 2 ms√, progress: 15%
8-14-2026 11:26:19-debug: [Build Memory track]: Sort some build options to settings.json start:223.46MB, end 223.61MB, increase: 159.99KB
8-14-2026 11:26:40-debug: Query all assets info in project
8-14-2026 11:26:40-debug: init custom config: keepNodeUuid: false, useCache: true
8-14-2026 11:26:40-debug: Skip compress image, progress: 0%
8-14-2026 11:26:40-debug: Init all bundles start..., progress: 0%
8-14-2026 11:26:40-debug: Query asset bundle start, progress: 0%
8-14-2026 11:26:40-debug: Num of bundles: 2..., progress: 0%
8-14-2026 11:26:40-debug: // ---- build task Query asset bundle ----
8-14-2026 11:26:40-debug: Init bundle root assets start..., progress: 0%
8-14-2026 11:26:40-debug: Query preload assets/scripts from cc.config.json: 60f7195c-ec2a-45eb-ba94-8955f60e81d0,1c02ae6f-4492-4915-b8f8-7492a3b1e4cd,810e96e4-e456-4468-9b59-f4e8f39732c0,efe8e2a3-eace-427b-b4f1-cb8a937ec77d,e9aa9a3e-5b2b-4ac7-a2c7-073de2b2b24f,8bbdbcdd-5cd4-4100-b6d5-b7c9625b6107,50f4348b-c883-4e2f-8f11-ce233b859fa1,fda095cb-831d-4601-ad94-846013963de8,f92806d7-1768-443f-afe8-12bcde84d0f0,dd3a144d-ab7f-41f0-82b8-2e43a090d496,f0416e68-0200-4b77-a926-4f9d16e494da,511d2633-09a7-4bdd-ac42-f778032124b3,5d45aa00-e064-4938-b314-4265f0c2258c,9361fd90-ba52-4f84-aa93-6e878fd576ca,970b0598-bcb0-4714-91fb-2e81440dccd8,bcd64cc6-2dd9-43f6-abbe-66318d332032,d930590d-bb92-4cc8-8bd1-23cd027f9edf,a3cd009f-0ab0-420d-9278-b9fdab939bbc,6a2d0734-bd9e-4ddf-946e-caa52498cb75,d9937e59-61fe-4ec6-92ab-7ac5a19c89b0,d1346436-ac96-4271-b863-1f4fdead95b0,971bdb23-3ff6-43eb-b422-1c30165a3663,17debcc3-0a6b-4b8a-b00b-dc58b885581e,711ebe11-f673-4cd9-9a83-63c60ba54c5b,c0143906-9aed-447e-9436-2ae8512d1b6e,14da1725-c4c2-42b4-ab08-ee0aeb6898b3,081cab31-dccd-428e-8652-f2404cc81c47,78e0584a-4343-4727-8f37-e14e65c2a2db,871c3b6c-7379-419d-bda3-794b239ab90d,ff9b0199-ce04-4cfe-86cc-6c719f08d6e4,de1c2107-70c8-4021-8459-6399f24d01c6,cbf30902-517f-40dc-af90-a550bac27cf1,5c601d96-e4c7-4698-991b-7ee674b11079
8-14-2026 11:26:40-debug:   Number of all scenes: 2
8-14-2026 11:26:40-debug: Init bundle root assets success..., progress: 0%
8-14-2026 11:26:40-debug:   Number of other assets: 486
8-14-2026 11:26:40-debug:   Number of all scripts: 42
8-14-2026 11:26:40-debug: // ---- build task Query asset bundle ---- (8ms)
8-14-2026 11:26:40-debug: Query asset bundle start, progress: 5%
8-14-2026 11:26:40-log: run build task Query asset bundle success in 8 ms√, progress: 5%
8-14-2026 11:26:40-debug: [Build Memory track]: Query asset bundle start:224.34MB, end 224.26MB, increase: -82.88KB
8-14-2026 11:26:40-debug: // ---- build task Query asset bundle ----
8-14-2026 11:26:40-debug: // ---- build task Query asset bundle ---- (4ms)
8-14-2026 11:26:40-log: run build task Query asset bundle success in 4 ms√, progress: 10%
8-14-2026 11:26:40-debug: Sort some build options to settings.json start, progress: 10%
8-14-2026 11:26:40-debug: [Build Memory track]: Query asset bundle start:224.30MB, end 223.74MB, increase: -573.78KB
8-14-2026 11:26:40-debug: // ---- build task Sort some build options to settings.json ----
8-14-2026 11:26:40-debug: // ---- build task Sort some build options to settings.json ---- (3ms)
8-14-2026 11:26:40-debug: [Build Memory track]: Sort some build options to settings.json start:223.79MB, end 223.82MB, increase: 33.57KB
8-14-2026 11:26:40-log: run build task Sort some build options to settings.json success in 3 ms√, progress: 12%
8-14-2026 11:26:40-debug: Fill script data to settings start, progress: 12%
8-14-2026 11:26:40-debug: // ---- build task Fill script data to settings ----
8-14-2026 11:26:40-debug: // ---- build task Fill script data to settings ---- (3ms)
8-14-2026 11:26:40-log: run build task Fill script data to settings success in 3 ms√, progress: 13%
8-14-2026 11:26:40-debug: [Build Memory track]: Fill script data to settings start:223.86MB, end 223.89MB, increase: 37.33KB
8-14-2026 11:26:40-debug: // ---- build task Sort some build options to settings.json ----
8-14-2026 11:26:40-debug: Sort some build options to settings.json start, progress: 13%
8-14-2026 11:26:40-debug: // ---- build task Sort some build options to settings.json ---- (5ms)
8-14-2026 11:26:40-debug: [Build Memory track]: Sort some build options to settings.json start:223.93MB, end 224.06MB, increase: 134.35KB
8-14-2026 11:26:40-log: run build task Sort some build options to settings.json success in 5 ms√, progress: 15%
8-14-2026 11:31:50-debug: refresh db internal success
8-14-2026 11:31:50-debug: refresh db assets success
8-14-2026 11:31:50-debug: Run asset db hook engine-extends:afterRefresh success!
8-14-2026 11:31:50-debug: Run asset db hook engine-extends:afterRefresh ...
8-14-2026 11:31:50-debug: asset-db:refresh-all-database (77ms)
8-14-2026 11:31:52-warn: Please set the application in {preferences} -> {program} -> {scriptEditor} to better open the script
8-14-2026 11:33:21-debug: refresh db internal success
8-14-2026 11:33:21-debug: refresh db assets success
8-14-2026 11:33:21-debug: Run asset db hook engine-extends:afterRefresh ...
8-14-2026 11:33:21-debug: Run asset db hook engine-extends:afterRefresh success!
8-14-2026 11:33:21-debug: asset-db:refresh-all-database (45ms)
8-14-2026 11:40:15-debug: refresh db internal success
8-14-2026 11:40:15-debug: refresh db assets success
8-14-2026 11:40:15-debug: Run asset db hook engine-extends:afterRefresh ...
8-14-2026 11:40:15-debug: Run asset db hook engine-extends:afterRefresh success!
8-14-2026 11:40:15-debug: asset-db:refresh-all-database (72ms)
8-14-2026 11:40:15-debug: asset-db:worker-effect-data-processing (1ms)
8-14-2026 11:40:15-debug: asset-db-hook-engine-extends-afterRefresh (1ms)
8-14-2026 11:40:25-debug: refresh db internal success
8-14-2026 11:40:25-debug: refresh db assets success
8-14-2026 11:40:25-debug: Run asset db hook engine-extends:afterRefresh ...
8-14-2026 11:40:25-debug: Run asset db hook engine-extends:afterRefresh success!
8-14-2026 11:40:25-debug: asset-db:refresh-all-database (62ms)
8-14-2026 11:40:25-debug: asset-db:worker-effect-data-processing (2ms)
8-14-2026 11:40:25-debug: asset-db-hook-engine-extends-afterRefresh (2ms)
8-14-2026 11:45:30-debug: refresh db internal success
8-14-2026 11:45:30-debug: refresh db assets success
8-14-2026 11:45:30-debug: Run asset db hook engine-extends:afterRefresh ...
8-14-2026 11:45:30-debug: Run asset db hook engine-extends:afterRefresh success!
8-14-2026 11:45:30-debug: asset-db:refresh-all-database (83ms)
8-14-2026 11:54:26-debug: Query all assets info in project
8-14-2026 11:54:26-debug: init custom config: keepNodeUuid: false, useCache: true
8-14-2026 11:54:26-debug: Skip compress image, progress: 0%
8-14-2026 11:54:26-debug: Init all bundles start..., progress: 0%
8-14-2026 11:54:26-debug: // ---- build task Query asset bundle ----
8-14-2026 11:54:26-debug: Init bundle root assets start..., progress: 0%
8-14-2026 11:54:26-debug: Num of bundles: 2..., progress: 0%
8-14-2026 11:54:26-debug: Query asset bundle start, progress: 0%
8-14-2026 11:54:26-debug: Query preload assets/scripts from cc.config.json: 60f7195c-ec2a-45eb-ba94-8955f60e81d0,1c02ae6f-4492-4915-b8f8-7492a3b1e4cd,810e96e4-e456-4468-9b59-f4e8f39732c0,efe8e2a3-eace-427b-b4f1-cb8a937ec77d,e9aa9a3e-5b2b-4ac7-a2c7-073de2b2b24f,8bbdbcdd-5cd4-4100-b6d5-b7c9625b6107,50f4348b-c883-4e2f-8f11-ce233b859fa1,fda095cb-831d-4601-ad94-846013963de8,f92806d7-1768-443f-afe8-12bcde84d0f0,dd3a144d-ab7f-41f0-82b8-2e43a090d496,f0416e68-0200-4b77-a926-4f9d16e494da,511d2633-09a7-4bdd-ac42-f778032124b3,5d45aa00-e064-4938-b314-4265f0c2258c,9361fd90-ba52-4f84-aa93-6e878fd576ca,970b0598-bcb0-4714-91fb-2e81440dccd8,bcd64cc6-2dd9-43f6-abbe-66318d332032,d930590d-bb92-4cc8-8bd1-23cd027f9edf,a3cd009f-0ab0-420d-9278-b9fdab939bbc,6a2d0734-bd9e-4ddf-946e-caa52498cb75,d9937e59-61fe-4ec6-92ab-7ac5a19c89b0,d1346436-ac96-4271-b863-1f4fdead95b0,971bdb23-3ff6-43eb-b422-1c30165a3663,17debcc3-0a6b-4b8a-b00b-dc58b885581e,711ebe11-f673-4cd9-9a83-63c60ba54c5b,c0143906-9aed-447e-9436-2ae8512d1b6e,14da1725-c4c2-42b4-ab08-ee0aeb6898b3,081cab31-dccd-428e-8652-f2404cc81c47,78e0584a-4343-4727-8f37-e14e65c2a2db,871c3b6c-7379-419d-bda3-794b239ab90d,ff9b0199-ce04-4cfe-86cc-6c719f08d6e4,de1c2107-70c8-4021-8459-6399f24d01c6,cbf30902-517f-40dc-af90-a550bac27cf1,5c601d96-e4c7-4698-991b-7ee674b11079
8-14-2026 11:54:26-debug:   Number of all scenes: 2
8-14-2026 11:54:26-debug:   Number of all scripts: 42
8-14-2026 11:54:26-debug: Init bundle root assets success..., progress: 0%
8-14-2026 11:54:26-debug:   Number of other assets: 486
8-14-2026 11:54:26-debug: // ---- build task Query asset bundle ---- (7ms)
8-14-2026 11:54:26-debug: [Build Memory track]: Query asset bundle start:231.00MB, end 230.93MB, increase: -77.31KB
8-14-2026 11:54:26-log: run build task Query asset bundle success in 7 ms√, progress: 5%
8-14-2026 11:54:26-debug: Query asset bundle start, progress: 5%
8-14-2026 11:54:26-debug: // ---- build task Query asset bundle ----
8-14-2026 11:54:26-log: run build task Query asset bundle success in 4 ms√, progress: 10%
8-14-2026 11:54:26-debug: [Build Memory track]: Query asset bundle start:230.96MB, end 230.37MB, increase: -607.75KB
8-14-2026 11:54:26-debug: Sort some build options to settings.json start, progress: 10%
8-14-2026 11:54:26-debug: // ---- build task Sort some build options to settings.json ----
8-14-2026 11:54:26-debug: // ---- build task Query asset bundle ---- (4ms)
8-14-2026 11:54:26-debug: // ---- build task Sort some build options to settings.json ---- (1ms)
8-14-2026 11:54:26-log: run build task Sort some build options to settings.json success in 1 ms√, progress: 12%
8-14-2026 11:54:26-debug: [Build Memory track]: Sort some build options to settings.json start:230.41MB, end 230.44MB, increase: 33.53KB
8-14-2026 11:54:26-debug: // ---- build task Fill script data to settings ----
8-14-2026 11:54:26-debug: Fill script data to settings start, progress: 12%
8-14-2026 11:54:26-debug: // ---- build task Fill script data to settings ---- (1ms)
8-14-2026 11:54:26-log: run build task Fill script data to settings success in 1 ms√, progress: 13%
8-14-2026 11:54:26-debug: [Build Memory track]: Fill script data to settings start:230.48MB, end 230.52MB, increase: 35.68KB
8-14-2026 11:54:26-debug: Sort some build options to settings.json start, progress: 13%
8-14-2026 11:54:26-debug: // ---- build task Sort some build options to settings.json ----
8-14-2026 11:54:26-debug: // ---- build task Sort some build options to settings.json ---- (6ms)
8-14-2026 11:54:26-log: run build task Sort some build options to settings.json success in 6 ms√, progress: 15%
8-14-2026 11:54:26-debug: [Build Memory track]: Sort some build options to settings.json start:230.56MB, end 230.69MB, increase: 138.41KB
8-14-2026 13:29:51-debug: refresh db internal success
8-14-2026 13:29:51-debug: %cImport%c: D:\Works\Github\BattleGame\assets\scripts\BattleArmyBrain.tsbackground: #aaff85; color: #000;color: #000;
8-14-2026 13:29:51-debug: %cImport%c: D:\Works\Github\BattleGame\assets\scripts\GameManager.tsbackground: #aaff85; color: #000;color: #000;
8-14-2026 13:29:51-debug: %cImport%c: D:\Works\Github\BattleGame\assets\scripts\LevelSettings.tsbackground: #aaff85; color: #000;color: #000;
8-14-2026 13:29:51-debug: %cImport%c: D:\Works\Github\BattleGame\assets\scripts\SmartArmyBrain.tsbackground: #aaff85; color: #000;color: #000;
8-14-2026 13:29:51-debug: %cImport%c: D:\Works\Github\BattleGame\assets\scripts\UnitSpawner.tsbackground: #aaff85; color: #000;color: #000;
8-14-2026 13:29:51-debug: refresh db assets success
8-14-2026 13:29:51-debug: Run asset db hook engine-extends:afterRefresh ...
8-14-2026 13:29:51-debug: Run asset db hook engine-extends:afterRefresh success!
8-14-2026 13:29:51-debug: asset-db:refresh-all-database (80ms)
8-14-2026 13:29:51-debug: asset-db:worker-effect-data-processing (2ms)
8-14-2026 13:29:51-debug: asset-db-hook-engine-extends-afterRefresh (2ms)
8-14-2026 13:29:55-debug: Query all assets info in project
8-14-2026 13:29:55-debug: init custom config: keepNodeUuid: false, useCache: true
8-14-2026 13:29:55-debug: Skip compress image, progress: 0%
8-14-2026 13:29:55-debug: Init all bundles start..., progress: 0%
8-14-2026 13:29:55-debug: Num of bundles: 2..., progress: 0%
8-14-2026 13:29:55-debug: Query asset bundle start, progress: 0%
8-14-2026 13:29:55-debug: // ---- build task Query asset bundle ----
8-14-2026 13:29:55-debug: Init bundle root assets start..., progress: 0%
8-14-2026 13:29:55-debug: Query preload assets/scripts from cc.config.json: 60f7195c-ec2a-45eb-ba94-8955f60e81d0,1c02ae6f-4492-4915-b8f8-7492a3b1e4cd,810e96e4-e456-4468-9b59-f4e8f39732c0,efe8e2a3-eace-427b-b4f1-cb8a937ec77d,e9aa9a3e-5b2b-4ac7-a2c7-073de2b2b24f,8bbdbcdd-5cd4-4100-b6d5-b7c9625b6107,50f4348b-c883-4e2f-8f11-ce233b859fa1,fda095cb-831d-4601-ad94-846013963de8,f92806d7-1768-443f-afe8-12bcde84d0f0,dd3a144d-ab7f-41f0-82b8-2e43a090d496,f0416e68-0200-4b77-a926-4f9d16e494da,511d2633-09a7-4bdd-ac42-f778032124b3,5d45aa00-e064-4938-b314-4265f0c2258c,9361fd90-ba52-4f84-aa93-6e878fd576ca,970b0598-bcb0-4714-91fb-2e81440dccd8,bcd64cc6-2dd9-43f6-abbe-66318d332032,d930590d-bb92-4cc8-8bd1-23cd027f9edf,a3cd009f-0ab0-420d-9278-b9fdab939bbc,6a2d0734-bd9e-4ddf-946e-caa52498cb75,d9937e59-61fe-4ec6-92ab-7ac5a19c89b0,d1346436-ac96-4271-b863-1f4fdead95b0,971bdb23-3ff6-43eb-b422-1c30165a3663,17debcc3-0a6b-4b8a-b00b-dc58b885581e,711ebe11-f673-4cd9-9a83-63c60ba54c5b,c0143906-9aed-447e-9436-2ae8512d1b6e,14da1725-c4c2-42b4-ab08-ee0aeb6898b3,081cab31-dccd-428e-8652-f2404cc81c47,78e0584a-4343-4727-8f37-e14e65c2a2db,871c3b6c-7379-419d-bda3-794b239ab90d,ff9b0199-ce04-4cfe-86cc-6c719f08d6e4,de1c2107-70c8-4021-8459-6399f24d01c6,cbf30902-517f-40dc-af90-a550bac27cf1,5c601d96-e4c7-4698-991b-7ee674b11079
8-14-2026 13:29:55-debug:   Number of all scripts: 42
8-14-2026 13:29:55-debug:   Number of other assets: 486
8-14-2026 13:29:55-debug: Init bundle root assets success..., progress: 0%
8-14-2026 13:29:55-debug:   Number of all scenes: 2
8-14-2026 13:29:55-debug: // ---- build task Query asset bundle ---- (7ms)
8-14-2026 13:29:55-log: run build task Query asset bundle success in 7 ms√, progress: 5%
8-14-2026 13:29:55-debug: [Build Memory track]: Query asset bundle start:232.81MB, end 232.15MB, increase: -669.34KB
8-14-2026 13:29:55-debug: // ---- build task Query asset bundle ----
8-14-2026 13:29:55-debug: Query asset bundle start, progress: 5%
8-14-2026 13:29:55-debug: // ---- build task Query asset bundle ---- (6ms)
8-14-2026 13:29:55-log: run build task Query asset bundle success in 6 ms√, progress: 10%
8-14-2026 13:29:55-debug: [Build Memory track]: Query asset bundle start:231.72MB, end 231.87MB, increase: 146.93KB
8-14-2026 13:29:55-debug: Sort some build options to settings.json start, progress: 10%
8-14-2026 13:29:55-debug: // ---- build task Sort some build options to settings.json ----
8-14-2026 13:29:55-debug: // ---- build task Sort some build options to settings.json ---- (2ms)
8-14-2026 13:29:55-log: run build task Sort some build options to settings.json success in 2 ms√, progress: 12%
8-14-2026 13:29:55-debug: [Build Memory track]: Sort some build options to settings.json start:231.90MB, end 231.94MB, increase: 33.51KB
8-14-2026 13:29:55-debug: // ---- build task Fill script data to settings ----
8-14-2026 13:29:55-debug: Fill script data to settings start, progress: 12%
8-14-2026 13:29:55-debug: // ---- build task Fill script data to settings ---- (1ms)
8-14-2026 13:29:55-log: run build task Fill script data to settings success in 1 ms√, progress: 13%
8-14-2026 13:29:55-debug: [Build Memory track]: Fill script data to settings start:231.98MB, end 232.01MB, increase: 33.05KB
8-14-2026 13:29:55-debug: // ---- build task Sort some build options to settings.json ----
8-14-2026 13:29:55-debug: Sort some build options to settings.json start, progress: 13%
8-14-2026 13:29:55-debug: // ---- build task Sort some build options to settings.json ---- (4ms)
8-14-2026 13:29:55-log: run build task Sort some build options to settings.json success in 4 ms√, progress: 15%
8-14-2026 13:29:55-debug: [Build Memory track]: Sort some build options to settings.json start:232.05MB, end 232.19MB, increase: 143.66KB
8-14-2026 13:30:11-debug: Query all assets info in project
8-14-2026 13:30:11-debug: init custom config: keepNodeUuid: false, useCache: true
8-14-2026 13:30:11-debug: Skip compress image, progress: 0%
8-14-2026 13:30:11-debug: Init all bundles start..., progress: 0%
8-14-2026 13:30:11-debug: Num of bundles: 2..., progress: 0%
8-14-2026 13:30:11-debug: Query asset bundle start, progress: 0%
8-14-2026 13:30:11-debug: Init bundle root assets start..., progress: 0%
8-14-2026 13:30:11-debug: // ---- build task Query asset bundle ----
8-14-2026 13:30:11-debug: Query preload assets/scripts from cc.config.json: 60f7195c-ec2a-45eb-ba94-8955f60e81d0,1c02ae6f-4492-4915-b8f8-7492a3b1e4cd,810e96e4-e456-4468-9b59-f4e8f39732c0,efe8e2a3-eace-427b-b4f1-cb8a937ec77d,e9aa9a3e-5b2b-4ac7-a2c7-073de2b2b24f,8bbdbcdd-5cd4-4100-b6d5-b7c9625b6107,50f4348b-c883-4e2f-8f11-ce233b859fa1,fda095cb-831d-4601-ad94-846013963de8,f92806d7-1768-443f-afe8-12bcde84d0f0,dd3a144d-ab7f-41f0-82b8-2e43a090d496,f0416e68-0200-4b77-a926-4f9d16e494da,511d2633-09a7-4bdd-ac42-f778032124b3,5d45aa00-e064-4938-b314-4265f0c2258c,9361fd90-ba52-4f84-aa93-6e878fd576ca,970b0598-bcb0-4714-91fb-2e81440dccd8,bcd64cc6-2dd9-43f6-abbe-66318d332032,d930590d-bb92-4cc8-8bd1-23cd027f9edf,a3cd009f-0ab0-420d-9278-b9fdab939bbc,6a2d0734-bd9e-4ddf-946e-caa52498cb75,d9937e59-61fe-4ec6-92ab-7ac5a19c89b0,d1346436-ac96-4271-b863-1f4fdead95b0,971bdb23-3ff6-43eb-b422-1c30165a3663,17debcc3-0a6b-4b8a-b00b-dc58b885581e,711ebe11-f673-4cd9-9a83-63c60ba54c5b,c0143906-9aed-447e-9436-2ae8512d1b6e,14da1725-c4c2-42b4-ab08-ee0aeb6898b3,081cab31-dccd-428e-8652-f2404cc81c47,78e0584a-4343-4727-8f37-e14e65c2a2db,871c3b6c-7379-419d-bda3-794b239ab90d,ff9b0199-ce04-4cfe-86cc-6c719f08d6e4,de1c2107-70c8-4021-8459-6399f24d01c6,cbf30902-517f-40dc-af90-a550bac27cf1,5c601d96-e4c7-4698-991b-7ee674b11079
8-14-2026 13:30:11-debug:   Number of other assets: 486
8-14-2026 13:30:11-debug:   Number of all scripts: 42
8-14-2026 13:30:11-debug: Init bundle root assets success..., progress: 0%
8-14-2026 13:30:11-debug:   Number of all scenes: 2
8-14-2026 13:30:11-debug: // ---- build task Query asset bundle ---- (4ms)
8-14-2026 13:30:11-log: run build task Query asset bundle success in 4 ms√, progress: 5%
8-14-2026 13:30:11-debug: [Build Memory track]: Query asset bundle start:232.72MB, end 231.77MB, increase: -972.95KB
8-14-2026 13:30:11-debug: // ---- build task Query asset bundle ----
8-14-2026 13:30:11-debug: Query asset bundle start, progress: 5%
8-14-2026 13:30:11-debug: // ---- build task Query asset bundle ---- (3ms)
8-14-2026 13:30:11-debug: [Build Memory track]: Query asset bundle start:231.81MB, end 231.95MB, increase: 147.95KB
8-14-2026 13:30:11-debug: Sort some build options to settings.json start, progress: 10%
8-14-2026 13:30:11-log: run build task Query asset bundle success in 3 ms√, progress: 10%
8-14-2026 13:30:11-debug: // ---- build task Sort some build options to settings.json ----
8-14-2026 13:30:11-debug: // ---- build task Sort some build options to settings.json ---- (1ms)
8-14-2026 13:30:11-log: run build task Sort some build options to settings.json success in 1 ms√, progress: 12%
8-14-2026 13:30:11-debug: [Build Memory track]: Sort some build options to settings.json start:231.99MB, end 232.03MB, increase: 41.74KB
8-14-2026 13:30:11-debug: Fill script data to settings start, progress: 12%
8-14-2026 13:30:11-debug: // ---- build task Fill script data to settings ----
8-14-2026 13:30:11-debug: // ---- build task Fill script data to settings ---- (1ms)
8-14-2026 13:30:11-log: run build task Fill script data to settings success in 1 ms√, progress: 13%
8-14-2026 13:30:11-debug: [Build Memory track]: Fill script data to settings start:232.07MB, end 232.35MB, increase: 288.39KB
8-14-2026 13:30:11-debug: Sort some build options to settings.json start, progress: 13%
8-14-2026 13:30:11-debug: // ---- build task Sort some build options to settings.json ----
8-14-2026 13:30:11-debug: // ---- build task Sort some build options to settings.json ---- (4ms)
8-14-2026 13:30:11-log: run build task Sort some build options to settings.json success in 4 ms√, progress: 15%
8-14-2026 13:30:11-debug: [Build Memory track]: Sort some build options to settings.json start:232.39MB, end 232.53MB, increase: 142.36KB
8-14-2026 13:30:35-debug: Query all assets info in project
8-14-2026 13:30:35-debug: init custom config: keepNodeUuid: false, useCache: true
8-14-2026 13:30:35-debug: Skip compress image, progress: 0%
8-14-2026 13:30:35-debug: Init all bundles start..., progress: 0%
8-14-2026 13:30:35-debug: Num of bundles: 2..., progress: 0%
8-14-2026 13:30:35-debug: Query asset bundle start, progress: 0%
8-14-2026 13:30:35-debug: Init bundle root assets start..., progress: 0%
8-14-2026 13:30:35-debug: // ---- build task Query asset bundle ----
8-14-2026 13:30:35-debug:   Number of all scenes: 2
8-14-2026 13:30:35-debug:   Number of all scripts: 42
8-14-2026 13:30:35-debug: Query preload assets/scripts from cc.config.json: 60f7195c-ec2a-45eb-ba94-8955f60e81d0,1c02ae6f-4492-4915-b8f8-7492a3b1e4cd,810e96e4-e456-4468-9b59-f4e8f39732c0,efe8e2a3-eace-427b-b4f1-cb8a937ec77d,e9aa9a3e-5b2b-4ac7-a2c7-073de2b2b24f,8bbdbcdd-5cd4-4100-b6d5-b7c9625b6107,50f4348b-c883-4e2f-8f11-ce233b859fa1,fda095cb-831d-4601-ad94-846013963de8,f92806d7-1768-443f-afe8-12bcde84d0f0,dd3a144d-ab7f-41f0-82b8-2e43a090d496,f0416e68-0200-4b77-a926-4f9d16e494da,511d2633-09a7-4bdd-ac42-f778032124b3,5d45aa00-e064-4938-b314-4265f0c2258c,9361fd90-ba52-4f84-aa93-6e878fd576ca,970b0598-bcb0-4714-91fb-2e81440dccd8,bcd64cc6-2dd9-43f6-abbe-66318d332032,d930590d-bb92-4cc8-8bd1-23cd027f9edf,a3cd009f-0ab0-420d-9278-b9fdab939bbc,6a2d0734-bd9e-4ddf-946e-caa52498cb75,d9937e59-61fe-4ec6-92ab-7ac5a19c89b0,d1346436-ac96-4271-b863-1f4fdead95b0,971bdb23-3ff6-43eb-b422-1c30165a3663,17debcc3-0a6b-4b8a-b00b-dc58b885581e,711ebe11-f673-4cd9-9a83-63c60ba54c5b,c0143906-9aed-447e-9436-2ae8512d1b6e,14da1725-c4c2-42b4-ab08-ee0aeb6898b3,081cab31-dccd-428e-8652-f2404cc81c47,78e0584a-4343-4727-8f37-e14e65c2a2db,871c3b6c-7379-419d-bda3-794b239ab90d,ff9b0199-ce04-4cfe-86cc-6c719f08d6e4,de1c2107-70c8-4021-8459-6399f24d01c6,cbf30902-517f-40dc-af90-a550bac27cf1,5c601d96-e4c7-4698-991b-7ee674b11079
8-14-2026 13:30:35-debug: Init bundle root assets success..., progress: 0%
8-14-2026 13:30:35-debug:   Number of other assets: 486
8-14-2026 13:30:35-debug: // ---- build task Query asset bundle ---- (5ms)
8-14-2026 13:30:35-debug: [Build Memory track]: Query asset bundle start:232.06MB, end 231.92MB, increase: -146.62KB
8-14-2026 13:30:35-log: run build task Query asset bundle success in 5 ms√, progress: 5%
8-14-2026 13:30:35-debug: Query asset bundle start, progress: 5%
8-14-2026 13:30:35-debug: // ---- build task Query asset bundle ----
8-14-2026 13:30:35-debug: // ---- build task Query asset bundle ---- (3ms)
8-14-2026 13:30:35-log: run build task Query asset bundle success in 3 ms√, progress: 10%
8-14-2026 13:30:35-debug: Sort some build options to settings.json start, progress: 10%
8-14-2026 13:30:35-debug: [Build Memory track]: Query asset bundle start:231.94MB, end 232.08MB, increase: 141.00KB
8-14-2026 13:30:35-debug: // ---- build task Sort some build options to settings.json ----
8-14-2026 13:30:35-debug: // ---- build task Sort some build options to settings.json ---- (1ms)
8-14-2026 13:30:35-log: run build task Sort some build options to settings.json success in 1 ms√, progress: 12%
8-14-2026 13:30:35-debug: [Build Memory track]: Sort some build options to settings.json start:232.63MB, end 232.14MB, increase: -501.07KB
8-14-2026 13:30:35-debug: // ---- build task Fill script data to settings ----
8-14-2026 13:30:35-debug: Fill script data to settings start, progress: 12%
8-14-2026 13:30:35-debug: // ---- build task Fill script data to settings ---- (1ms)
8-14-2026 13:30:35-log: run build task Fill script data to settings success in 1 ms√, progress: 13%
8-14-2026 13:30:35-debug: [Build Memory track]: Fill script data to settings start:232.18MB, end 232.20MB, increase: 26.11KB
8-14-2026 13:30:35-debug: Sort some build options to settings.json start, progress: 13%
8-14-2026 13:30:35-debug: // ---- build task Sort some build options to settings.json ----
8-14-2026 13:30:35-debug: // ---- build task Sort some build options to settings.json ---- (3ms)
8-14-2026 13:30:35-log: run build task Sort some build options to settings.json success in 3 ms√, progress: 15%
8-14-2026 13:30:35-debug: [Build Memory track]: Sort some build options to settings.json start:232.23MB, end 232.35MB, increase: 126.73KB
8-14-2026 13:32:13-debug: refresh db internal success
8-14-2026 13:32:13-debug: refresh db assets success
8-14-2026 13:32:13-debug: Run asset db hook engine-extends:afterRefresh ...
8-14-2026 13:32:13-debug: Run asset db hook engine-extends:afterRefresh success!
8-14-2026 13:32:13-debug: asset-db:refresh-all-database (54ms)
8-14-2026 13:32:13-debug: asset-db:worker-effect-data-processing (1ms)
8-14-2026 13:32:13-debug: asset-db-hook-engine-extends-afterRefresh (1ms)
8-14-2026 13:33:19-debug: refresh db internal success
8-14-2026 13:33:19-debug: refresh db assets success
8-14-2026 13:33:19-debug: Run asset db hook engine-extends:afterRefresh ...
8-14-2026 13:33:19-debug: Run asset db hook engine-extends:afterRefresh success!
8-14-2026 13:33:19-debug: asset-db:refresh-all-database (64ms)
8-14-2026 13:33:19-debug: asset-db:worker-effect-data-processing (1ms)
8-14-2026 13:33:19-debug: asset-db-hook-engine-extends-afterRefresh (1ms)
8-14-2026 13:33:35-debug: programming:execute-script (2ms)
8-14-2026 13:33:37-debug: start remove asset D:\Works\Github\BattleGame\assets\MainGame.scene...
8-14-2026 13:33:37-debug: refresh db internal success
8-14-2026 13:33:37-debug: %cDestroy%c: D:\Works\Github\BattleGame\assets\MainGame.scenebackground: #ffb8b8; color: #000;color: #000;
8-14-2026 13:33:37-debug: refresh db assets success
8-14-2026 13:33:37-debug: Run asset db hook engine-extends:afterRefresh ...
8-14-2026 13:33:37-debug: Run asset db hook engine-extends:afterRefresh success!
8-14-2026 13:33:37-debug: asset-db:refresh-all-database (51ms)
8-14-2026 13:33:37-debug: asset-db:worker-effect-data-processing (1ms)
8-14-2026 13:33:37-debug: asset-db-hook-engine-extends-afterRefresh (1ms)
8-14-2026 13:33:37-debug: start refresh asset from D:\Works\Github\BattleGame\assets\MainGame.scene...
8-14-2026 13:33:37-debug: refresh asset D:\Works\Github\BattleGame\assets success
8-14-2026 13:33:37-debug: remove asset D:\Works\Github\BattleGame\assets\MainGame.scene success
8-14-2026 13:42:10-debug: refresh db internal success
8-14-2026 13:42:10-debug: refresh db assets success
8-14-2026 13:42:10-debug: Run asset db hook engine-extends:afterRefresh ...
8-14-2026 13:42:10-debug: Run asset db hook engine-extends:afterRefresh success!
8-14-2026 13:42:10-debug: asset-db:refresh-all-database (50ms)
8-14-2026 13:42:10-debug: asset-db:worker-effect-data-processing (1ms)
8-14-2026 13:42:10-debug: asset-db-hook-engine-extends-afterRefresh (1ms)
8-14-2026 13:42:13-debug: refresh db internal success
8-14-2026 13:42:13-debug: refresh db assets success
8-14-2026 13:42:13-debug: Run asset db hook engine-extends:afterRefresh ...
8-14-2026 13:42:13-debug: Run asset db hook engine-extends:afterRefresh success!
8-14-2026 13:42:13-debug: asset-db:refresh-all-database (51ms)
8-14-2026 13:45:25-debug: refresh db internal success
8-14-2026 13:45:25-debug: %cImport%c: D:\Works\Github\BattleGame\assets\scripts\BattleArmyBrain.tsbackground: #aaff85; color: #000;color: #000;
8-14-2026 13:45:25-debug: %cImport%c: D:\Works\Github\BattleGame\assets\scripts\GameManager.tsbackground: #aaff85; color: #000;color: #000;
8-14-2026 13:45:25-debug: %cImport%c: D:\Works\Github\BattleGame\assets\scripts\PlayerArmyController.tsbackground: #aaff85; color: #000;color: #000;
8-14-2026 13:45:25-debug: %cImport%c: D:\Works\Github\BattleGame\assets\scripts\SmartArmyBrain.tsbackground: #aaff85; color: #000;color: #000;
8-14-2026 13:45:25-debug: refresh db assets success
8-14-2026 13:45:25-debug: Run asset db hook engine-extends:afterRefresh ...
8-14-2026 13:45:25-debug: Run asset db hook engine-extends:afterRefresh success!
8-14-2026 13:45:25-debug: asset-db:refresh-all-database (48ms)
8-14-2026 13:45:27-debug: refresh db internal success
8-14-2026 13:45:27-debug: refresh db assets success
8-14-2026 13:45:27-debug: Run asset db hook engine-extends:afterRefresh ...
8-14-2026 13:45:27-debug: Run asset db hook engine-extends:afterRefresh success!
8-14-2026 13:45:27-debug: asset-db:refresh-all-database (47ms)
8-14-2026 13:45:27-debug: asset-db-hook-engine-extends-afterRefresh (1ms)
8-14-2026 13:45:27-debug: asset-db:worker-effect-data-processing (1ms)
8-14-2026 13:45:28-debug: Query all assets info in project
8-14-2026 13:45:28-debug: init custom config: keepNodeUuid: false, useCache: true
8-14-2026 13:45:28-debug: Skip compress image, progress: 0%
8-14-2026 13:45:28-debug: Init all bundles start..., progress: 0%
8-14-2026 13:45:28-debug: // ---- build task Query asset bundle ----
8-14-2026 13:45:28-debug: Init bundle root assets start..., progress: 0%
8-14-2026 13:45:28-debug: Num of bundles: 2..., progress: 0%
8-14-2026 13:45:28-debug: Query asset bundle start, progress: 0%
8-14-2026 13:45:28-debug: Query preload assets/scripts from cc.config.json: 60f7195c-ec2a-45eb-ba94-8955f60e81d0,1c02ae6f-4492-4915-b8f8-7492a3b1e4cd,810e96e4-e456-4468-9b59-f4e8f39732c0,efe8e2a3-eace-427b-b4f1-cb8a937ec77d,e9aa9a3e-5b2b-4ac7-a2c7-073de2b2b24f,8bbdbcdd-5cd4-4100-b6d5-b7c9625b6107,50f4348b-c883-4e2f-8f11-ce233b859fa1,fda095cb-831d-4601-ad94-846013963de8,f92806d7-1768-443f-afe8-12bcde84d0f0,dd3a144d-ab7f-41f0-82b8-2e43a090d496,f0416e68-0200-4b77-a926-4f9d16e494da,511d2633-09a7-4bdd-ac42-f778032124b3,5d45aa00-e064-4938-b314-4265f0c2258c,9361fd90-ba52-4f84-aa93-6e878fd576ca,970b0598-bcb0-4714-91fb-2e81440dccd8,bcd64cc6-2dd9-43f6-abbe-66318d332032,d930590d-bb92-4cc8-8bd1-23cd027f9edf,a3cd009f-0ab0-420d-9278-b9fdab939bbc,6a2d0734-bd9e-4ddf-946e-caa52498cb75,d9937e59-61fe-4ec6-92ab-7ac5a19c89b0,d1346436-ac96-4271-b863-1f4fdead95b0,971bdb23-3ff6-43eb-b422-1c30165a3663,17debcc3-0a6b-4b8a-b00b-dc58b885581e,711ebe11-f673-4cd9-9a83-63c60ba54c5b,c0143906-9aed-447e-9436-2ae8512d1b6e,14da1725-c4c2-42b4-ab08-ee0aeb6898b3,081cab31-dccd-428e-8652-f2404cc81c47,78e0584a-4343-4727-8f37-e14e65c2a2db,871c3b6c-7379-419d-bda3-794b239ab90d,ff9b0199-ce04-4cfe-86cc-6c719f08d6e4,de1c2107-70c8-4021-8459-6399f24d01c6,cbf30902-517f-40dc-af90-a550bac27cf1,5c601d96-e4c7-4698-991b-7ee674b11079
8-14-2026 13:45:28-debug:   Number of other assets: 486
8-14-2026 13:45:28-debug:   Number of all scripts: 42
8-14-2026 13:45:28-debug: Init bundle root assets success..., progress: 0%
8-14-2026 13:45:28-debug:   Number of all scenes: 1
8-14-2026 13:45:28-debug: // ---- build task Query asset bundle ---- (6ms)
8-14-2026 13:45:28-log: run build task Query asset bundle success in 6 ms√, progress: 5%
8-14-2026 13:45:28-debug: [Build Memory track]: Query asset bundle start:239.35MB, end 240.06MB, increase: 724.06KB
8-14-2026 13:45:28-debug: Query asset bundle start, progress: 5%
8-14-2026 13:45:28-debug: // ---- build task Query asset bundle ----
8-14-2026 13:45:28-debug: // ---- build task Query asset bundle ---- (6ms)
8-14-2026 13:45:28-log: run build task Query asset bundle success in 6 ms√, progress: 10%
8-14-2026 13:45:28-debug: [Build Memory track]: Query asset bundle start:240.09MB, end 238.61MB, increase: -1515.15KB
8-14-2026 13:45:28-debug: Sort some build options to settings.json start, progress: 10%
8-14-2026 13:45:28-debug: // ---- build task Sort some build options to settings.json ----
8-14-2026 13:45:28-debug: // ---- build task Sort some build options to settings.json ---- (1ms)
8-14-2026 13:45:28-log: run build task Sort some build options to settings.json success in 1 ms√, progress: 12%
8-14-2026 13:45:28-debug: [Build Memory track]: Sort some build options to settings.json start:238.64MB, end 238.66MB, increase: 26.45KB
8-14-2026 13:45:28-debug: Fill script data to settings start, progress: 12%
8-14-2026 13:45:28-debug: // ---- build task Fill script data to settings ----
8-14-2026 13:45:28-log: run build task Fill script data to settings success in √, progress: 13%
8-14-2026 13:45:28-debug: [Build Memory track]: Fill script data to settings start:238.69MB, end 238.71MB, increase: 16.73KB
8-14-2026 13:45:28-debug: Sort some build options to settings.json start, progress: 13%
8-14-2026 13:45:28-debug: // ---- build task Sort some build options to settings.json ----
8-14-2026 13:45:28-debug: // ---- build task Sort some build options to settings.json ---- (4ms)
8-14-2026 13:45:28-log: run build task Sort some build options to settings.json success in 4 ms√, progress: 15%
8-14-2026 13:45:28-debug: [Build Memory track]: Sort some build options to settings.json start:238.75MB, end 238.87MB, increase: 125.36KB
8-14-2026 13:45:29-debug: refresh db internal success
8-14-2026 13:45:29-debug: refresh db assets success
8-14-2026 13:45:29-debug: Run asset db hook engine-extends:afterRefresh ...
8-14-2026 13:45:29-debug: Run asset db hook engine-extends:afterRefresh success!
8-14-2026 13:45:29-debug: asset-db:refresh-all-database (54ms)
8-14-2026 13:45:29-debug: asset-db:worker-effect-data-processing (1ms)
8-14-2026 13:45:29-debug: asset-db-hook-engine-extends-afterRefresh (1ms)
8-14-2026 13:45:33-debug: refresh db internal success
8-14-2026 13:45:33-debug: %cImport%c: D:\Works\Github\BattleGame\assets\scripts\GameManager.tsbackground: #aaff85; color: #000;color: #000;
8-14-2026 13:45:33-debug: %cImport%c: D:\Works\Github\BattleGame\assets\scripts\Unit.tsbackground: #aaff85; color: #000;color: #000;
8-14-2026 13:45:33-debug: refresh db assets success
8-14-2026 13:45:33-debug: Run asset db hook engine-extends:afterRefresh ...
8-14-2026 13:45:33-debug: Run asset db hook engine-extends:afterRefresh success!
8-14-2026 13:45:33-debug: asset-db:refresh-all-database (46ms)
8-14-2026 13:45:33-debug: asset-db:worker-effect-data-processing (1ms)
8-14-2026 13:45:33-debug: asset-db-hook-engine-extends-afterRefresh (1ms)
8-14-2026 13:45:36-debug: Query all assets info in project
8-14-2026 13:45:36-debug: init custom config: keepNodeUuid: false, useCache: true
8-14-2026 13:45:36-debug: Skip compress image, progress: 0%
8-14-2026 13:45:36-debug: Init all bundles start..., progress: 0%
8-14-2026 13:45:36-debug: Num of bundles: 2..., progress: 0%
8-14-2026 13:45:36-debug: Query asset bundle start, progress: 0%
8-14-2026 13:45:36-debug: // ---- build task Query asset bundle ----
8-14-2026 13:45:36-debug: Init bundle root assets start..., progress: 0%
8-14-2026 13:45:36-debug: Query preload assets/scripts from cc.config.json: 60f7195c-ec2a-45eb-ba94-8955f60e81d0,1c02ae6f-4492-4915-b8f8-7492a3b1e4cd,810e96e4-e456-4468-9b59-f4e8f39732c0,efe8e2a3-eace-427b-b4f1-cb8a937ec77d,e9aa9a3e-5b2b-4ac7-a2c7-073de2b2b24f,8bbdbcdd-5cd4-4100-b6d5-b7c9625b6107,50f4348b-c883-4e2f-8f11-ce233b859fa1,fda095cb-831d-4601-ad94-846013963de8,f92806d7-1768-443f-afe8-12bcde84d0f0,dd3a144d-ab7f-41f0-82b8-2e43a090d496,f0416e68-0200-4b77-a926-4f9d16e494da,511d2633-09a7-4bdd-ac42-f778032124b3,5d45aa00-e064-4938-b314-4265f0c2258c,9361fd90-ba52-4f84-aa93-6e878fd576ca,970b0598-bcb0-4714-91fb-2e81440dccd8,bcd64cc6-2dd9-43f6-abbe-66318d332032,d930590d-bb92-4cc8-8bd1-23cd027f9edf,a3cd009f-0ab0-420d-9278-b9fdab939bbc,6a2d0734-bd9e-4ddf-946e-caa52498cb75,d9937e59-61fe-4ec6-92ab-7ac5a19c89b0,d1346436-ac96-4271-b863-1f4fdead95b0,971bdb23-3ff6-43eb-b422-1c30165a3663,17debcc3-0a6b-4b8a-b00b-dc58b885581e,711ebe11-f673-4cd9-9a83-63c60ba54c5b,c0143906-9aed-447e-9436-2ae8512d1b6e,14da1725-c4c2-42b4-ab08-ee0aeb6898b3,081cab31-dccd-428e-8652-f2404cc81c47,78e0584a-4343-4727-8f37-e14e65c2a2db,871c3b6c-7379-419d-bda3-794b239ab90d,ff9b0199-ce04-4cfe-86cc-6c719f08d6e4,de1c2107-70c8-4021-8459-6399f24d01c6,cbf30902-517f-40dc-af90-a550bac27cf1,5c601d96-e4c7-4698-991b-7ee674b11079
8-14-2026 13:45:36-debug:   Number of all scenes: 1
8-14-2026 13:45:36-debug:   Number of all scripts: 42
8-14-2026 13:45:36-debug: Init bundle root assets success..., progress: 0%
8-14-2026 13:45:36-debug:   Number of other assets: 486
8-14-2026 13:45:36-debug: // ---- build task Query asset bundle ---- (6ms)
8-14-2026 13:45:36-log: run build task Query asset bundle success in 6 ms√, progress: 5%
8-14-2026 13:45:36-debug: [Build Memory track]: Query asset bundle start:241.42MB, end 242.13MB, increase: 720.16KB
8-14-2026 13:45:36-debug: // ---- build task Query asset bundle ----
8-14-2026 13:45:36-debug: Query asset bundle start, progress: 5%
8-14-2026 13:45:36-log: run build task Query asset bundle success in 5 ms√, progress: 10%
8-14-2026 13:45:36-debug: [Build Memory track]: Query asset bundle start:242.15MB, end 242.29MB, increase: 139.62KB
8-14-2026 13:45:36-debug: // ---- build task Sort some build options to settings.json ----
8-14-2026 13:45:36-debug: Sort some build options to settings.json start, progress: 10%
8-14-2026 13:45:36-debug: // ---- build task Query asset bundle ---- (5ms)
8-14-2026 13:45:36-log: run build task Sort some build options to settings.json success in √, progress: 12%
8-14-2026 13:45:36-debug: [Build Memory track]: Sort some build options to settings.json start:242.32MB, end 242.34MB, increase: 17.25KB
8-14-2026 13:45:36-debug: // ---- build task Fill script data to settings ----
8-14-2026 13:45:36-debug: Fill script data to settings start, progress: 12%
8-14-2026 13:45:36-debug: // ---- build task Fill script data to settings ---- (1ms)
8-14-2026 13:45:36-debug: [Build Memory track]: Fill script data to settings start:242.36MB, end 242.39MB, increase: 25.23KB
8-14-2026 13:45:36-debug: // ---- build task Sort some build options to settings.json ----
8-14-2026 13:45:36-log: run build task Fill script data to settings success in 1 ms√, progress: 13%
8-14-2026 13:45:36-debug: Sort some build options to settings.json start, progress: 13%
8-14-2026 13:45:36-debug: // ---- build task Sort some build options to settings.json ---- (4ms)
8-14-2026 13:45:36-log: run build task Sort some build options to settings.json success in 4 ms√, progress: 15%
8-14-2026 13:45:36-debug: [Build Memory track]: Sort some build options to settings.json start:242.42MB, end 239.40MB, increase: -3089.61KB
8-14-2026 13:46:59-debug: refresh db internal success
8-14-2026 13:46:59-debug: %cImport%c: D:\Works\Github\BattleGame\assets\scripts\Unit.tsbackground: #aaff85; color: #000;color: #000;
8-14-2026 13:46:59-debug: refresh db assets success
8-14-2026 13:46:59-debug: Run asset db hook engine-extends:afterRefresh ...
8-14-2026 13:46:59-debug: Run asset db hook engine-extends:afterRefresh success!
8-14-2026 13:46:59-debug: asset-db:refresh-all-database (53ms)
8-14-2026 13:46:59-debug: asset-db:worker-effect-data-processing (1ms)
8-14-2026 13:46:59-debug: asset-db-hook-engine-extends-afterRefresh (1ms)
8-14-2026 13:47:01-debug: Query all assets info in project
8-14-2026 13:47:01-debug: init custom config: keepNodeUuid: false, useCache: true
8-14-2026 13:47:01-debug: Skip compress image, progress: 0%
8-14-2026 13:47:01-debug: Init all bundles start..., progress: 0%
8-14-2026 13:47:01-debug: Num of bundles: 2..., progress: 0%
8-14-2026 13:47:01-debug: Query asset bundle start, progress: 0%
8-14-2026 13:47:01-debug: // ---- build task Query asset bundle ----
8-14-2026 13:47:01-debug: Init bundle root assets start..., progress: 0%
8-14-2026 13:47:01-debug: Query preload assets/scripts from cc.config.json: 60f7195c-ec2a-45eb-ba94-8955f60e81d0,1c02ae6f-4492-4915-b8f8-7492a3b1e4cd,810e96e4-e456-4468-9b59-f4e8f39732c0,efe8e2a3-eace-427b-b4f1-cb8a937ec77d,e9aa9a3e-5b2b-4ac7-a2c7-073de2b2b24f,8bbdbcdd-5cd4-4100-b6d5-b7c9625b6107,50f4348b-c883-4e2f-8f11-ce233b859fa1,fda095cb-831d-4601-ad94-846013963de8,f92806d7-1768-443f-afe8-12bcde84d0f0,dd3a144d-ab7f-41f0-82b8-2e43a090d496,f0416e68-0200-4b77-a926-4f9d16e494da,511d2633-09a7-4bdd-ac42-f778032124b3,5d45aa00-e064-4938-b314-4265f0c2258c,9361fd90-ba52-4f84-aa93-6e878fd576ca,970b0598-bcb0-4714-91fb-2e81440dccd8,bcd64cc6-2dd9-43f6-abbe-66318d332032,d930590d-bb92-4cc8-8bd1-23cd027f9edf,a3cd009f-0ab0-420d-9278-b9fdab939bbc,6a2d0734-bd9e-4ddf-946e-caa52498cb75,d9937e59-61fe-4ec6-92ab-7ac5a19c89b0,d1346436-ac96-4271-b863-1f4fdead95b0,971bdb23-3ff6-43eb-b422-1c30165a3663,17debcc3-0a6b-4b8a-b00b-dc58b885581e,711ebe11-f673-4cd9-9a83-63c60ba54c5b,c0143906-9aed-447e-9436-2ae8512d1b6e,14da1725-c4c2-42b4-ab08-ee0aeb6898b3,081cab31-dccd-428e-8652-f2404cc81c47,78e0584a-4343-4727-8f37-e14e65c2a2db,871c3b6c-7379-419d-bda3-794b239ab90d,ff9b0199-ce04-4cfe-86cc-6c719f08d6e4,de1c2107-70c8-4021-8459-6399f24d01c6,cbf30902-517f-40dc-af90-a550bac27cf1,5c601d96-e4c7-4698-991b-7ee674b11079
8-14-2026 13:47:01-debug:   Number of all scenes: 1
8-14-2026 13:47:01-debug:   Number of all scripts: 42
8-14-2026 13:47:01-debug: Init bundle root assets success..., progress: 0%
8-14-2026 13:47:01-debug:   Number of other assets: 486
8-14-2026 13:47:01-log: run build task Query asset bundle success in 5 ms√, progress: 5%
8-14-2026 13:47:01-debug: [Build Memory track]: Query asset bundle start:240.04MB, end 239.96MB, increase: -87.27KB
8-14-2026 13:47:01-debug: Query asset bundle start, progress: 5%
8-14-2026 13:47:01-debug: // ---- build task Query asset bundle ----
8-14-2026 13:47:01-debug: // ---- build task Query asset bundle ---- (5ms)
8-14-2026 13:47:01-debug: // ---- build task Query asset bundle ---- (5ms)
8-14-2026 13:47:01-debug: [Build Memory track]: Query asset bundle start:239.99MB, end 240.13MB, increase: 147.50KB
8-14-2026 13:47:01-log: run build task Query asset bundle success in 5 ms√, progress: 10%
8-14-2026 13:47:01-debug: // ---- build task Sort some build options to settings.json ----
8-14-2026 13:47:01-debug: Sort some build options to settings.json start, progress: 10%
8-14-2026 13:47:01-log: run build task Sort some build options to settings.json success in √, progress: 12%
8-14-2026 13:47:01-debug: [Build Memory track]: Sort some build options to settings.json start:240.16MB, end 240.18MB, increase: 16.45KB
8-14-2026 13:47:01-debug: // ---- build task Fill script data to settings ----
8-14-2026 13:47:01-debug: Fill script data to settings start, progress: 12%
8-14-2026 13:47:01-debug: // ---- build task Fill script data to settings ---- (1ms)
8-14-2026 13:47:01-log: run build task Fill script data to settings success in 1 ms√, progress: 13%
8-14-2026 13:47:01-debug: [Build Memory track]: Fill script data to settings start:240.20MB, end 240.23MB, increase: 25.84KB
8-14-2026 13:47:01-debug: // ---- build task Sort some build options to settings.json ----
8-14-2026 13:47:01-debug: Sort some build options to settings.json start, progress: 13%
8-14-2026 13:47:01-debug: // ---- build task Sort some build options to settings.json ---- (4ms)
8-14-2026 13:47:01-log: run build task Sort some build options to settings.json success in 4 ms√, progress: 15%
8-14-2026 13:47:01-debug: [Build Memory track]: Sort some build options to settings.json start:240.26MB, end 240.39MB, increase: 137.45KB
8-14-2026 13:47:04-debug: %cImport%c: D:\Works\Github\BattleGame\assets\Battle.scenebackground: #aaff85; color: #000;color: #000;
8-14-2026 13:47:04-debug: asset-db:reimport-asset1effe86e-a401-4769-9dbc-62218c68834d (14ms)
8-14-2026 13:47:04-debug: Query all assets info in project
8-14-2026 13:47:04-debug: init custom config: keepNodeUuid: false, useCache: true
8-14-2026 13:47:04-debug: Skip compress image, progress: 0%
8-14-2026 13:47:04-debug: Init all bundles start..., progress: 0%
8-14-2026 13:47:04-debug: Num of bundles: 2..., progress: 0%
8-14-2026 13:47:04-debug: Query asset bundle start, progress: 0%
8-14-2026 13:47:04-debug: // ---- build task Query asset bundle ----
8-14-2026 13:47:04-debug: Init bundle root assets start..., progress: 0%
8-14-2026 13:47:04-debug: Query preload assets/scripts from cc.config.json: 60f7195c-ec2a-45eb-ba94-8955f60e81d0,1c02ae6f-4492-4915-b8f8-7492a3b1e4cd,810e96e4-e456-4468-9b59-f4e8f39732c0,efe8e2a3-eace-427b-b4f1-cb8a937ec77d,e9aa9a3e-5b2b-4ac7-a2c7-073de2b2b24f,8bbdbcdd-5cd4-4100-b6d5-b7c9625b6107,50f4348b-c883-4e2f-8f11-ce233b859fa1,fda095cb-831d-4601-ad94-846013963de8,f92806d7-1768-443f-afe8-12bcde84d0f0,dd3a144d-ab7f-41f0-82b8-2e43a090d496,f0416e68-0200-4b77-a926-4f9d16e494da,511d2633-09a7-4bdd-ac42-f778032124b3,5d45aa00-e064-4938-b314-4265f0c2258c,9361fd90-ba52-4f84-aa93-6e878fd576ca,970b0598-bcb0-4714-91fb-2e81440dccd8,bcd64cc6-2dd9-43f6-abbe-66318d332032,d930590d-bb92-4cc8-8bd1-23cd027f9edf,a3cd009f-0ab0-420d-9278-b9fdab939bbc,6a2d0734-bd9e-4ddf-946e-caa52498cb75,d9937e59-61fe-4ec6-92ab-7ac5a19c89b0,d1346436-ac96-4271-b863-1f4fdead95b0,971bdb23-3ff6-43eb-b422-1c30165a3663,17debcc3-0a6b-4b8a-b00b-dc58b885581e,711ebe11-f673-4cd9-9a83-63c60ba54c5b,c0143906-9aed-447e-9436-2ae8512d1b6e,14da1725-c4c2-42b4-ab08-ee0aeb6898b3,081cab31-dccd-428e-8652-f2404cc81c47,78e0584a-4343-4727-8f37-e14e65c2a2db,871c3b6c-7379-419d-bda3-794b239ab90d,ff9b0199-ce04-4cfe-86cc-6c719f08d6e4,de1c2107-70c8-4021-8459-6399f24d01c6,cbf30902-517f-40dc-af90-a550bac27cf1,5c601d96-e4c7-4698-991b-7ee674b11079
8-14-2026 13:47:04-debug:   Number of all scripts: 42
8-14-2026 13:47:04-debug:   Number of other assets: 486
8-14-2026 13:47:04-debug: Init bundle root assets success..., progress: 0%
8-14-2026 13:47:04-debug:   Number of all scenes: 1
8-14-2026 13:47:04-debug: // ---- build task Query asset bundle ---- (6ms)
8-14-2026 13:47:04-log: run build task Query asset bundle success in 6 ms√, progress: 5%
8-14-2026 13:47:04-debug: [Build Memory track]: Query asset bundle start:240.66MB, end 240.45MB, increase: -215.54KB
8-14-2026 13:47:04-debug: Query asset bundle start, progress: 5%
8-14-2026 13:47:04-debug: // ---- build task Query asset bundle ----
8-14-2026 13:47:04-log: run build task Query asset bundle success in 4 ms√, progress: 10%
8-14-2026 13:47:04-debug: // ---- build task Query asset bundle ---- (4ms)
8-14-2026 13:47:04-debug: [Build Memory track]: Query asset bundle start:240.48MB, end 240.65MB, increase: 170.99KB
8-14-2026 13:47:04-debug: // ---- build task Sort some build options to settings.json ----
8-14-2026 13:47:04-debug: Sort some build options to settings.json start, progress: 10%
8-14-2026 13:47:04-debug: // ---- build task Sort some build options to settings.json ---- (2ms)
8-14-2026 13:47:04-debug: Fill script data to settings start, progress: 12%
8-14-2026 13:47:04-log: run build task Sort some build options to settings.json success in 2 ms√, progress: 12%
8-14-2026 13:47:04-debug: [Build Memory track]: Sort some build options to settings.json start:240.68MB, end 240.70MB, increase: 26.67KB
8-14-2026 13:47:04-debug: // ---- build task Fill script data to settings ----
8-14-2026 13:47:04-log: run build task Fill script data to settings success in √, progress: 13%
8-14-2026 13:47:04-debug: [Build Memory track]: Fill script data to settings start:240.73MB, end 240.75MB, increase: 16.83KB
8-14-2026 13:47:04-debug: // ---- build task Sort some build options to settings.json ----
8-14-2026 13:47:04-debug: Sort some build options to settings.json start, progress: 13%
8-14-2026 13:47:04-debug: // ---- build task Sort some build options to settings.json ---- (4ms)
8-14-2026 13:47:04-log: run build task Sort some build options to settings.json success in 4 ms√, progress: 15%
8-14-2026 13:47:04-debug: [Build Memory track]: Sort some build options to settings.json start:240.78MB, end 240.91MB, increase: 132.75KB
8-14-2026 14:22:31-debug: refresh db internal success
8-14-2026 14:22:31-debug: refresh db assets success
8-14-2026 14:22:31-debug: Run asset db hook engine-extends:afterRefresh ...
8-14-2026 14:22:31-debug: Run asset db hook engine-extends:afterRefresh success!
8-14-2026 14:22:31-debug: asset-db:refresh-all-database (51ms)
8-14-2026 14:22:31-debug: asset-db:worker-effect-data-processing (1ms)
8-14-2026 14:22:31-debug: asset-db-hook-engine-extends-afterRefresh (1ms)
8-14-2026 14:24:16-debug: refresh db internal success
8-14-2026 14:24:16-debug: refresh db assets success
8-14-2026 14:24:16-debug: Run asset db hook engine-extends:afterRefresh ...
8-14-2026 14:24:16-debug: Run asset db hook engine-extends:afterRefresh success!
8-14-2026 14:24:16-debug: asset-db:refresh-all-database (52ms)
8-14-2026 14:24:16-debug: asset-db:worker-effect-data-processing (1ms)
8-14-2026 14:24:16-debug: asset-db-hook-engine-extends-afterRefresh (1ms)
8-14-2026 14:29:49-debug: refresh db internal success
8-14-2026 14:29:49-debug: refresh db assets success
8-14-2026 14:29:49-debug: Run asset db hook engine-extends:afterRefresh ...
8-14-2026 14:29:49-debug: Run asset db hook engine-extends:afterRefresh success!
8-14-2026 14:29:49-debug: asset-db:refresh-all-database (71ms)
8-14-2026 14:29:49-debug: asset-db:worker-effect-data-processing (1ms)
8-14-2026 14:29:49-debug: asset-db-hook-engine-extends-afterRefresh (1ms)
8-14-2026 14:33:21-debug: refresh db internal success
8-14-2026 14:33:21-debug: refresh db assets success
8-14-2026 14:33:21-debug: Run asset db hook engine-extends:afterRefresh success!
8-14-2026 14:33:21-debug: Run asset db hook engine-extends:afterRefresh ...
8-14-2026 14:33:21-debug: asset-db:refresh-all-database (52ms)
8-14-2026 14:33:25-debug: refresh db internal success
8-14-2026 14:33:25-debug: refresh db assets success
8-14-2026 14:33:25-debug: Run asset db hook engine-extends:afterRefresh success!
8-14-2026 14:33:25-debug: Run asset db hook engine-extends:afterRefresh ...
8-14-2026 14:33:25-debug: asset-db:refresh-all-database (43ms)
8-14-2026 14:33:25-debug: asset-db-hook-engine-extends-afterRefresh (1ms)
8-14-2026 14:33:25-debug: asset-db:worker-effect-data-processing (1ms)
8-14-2026 16:03:16-debug: refresh db internal success
8-14-2026 16:03:16-debug: %cImport%c: D:\Works\Github\BattleGame\assets\scripts\LevelSettings.tsbackground: #aaff85; color: #000;color: #000;
8-14-2026 16:03:16-debug: refresh db assets success
8-14-2026 16:03:16-debug: Run asset db hook engine-extends:afterRefresh success!
8-14-2026 16:03:16-debug: Run asset db hook engine-extends:afterRefresh ...
8-14-2026 16:03:16-debug: asset-db:refresh-all-database (54ms)
8-14-2026 16:03:16-debug: asset-db:worker-effect-data-processing (1ms)
8-14-2026 16:03:16-debug: asset-db-hook-engine-extends-afterRefresh (2ms)
8-14-2026 16:03:18-debug: Query all assets info in project
8-14-2026 16:03:18-debug: init custom config: keepNodeUuid: false, useCache: true
8-14-2026 16:03:18-debug: Skip compress image, progress: 0%
8-14-2026 16:03:18-debug: Init all bundles start..., progress: 0%
8-14-2026 16:03:18-debug: // ---- build task Query asset bundle ----
8-14-2026 16:03:18-debug: Init bundle root assets start..., progress: 0%
8-14-2026 16:03:18-debug: Num of bundles: 2..., progress: 0%
8-14-2026 16:03:18-debug: Query asset bundle start, progress: 0%
8-14-2026 16:03:18-debug: Query preload assets/scripts from cc.config.json: 60f7195c-ec2a-45eb-ba94-8955f60e81d0,1c02ae6f-4492-4915-b8f8-7492a3b1e4cd,810e96e4-e456-4468-9b59-f4e8f39732c0,efe8e2a3-eace-427b-b4f1-cb8a937ec77d,e9aa9a3e-5b2b-4ac7-a2c7-073de2b2b24f,8bbdbcdd-5cd4-4100-b6d5-b7c9625b6107,50f4348b-c883-4e2f-8f11-ce233b859fa1,fda095cb-831d-4601-ad94-846013963de8,f92806d7-1768-443f-afe8-12bcde84d0f0,dd3a144d-ab7f-41f0-82b8-2e43a090d496,f0416e68-0200-4b77-a926-4f9d16e494da,511d2633-09a7-4bdd-ac42-f778032124b3,5d45aa00-e064-4938-b314-4265f0c2258c,9361fd90-ba52-4f84-aa93-6e878fd576ca,970b0598-bcb0-4714-91fb-2e81440dccd8,bcd64cc6-2dd9-43f6-abbe-66318d332032,d930590d-bb92-4cc8-8bd1-23cd027f9edf,a3cd009f-0ab0-420d-9278-b9fdab939bbc,6a2d0734-bd9e-4ddf-946e-caa52498cb75,d9937e59-61fe-4ec6-92ab-7ac5a19c89b0,d1346436-ac96-4271-b863-1f4fdead95b0,971bdb23-3ff6-43eb-b422-1c30165a3663,17debcc3-0a6b-4b8a-b00b-dc58b885581e,711ebe11-f673-4cd9-9a83-63c60ba54c5b,c0143906-9aed-447e-9436-2ae8512d1b6e,14da1725-c4c2-42b4-ab08-ee0aeb6898b3,081cab31-dccd-428e-8652-f2404cc81c47,78e0584a-4343-4727-8f37-e14e65c2a2db,871c3b6c-7379-419d-bda3-794b239ab90d,ff9b0199-ce04-4cfe-86cc-6c719f08d6e4,de1c2107-70c8-4021-8459-6399f24d01c6,cbf30902-517f-40dc-af90-a550bac27cf1,5c601d96-e4c7-4698-991b-7ee674b11079
8-14-2026 16:03:18-debug:   Number of all scripts: 42
8-14-2026 16:03:18-debug:   Number of other assets: 486
8-14-2026 16:03:18-debug: Init bundle root assets success..., progress: 0%
8-14-2026 16:03:18-debug:   Number of all scenes: 1
8-14-2026 16:03:18-debug: // ---- build task Query asset bundle ---- (6ms)
8-14-2026 16:03:18-log: run build task Query asset bundle success in 6 ms√, progress: 5%
8-14-2026 16:03:18-debug: [Build Memory track]: Query asset bundle start:226.42MB, end 226.44MB, increase: 14.02KB
8-14-2026 16:03:18-debug: Query asset bundle start, progress: 5%
8-14-2026 16:03:18-debug: // ---- build task Query asset bundle ----
8-14-2026 16:03:18-debug: // ---- build task Query asset bundle ---- (3ms)
8-14-2026 16:03:18-log: run build task Query asset bundle success in 3 ms√, progress: 10%
8-14-2026 16:03:18-debug: [Build Memory track]: Query asset bundle start:226.47MB, end 225.91MB, increase: -574.70KB
8-14-2026 16:03:18-debug: // ---- build task Sort some build options to settings.json ----
8-14-2026 16:03:18-debug: Sort some build options to settings.json start, progress: 10%
8-14-2026 16:03:18-debug: // ---- build task Sort some build options to settings.json ---- (1ms)
8-14-2026 16:03:18-log: run build task Sort some build options to settings.json success in 1 ms√, progress: 12%
8-14-2026 16:03:18-debug: [Build Memory track]: Sort some build options to settings.json start:225.93MB, end 225.96MB, increase: 30.61KB
8-14-2026 16:03:18-debug: Fill script data to settings start, progress: 12%
8-14-2026 16:03:18-debug: // ---- build task Fill script data to settings ----
8-14-2026 16:03:18-log: run build task Fill script data to settings success in √, progress: 13%
8-14-2026 16:03:18-debug: [Build Memory track]: Fill script data to settings start:225.99MB, end 226.01MB, increase: 15.84KB
8-14-2026 16:03:18-debug: Sort some build options to settings.json start, progress: 13%
8-14-2026 16:03:18-debug: // ---- build task Sort some build options to settings.json ----
8-14-2026 16:03:18-debug: // ---- build task Sort some build options to settings.json ---- (4ms)
8-14-2026 16:03:18-log: run build task Sort some build options to settings.json success in 4 ms√, progress: 15%
8-14-2026 16:03:18-debug: [Build Memory track]: Sort some build options to settings.json start:226.04MB, end 226.17MB, increase: 133.70KB
8-14-2026 16:03:19-debug: %cImport%c: D:\Works\Github\BattleGame\assets\Battle.scenebackground: #aaff85; color: #000;color: #000;
8-14-2026 16:03:19-debug: asset-db:reimport-asset1effe86e-a401-4769-9dbc-62218c68834d (16ms)
8-14-2026 16:03:20-debug: Query all assets info in project
8-14-2026 16:03:20-debug: init custom config: keepNodeUuid: false, useCache: true
8-14-2026 16:03:20-debug: Skip compress image, progress: 0%
8-14-2026 16:03:20-debug: Init all bundles start..., progress: 0%
8-14-2026 16:03:20-debug: Query asset bundle start, progress: 0%
8-14-2026 16:03:20-debug: Num of bundles: 2..., progress: 0%
8-14-2026 16:03:20-debug: // ---- build task Query asset bundle ----
8-14-2026 16:03:20-debug: Init bundle root assets start..., progress: 0%
8-14-2026 16:03:20-debug:   Number of all scripts: 42
8-14-2026 16:03:20-debug: Query preload assets/scripts from cc.config.json: 60f7195c-ec2a-45eb-ba94-8955f60e81d0,1c02ae6f-4492-4915-b8f8-7492a3b1e4cd,810e96e4-e456-4468-9b59-f4e8f39732c0,efe8e2a3-eace-427b-b4f1-cb8a937ec77d,e9aa9a3e-5b2b-4ac7-a2c7-073de2b2b24f,8bbdbcdd-5cd4-4100-b6d5-b7c9625b6107,50f4348b-c883-4e2f-8f11-ce233b859fa1,fda095cb-831d-4601-ad94-846013963de8,f92806d7-1768-443f-afe8-12bcde84d0f0,dd3a144d-ab7f-41f0-82b8-2e43a090d496,f0416e68-0200-4b77-a926-4f9d16e494da,511d2633-09a7-4bdd-ac42-f778032124b3,5d45aa00-e064-4938-b314-4265f0c2258c,9361fd90-ba52-4f84-aa93-6e878fd576ca,970b0598-bcb0-4714-91fb-2e81440dccd8,bcd64cc6-2dd9-43f6-abbe-66318d332032,d930590d-bb92-4cc8-8bd1-23cd027f9edf,a3cd009f-0ab0-420d-9278-b9fdab939bbc,6a2d0734-bd9e-4ddf-946e-caa52498cb75,d9937e59-61fe-4ec6-92ab-7ac5a19c89b0,d1346436-ac96-4271-b863-1f4fdead95b0,971bdb23-3ff6-43eb-b422-1c30165a3663,17debcc3-0a6b-4b8a-b00b-dc58b885581e,711ebe11-f673-4cd9-9a83-63c60ba54c5b,c0143906-9aed-447e-9436-2ae8512d1b6e,14da1725-c4c2-42b4-ab08-ee0aeb6898b3,081cab31-dccd-428e-8652-f2404cc81c47,78e0584a-4343-4727-8f37-e14e65c2a2db,871c3b6c-7379-419d-bda3-794b239ab90d,ff9b0199-ce04-4cfe-86cc-6c719f08d6e4,de1c2107-70c8-4021-8459-6399f24d01c6,cbf30902-517f-40dc-af90-a550bac27cf1,5c601d96-e4c7-4698-991b-7ee674b11079
8-14-2026 16:03:20-debug: Init bundle root assets success..., progress: 0%
8-14-2026 16:03:20-debug:   Number of all scenes: 1
8-14-2026 16:03:20-debug:   Number of other assets: 486
8-14-2026 16:03:20-debug: // ---- build task Query asset bundle ---- (5ms)
8-14-2026 16:03:20-log: run build task Query asset bundle success in 5 ms√, progress: 5%
8-14-2026 16:03:20-debug: Query asset bundle start, progress: 5%
8-14-2026 16:03:20-debug: [Build Memory track]: Query asset bundle start:226.47MB, end 226.27MB, increase: -205.46KB
8-14-2026 16:03:20-debug: // ---- build task Query asset bundle ----
8-14-2026 16:03:20-debug: // ---- build task Query asset bundle ---- (5ms)
8-14-2026 16:03:20-log: run build task Query asset bundle success in 5 ms√, progress: 10%
8-14-2026 16:03:20-debug: [Build Memory track]: Query asset bundle start:226.30MB, end 226.44MB, increase: 140.18KB
8-14-2026 16:03:20-debug: Sort some build options to settings.json start, progress: 10%
8-14-2026 16:03:20-debug: // ---- build task Sort some build options to settings.json ----
8-14-2026 16:03:20-debug: // ---- build task Sort some build options to settings.json ---- (1ms)
8-14-2026 16:03:20-log: run build task Sort some build options to settings.json success in 1 ms√, progress: 12%
8-14-2026 16:03:20-debug: Fill script data to settings start, progress: 12%
8-14-2026 16:03:20-debug: [Build Memory track]: Sort some build options to settings.json start:226.47MB, end 226.49MB, increase: 27.75KB
8-14-2026 16:03:20-debug: // ---- build task Fill script data to settings ----
8-14-2026 16:03:20-debug: [Build Memory track]: Fill script data to settings start:226.52MB, end 226.54MB, increase: 15.67KB
8-14-2026 16:03:20-log: run build task Fill script data to settings success in √, progress: 13%
8-14-2026 16:03:20-debug: Sort some build options to settings.json start, progress: 13%
8-14-2026 16:03:20-debug: // ---- build task Sort some build options to settings.json ----
8-14-2026 16:03:20-debug: // ---- build task Sort some build options to settings.json ---- (4ms)
8-14-2026 16:03:20-log: run build task Sort some build options to settings.json success in 4 ms√, progress: 15%
8-14-2026 16:03:20-debug: [Build Memory track]: Sort some build options to settings.json start:226.57MB, end 226.70MB, increase: 137.86KB
8-14-2026 16:40:03-debug: refresh db internal success
8-14-2026 16:40:03-debug: refresh db assets success
8-14-2026 16:40:03-debug: Run asset db hook engine-extends:afterRefresh ...
8-14-2026 16:40:03-debug: Run asset db hook engine-extends:afterRefresh success!
8-14-2026 16:40:03-debug: asset-db:refresh-all-database (87ms)
8-14-2026 16:40:03-debug: asset-db:worker-effect-data-processing (2ms)
8-14-2026 16:40:03-debug: asset-db-hook-engine-extends-afterRefresh (2ms)
8-14-2026 17:06:52-debug: refresh db internal success
8-14-2026 17:06:52-debug: %cImport%c: D:\Works\Github\BattleGame\assets\scripts\LevelSettings.tsbackground: #aaff85; color: #000;color: #000;
8-14-2026 17:06:52-debug: refresh db assets success
8-14-2026 17:06:52-debug: Run asset db hook engine-extends:afterRefresh ...
8-14-2026 17:06:52-debug: Run asset db hook engine-extends:afterRefresh success!
8-14-2026 17:06:52-debug: asset-db:refresh-all-database (56ms)
8-14-2026 17:06:54-debug: Query all assets info in project
8-14-2026 17:06:54-debug: init custom config: keepNodeUuid: false, useCache: true
8-14-2026 17:06:54-debug: Skip compress image, progress: 0%
8-14-2026 17:06:54-debug: Init all bundles start..., progress: 0%
8-14-2026 17:06:54-debug: Num of bundles: 2..., progress: 0%
8-14-2026 17:06:54-debug: Query asset bundle start, progress: 0%
8-14-2026 17:06:54-debug: // ---- build task Query asset bundle ----
8-14-2026 17:06:54-debug: Init bundle root assets start..., progress: 0%
8-14-2026 17:06:54-debug: Query preload assets/scripts from cc.config.json: 60f7195c-ec2a-45eb-ba94-8955f60e81d0,1c02ae6f-4492-4915-b8f8-7492a3b1e4cd,810e96e4-e456-4468-9b59-f4e8f39732c0,efe8e2a3-eace-427b-b4f1-cb8a937ec77d,e9aa9a3e-5b2b-4ac7-a2c7-073de2b2b24f,8bbdbcdd-5cd4-4100-b6d5-b7c9625b6107,50f4348b-c883-4e2f-8f11-ce233b859fa1,fda095cb-831d-4601-ad94-846013963de8,f92806d7-1768-443f-afe8-12bcde84d0f0,dd3a144d-ab7f-41f0-82b8-2e43a090d496,f0416e68-0200-4b77-a926-4f9d16e494da,511d2633-09a7-4bdd-ac42-f778032124b3,5d45aa00-e064-4938-b314-4265f0c2258c,9361fd90-ba52-4f84-aa93-6e878fd576ca,970b0598-bcb0-4714-91fb-2e81440dccd8,bcd64cc6-2dd9-43f6-abbe-66318d332032,d930590d-bb92-4cc8-8bd1-23cd027f9edf,a3cd009f-0ab0-420d-9278-b9fdab939bbc,6a2d0734-bd9e-4ddf-946e-caa52498cb75,d9937e59-61fe-4ec6-92ab-7ac5a19c89b0,d1346436-ac96-4271-b863-1f4fdead95b0,971bdb23-3ff6-43eb-b422-1c30165a3663,17debcc3-0a6b-4b8a-b00b-dc58b885581e,711ebe11-f673-4cd9-9a83-63c60ba54c5b,c0143906-9aed-447e-9436-2ae8512d1b6e,14da1725-c4c2-42b4-ab08-ee0aeb6898b3,081cab31-dccd-428e-8652-f2404cc81c47,78e0584a-4343-4727-8f37-e14e65c2a2db,871c3b6c-7379-419d-bda3-794b239ab90d,ff9b0199-ce04-4cfe-86cc-6c719f08d6e4,de1c2107-70c8-4021-8459-6399f24d01c6,cbf30902-517f-40dc-af90-a550bac27cf1,5c601d96-e4c7-4698-991b-7ee674b11079
8-14-2026 17:06:54-debug:   Number of other assets: 486
8-14-2026 17:06:54-debug: Init bundle root assets success..., progress: 0%
8-14-2026 17:06:54-debug:   Number of all scripts: 42
8-14-2026 17:06:54-debug:   Number of all scenes: 1
8-14-2026 17:06:54-debug: // ---- build task Query asset bundle ---- (10ms)
8-14-2026 17:06:54-log: run build task Query asset bundle success in 10 ms√, progress: 5%
8-14-2026 17:06:54-debug: [Build Memory track]: Query asset bundle start:229.37MB, end 230.10MB, increase: 744.60KB
8-14-2026 17:06:54-debug: Query asset bundle start, progress: 5%
8-14-2026 17:06:54-debug: // ---- build task Query asset bundle ----
8-14-2026 17:06:54-debug: // ---- build task Query asset bundle ---- (7ms)
8-14-2026 17:06:54-log: run build task Query asset bundle success in 7 ms√, progress: 10%
8-14-2026 17:06:54-debug: [Build Memory track]: Query asset bundle start:230.13MB, end 230.26MB, increase: 139.64KB
8-14-2026 17:06:54-debug: // ---- build task Sort some build options to settings.json ----
8-14-2026 17:06:54-debug: Sort some build options to settings.json start, progress: 10%
8-14-2026 17:06:54-debug: // ---- build task Sort some build options to settings.json ---- (3ms)
8-14-2026 17:06:54-debug: Fill script data to settings start, progress: 12%
8-14-2026 17:06:54-log: run build task Sort some build options to settings.json success in 3 ms√, progress: 12%
8-14-2026 17:06:54-debug: [Build Memory track]: Sort some build options to settings.json start:230.29MB, end 228.78MB, increase: -1551.82KB
8-14-2026 17:06:54-debug: // ---- build task Fill script data to settings ----
8-14-2026 17:06:54-debug: // ---- build task Fill script data to settings ---- (1ms)
8-14-2026 17:06:54-debug: [Build Memory track]: Fill script data to settings start:228.80MB, end 228.83MB, increase: 25.96KB
8-14-2026 17:06:54-log: run build task Fill script data to settings success in 1 ms√, progress: 13%
8-14-2026 17:06:54-debug: // ---- build task Sort some build options to settings.json ----
8-14-2026 17:06:54-debug: Sort some build options to settings.json start, progress: 13%
8-14-2026 17:06:54-debug: // ---- build task Sort some build options to settings.json ---- (6ms)
8-14-2026 17:06:54-log: run build task Sort some build options to settings.json success in 6 ms√, progress: 15%
8-14-2026 17:06:54-debug: [Build Memory track]: Sort some build options to settings.json start:228.86MB, end 228.98MB, increase: 126.09KB
8-14-2026 17:06:57-debug: %cImport%c: D:\Works\Github\BattleGame\assets\Battle.scenebackground: #aaff85; color: #000;color: #000;
8-14-2026 17:06:57-debug: asset-db:reimport-asset1effe86e-a401-4769-9dbc-62218c68834d (14ms)
8-14-2026 17:06:58-debug: Query all assets info in project
8-14-2026 17:06:58-debug: init custom config: keepNodeUuid: false, useCache: true
8-14-2026 17:06:58-debug: Skip compress image, progress: 0%
8-14-2026 17:06:58-debug: Query asset bundle start, progress: 0%
8-14-2026 17:06:58-debug: // ---- build task Query asset bundle ----
8-14-2026 17:06:58-debug: Init bundle root assets start..., progress: 0%
8-14-2026 17:06:58-debug: Init all bundles start..., progress: 0%
8-14-2026 17:06:58-debug: Num of bundles: 2..., progress: 0%
8-14-2026 17:06:58-debug: Query preload assets/scripts from cc.config.json: 60f7195c-ec2a-45eb-ba94-8955f60e81d0,1c02ae6f-4492-4915-b8f8-7492a3b1e4cd,810e96e4-e456-4468-9b59-f4e8f39732c0,efe8e2a3-eace-427b-b4f1-cb8a937ec77d,e9aa9a3e-5b2b-4ac7-a2c7-073de2b2b24f,8bbdbcdd-5cd4-4100-b6d5-b7c9625b6107,50f4348b-c883-4e2f-8f11-ce233b859fa1,fda095cb-831d-4601-ad94-846013963de8,f92806d7-1768-443f-afe8-12bcde84d0f0,dd3a144d-ab7f-41f0-82b8-2e43a090d496,f0416e68-0200-4b77-a926-4f9d16e494da,511d2633-09a7-4bdd-ac42-f778032124b3,5d45aa00-e064-4938-b314-4265f0c2258c,9361fd90-ba52-4f84-aa93-6e878fd576ca,970b0598-bcb0-4714-91fb-2e81440dccd8,bcd64cc6-2dd9-43f6-abbe-66318d332032,d930590d-bb92-4cc8-8bd1-23cd027f9edf,a3cd009f-0ab0-420d-9278-b9fdab939bbc,6a2d0734-bd9e-4ddf-946e-caa52498cb75,d9937e59-61fe-4ec6-92ab-7ac5a19c89b0,d1346436-ac96-4271-b863-1f4fdead95b0,971bdb23-3ff6-43eb-b422-1c30165a3663,17debcc3-0a6b-4b8a-b00b-dc58b885581e,711ebe11-f673-4cd9-9a83-63c60ba54c5b,c0143906-9aed-447e-9436-2ae8512d1b6e,14da1725-c4c2-42b4-ab08-ee0aeb6898b3,081cab31-dccd-428e-8652-f2404cc81c47,78e0584a-4343-4727-8f37-e14e65c2a2db,871c3b6c-7379-419d-bda3-794b239ab90d,ff9b0199-ce04-4cfe-86cc-6c719f08d6e4,de1c2107-70c8-4021-8459-6399f24d01c6,cbf30902-517f-40dc-af90-a550bac27cf1,5c601d96-e4c7-4698-991b-7ee674b11079
8-14-2026 17:06:58-debug:   Number of all scenes: 1
8-14-2026 17:06:58-debug:   Number of all scripts: 42
8-14-2026 17:06:58-debug:   Number of other assets: 486
8-14-2026 17:06:58-debug: Init bundle root assets success..., progress: 0%
8-14-2026 17:06:58-debug: // ---- build task Query asset bundle ---- (7ms)
8-14-2026 17:06:58-log: run build task Query asset bundle success in 7 ms√, progress: 5%
8-14-2026 17:06:58-debug: [Build Memory track]: Query asset bundle start:231.14MB, end 229.70MB, increase: -1474.27KB
8-14-2026 17:06:58-debug: Query asset bundle start, progress: 5%
8-14-2026 17:06:58-debug: // ---- build task Query asset bundle ----
8-14-2026 17:06:58-log: run build task Query asset bundle success in 5 ms√, progress: 10%
8-14-2026 17:06:58-debug: [Build Memory track]: Query asset bundle start:229.73MB, end 229.87MB, increase: 139.66KB
8-14-2026 17:06:58-debug: Sort some build options to settings.json start, progress: 10%
8-14-2026 17:06:58-debug: // ---- build task Sort some build options to settings.json ----
8-14-2026 17:06:58-debug: // ---- build task Query asset bundle ---- (5ms)
8-14-2026 17:06:58-debug: // ---- build task Sort some build options to settings.json ---- (2ms)
8-14-2026 17:06:58-debug: [Build Memory track]: Sort some build options to settings.json start:229.90MB, end 229.01MB, increase: -908.66KB
8-14-2026 17:06:58-debug: // ---- build task Fill script data to settings ----
8-14-2026 17:06:58-log: run build task Sort some build options to settings.json success in 2 ms√, progress: 12%
8-14-2026 17:06:58-debug: Fill script data to settings start, progress: 12%
8-14-2026 17:06:58-debug: // ---- build task Fill script data to settings ---- (2ms)
8-14-2026 17:06:58-log: run build task Fill script data to settings success in 2 ms√, progress: 13%
8-14-2026 17:06:58-debug: [Build Memory track]: Fill script data to settings start:229.04MB, end 229.06MB, increase: 25.84KB
8-14-2026 17:06:58-debug: // ---- build task Sort some build options to settings.json ----
8-14-2026 17:06:58-debug: Sort some build options to settings.json start, progress: 13%
8-14-2026 17:06:58-debug: // ---- build task Sort some build options to settings.json ---- (4ms)
8-14-2026 17:06:58-log: run build task Sort some build options to settings.json success in 4 ms√, progress: 15%
8-14-2026 17:06:58-debug: [Build Memory track]: Sort some build options to settings.json start:229.09MB, end 229.22MB, increase: 132.03KB
8-14-2026 17:09:30-debug: refresh db internal success
8-14-2026 17:09:30-debug: refresh db assets success
8-14-2026 17:09:30-debug: Run asset db hook engine-extends:afterRefresh ...
8-14-2026 17:09:30-debug: Run asset db hook engine-extends:afterRefresh success!
8-14-2026 17:09:30-debug: asset-db:refresh-all-database (62ms)
8-14-2026 17:09:30-debug: asset-db:worker-effect-data-processing (1ms)
8-14-2026 17:09:30-debug: asset-db-hook-engine-extends-afterRefresh (1ms)
