8-15-2026 02:43:34-log: Cannot access game frame or container.
8-15-2026 02:43:34-debug: asset-db:require-engine-code (908ms)
8-15-2026 02:43:34-log: [bullet]:bullet wasm lib loaded.
8-15-2026 02:43:34-log: meshopt wasm decoder initialized
8-15-2026 02:43:34-log: [box2d]:box2d wasm lib loaded.
8-15-2026 02:43:34-log: Cocos Creator v3.8.8
8-15-2026 02:43:34-log: Using legacy pipeline
8-15-2026 02:43:34-log: Forward render pipeline initialized.
8-15-2026 02:43:34-debug: [Assets Memory track]: asset-db:worker-init: initEngine start:27.94MB, end 79.18MB, increase: 51.24MB
8-15-2026 02:43:36-debug: [Assets Memory track]: asset-db:worker-init: initPlugin start:79.24MB, end 274.20MB, increase: 194.96MB
8-15-2026 02:43:36-debug: run package(windows) handler(enable) start
8-15-2026 02:43:36-debug: run package(windows) handler(enable) success!
8-15-2026 02:43:36-debug: run package(xiaomi-quick-game) handler(enable) start
8-15-2026 02:43:36-debug: run package(xiaomi-quick-game) handler(enable) success!
8-15-2026 02:43:36-debug: run package(cocos-service) handler(enable) start
8-15-2026 02:43:36-debug: run package(cocos-service) handler(enable) success!
8-15-2026 02:43:36-debug: run package(im-plugin) handler(enable) start
8-15-2026 02:43:36-debug: run package(im-plugin) handler(enable) success!
8-15-2026 02:43:36-debug: asset-db:worker-init: initPlugin (1983ms)
8-15-2026 02:43:36-debug: run package(placeholder) handler(enable) success!
8-15-2026 02:43:36-debug: run package(placeholder) handler(enable) start
8-15-2026 02:43:36-debug: [Assets Memory track]: asset-db:worker-init start:27.94MB, end 274.66MB, increase: 246.72MB
8-15-2026 02:43:36-debug: Run asset db hook engine-extends:beforePreStart ...
8-15-2026 02:43:36-debug: Run asset db hook engine-extends:beforePreStart success!
8-15-2026 02:43:36-debug: Run asset db hook programming:beforePreStart ...
8-15-2026 02:43:36-debug: Run asset db hook programming:beforePreStart success!
8-15-2026 02:43:36-debug: asset-db:worker-init (3115ms)
8-15-2026 02:43:36-debug: asset-db-hook-programming-beforePreStart (89ms)
8-15-2026 02:43:36-debug: asset-db-hook-engine-extends-beforePreStart (89ms)
8-15-2026 02:43:37-debug: Preimport db internal success
8-15-2026 02:43:37-debug: Preimport db assets success
8-15-2026 02:43:37-debug: Run asset db hook programming:afterPreStart ...
8-15-2026 02:43:37-debug: starting packer-driver...
8-15-2026 02:43:43-debug: initialize scripting environment...
8-15-2026 02:43:43-debug: [[Executor]] prepare before lock
8-15-2026 02:43:43-debug: Set detail map pack:///resolution-detail-map.json: {}
8-15-2026 02:43:43-debug: [[Executor]] prepare after unlock
8-15-2026 02:43:43-debug: Run asset db hook programming:afterPreStart success!
8-15-2026 02:43:43-debug: Run asset db hook engine-extends:afterPreStart ...
8-15-2026 02:43:43-debug: Run asset db hook engine-extends:afterPreStart success!
8-15-2026 02:43:43-debug: Start up the 'internal' database...
8-15-2026 02:43:43-debug: asset-db-hook-programming-afterPreStart (6654ms)
8-15-2026 02:43:43-debug: asset-db:worker-effect-data-processing (396ms)
8-15-2026 02:43:43-debug: asset-db-hook-engine-extends-afterPreStart (396ms)
8-15-2026 02:43:43-debug: Run asset db hook engine-extends:afterStartDB ...
8-15-2026 02:43:44-debug: recompile effect.bin success
8-15-2026 02:43:44-debug: Run asset db hook engine-extends:afterStartDB success!
8-15-2026 02:43:44-debug: Start up the 'assets' database...
8-15-2026 02:43:44-debug: Run asset db hook engine-extends:afterStartDB ...
8-15-2026 02:43:44-debug: recompile effect.bin success
8-15-2026 02:43:44-debug: Run asset db hook engine-extends:afterStartDB success!
8-15-2026 02:43:44-debug: lazy register asset handler text
8-15-2026 02:43:44-debug: lazy register asset handler directory
8-15-2026 02:43:44-debug: lazy register asset handler spine-data
8-15-2026 02:43:44-debug: lazy register asset handler json
8-15-2026 02:43:44-debug: lazy register asset handler dragonbones
8-15-2026 02:43:44-debug: lazy register asset handler terrain
8-15-2026 02:43:44-debug: lazy register asset handler dragonbones-atlas
8-15-2026 02:43:44-debug: lazy register asset handler *
8-15-2026 02:43:44-debug: lazy register asset handler javascript
8-15-2026 02:43:44-debug: lazy register asset handler scene
8-15-2026 02:43:44-debug: lazy register asset handler typescript
8-15-2026 02:43:44-debug: lazy register asset handler sprite-frame
8-15-2026 02:43:44-debug: lazy register asset handler tiled-map
8-15-2026 02:43:44-debug: lazy register asset handler prefab
8-15-2026 02:43:44-debug: lazy register asset handler image
8-15-2026 02:43:44-debug: lazy register asset handler sign-image
8-15-2026 02:43:44-debug: lazy register asset handler alpha-image
8-15-2026 02:43:44-debug: lazy register asset handler texture-cube
8-15-2026 02:43:44-debug: lazy register asset handler buffer
8-15-2026 02:43:44-debug: lazy register asset handler texture
8-15-2026 02:43:44-debug: lazy register asset handler erp-texture-cube
8-15-2026 02:43:44-debug: lazy register asset handler render-texture
8-15-2026 02:43:44-debug: lazy register asset handler texture-cube-face
8-15-2026 02:43:44-debug: lazy register asset handler gltf-mesh
8-15-2026 02:43:44-debug: lazy register asset handler rt-sprite-frame
8-15-2026 02:43:44-debug: lazy register asset handler gltf-animation
8-15-2026 02:43:44-debug: lazy register asset handler gltf
8-15-2026 02:43:44-debug: lazy register asset handler gltf-skeleton
8-15-2026 02:43:44-debug: lazy register asset handler gltf-embeded-image
8-15-2026 02:43:44-debug: lazy register asset handler gltf-scene
8-15-2026 02:43:44-debug: lazy register asset handler gltf-material
8-15-2026 02:43:44-debug: lazy register asset handler fbx
8-15-2026 02:43:44-debug: lazy register asset handler material
8-15-2026 02:43:44-debug: lazy register asset handler physics-material
8-15-2026 02:43:44-debug: lazy register asset handler effect-header
8-15-2026 02:43:44-debug: lazy register asset handler audio-clip
8-15-2026 02:43:44-debug: lazy register asset handler effect
8-15-2026 02:43:44-debug: lazy register asset handler animation-clip
8-15-2026 02:43:44-debug: lazy register asset handler animation-graph-variant
8-15-2026 02:43:44-debug: lazy register asset handler ttf-font
8-15-2026 02:43:44-debug: lazy register asset handler animation-mask
8-15-2026 02:43:44-debug: lazy register asset handler animation-graph
8-15-2026 02:43:44-debug: lazy register asset handler sprite-atlas
8-15-2026 02:43:44-debug: lazy register asset handler bitmap-font
8-15-2026 02:43:44-debug: lazy register asset handler particle
8-15-2026 02:43:44-debug: lazy register asset handler auto-atlas
8-15-2026 02:43:44-debug: lazy register asset handler label-atlas
8-15-2026 02:43:44-debug: lazy register asset handler render-pipeline
8-15-2026 02:43:44-debug: lazy register asset handler instantiation-material
8-15-2026 02:43:44-debug: lazy register asset handler render-stage
8-15-2026 02:43:44-debug: lazy register asset handler instantiation-mesh
8-15-2026 02:43:44-debug: lazy register asset handler instantiation-skeleton
8-15-2026 02:43:44-debug: lazy register asset handler instantiation-animation
8-15-2026 02:43:44-debug: lazy register asset handler video-clip
8-15-2026 02:43:44-debug: lazy register asset handler render-flow
8-15-2026 02:43:44-debug: asset-db:worker-effect-data-processing (1175ms)
8-15-2026 02:43:44-debug: asset-db-hook-engine-extends-afterStartDB (1176ms)
8-15-2026 02:43:44-debug: asset-db:worker-effect-data-processing (767ms)
8-15-2026 02:43:44-debug: asset-db-hook-engine-extends-afterStartDB (768ms)
8-15-2026 02:43:44-debug: asset-db:start-database (8102ms)
8-15-2026 02:43:44-debug: asset-db:ready (13669ms)
8-15-2026 02:43:45-debug: init worker message success
8-15-2026 02:43:45-debug: programming:execute-script (6ms)
8-15-2026 02:43:45-debug: [Build Memory track]: builder:worker-init start:221.69MB, end 229.77MB, increase: 8.08MB
8-15-2026 02:43:45-debug: builder:worker-init (505ms)
8-15-2026 02:43:45-debug: Query all assets info in project
8-15-2026 02:43:45-debug: init custom config: keepNodeUuid: false, useCache: true
8-15-2026 02:43:45-debug: Skip compress image, progress: 0%
8-15-2026 02:43:45-debug: Init all bundles start..., progress: 0%
8-15-2026 02:43:45-debug: Query asset bundle start, progress: 0%
8-15-2026 02:43:45-debug: // ---- build task Query asset bundle ----
8-15-2026 02:43:45-debug: Num of bundles: 2..., progress: 0%
8-15-2026 02:43:45-debug: Init bundle root assets start..., progress: 0%
8-15-2026 02:43:45-debug: Query preload assets/scripts from cc.config.json: 60f7195c-ec2a-45eb-ba94-8955f60e81d0,1c02ae6f-4492-4915-b8f8-7492a3b1e4cd,810e96e4-e456-4468-9b59-f4e8f39732c0,efe8e2a3-eace-427b-b4f1-cb8a937ec77d,e9aa9a3e-5b2b-4ac7-a2c7-073de2b2b24f,8bbdbcdd-5cd4-4100-b6d5-b7c9625b6107,50f4348b-c883-4e2f-8f11-ce233b859fa1,fda095cb-831d-4601-ad94-846013963de8,f92806d7-1768-443f-afe8-12bcde84d0f0,dd3a144d-ab7f-41f0-82b8-2e43a090d496,f0416e68-0200-4b77-a926-4f9d16e494da,511d2633-09a7-4bdd-ac42-f778032124b3,5d45aa00-e064-4938-b314-4265f0c2258c,9361fd90-ba52-4f84-aa93-6e878fd576ca,970b0598-bcb0-4714-91fb-2e81440dccd8,bcd64cc6-2dd9-43f6-abbe-66318d332032,d930590d-bb92-4cc8-8bd1-23cd027f9edf,a3cd009f-0ab0-420d-9278-b9fdab939bbc,6a2d0734-bd9e-4ddf-946e-caa52498cb75,d9937e59-61fe-4ec6-92ab-7ac5a19c89b0,d1346436-ac96-4271-b863-1f4fdead95b0,971bdb23-3ff6-43eb-b422-1c30165a3663,17debcc3-0a6b-4b8a-b00b-dc58b885581e,711ebe11-f673-4cd9-9a83-63c60ba54c5b,c0143906-9aed-447e-9436-2ae8512d1b6e,14da1725-c4c2-42b4-ab08-ee0aeb6898b3,081cab31-dccd-428e-8652-f2404cc81c47,78e0584a-4343-4727-8f37-e14e65c2a2db,871c3b6c-7379-419d-bda3-794b239ab90d,ff9b0199-ce04-4cfe-86cc-6c719f08d6e4,de1c2107-70c8-4021-8459-6399f24d01c6,cbf30902-517f-40dc-af90-a550bac27cf1,5c601d96-e4c7-4698-991b-7ee674b11079
8-15-2026 02:43:45-debug:   Number of all scripts: 42
8-15-2026 02:43:45-debug:   Number of other assets: 486
8-15-2026 02:43:45-debug: Init bundle root assets success..., progress: 0%
8-15-2026 02:43:45-debug:   Number of all scenes: 1
8-15-2026 02:43:45-debug: // ---- build task Query asset bundle ---- (14ms)
8-15-2026 02:43:45-log: run build task Query asset bundle success in 14 ms√, progress: 5%
8-15-2026 02:43:45-debug: [Build Memory track]: Query asset bundle start:229.05MB, end 229.91MB, increase: 887.23KB
8-15-2026 02:43:45-debug: Query asset bundle start, progress: 5%
8-15-2026 02:43:45-debug: // ---- build task Query asset bundle ----
8-15-2026 02:43:45-debug: // ---- build task Query asset bundle ---- (6ms)
8-15-2026 02:43:45-log: run build task Query asset bundle success in 6 ms√, progress: 10%
8-15-2026 02:43:45-debug: [Build Memory track]: Query asset bundle start:229.95MB, end 230.12MB, increase: 172.09KB
8-15-2026 02:43:45-debug: Sort some build options to settings.json start, progress: 10%
8-15-2026 02:43:45-debug: // ---- build task Sort some build options to settings.json ----
8-15-2026 02:43:45-debug: [Build Memory track]: Sort some build options to settings.json start:230.16MB, end 230.20MB, increase: 33.64KB
8-15-2026 02:43:45-debug: Fill script data to settings start, progress: 12%
8-15-2026 02:43:45-log: run build task Sort some build options to settings.json success in 2 ms√, progress: 12%
8-15-2026 02:43:45-debug: // ---- build task Sort some build options to settings.json ---- (2ms)
8-15-2026 02:43:45-debug: // ---- build task Fill script data to settings ----
8-15-2026 02:43:45-log: run build task Fill script data to settings success in 2 ms√, progress: 13%
8-15-2026 02:43:45-debug: [Build Memory track]: Fill script data to settings start:230.24MB, end 230.27MB, increase: 32.94KB
8-15-2026 02:43:45-debug: // ---- build task Sort some build options to settings.json ----
8-15-2026 02:43:45-debug: // ---- build task Fill script data to settings ---- (2ms)
8-15-2026 02:43:45-debug: Sort some build options to settings.json start, progress: 13%
8-15-2026 02:43:45-debug: // ---- build task Sort some build options to settings.json ---- (9ms)
8-15-2026 02:43:45-log: run build task Sort some build options to settings.json success in 9 ms√, progress: 15%
8-15-2026 02:43:45-debug: [Build Memory track]: Sort some build options to settings.json start:230.31MB, end 230.45MB, increase: 150.16KB
8-15-2026 02:43:57-debug: %cImport%c: F:\Github\BattleGame\assets\Battle.scenebackground: #aaff85; color: #000;color: #000;
8-15-2026 02:43:57-debug: asset-db:reimport-asset1effe86e-a401-4769-9dbc-62218c68834d (34ms)
8-15-2026 02:43:58-debug: Query all assets info in project
8-15-2026 02:43:58-debug: init custom config: keepNodeUuid: false, useCache: true
8-15-2026 02:43:58-debug: Skip compress image, progress: 0%
8-15-2026 02:43:58-debug: Init all bundles start..., progress: 0%
8-15-2026 02:43:58-debug: Query asset bundle start, progress: 0%
8-15-2026 02:43:58-debug: Num of bundles: 2..., progress: 0%
8-15-2026 02:43:58-debug: // ---- build task Query asset bundle ----
8-15-2026 02:43:58-debug: Init bundle root assets start..., progress: 0%
8-15-2026 02:43:58-debug: Query preload assets/scripts from cc.config.json: 60f7195c-ec2a-45eb-ba94-8955f60e81d0,1c02ae6f-4492-4915-b8f8-7492a3b1e4cd,810e96e4-e456-4468-9b59-f4e8f39732c0,efe8e2a3-eace-427b-b4f1-cb8a937ec77d,e9aa9a3e-5b2b-4ac7-a2c7-073de2b2b24f,8bbdbcdd-5cd4-4100-b6d5-b7c9625b6107,50f4348b-c883-4e2f-8f11-ce233b859fa1,fda095cb-831d-4601-ad94-846013963de8,f92806d7-1768-443f-afe8-12bcde84d0f0,dd3a144d-ab7f-41f0-82b8-2e43a090d496,f0416e68-0200-4b77-a926-4f9d16e494da,511d2633-09a7-4bdd-ac42-f778032124b3,5d45aa00-e064-4938-b314-4265f0c2258c,9361fd90-ba52-4f84-aa93-6e878fd576ca,970b0598-bcb0-4714-91fb-2e81440dccd8,bcd64cc6-2dd9-43f6-abbe-66318d332032,d930590d-bb92-4cc8-8bd1-23cd027f9edf,a3cd009f-0ab0-420d-9278-b9fdab939bbc,6a2d0734-bd9e-4ddf-946e-caa52498cb75,d9937e59-61fe-4ec6-92ab-7ac5a19c89b0,d1346436-ac96-4271-b863-1f4fdead95b0,971bdb23-3ff6-43eb-b422-1c30165a3663,17debcc3-0a6b-4b8a-b00b-dc58b885581e,711ebe11-f673-4cd9-9a83-63c60ba54c5b,c0143906-9aed-447e-9436-2ae8512d1b6e,14da1725-c4c2-42b4-ab08-ee0aeb6898b3,081cab31-dccd-428e-8652-f2404cc81c47,78e0584a-4343-4727-8f37-e14e65c2a2db,871c3b6c-7379-419d-bda3-794b239ab90d,ff9b0199-ce04-4cfe-86cc-6c719f08d6e4,de1c2107-70c8-4021-8459-6399f24d01c6,cbf30902-517f-40dc-af90-a550bac27cf1,5c601d96-e4c7-4698-991b-7ee674b11079
8-15-2026 02:43:58-debug:   Number of other assets: 486
8-15-2026 02:43:58-debug: Init bundle root assets success..., progress: 0%
8-15-2026 02:43:58-debug:   Number of all scripts: 42
8-15-2026 02:43:58-debug:   Number of all scenes: 1
8-15-2026 02:43:58-debug: // ---- build task Query asset bundle ---- (12ms)
8-15-2026 02:43:58-debug: Query asset bundle start, progress: 5%
8-15-2026 02:43:58-debug: [Build Memory track]: Query asset bundle start:228.80MB, end 229.55MB, increase: 769.41KB
8-15-2026 02:43:58-log: run build task Query asset bundle success in 12 ms√, progress: 5%
8-15-2026 02:43:58-debug: // ---- build task Query asset bundle ----
8-15-2026 02:43:58-debug: // ---- build task Query asset bundle ---- (8ms)
8-15-2026 02:43:58-log: run build task Query asset bundle success in 8 ms√, progress: 10%
8-15-2026 02:43:58-debug: Sort some build options to settings.json start, progress: 10%
8-15-2026 02:43:58-debug: [Build Memory track]: Query asset bundle start:229.59MB, end 229.76MB, increase: 169.50KB
8-15-2026 02:43:58-debug: // ---- build task Sort some build options to settings.json ----
8-15-2026 02:43:58-debug: // ---- build task Sort some build options to settings.json ---- (3ms)
8-15-2026 02:43:58-debug: [Build Memory track]: Sort some build options to settings.json start:229.81MB, end 229.84MB, increase: 34.46KB
8-15-2026 02:43:58-debug: Fill script data to settings start, progress: 12%
8-15-2026 02:43:58-log: run build task Sort some build options to settings.json success in 3 ms√, progress: 12%
8-15-2026 02:43:58-debug: // ---- build task Fill script data to settings ----
8-15-2026 02:43:58-debug: // ---- build task Fill script data to settings ---- (2ms)
8-15-2026 02:43:58-log: run build task Fill script data to settings success in 2 ms√, progress: 13%
8-15-2026 02:43:58-debug: [Build Memory track]: Fill script data to settings start:229.88MB, end 229.92MB, increase: 39.88KB
8-15-2026 02:43:58-debug: Sort some build options to settings.json start, progress: 13%
8-15-2026 02:43:58-debug: // ---- build task Sort some build options to settings.json ----
8-15-2026 02:43:58-debug: // ---- build task Sort some build options to settings.json ---- (11ms)
8-15-2026 02:43:58-log: run build task Sort some build options to settings.json success in 11 ms√, progress: 15%
8-15-2026 02:43:58-debug: [Build Memory track]: Sort some build options to settings.json start:229.96MB, end 230.09MB, increase: 136.68KB
8-15-2026 02:44:05-debug: Query all assets info in project
8-15-2026 02:44:05-debug: init custom config: keepNodeUuid: false, useCache: true
8-15-2026 02:44:05-debug: Skip compress image, progress: 0%
8-15-2026 02:44:05-debug: Init all bundles start..., progress: 0%
8-15-2026 02:44:05-debug: Num of bundles: 2..., progress: 0%
8-15-2026 02:44:05-debug: Query asset bundle start, progress: 0%
8-15-2026 02:44:05-debug: Init bundle root assets start..., progress: 0%
8-15-2026 02:44:05-debug: // ---- build task Query asset bundle ----
8-15-2026 02:44:05-debug: Query preload assets/scripts from cc.config.json: 60f7195c-ec2a-45eb-ba94-8955f60e81d0,1c02ae6f-4492-4915-b8f8-7492a3b1e4cd,810e96e4-e456-4468-9b59-f4e8f39732c0,efe8e2a3-eace-427b-b4f1-cb8a937ec77d,e9aa9a3e-5b2b-4ac7-a2c7-073de2b2b24f,8bbdbcdd-5cd4-4100-b6d5-b7c9625b6107,50f4348b-c883-4e2f-8f11-ce233b859fa1,fda095cb-831d-4601-ad94-846013963de8,f92806d7-1768-443f-afe8-12bcde84d0f0,dd3a144d-ab7f-41f0-82b8-2e43a090d496,f0416e68-0200-4b77-a926-4f9d16e494da,511d2633-09a7-4bdd-ac42-f778032124b3,5d45aa00-e064-4938-b314-4265f0c2258c,9361fd90-ba52-4f84-aa93-6e878fd576ca,970b0598-bcb0-4714-91fb-2e81440dccd8,bcd64cc6-2dd9-43f6-abbe-66318d332032,d930590d-bb92-4cc8-8bd1-23cd027f9edf,a3cd009f-0ab0-420d-9278-b9fdab939bbc,6a2d0734-bd9e-4ddf-946e-caa52498cb75,d9937e59-61fe-4ec6-92ab-7ac5a19c89b0,d1346436-ac96-4271-b863-1f4fdead95b0,971bdb23-3ff6-43eb-b422-1c30165a3663,17debcc3-0a6b-4b8a-b00b-dc58b885581e,711ebe11-f673-4cd9-9a83-63c60ba54c5b,c0143906-9aed-447e-9436-2ae8512d1b6e,14da1725-c4c2-42b4-ab08-ee0aeb6898b3,081cab31-dccd-428e-8652-f2404cc81c47,78e0584a-4343-4727-8f37-e14e65c2a2db,871c3b6c-7379-419d-bda3-794b239ab90d,ff9b0199-ce04-4cfe-86cc-6c719f08d6e4,de1c2107-70c8-4021-8459-6399f24d01c6,cbf30902-517f-40dc-af90-a550bac27cf1,5c601d96-e4c7-4698-991b-7ee674b11079
8-15-2026 02:44:05-debug:   Number of other assets: 486
8-15-2026 02:44:05-debug: Init bundle root assets success..., progress: 0%
8-15-2026 02:44:05-debug:   Number of all scripts: 42
8-15-2026 02:44:05-debug:   Number of all scenes: 1
8-15-2026 02:44:05-debug: // ---- build task Query asset bundle ---- (18ms)
8-15-2026 02:44:05-debug: Query asset bundle start, progress: 5%
8-15-2026 02:44:05-log: run build task Query asset bundle success in 18 ms√, progress: 5%
8-15-2026 02:44:05-debug: [Build Memory track]: Query asset bundle start:221.75MB, end 221.64MB, increase: -115.54KB
8-15-2026 02:44:05-debug: // ---- build task Query asset bundle ----
8-15-2026 02:44:05-debug: // ---- build task Query asset bundle ---- (6ms)
8-15-2026 02:44:05-log: run build task Query asset bundle success in 6 ms√, progress: 10%
8-15-2026 02:44:05-debug: [Build Memory track]: Query asset bundle start:221.67MB, end 221.82MB, increase: 147.32KB
8-15-2026 02:44:05-debug: Sort some build options to settings.json start, progress: 10%
8-15-2026 02:44:05-debug: // ---- build task Sort some build options to settings.json ----
8-15-2026 02:44:05-debug: // ---- build task Sort some build options to settings.json ---- (4ms)
8-15-2026 02:44:05-log: run build task Sort some build options to settings.json success in 4 ms√, progress: 12%
8-15-2026 02:44:05-debug: Fill script data to settings start, progress: 12%
8-15-2026 02:44:05-debug: // ---- build task Fill script data to settings ----
8-15-2026 02:44:05-debug: [Build Memory track]: Sort some build options to settings.json start:221.86MB, end 221.89MB, increase: 33.53KB
8-15-2026 02:44:05-debug: // ---- build task Fill script data to settings ---- (5ms)
8-15-2026 02:44:05-log: run build task Fill script data to settings success in 5 ms√, progress: 13%
8-15-2026 02:44:05-debug: [Build Memory track]: Fill script data to settings start:221.93MB, end 221.96MB, increase: 33.02KB
8-15-2026 02:44:05-debug: // ---- build task Sort some build options to settings.json ----
8-15-2026 02:44:05-debug: Sort some build options to settings.json start, progress: 13%
8-15-2026 02:44:05-debug: // ---- build task Sort some build options to settings.json ---- (11ms)
8-15-2026 02:44:05-log: run build task Sort some build options to settings.json success in 11 ms√, progress: 15%
8-15-2026 02:44:05-debug: [Build Memory track]: Sort some build options to settings.json start:222.00MB, end 221.43MB, increase: -579.00KB
8-15-2026 02:51:15-debug: refresh db internal success
8-15-2026 02:51:15-debug: %cImport%c: F:\Github\BattleGame\assets\scripts\GameManager.tsbackground: #aaff85; color: #000;color: #000;
8-15-2026 02:51:15-debug: %cImport%c: F:\Github\BattleGame\assets\scripts\UnitBehavior.tsbackground: #aaff85; color: #000;color: #000;
8-15-2026 02:51:15-debug: refresh db assets success
8-15-2026 02:51:15-debug: Run asset db hook engine-extends:afterRefresh ...
8-15-2026 02:51:15-debug: Run asset db hook engine-extends:afterRefresh success!
8-15-2026 02:51:15-debug: asset-db:refresh-all-database (114ms)
8-15-2026 02:51:15-debug: asset-db:worker-effect-data-processing (1ms)
8-15-2026 02:51:15-debug: asset-db-hook-engine-extends-afterRefresh (2ms)
8-15-2026 02:51:20-debug: Query all assets info in project
8-15-2026 02:51:20-debug: init custom config: keepNodeUuid: false, useCache: true
8-15-2026 02:51:20-debug: Skip compress image, progress: 0%
8-15-2026 02:51:20-debug: Init all bundles start..., progress: 0%
8-15-2026 02:51:20-debug: Query asset bundle start, progress: 0%
8-15-2026 02:51:20-debug: // ---- build task Query asset bundle ----
8-15-2026 02:51:20-debug: Init bundle root assets start..., progress: 0%
8-15-2026 02:51:20-debug: Num of bundles: 2..., progress: 0%
8-15-2026 02:51:20-debug: Query preload assets/scripts from cc.config.json: 60f7195c-ec2a-45eb-ba94-8955f60e81d0,1c02ae6f-4492-4915-b8f8-7492a3b1e4cd,810e96e4-e456-4468-9b59-f4e8f39732c0,efe8e2a3-eace-427b-b4f1-cb8a937ec77d,e9aa9a3e-5b2b-4ac7-a2c7-073de2b2b24f,8bbdbcdd-5cd4-4100-b6d5-b7c9625b6107,50f4348b-c883-4e2f-8f11-ce233b859fa1,fda095cb-831d-4601-ad94-846013963de8,f92806d7-1768-443f-afe8-12bcde84d0f0,dd3a144d-ab7f-41f0-82b8-2e43a090d496,f0416e68-0200-4b77-a926-4f9d16e494da,511d2633-09a7-4bdd-ac42-f778032124b3,5d45aa00-e064-4938-b314-4265f0c2258c,9361fd90-ba52-4f84-aa93-6e878fd576ca,970b0598-bcb0-4714-91fb-2e81440dccd8,bcd64cc6-2dd9-43f6-abbe-66318d332032,d930590d-bb92-4cc8-8bd1-23cd027f9edf,a3cd009f-0ab0-420d-9278-b9fdab939bbc,6a2d0734-bd9e-4ddf-946e-caa52498cb75,d9937e59-61fe-4ec6-92ab-7ac5a19c89b0,d1346436-ac96-4271-b863-1f4fdead95b0,971bdb23-3ff6-43eb-b422-1c30165a3663,17debcc3-0a6b-4b8a-b00b-dc58b885581e,711ebe11-f673-4cd9-9a83-63c60ba54c5b,c0143906-9aed-447e-9436-2ae8512d1b6e,14da1725-c4c2-42b4-ab08-ee0aeb6898b3,081cab31-dccd-428e-8652-f2404cc81c47,78e0584a-4343-4727-8f37-e14e65c2a2db,871c3b6c-7379-419d-bda3-794b239ab90d,ff9b0199-ce04-4cfe-86cc-6c719f08d6e4,de1c2107-70c8-4021-8459-6399f24d01c6,cbf30902-517f-40dc-af90-a550bac27cf1,5c601d96-e4c7-4698-991b-7ee674b11079
8-15-2026 02:51:20-debug:   Number of all scenes: 1
8-15-2026 02:51:20-debug:   Number of all scripts: 42
8-15-2026 02:51:20-debug:   Number of other assets: 486
8-15-2026 02:51:20-debug: Init bundle root assets success..., progress: 0%
8-15-2026 02:51:20-debug: // ---- build task Query asset bundle ---- (12ms)
8-15-2026 02:51:20-log: run build task Query asset bundle success in 12 ms√, progress: 5%
8-15-2026 02:51:20-debug: [Build Memory track]: Query asset bundle start:223.44MB, end 223.29MB, increase: -152.52KB
8-15-2026 02:51:20-debug: // ---- build task Query asset bundle ----
8-15-2026 02:51:20-debug: Query asset bundle start, progress: 5%
8-15-2026 02:51:20-debug: // ---- build task Query asset bundle ---- (6ms)
8-15-2026 02:51:20-log: run build task Query asset bundle success in 6 ms√, progress: 10%
8-15-2026 02:51:20-debug: [Build Memory track]: Query asset bundle start:223.33MB, end 223.48MB, increase: 152.70KB
8-15-2026 02:51:20-debug: Sort some build options to settings.json start, progress: 10%
8-15-2026 02:51:20-debug: // ---- build task Sort some build options to settings.json ----
8-15-2026 02:51:20-debug: // ---- build task Sort some build options to settings.json ---- (5ms)
8-15-2026 02:51:20-log: run build task Sort some build options to settings.json success in 5 ms√, progress: 12%
8-15-2026 02:51:20-debug: [Build Memory track]: Sort some build options to settings.json start:223.52MB, end 223.55MB, increase: 33.41KB
8-15-2026 02:51:20-debug: // ---- build task Fill script data to settings ----
8-15-2026 02:51:20-debug: Fill script data to settings start, progress: 12%
8-15-2026 02:51:20-debug: // ---- build task Fill script data to settings ---- (2ms)
8-15-2026 02:51:20-log: run build task Fill script data to settings success in 2 ms√, progress: 13%
8-15-2026 02:51:20-debug: [Build Memory track]: Fill script data to settings start:223.59MB, end 223.62MB, increase: 31.92KB
8-15-2026 02:51:20-debug: Sort some build options to settings.json start, progress: 13%
8-15-2026 02:51:20-debug: // ---- build task Sort some build options to settings.json ----
8-15-2026 02:51:20-debug: // ---- build task Sort some build options to settings.json ---- (13ms)
8-15-2026 02:51:21-debug: [Build Memory track]: Sort some build options to settings.json start:223.66MB, end 223.80MB, increase: 139.80KB
8-15-2026 02:51:20-log: run build task Sort some build options to settings.json success in 13 ms√, progress: 15%
8-15-2026 02:51:23-debug: %cImport%c: F:\Github\BattleGame\assets\Battle.scenebackground: #aaff85; color: #000;color: #000;
8-15-2026 02:51:23-debug: asset-db:reimport-asset1effe86e-a401-4769-9dbc-62218c68834d (39ms)
8-15-2026 02:51:24-debug: Query all assets info in project
8-15-2026 02:51:24-debug: init custom config: keepNodeUuid: false, useCache: true
8-15-2026 02:51:24-debug: Skip compress image, progress: 0%
8-15-2026 02:51:24-debug: Num of bundles: 2..., progress: 0%
8-15-2026 02:51:24-debug: Query asset bundle start, progress: 0%
8-15-2026 02:51:24-debug: Init all bundles start..., progress: 0%
8-15-2026 02:51:24-debug: // ---- build task Query asset bundle ----
8-15-2026 02:51:24-debug: Init bundle root assets start..., progress: 0%
8-15-2026 02:51:24-debug:   Number of all scenes: 1
8-15-2026 02:51:24-debug: Query preload assets/scripts from cc.config.json: 60f7195c-ec2a-45eb-ba94-8955f60e81d0,1c02ae6f-4492-4915-b8f8-7492a3b1e4cd,810e96e4-e456-4468-9b59-f4e8f39732c0,efe8e2a3-eace-427b-b4f1-cb8a937ec77d,e9aa9a3e-5b2b-4ac7-a2c7-073de2b2b24f,8bbdbcdd-5cd4-4100-b6d5-b7c9625b6107,50f4348b-c883-4e2f-8f11-ce233b859fa1,fda095cb-831d-4601-ad94-846013963de8,f92806d7-1768-443f-afe8-12bcde84d0f0,dd3a144d-ab7f-41f0-82b8-2e43a090d496,f0416e68-0200-4b77-a926-4f9d16e494da,511d2633-09a7-4bdd-ac42-f778032124b3,5d45aa00-e064-4938-b314-4265f0c2258c,9361fd90-ba52-4f84-aa93-6e878fd576ca,970b0598-bcb0-4714-91fb-2e81440dccd8,bcd64cc6-2dd9-43f6-abbe-66318d332032,d930590d-bb92-4cc8-8bd1-23cd027f9edf,a3cd009f-0ab0-420d-9278-b9fdab939bbc,6a2d0734-bd9e-4ddf-946e-caa52498cb75,d9937e59-61fe-4ec6-92ab-7ac5a19c89b0,d1346436-ac96-4271-b863-1f4fdead95b0,971bdb23-3ff6-43eb-b422-1c30165a3663,17debcc3-0a6b-4b8a-b00b-dc58b885581e,711ebe11-f673-4cd9-9a83-63c60ba54c5b,c0143906-9aed-447e-9436-2ae8512d1b6e,14da1725-c4c2-42b4-ab08-ee0aeb6898b3,081cab31-dccd-428e-8652-f2404cc81c47,78e0584a-4343-4727-8f37-e14e65c2a2db,871c3b6c-7379-419d-bda3-794b239ab90d,ff9b0199-ce04-4cfe-86cc-6c719f08d6e4,de1c2107-70c8-4021-8459-6399f24d01c6,cbf30902-517f-40dc-af90-a550bac27cf1,5c601d96-e4c7-4698-991b-7ee674b11079
8-15-2026 02:51:24-debug: Init bundle root assets success..., progress: 0%
8-15-2026 02:51:24-debug:   Number of other assets: 486
8-15-2026 02:51:24-debug:   Number of all scripts: 42
8-15-2026 02:51:24-debug: [Build Memory track]: Query asset bundle start:224.37MB, end 224.24MB, increase: -133.87KB
8-15-2026 02:51:24-debug: Query asset bundle start, progress: 5%
8-15-2026 02:51:24-log: run build task Query asset bundle success in 10 ms√, progress: 5%
8-15-2026 02:51:24-debug: // ---- build task Query asset bundle ---- (10ms)
8-15-2026 02:51:24-debug: // ---- build task Query asset bundle ----
8-15-2026 02:51:24-debug: // ---- build task Query asset bundle ---- (6ms)
8-15-2026 02:51:24-debug: // ---- build task Sort some build options to settings.json ----
8-15-2026 02:51:24-debug: Sort some build options to settings.json start, progress: 10%
8-15-2026 02:51:24-debug: [Build Memory track]: Query asset bundle start:224.28MB, end 224.42MB, increase: 146.42KB
8-15-2026 02:51:24-log: run build task Query asset bundle success in 6 ms√, progress: 10%
8-15-2026 02:51:24-debug: // ---- build task Sort some build options to settings.json ---- (2ms)
8-15-2026 02:51:24-log: run build task Sort some build options to settings.json success in 2 ms√, progress: 12%
8-15-2026 02:51:24-debug: [Build Memory track]: Sort some build options to settings.json start:224.46MB, end 224.50MB, increase: 42.11KB
8-15-2026 02:51:24-debug: Fill script data to settings start, progress: 12%
8-15-2026 02:51:24-debug: // ---- build task Fill script data to settings ----
8-15-2026 02:51:24-debug: // ---- build task Fill script data to settings ---- (2ms)
8-15-2026 02:51:24-debug: [Build Memory track]: Fill script data to settings start:224.54MB, end 224.57MB, increase: 32.64KB
8-15-2026 02:51:24-debug: // ---- build task Sort some build options to settings.json ----
8-15-2026 02:51:24-debug: Sort some build options to settings.json start, progress: 13%
8-15-2026 02:51:24-log: run build task Fill script data to settings success in 2 ms√, progress: 13%
8-15-2026 02:51:24-debug: // ---- build task Sort some build options to settings.json ---- (5ms)
8-15-2026 02:51:24-debug: [Build Memory track]: Sort some build options to settings.json start:224.61MB, end 224.74MB, increase: 134.93KB
8-15-2026 02:51:24-log: run build task Sort some build options to settings.json success in 5 ms√, progress: 15%
8-15-2026 08:10:52-debug: refresh db internal success
8-15-2026 08:10:52-debug: refresh db assets success
8-15-2026 08:10:52-debug: Run asset db hook engine-extends:afterRefresh ...
8-15-2026 08:10:52-debug: Run asset db hook engine-extends:afterRefresh success!
8-15-2026 08:10:52-debug: asset-db:refresh-all-database (84ms)
8-15-2026 08:10:52-debug: asset-db:worker-effect-data-processing (1ms)
8-15-2026 08:10:52-debug: asset-db-hook-engine-extends-afterRefresh (1ms)
8-15-2026 08:11:00-debug: %cImport%c: F:\Github\BattleGame\assets\Battle.scenebackground: #aaff85; color: #000;color: #000;
8-15-2026 08:11:00-debug: asset-db:reimport-asset1effe86e-a401-4769-9dbc-62218c68834d (34ms)
8-15-2026 08:11:01-debug: Query all assets info in project
8-15-2026 08:11:01-debug: init custom config: keepNodeUuid: false, useCache: true
8-15-2026 08:11:01-debug: Skip compress image, progress: 0%
8-15-2026 08:11:01-debug: Num of bundles: 2..., progress: 0%
8-15-2026 08:11:01-debug: Query asset bundle start, progress: 0%
8-15-2026 08:11:01-debug: // ---- build task Query asset bundle ----
8-15-2026 08:11:01-debug: Init all bundles start..., progress: 0%
8-15-2026 08:11:01-debug: Init bundle root assets start..., progress: 0%
8-15-2026 08:11:01-debug: Query preload assets/scripts from cc.config.json: 60f7195c-ec2a-45eb-ba94-8955f60e81d0,1c02ae6f-4492-4915-b8f8-7492a3b1e4cd,810e96e4-e456-4468-9b59-f4e8f39732c0,efe8e2a3-eace-427b-b4f1-cb8a937ec77d,e9aa9a3e-5b2b-4ac7-a2c7-073de2b2b24f,8bbdbcdd-5cd4-4100-b6d5-b7c9625b6107,50f4348b-c883-4e2f-8f11-ce233b859fa1,fda095cb-831d-4601-ad94-846013963de8,f92806d7-1768-443f-afe8-12bcde84d0f0,dd3a144d-ab7f-41f0-82b8-2e43a090d496,f0416e68-0200-4b77-a926-4f9d16e494da,511d2633-09a7-4bdd-ac42-f778032124b3,5d45aa00-e064-4938-b314-4265f0c2258c,9361fd90-ba52-4f84-aa93-6e878fd576ca,970b0598-bcb0-4714-91fb-2e81440dccd8,bcd64cc6-2dd9-43f6-abbe-66318d332032,d930590d-bb92-4cc8-8bd1-23cd027f9edf,a3cd009f-0ab0-420d-9278-b9fdab939bbc,6a2d0734-bd9e-4ddf-946e-caa52498cb75,d9937e59-61fe-4ec6-92ab-7ac5a19c89b0,d1346436-ac96-4271-b863-1f4fdead95b0,971bdb23-3ff6-43eb-b422-1c30165a3663,17debcc3-0a6b-4b8a-b00b-dc58b885581e,711ebe11-f673-4cd9-9a83-63c60ba54c5b,c0143906-9aed-447e-9436-2ae8512d1b6e,14da1725-c4c2-42b4-ab08-ee0aeb6898b3,081cab31-dccd-428e-8652-f2404cc81c47,78e0584a-4343-4727-8f37-e14e65c2a2db,871c3b6c-7379-419d-bda3-794b239ab90d,ff9b0199-ce04-4cfe-86cc-6c719f08d6e4,de1c2107-70c8-4021-8459-6399f24d01c6,cbf30902-517f-40dc-af90-a550bac27cf1,5c601d96-e4c7-4698-991b-7ee674b11079
8-15-2026 08:11:01-debug:   Number of all scenes: 1
8-15-2026 08:11:01-debug:   Number of other assets: 486
8-15-2026 08:11:01-debug: Init bundle root assets success..., progress: 0%
8-15-2026 08:11:01-debug:   Number of all scripts: 42
8-15-2026 08:11:01-debug: // ---- build task Query asset bundle ---- (11ms)
8-15-2026 08:11:01-debug: Query asset bundle start, progress: 5%
8-15-2026 08:11:01-debug: [Build Memory track]: Query asset bundle start:226.25MB, end 226.12MB, increase: -125.94KB
8-15-2026 08:11:01-debug: // ---- build task Query asset bundle ----
8-15-2026 08:11:01-log: run build task Query asset bundle success in 11 ms√, progress: 5%
8-15-2026 08:11:01-debug: // ---- build task Query asset bundle ---- (6ms)
8-15-2026 08:11:01-log: run build task Query asset bundle success in 6 ms√, progress: 10%
8-15-2026 08:11:01-debug: [Build Memory track]: Query asset bundle start:226.16MB, end 226.31MB, increase: 148.99KB
8-15-2026 08:11:01-debug: // ---- build task Sort some build options to settings.json ----
8-15-2026 08:11:01-debug: Sort some build options to settings.json start, progress: 10%
8-15-2026 08:11:01-debug: // ---- build task Sort some build options to settings.json ---- (2ms)
8-15-2026 08:11:01-log: run build task Sort some build options to settings.json success in 2 ms√, progress: 12%
8-15-2026 08:11:01-debug: [Build Memory track]: Sort some build options to settings.json start:226.35MB, end 226.38MB, increase: 33.47KB
8-15-2026 08:11:01-debug: Fill script data to settings start, progress: 12%
8-15-2026 08:11:01-debug: // ---- build task Fill script data to settings ----
8-15-2026 08:11:01-debug: // ---- build task Fill script data to settings ---- (2ms)
8-15-2026 08:11:01-log: run build task Fill script data to settings success in 2 ms√, progress: 13%
8-15-2026 08:11:01-debug: [Build Memory track]: Fill script data to settings start:226.42MB, end 226.45MB, increase: 32.68KB
8-15-2026 08:11:01-debug: // ---- build task Sort some build options to settings.json ----
8-15-2026 08:11:01-debug: Sort some build options to settings.json start, progress: 13%
8-15-2026 08:11:01-debug: // ---- build task Sort some build options to settings.json ---- (8ms)
8-15-2026 08:11:01-debug: [Build Memory track]: Sort some build options to settings.json start:226.49MB, end 226.63MB, increase: 146.75KB
8-15-2026 08:11:01-log: run build task Sort some build options to settings.json success in 8 ms√, progress: 15%
8-15-2026 12:00:23-debug: refresh db internal success
8-15-2026 12:00:23-debug: refresh db assets success
8-15-2026 12:00:23-debug: Run asset db hook engine-extends:afterRefresh ...
8-15-2026 12:00:23-debug: Run asset db hook engine-extends:afterRefresh success!
8-15-2026 12:00:23-debug: asset-db:refresh-all-database (147ms)
8-15-2026 12:00:23-debug: asset-db:worker-effect-data-processing (2ms)
8-15-2026 12:00:23-debug: asset-db-hook-engine-extends-afterRefresh (3ms)
8-15-2026 12:30:53-debug: refresh db internal success
8-15-2026 12:30:53-debug: %cImport%c: F:\Github\BattleGame\assets\scripts\LevelSettings.tsbackground: #aaff85; color: #000;color: #000;
8-15-2026 12:30:53-debug: refresh db assets success
8-15-2026 12:30:53-debug: Run asset db hook engine-extends:afterRefresh ...
8-15-2026 12:30:53-debug: Run asset db hook engine-extends:afterRefresh success!
8-15-2026 12:30:53-debug: asset-db:refresh-all-database (80ms)
8-15-2026 12:30:53-debug: asset-db:worker-effect-data-processing (3ms)
8-15-2026 12:30:53-debug: asset-db-hook-engine-extends-afterRefresh (4ms)
8-15-2026 12:30:57-debug: Query all assets info in project
8-15-2026 12:30:57-debug: init custom config: keepNodeUuid: false, useCache: true
8-15-2026 12:30:57-debug: Skip compress image, progress: 0%
8-15-2026 12:30:57-debug: Init all bundles start..., progress: 0%
8-15-2026 12:30:57-debug: Num of bundles: 2..., progress: 0%
8-15-2026 12:30:57-debug: Query asset bundle start, progress: 0%
8-15-2026 12:30:57-debug: // ---- build task Query asset bundle ----
8-15-2026 12:30:57-debug: Init bundle root assets start..., progress: 0%
8-15-2026 12:30:57-debug:   Number of all scenes: 1
8-15-2026 12:30:57-debug: Query preload assets/scripts from cc.config.json: 60f7195c-ec2a-45eb-ba94-8955f60e81d0,1c02ae6f-4492-4915-b8f8-7492a3b1e4cd,810e96e4-e456-4468-9b59-f4e8f39732c0,efe8e2a3-eace-427b-b4f1-cb8a937ec77d,e9aa9a3e-5b2b-4ac7-a2c7-073de2b2b24f,8bbdbcdd-5cd4-4100-b6d5-b7c9625b6107,50f4348b-c883-4e2f-8f11-ce233b859fa1,fda095cb-831d-4601-ad94-846013963de8,f92806d7-1768-443f-afe8-12bcde84d0f0,dd3a144d-ab7f-41f0-82b8-2e43a090d496,f0416e68-0200-4b77-a926-4f9d16e494da,511d2633-09a7-4bdd-ac42-f778032124b3,5d45aa00-e064-4938-b314-4265f0c2258c,9361fd90-ba52-4f84-aa93-6e878fd576ca,970b0598-bcb0-4714-91fb-2e81440dccd8,bcd64cc6-2dd9-43f6-abbe-66318d332032,d930590d-bb92-4cc8-8bd1-23cd027f9edf,a3cd009f-0ab0-420d-9278-b9fdab939bbc,6a2d0734-bd9e-4ddf-946e-caa52498cb75,d9937e59-61fe-4ec6-92ab-7ac5a19c89b0,d1346436-ac96-4271-b863-1f4fdead95b0,971bdb23-3ff6-43eb-b422-1c30165a3663,17debcc3-0a6b-4b8a-b00b-dc58b885581e,711ebe11-f673-4cd9-9a83-63c60ba54c5b,c0143906-9aed-447e-9436-2ae8512d1b6e,14da1725-c4c2-42b4-ab08-ee0aeb6898b3,081cab31-dccd-428e-8652-f2404cc81c47,78e0584a-4343-4727-8f37-e14e65c2a2db,871c3b6c-7379-419d-bda3-794b239ab90d,ff9b0199-ce04-4cfe-86cc-6c719f08d6e4,de1c2107-70c8-4021-8459-6399f24d01c6,cbf30902-517f-40dc-af90-a550bac27cf1,5c601d96-e4c7-4698-991b-7ee674b11079
8-15-2026 12:30:57-debug: Init bundle root assets success..., progress: 0%
8-15-2026 12:30:57-debug:   Number of all scripts: 42
8-15-2026 12:30:57-debug:   Number of other assets: 486
8-15-2026 12:30:57-log: run build task Query asset bundle success in 21 ms√, progress: 5%
8-15-2026 12:30:57-debug: [Build Memory track]: Query asset bundle start:230.19MB, end 230.68MB, increase: 500.29KB
8-15-2026 12:30:57-debug: Query asset bundle start, progress: 5%
8-15-2026 12:30:57-debug: // ---- build task Query asset bundle ---- (21ms)
8-15-2026 12:30:57-debug: // ---- build task Query asset bundle ----
8-15-2026 12:30:57-debug: // ---- build task Query asset bundle ---- (4ms)
8-15-2026 12:30:57-log: run build task Query asset bundle success in 4 ms√, progress: 10%
8-15-2026 12:30:57-debug: [Build Memory track]: Query asset bundle start:230.71MB, end 229.31MB, increase: -1435.29KB
8-15-2026 12:30:57-debug: Sort some build options to settings.json start, progress: 10%
8-15-2026 12:30:57-debug: // ---- build task Sort some build options to settings.json ----
8-15-2026 12:30:57-debug: // ---- build task Sort some build options to settings.json ---- (2ms)
8-15-2026 12:30:57-debug: Fill script data to settings start, progress: 12%
8-15-2026 12:30:57-log: run build task Sort some build options to settings.json success in 2 ms√, progress: 12%
8-15-2026 12:30:57-debug: [Build Memory track]: Sort some build options to settings.json start:229.34MB, end 229.37MB, increase: 31.77KB
8-15-2026 12:30:57-debug: // ---- build task Fill script data to settings ----
8-15-2026 12:30:57-debug: // ---- build task Fill script data to settings ---- (2ms)
8-15-2026 12:30:57-log: run build task Fill script data to settings success in 2 ms√, progress: 13%
8-15-2026 12:30:57-debug: [Build Memory track]: Fill script data to settings start:229.39MB, end 229.42MB, increase: 25.77KB
8-15-2026 12:30:57-debug: // ---- build task Sort some build options to settings.json ----
8-15-2026 12:30:57-debug: Sort some build options to settings.json start, progress: 13%
8-15-2026 12:30:57-debug: // ---- build task Sort some build options to settings.json ---- (4ms)
8-15-2026 12:30:57-log: run build task Sort some build options to settings.json success in 4 ms√, progress: 15%
8-15-2026 12:30:57-debug: [Build Memory track]: Sort some build options to settings.json start:229.45MB, end 229.57MB, increase: 126.21KB
8-15-2026 12:31:40-debug: %cImport%c: F:\Github\BattleGame\assets\Battle.scenebackground: #aaff85; color: #000;color: #000;
8-15-2026 12:31:40-debug: asset-db:reimport-asset1effe86e-a401-4769-9dbc-62218c68834d (24ms)
8-15-2026 12:31:41-debug: Query all assets info in project
8-15-2026 12:31:41-debug: init custom config: keepNodeUuid: false, useCache: true
8-15-2026 12:31:41-debug: Skip compress image, progress: 0%
8-15-2026 12:31:41-debug: Init all bundles start..., progress: 0%
8-15-2026 12:31:41-debug: Init bundle root assets start..., progress: 0%
8-15-2026 12:31:41-debug: Query asset bundle start, progress: 0%
8-15-2026 12:31:41-debug: // ---- build task Query asset bundle ----
8-15-2026 12:31:41-debug: Num of bundles: 2..., progress: 0%
8-15-2026 12:31:41-debug: Query preload assets/scripts from cc.config.json: 60f7195c-ec2a-45eb-ba94-8955f60e81d0,1c02ae6f-4492-4915-b8f8-7492a3b1e4cd,810e96e4-e456-4468-9b59-f4e8f39732c0,efe8e2a3-eace-427b-b4f1-cb8a937ec77d,e9aa9a3e-5b2b-4ac7-a2c7-073de2b2b24f,8bbdbcdd-5cd4-4100-b6d5-b7c9625b6107,50f4348b-c883-4e2f-8f11-ce233b859fa1,fda095cb-831d-4601-ad94-846013963de8,f92806d7-1768-443f-afe8-12bcde84d0f0,dd3a144d-ab7f-41f0-82b8-2e43a090d496,f0416e68-0200-4b77-a926-4f9d16e494da,511d2633-09a7-4bdd-ac42-f778032124b3,5d45aa00-e064-4938-b314-4265f0c2258c,9361fd90-ba52-4f84-aa93-6e878fd576ca,970b0598-bcb0-4714-91fb-2e81440dccd8,bcd64cc6-2dd9-43f6-abbe-66318d332032,d930590d-bb92-4cc8-8bd1-23cd027f9edf,a3cd009f-0ab0-420d-9278-b9fdab939bbc,6a2d0734-bd9e-4ddf-946e-caa52498cb75,d9937e59-61fe-4ec6-92ab-7ac5a19c89b0,d1346436-ac96-4271-b863-1f4fdead95b0,971bdb23-3ff6-43eb-b422-1c30165a3663,17debcc3-0a6b-4b8a-b00b-dc58b885581e,711ebe11-f673-4cd9-9a83-63c60ba54c5b,c0143906-9aed-447e-9436-2ae8512d1b6e,14da1725-c4c2-42b4-ab08-ee0aeb6898b3,081cab31-dccd-428e-8652-f2404cc81c47,78e0584a-4343-4727-8f37-e14e65c2a2db,871c3b6c-7379-419d-bda3-794b239ab90d,ff9b0199-ce04-4cfe-86cc-6c719f08d6e4,de1c2107-70c8-4021-8459-6399f24d01c6,cbf30902-517f-40dc-af90-a550bac27cf1,5c601d96-e4c7-4698-991b-7ee674b11079
8-15-2026 12:31:41-debug:   Number of all scenes: 1
8-15-2026 12:31:41-debug: Init bundle root assets success..., progress: 0%
8-15-2026 12:31:41-debug:   Number of all scripts: 42
8-15-2026 12:31:41-debug:   Number of other assets: 486
8-15-2026 12:31:41-debug: // ---- build task Query asset bundle ---- (5ms)
8-15-2026 12:31:41-log: run build task Query asset bundle success in 5 ms√, progress: 5%
8-15-2026 12:31:41-debug: Query asset bundle start, progress: 5%
8-15-2026 12:31:41-debug: [Build Memory track]: Query asset bundle start:231.75MB, end 230.40MB, increase: -1378.86KB
8-15-2026 12:31:41-debug: // ---- build task Query asset bundle ----
8-15-2026 12:31:41-debug: // ---- build task Query asset bundle ---- (6ms)
8-15-2026 12:31:41-debug: [Build Memory track]: Query asset bundle start:230.43MB, end 230.57MB, increase: 139.39KB
8-15-2026 12:31:41-log: run build task Query asset bundle success in 6 ms√, progress: 10%
8-15-2026 12:31:41-debug: Sort some build options to settings.json start, progress: 10%
8-15-2026 12:31:41-debug: // ---- build task Sort some build options to settings.json ----
8-15-2026 12:31:41-debug: // ---- build task Sort some build options to settings.json ---- (3ms)
8-15-2026 12:31:41-debug: // ---- build task Fill script data to settings ----
8-15-2026 12:31:41-log: run build task Sort some build options to settings.json success in 3 ms√, progress: 12%
8-15-2026 12:31:41-debug: [Build Memory track]: Sort some build options to settings.json start:230.60MB, end 229.71MB, increase: -906.24KB
8-15-2026 12:31:41-debug: Fill script data to settings start, progress: 12%
8-15-2026 12:31:41-debug: // ---- build task Fill script data to settings ---- (2ms)
8-15-2026 12:31:41-log: run build task Fill script data to settings success in 2 ms√, progress: 13%
8-15-2026 12:31:41-debug: [Build Memory track]: Fill script data to settings start:229.74MB, end 229.77MB, increase: 25.60KB
8-15-2026 12:31:41-debug: Sort some build options to settings.json start, progress: 13%
8-15-2026 12:31:41-debug: // ---- build task Sort some build options to settings.json ----
8-15-2026 12:31:41-debug: // ---- build task Sort some build options to settings.json ---- (6ms)
8-15-2026 12:31:41-debug: [Build Memory track]: Sort some build options to settings.json start:229.79MB, end 229.92MB, increase: 127.24KB
8-15-2026 12:31:41-log: run build task Sort some build options to settings.json success in 6 ms√, progress: 15%
8-15-2026 18:17:37-debug: refresh db internal success
8-15-2026 18:17:37-debug: %cImport%c: F:\Github\BattleGame\assets\scripts\LevelSettings.tsbackground: #aaff85; color: #000;color: #000;
8-15-2026 18:17:37-debug: refresh db assets success
8-15-2026 18:17:37-debug: Run asset db hook engine-extends:afterRefresh success!
8-15-2026 18:17:37-debug: Run asset db hook engine-extends:afterRefresh ...
8-15-2026 18:17:37-debug: asset-db:refresh-all-database (83ms)
8-15-2026 18:17:37-debug: asset-db:worker-effect-data-processing (1ms)
8-15-2026 18:17:37-debug: asset-db-hook-engine-extends-afterRefresh (1ms)
8-15-2026 18:17:41-debug: Query all assets info in project
8-15-2026 18:17:41-debug: init custom config: keepNodeUuid: false, useCache: true
8-15-2026 18:17:41-debug: Skip compress image, progress: 0%
8-15-2026 18:17:41-debug: Init all bundles start..., progress: 0%
8-15-2026 18:17:41-debug: // ---- build task Query asset bundle ----
8-15-2026 18:17:41-debug: Num of bundles: 2..., progress: 0%
8-15-2026 18:17:41-debug: Query asset bundle start, progress: 0%
8-15-2026 18:17:41-debug: Init bundle root assets start..., progress: 0%
8-15-2026 18:17:41-debug: Query preload assets/scripts from cc.config.json: 60f7195c-ec2a-45eb-ba94-8955f60e81d0,1c02ae6f-4492-4915-b8f8-7492a3b1e4cd,810e96e4-e456-4468-9b59-f4e8f39732c0,efe8e2a3-eace-427b-b4f1-cb8a937ec77d,e9aa9a3e-5b2b-4ac7-a2c7-073de2b2b24f,8bbdbcdd-5cd4-4100-b6d5-b7c9625b6107,50f4348b-c883-4e2f-8f11-ce233b859fa1,fda095cb-831d-4601-ad94-846013963de8,f92806d7-1768-443f-afe8-12bcde84d0f0,dd3a144d-ab7f-41f0-82b8-2e43a090d496,f0416e68-0200-4b77-a926-4f9d16e494da,511d2633-09a7-4bdd-ac42-f778032124b3,5d45aa00-e064-4938-b314-4265f0c2258c,9361fd90-ba52-4f84-aa93-6e878fd576ca,970b0598-bcb0-4714-91fb-2e81440dccd8,bcd64cc6-2dd9-43f6-abbe-66318d332032,d930590d-bb92-4cc8-8bd1-23cd027f9edf,a3cd009f-0ab0-420d-9278-b9fdab939bbc,6a2d0734-bd9e-4ddf-946e-caa52498cb75,d9937e59-61fe-4ec6-92ab-7ac5a19c89b0,d1346436-ac96-4271-b863-1f4fdead95b0,971bdb23-3ff6-43eb-b422-1c30165a3663,17debcc3-0a6b-4b8a-b00b-dc58b885581e,711ebe11-f673-4cd9-9a83-63c60ba54c5b,c0143906-9aed-447e-9436-2ae8512d1b6e,14da1725-c4c2-42b4-ab08-ee0aeb6898b3,081cab31-dccd-428e-8652-f2404cc81c47,78e0584a-4343-4727-8f37-e14e65c2a2db,871c3b6c-7379-419d-bda3-794b239ab90d,ff9b0199-ce04-4cfe-86cc-6c719f08d6e4,de1c2107-70c8-4021-8459-6399f24d01c6,cbf30902-517f-40dc-af90-a550bac27cf1,5c601d96-e4c7-4698-991b-7ee674b11079
8-15-2026 18:17:41-debug:   Number of other assets: 486
8-15-2026 18:17:41-debug: Init bundle root assets success..., progress: 0%
8-15-2026 18:17:41-debug:   Number of all scenes: 1
8-15-2026 18:17:41-debug:   Number of all scripts: 42
8-15-2026 18:17:41-debug: // ---- build task Query asset bundle ---- (12ms)
8-15-2026 18:17:41-log: run build task Query asset bundle success in 12 ms√, progress: 5%
8-15-2026 18:17:41-debug: [Build Memory track]: Query asset bundle start:231.82MB, end 231.58MB, increase: -245.95KB
8-15-2026 18:17:41-debug: Query asset bundle start, progress: 5%
8-15-2026 18:17:41-debug: // ---- build task Query asset bundle ----
8-15-2026 18:17:41-debug: // ---- build task Query asset bundle ---- (5ms)
8-15-2026 18:17:41-log: run build task Query asset bundle success in 5 ms√, progress: 10%
8-15-2026 18:17:41-debug: [Build Memory track]: Query asset bundle start:231.61MB, end 231.75MB, increase: 148.30KB
8-15-2026 18:17:41-debug: // ---- build task Sort some build options to settings.json ----
8-15-2026 18:17:41-debug: Sort some build options to settings.json start, progress: 10%
8-15-2026 18:17:41-debug: // ---- build task Sort some build options to settings.json ---- (2ms)
8-15-2026 18:17:41-debug: [Build Memory track]: Sort some build options to settings.json start:231.78MB, end 231.81MB, increase: 26.16KB
8-15-2026 18:17:41-debug: // ---- build task Fill script data to settings ----
8-15-2026 18:17:41-log: run build task Sort some build options to settings.json success in 2 ms√, progress: 12%
8-15-2026 18:17:41-debug: Fill script data to settings start, progress: 12%
8-15-2026 18:17:41-debug: // ---- build task Fill script data to settings ---- (2ms)
8-15-2026 18:17:41-debug: [Build Memory track]: Fill script data to settings start:231.83MB, end 231.86MB, increase: 28.66KB
8-15-2026 18:17:41-debug: Sort some build options to settings.json start, progress: 13%
8-15-2026 18:17:41-log: run build task Fill script data to settings success in 2 ms√, progress: 13%
8-15-2026 18:17:41-debug: // ---- build task Sort some build options to settings.json ----
8-15-2026 18:17:41-debug: // ---- build task Sort some build options to settings.json ---- (12ms)
8-15-2026 18:17:41-debug: [Build Memory track]: Sort some build options to settings.json start:231.89MB, end 231.29MB, increase: -612.18KB
8-15-2026 18:17:41-log: run build task Sort some build options to settings.json success in 12 ms√, progress: 15%
