8-17-2026 18:06:45-log: Cannot access game frame or container.
8-17-2026 18:06:45-debug: asset-db:require-engine-code (462ms)
8-17-2026 18:06:45-log: meshopt wasm decoder initialized
8-17-2026 18:06:45-log: [bullet]:bullet wasm lib loaded.
8-17-2026 18:06:45-log: [box2d]:box2d wasm lib loaded.
8-17-2026 18:06:45-log: Cocos Creator v3.8.8
8-17-2026 18:06:45-log: Using legacy pipeline
8-17-2026 18:06:45-debug: [Assets Memory track]: asset-db:worker-init: initEngine start:28.25MB, end 79.01MB, increase: 50.76MB
8-17-2026 18:06:45-log: Forward render pipeline initialized.
8-17-2026 18:06:46-debug: [Assets Memory track]: asset-db:worker-init: initPlugin start:79.07MB, end 340.35MB, increase: 261.28MB
8-17-2026 18:06:46-debug: run package(native) handler(enable) start
8-17-2026 18:06:46-debug: run package(native) handler(enable) success!
8-17-2026 18:06:46-debug: run package(ohos) handler(enable) success!
8-17-2026 18:06:46-debug: run package(oppo-mini-game) handler(enable) start
8-17-2026 18:06:46-debug: run package(oppo-mini-game) handler(enable) success!
8-17-2026 18:06:46-debug: run package(runtime-dev-tools) handler(enable) start
8-17-2026 18:06:46-debug: run package(runtime-dev-tools) handler(enable) success!
8-17-2026 18:06:46-debug: run package(ohos) handler(enable) start
8-17-2026 18:06:46-debug: run package(taobao-mini-game) handler(enable) start
8-17-2026 18:06:46-debug: run package(taobao-mini-game) handler(enable) success!
8-17-2026 18:06:46-debug: run package(vivo-mini-game) handler(enable) success!
8-17-2026 18:06:46-debug: run package(web-desktop) handler(enable) success!
8-17-2026 18:06:46-debug: run package(vivo-mini-game) handler(enable) start
8-17-2026 18:06:46-debug: run package(web-mobile) handler(enable) success!
8-17-2026 18:06:46-debug: run package(web-desktop) handler(enable) start
8-17-2026 18:06:46-debug: run package(web-mobile) handler(enable) start
8-17-2026 18:06:46-debug: run package(wechatgame) handler(enable) start
8-17-2026 18:06:46-debug: run package(wechatgame) handler(enable) success!
8-17-2026 18:06:46-debug: run package(wechatprogram) handler(enable) success!
8-17-2026 18:06:46-debug: run package(wechatprogram) handler(enable) start
8-17-2026 18:06:46-debug: run package(windows) handler(enable) start
8-17-2026 18:06:46-debug: run package(xiaomi-quick-game) handler(enable) start
8-17-2026 18:06:46-debug: run package(xiaomi-quick-game) handler(enable) success!
8-17-2026 18:06:46-debug: run package(cocos-service) handler(enable) start
8-17-2026 18:06:46-debug: run package(cocos-service) handler(enable) success!
8-17-2026 18:06:46-debug: run package(im-plugin) handler(enable) start
8-17-2026 18:06:46-debug: run package(im-plugin) handler(enable) success!
8-17-2026 18:06:46-debug: run package(placeholder) handler(enable) success!
8-17-2026 18:06:46-debug: run package(windows) handler(enable) success!
8-17-2026 18:06:46-debug: run package(placeholder) handler(enable) start
8-17-2026 18:06:46-debug: asset-db:worker-init: initPlugin (1376ms)
8-17-2026 18:06:46-debug: [Assets Memory track]: asset-db:worker-init start:28.24MB, end 341.77MB, increase: 313.53MB
8-17-2026 18:06:46-debug: Run asset db hook programming:beforePreStart ...
8-17-2026 18:06:46-debug: Run asset db hook programming:beforePreStart success!
8-17-2026 18:06:46-debug: Run asset db hook engine-extends:beforePreStart ...
8-17-2026 18:06:46-debug: Run asset db hook engine-extends:beforePreStart success!
8-17-2026 18:06:48-debug: asset-db:worker-init (3805ms)
8-17-2026 18:06:48-debug: asset-db-hook-programming-beforePreStart (1820ms)
8-17-2026 18:06:48-debug: asset-db-hook-engine-extends-beforePreStart (1820ms)
8-17-2026 18:06:49-debug: Preimport db internal success
8-17-2026 18:06:49-debug: Preimport db assets success
8-17-2026 18:06:49-debug: starting packer-driver...
8-17-2026 18:06:49-debug: Run asset db hook programming:afterPreStart ...
8-17-2026 18:06:50-debug: initialize scripting environment...
8-17-2026 18:06:50-debug: [[Executor]] prepare before lock
8-17-2026 18:06:50-debug: Set detail map pack:///resolution-detail-map.json: {}
8-17-2026 18:06:50-debug: [[Executor]] prepare after unlock
8-17-2026 18:06:50-debug: Run asset db hook programming:afterPreStart success!
8-17-2026 18:06:50-debug: Run asset db hook engine-extends:afterPreStart success!
8-17-2026 18:06:50-debug: Run asset db hook engine-extends:afterPreStart ...
8-17-2026 18:06:50-debug: Start up the 'internal' database...
8-17-2026 18:06:51-debug: asset-db-hook-programming-afterPreStart (2363ms)
8-17-2026 18:06:51-debug: asset-db:worker-effect-data-processing (1006ms)
8-17-2026 18:06:51-debug: asset-db-hook-engine-extends-afterPreStart (1008ms)
8-17-2026 18:06:51-debug: Run asset db hook engine-extends:afterStartDB ...
8-17-2026 18:06:52-debug: recompile effect.bin success
8-17-2026 18:06:52-debug: Run asset db hook engine-extends:afterStartDB success!
8-17-2026 18:06:52-debug: Start up the 'assets' database...
8-17-2026 18:06:52-debug: asset-db:worker-effect-data-processing (246ms)
8-17-2026 18:06:52-debug: asset-db-hook-engine-extends-afterStartDB (246ms)
8-17-2026 18:06:52-debug: Run asset db hook engine-extends:afterStartDB ...
8-17-2026 18:06:52-debug: recompile effect.bin success
8-17-2026 18:06:52-debug: Run asset db hook engine-extends:afterStartDB success!
8-17-2026 18:06:52-debug: lazy register asset handler *
8-17-2026 18:06:52-debug: [Assets Memory track]: asset-db:worker-init: startup start:199.48MB, end 227.56MB, increase: 28.08MB
8-17-2026 18:06:52-debug: lazy register asset handler text
8-17-2026 18:06:52-debug: lazy register asset handler json
8-17-2026 18:06:52-debug: lazy register asset handler dragonbones
8-17-2026 18:06:52-debug: lazy register asset handler dragonbones-atlas
8-17-2026 18:06:52-debug: lazy register asset handler spine-data
8-17-2026 18:06:52-debug: lazy register asset handler javascript
8-17-2026 18:06:52-debug: lazy register asset handler terrain
8-17-2026 18:06:52-debug: lazy register asset handler typescript
8-17-2026 18:06:52-debug: lazy register asset handler directory
8-17-2026 18:06:52-debug: lazy register asset handler sprite-frame
8-17-2026 18:06:52-debug: lazy register asset handler prefab
8-17-2026 18:06:52-debug: lazy register asset handler tiled-map
8-17-2026 18:06:52-debug: lazy register asset handler scene
8-17-2026 18:06:52-debug: lazy register asset handler buffer
8-17-2026 18:06:52-debug: lazy register asset handler sign-image
8-17-2026 18:06:52-debug: lazy register asset handler alpha-image
8-17-2026 18:06:52-debug: lazy register asset handler texture-cube
8-17-2026 18:06:52-debug: lazy register asset handler image
8-17-2026 18:06:52-debug: lazy register asset handler texture
8-17-2026 18:06:52-debug: lazy register asset handler erp-texture-cube
8-17-2026 18:06:52-debug: lazy register asset handler texture-cube-face
8-17-2026 18:06:52-debug: lazy register asset handler gltf
8-17-2026 18:06:52-debug: lazy register asset handler render-texture
8-17-2026 18:06:52-debug: lazy register asset handler rt-sprite-frame
8-17-2026 18:06:52-debug: lazy register asset handler gltf-mesh
8-17-2026 18:06:52-debug: lazy register asset handler gltf-animation
8-17-2026 18:06:52-debug: lazy register asset handler gltf-material
8-17-2026 18:06:52-debug: lazy register asset handler gltf-skeleton
8-17-2026 18:06:52-debug: lazy register asset handler gltf-scene
8-17-2026 18:06:52-debug: lazy register asset handler fbx
8-17-2026 18:06:52-debug: lazy register asset handler gltf-embeded-image
8-17-2026 18:06:52-debug: lazy register asset handler physics-material
8-17-2026 18:06:52-debug: lazy register asset handler material
8-17-2026 18:06:52-debug: lazy register asset handler effect
8-17-2026 18:06:52-debug: lazy register asset handler audio-clip
8-17-2026 18:06:52-debug: lazy register asset handler effect-header
8-17-2026 18:06:52-debug: lazy register asset handler animation-graph
8-17-2026 18:06:52-debug: lazy register asset handler animation-graph-variant
8-17-2026 18:06:52-debug: lazy register asset handler ttf-font
8-17-2026 18:06:52-debug: lazy register asset handler animation-clip
8-17-2026 18:06:52-debug: lazy register asset handler animation-mask
8-17-2026 18:06:52-debug: lazy register asset handler sprite-atlas
8-17-2026 18:06:52-debug: lazy register asset handler bitmap-font
8-17-2026 18:06:52-debug: lazy register asset handler auto-atlas
8-17-2026 18:06:52-debug: lazy register asset handler label-atlas
8-17-2026 18:06:52-debug: lazy register asset handler particle
8-17-2026 18:06:52-debug: lazy register asset handler render-pipeline
8-17-2026 18:06:52-debug: lazy register asset handler instantiation-material
8-17-2026 18:06:52-debug: lazy register asset handler render-stage
8-17-2026 18:06:52-debug: lazy register asset handler instantiation-mesh
8-17-2026 18:06:52-debug: lazy register asset handler render-flow
8-17-2026 18:06:52-debug: lazy register asset handler instantiation-skeleton
8-17-2026 18:06:52-debug: lazy register asset handler instantiation-animation
8-17-2026 18:06:52-debug: lazy register asset handler video-clip
8-17-2026 18:06:52-debug: asset-db-hook-engine-extends-afterStartDB (226ms)
8-17-2026 18:06:52-debug: asset-db:start-database (5600ms)
8-17-2026 18:06:52-debug: asset-db:worker-effect-data-processing (225ms)
8-17-2026 18:06:52-debug: asset-db:ready (9791ms)
8-17-2026 18:06:52-debug: init worker message success
8-17-2026 18:06:52-debug: programming:execute-script (2ms)
8-17-2026 18:06:52-debug: [Build Memory track]: builder:worker-init start:217.39MB, end 226.30MB, increase: 8.91MB
8-17-2026 18:06:52-debug: builder:worker-init (229ms)
8-17-2026 18:06:58-debug: refresh db internal success
8-17-2026 18:06:58-debug: Run asset db hook engine-extends:afterRefresh ...
8-17-2026 18:06:58-debug: refresh db assets success
8-17-2026 18:06:58-debug: Run asset db hook engine-extends:afterRefresh success!
8-17-2026 18:06:58-debug: asset-db:refresh-all-database (52ms)
8-17-2026 18:06:58-debug: asset-db:worker-effect-data-processing (1ms)
8-17-2026 18:06:58-debug: asset-db-hook-engine-extends-afterRefresh (1ms)
8-17-2026 18:06:58-debug: Query all assets info in project
8-17-2026 18:06:58-debug: init custom config: keepNodeUuid: false, useCache: true
8-17-2026 18:06:58-debug: Skip compress image, progress: 0%
8-17-2026 18:06:58-debug: Init all bundles start..., progress: 0%
8-17-2026 18:06:58-debug: Num of bundles: 2..., progress: 0%
8-17-2026 18:06:58-debug: Query asset bundle start, progress: 0%
8-17-2026 18:06:58-debug: // ---- build task Query asset bundle ----
8-17-2026 18:06:58-debug: Init bundle root assets start..., progress: 0%
8-17-2026 18:06:58-debug: Query preload assets/scripts from cc.config.json: 60f7195c-ec2a-45eb-ba94-8955f60e81d0,1c02ae6f-4492-4915-b8f8-7492a3b1e4cd,810e96e4-e456-4468-9b59-f4e8f39732c0,efe8e2a3-eace-427b-b4f1-cb8a937ec77d,e9aa9a3e-5b2b-4ac7-a2c7-073de2b2b24f,8bbdbcdd-5cd4-4100-b6d5-b7c9625b6107,50f4348b-c883-4e2f-8f11-ce233b859fa1,fda095cb-831d-4601-ad94-846013963de8,f92806d7-1768-443f-afe8-12bcde84d0f0,dd3a144d-ab7f-41f0-82b8-2e43a090d496,f0416e68-0200-4b77-a926-4f9d16e494da,511d2633-09a7-4bdd-ac42-f778032124b3,5d45aa00-e064-4938-b314-4265f0c2258c,9361fd90-ba52-4f84-aa93-6e878fd576ca,970b0598-bcb0-4714-91fb-2e81440dccd8,bcd64cc6-2dd9-43f6-abbe-66318d332032,d930590d-bb92-4cc8-8bd1-23cd027f9edf,a3cd009f-0ab0-420d-9278-b9fdab939bbc,6a2d0734-bd9e-4ddf-946e-caa52498cb75,d9937e59-61fe-4ec6-92ab-7ac5a19c89b0,d1346436-ac96-4271-b863-1f4fdead95b0,971bdb23-3ff6-43eb-b422-1c30165a3663,17debcc3-0a6b-4b8a-b00b-dc58b885581e,711ebe11-f673-4cd9-9a83-63c60ba54c5b,c0143906-9aed-447e-9436-2ae8512d1b6e,14da1725-c4c2-42b4-ab08-ee0aeb6898b3,081cab31-dccd-428e-8652-f2404cc81c47,78e0584a-4343-4727-8f37-e14e65c2a2db,871c3b6c-7379-419d-bda3-794b239ab90d,ff9b0199-ce04-4cfe-86cc-6c719f08d6e4,de1c2107-70c8-4021-8459-6399f24d01c6,cbf30902-517f-40dc-af90-a550bac27cf1,5c601d96-e4c7-4698-991b-7ee674b11079
8-17-2026 18:06:58-debug:   Number of all scripts: 42
8-17-2026 18:06:58-debug:   Number of other assets: 486
8-17-2026 18:06:58-debug: Init bundle root assets success..., progress: 0%
8-17-2026 18:06:58-debug:   Number of all scenes: 1
8-17-2026 18:06:58-debug: // ---- build task Query asset bundle ---- (6ms)
8-17-2026 18:06:58-log: run build task Query asset bundle success in 6 ms√, progress: 5%
8-17-2026 18:06:58-debug: [Build Memory track]: Query asset bundle start:227.73MB, end 228.60MB, increase: 896.04KB
8-17-2026 18:06:58-debug: Query asset bundle start, progress: 5%
8-17-2026 18:06:58-debug: // ---- build task Query asset bundle ----
8-17-2026 18:06:58-debug: // ---- build task Query asset bundle ---- (3ms)
8-17-2026 18:06:58-debug: [Build Memory track]: Query asset bundle start:228.64MB, end 229.18MB, increase: 546.29KB
8-17-2026 18:06:58-log: run build task Query asset bundle success in 3 ms√, progress: 10%
8-17-2026 18:06:58-debug: Sort some build options to settings.json start, progress: 10%
8-17-2026 18:06:58-debug: // ---- build task Sort some build options to settings.json ----
8-17-2026 18:06:58-log: run build task Sort some build options to settings.json success in √, progress: 12%
8-17-2026 18:06:58-debug: [Build Memory track]: Sort some build options to settings.json start:228.83MB, end 228.86MB, increase: 24.90KB
8-17-2026 18:06:58-debug: Fill script data to settings start, progress: 12%
8-17-2026 18:06:58-debug: // ---- build task Fill script data to settings ----
8-17-2026 18:06:58-log: run build task Fill script data to settings success in √, progress: 13%
8-17-2026 18:06:58-debug: [Build Memory track]: Fill script data to settings start:228.90MB, end 228.92MB, increase: 20.18KB
8-17-2026 18:06:58-debug: Sort some build options to settings.json start, progress: 13%
8-17-2026 18:06:58-debug: // ---- build task Sort some build options to settings.json ----
8-17-2026 18:06:58-debug: // ---- build task Sort some build options to settings.json ---- (2ms)
8-17-2026 18:06:58-log: run build task Sort some build options to settings.json success in 2 ms√, progress: 15%
8-17-2026 18:06:58-debug: [Build Memory track]: Sort some build options to settings.json start:228.96MB, end 229.10MB, increase: 145.35KB
8-17-2026 18:07:04-debug: Query all assets info in project
8-17-2026 18:07:04-debug: init custom config: keepNodeUuid: false, useCache: true
8-17-2026 18:07:04-debug: Skip compress image, progress: 0%
8-17-2026 18:07:04-debug: Init all bundles start..., progress: 0%
8-17-2026 18:07:04-debug: Num of bundles: 2..., progress: 0%
8-17-2026 18:07:04-debug: Query asset bundle start, progress: 0%
8-17-2026 18:07:04-debug: // ---- build task Query asset bundle ----
8-17-2026 18:07:04-debug: Init bundle root assets start..., progress: 0%
8-17-2026 18:07:04-debug: Query preload assets/scripts from cc.config.json: 60f7195c-ec2a-45eb-ba94-8955f60e81d0,1c02ae6f-4492-4915-b8f8-7492a3b1e4cd,810e96e4-e456-4468-9b59-f4e8f39732c0,efe8e2a3-eace-427b-b4f1-cb8a937ec77d,e9aa9a3e-5b2b-4ac7-a2c7-073de2b2b24f,8bbdbcdd-5cd4-4100-b6d5-b7c9625b6107,50f4348b-c883-4e2f-8f11-ce233b859fa1,fda095cb-831d-4601-ad94-846013963de8,f92806d7-1768-443f-afe8-12bcde84d0f0,dd3a144d-ab7f-41f0-82b8-2e43a090d496,f0416e68-0200-4b77-a926-4f9d16e494da,511d2633-09a7-4bdd-ac42-f778032124b3,5d45aa00-e064-4938-b314-4265f0c2258c,9361fd90-ba52-4f84-aa93-6e878fd576ca,970b0598-bcb0-4714-91fb-2e81440dccd8,bcd64cc6-2dd9-43f6-abbe-66318d332032,d930590d-bb92-4cc8-8bd1-23cd027f9edf,a3cd009f-0ab0-420d-9278-b9fdab939bbc,6a2d0734-bd9e-4ddf-946e-caa52498cb75,d9937e59-61fe-4ec6-92ab-7ac5a19c89b0,d1346436-ac96-4271-b863-1f4fdead95b0,971bdb23-3ff6-43eb-b422-1c30165a3663,17debcc3-0a6b-4b8a-b00b-dc58b885581e,711ebe11-f673-4cd9-9a83-63c60ba54c5b,c0143906-9aed-447e-9436-2ae8512d1b6e,14da1725-c4c2-42b4-ab08-ee0aeb6898b3,081cab31-dccd-428e-8652-f2404cc81c47,78e0584a-4343-4727-8f37-e14e65c2a2db,871c3b6c-7379-419d-bda3-794b239ab90d,ff9b0199-ce04-4cfe-86cc-6c719f08d6e4,de1c2107-70c8-4021-8459-6399f24d01c6,cbf30902-517f-40dc-af90-a550bac27cf1,5c601d96-e4c7-4698-991b-7ee674b11079
8-17-2026 18:07:04-debug:   Number of other assets: 486
8-17-2026 18:07:04-debug:   Number of all scripts: 42
8-17-2026 18:07:04-debug: Init bundle root assets success..., progress: 0%
8-17-2026 18:07:04-debug:   Number of all scenes: 1
8-17-2026 18:07:04-debug: // ---- build task Query asset bundle ---- (5ms)
8-17-2026 18:07:04-log: run build task Query asset bundle success in 5 ms√, progress: 5%
8-17-2026 18:07:04-debug: Query asset bundle start, progress: 5%
8-17-2026 18:07:04-debug: // ---- build task Query asset bundle ----
8-17-2026 18:07:04-debug: [Build Memory track]: Query asset bundle start:230.53MB, end 231.27MB, increase: 750.22KB
8-17-2026 18:07:04-debug: // ---- build task Query asset bundle ---- (3ms)
8-17-2026 18:07:04-log: run build task Query asset bundle success in 3 ms√, progress: 10%
8-17-2026 18:07:04-debug: [Build Memory track]: Query asset bundle start:231.30MB, end 231.48MB, increase: 181.08KB
8-17-2026 18:07:04-debug: // ---- build task Sort some build options to settings.json ----
8-17-2026 18:07:04-debug: Sort some build options to settings.json start, progress: 10%
8-17-2026 18:07:04-debug: // ---- build task Sort some build options to settings.json ---- (1ms)
8-17-2026 18:07:04-debug: [Build Memory track]: Sort some build options to settings.json start:231.53MB, end 231.56MB, increase: 33.73KB
8-17-2026 18:07:04-debug: Fill script data to settings start, progress: 12%
8-17-2026 18:07:04-log: run build task Sort some build options to settings.json success in 1 ms√, progress: 12%
8-17-2026 18:07:04-debug: // ---- build task Fill script data to settings ----
8-17-2026 18:07:04-log: run build task Fill script data to settings success in √, progress: 13%
8-17-2026 18:07:04-debug: [Build Memory track]: Fill script data to settings start:231.60MB, end 231.62MB, increase: 24.74KB
8-17-2026 18:07:04-debug: Sort some build options to settings.json start, progress: 13%
8-17-2026 18:07:04-debug: // ---- build task Sort some build options to settings.json ----
8-17-2026 18:07:04-debug: // ---- build task Sort some build options to settings.json ---- (3ms)
8-17-2026 18:07:04-log: run build task Sort some build options to settings.json success in 3 ms√, progress: 15%
8-17-2026 18:07:04-debug: [Build Memory track]: Sort some build options to settings.json start:231.66MB, end 231.79MB, increase: 134.11KB
8-17-2026 18:17:29-debug: refresh db internal success
8-17-2026 18:17:29-debug: %cImport%c: D:\Works\Github\BattleGame\assets\Battle.scenebackground: #aaff85; color: #000;color: #000;
8-17-2026 18:17:29-debug: %cImport%c: D:\Works\Github\BattleGame\assets\scripts\BattleCardDatabase.tsbackground: #aaff85; color: #000;color: #000;
8-17-2026 18:17:29-debug: %cImport%c: D:\Works\Github\BattleGame\assets\scripts\LevelSettings.tsbackground: #aaff85; color: #000;color: #000;
8-17-2026 18:17:29-debug: refresh db assets success
8-17-2026 18:17:29-debug: Run asset db hook engine-extends:afterRefresh ...
8-17-2026 18:17:29-debug: Run asset db hook engine-extends:afterRefresh success!
8-17-2026 18:17:29-debug: asset-db:refresh-all-database (83ms)
8-17-2026 18:17:29-debug: asset-db-hook-engine-extends-afterRefresh (10ms)
8-17-2026 18:17:29-debug: asset-db:worker-effect-data-processing (10ms)
8-17-2026 18:17:30-debug: Query all assets info in project
8-17-2026 18:17:30-debug: Skip compress image, progress: 0%
8-17-2026 18:17:30-debug: init custom config: keepNodeUuid: false, useCache: true
8-17-2026 18:17:30-debug: Init all bundles start..., progress: 0%
8-17-2026 18:17:30-debug: Query asset bundle start, progress: 0%
8-17-2026 18:17:30-debug: // ---- build task Query asset bundle ----
8-17-2026 18:17:30-debug: Init bundle root assets start..., progress: 0%
8-17-2026 18:17:30-debug: Num of bundles: 2..., progress: 0%
8-17-2026 18:17:30-debug: Query preload assets/scripts from cc.config.json: 60f7195c-ec2a-45eb-ba94-8955f60e81d0,1c02ae6f-4492-4915-b8f8-7492a3b1e4cd,810e96e4-e456-4468-9b59-f4e8f39732c0,efe8e2a3-eace-427b-b4f1-cb8a937ec77d,e9aa9a3e-5b2b-4ac7-a2c7-073de2b2b24f,8bbdbcdd-5cd4-4100-b6d5-b7c9625b6107,50f4348b-c883-4e2f-8f11-ce233b859fa1,fda095cb-831d-4601-ad94-846013963de8,f92806d7-1768-443f-afe8-12bcde84d0f0,dd3a144d-ab7f-41f0-82b8-2e43a090d496,f0416e68-0200-4b77-a926-4f9d16e494da,511d2633-09a7-4bdd-ac42-f778032124b3,5d45aa00-e064-4938-b314-4265f0c2258c,9361fd90-ba52-4f84-aa93-6e878fd576ca,970b0598-bcb0-4714-91fb-2e81440dccd8,bcd64cc6-2dd9-43f6-abbe-66318d332032,d930590d-bb92-4cc8-8bd1-23cd027f9edf,a3cd009f-0ab0-420d-9278-b9fdab939bbc,6a2d0734-bd9e-4ddf-946e-caa52498cb75,d9937e59-61fe-4ec6-92ab-7ac5a19c89b0,d1346436-ac96-4271-b863-1f4fdead95b0,971bdb23-3ff6-43eb-b422-1c30165a3663,17debcc3-0a6b-4b8a-b00b-dc58b885581e,711ebe11-f673-4cd9-9a83-63c60ba54c5b,c0143906-9aed-447e-9436-2ae8512d1b6e,14da1725-c4c2-42b4-ab08-ee0aeb6898b3,081cab31-dccd-428e-8652-f2404cc81c47,78e0584a-4343-4727-8f37-e14e65c2a2db,871c3b6c-7379-419d-bda3-794b239ab90d,ff9b0199-ce04-4cfe-86cc-6c719f08d6e4,de1c2107-70c8-4021-8459-6399f24d01c6,cbf30902-517f-40dc-af90-a550bac27cf1,5c601d96-e4c7-4698-991b-7ee674b11079
8-17-2026 18:17:30-debug:   Number of other assets: 486
8-17-2026 18:17:30-debug: Init bundle root assets success..., progress: 0%
8-17-2026 18:17:30-debug:   Number of all scripts: 42
8-17-2026 18:17:30-debug:   Number of all scenes: 1
8-17-2026 18:17:30-debug: // ---- build task Query asset bundle ---- (5ms)
8-17-2026 18:17:30-log: run build task Query asset bundle success in 5 ms√, progress: 5%
8-17-2026 18:17:30-debug: [Build Memory track]: Query asset bundle start:224.09MB, end 224.11MB, increase: 19.22KB
8-17-2026 18:17:30-debug: Query asset bundle start, progress: 5%
8-17-2026 18:17:30-debug: // ---- build task Query asset bundle ----
8-17-2026 18:17:30-debug: // ---- build task Query asset bundle ---- (5ms)
8-17-2026 18:17:30-log: run build task Query asset bundle success in 5 ms√, progress: 10%
8-17-2026 18:17:30-debug: [Build Memory track]: Query asset bundle start:224.15MB, end 224.30MB, increase: 149.64KB
8-17-2026 18:17:30-debug: // ---- build task Sort some build options to settings.json ----
8-17-2026 18:17:30-debug: Sort some build options to settings.json start, progress: 10%
8-17-2026 18:17:30-log: run build task Sort some build options to settings.json success in √, progress: 12%
8-17-2026 18:17:30-debug: // ---- build task Fill script data to settings ----
8-17-2026 18:17:30-debug: [Build Memory track]: Sort some build options to settings.json start:224.34MB, end 224.36MB, increase: 28.07KB
8-17-2026 18:17:30-debug: Fill script data to settings start, progress: 12%
8-17-2026 18:17:30-debug: // ---- build task Fill script data to settings ---- (1ms)
8-17-2026 18:17:30-debug: [Build Memory track]: Fill script data to settings start:224.41MB, end 224.45MB, increase: 32.37KB
8-17-2026 18:17:30-debug: // ---- build task Sort some build options to settings.json ----
8-17-2026 18:17:30-log: run build task Fill script data to settings success in 1 ms√, progress: 13%
8-17-2026 18:17:30-debug: Sort some build options to settings.json start, progress: 13%
8-17-2026 18:17:30-debug: // ---- build task Sort some build options to settings.json ---- (4ms)
8-17-2026 18:17:30-log: run build task Sort some build options to settings.json success in 4 ms√, progress: 15%
8-17-2026 18:17:30-debug: [Build Memory track]: Sort some build options to settings.json start:224.49MB, end 224.63MB, increase: 142.29KB
8-17-2026 18:17:31-debug: Query all assets info in project
8-17-2026 18:17:31-debug: init custom config: keepNodeUuid: false, useCache: true
8-17-2026 18:17:31-debug: Skip compress image, progress: 0%
8-17-2026 18:17:31-debug: Init all bundles start..., progress: 0%
8-17-2026 18:17:31-debug: Query asset bundle start, progress: 0%
8-17-2026 18:17:31-debug: // ---- build task Query asset bundle ----
8-17-2026 18:17:31-debug: Num of bundles: 2..., progress: 0%
8-17-2026 18:17:31-debug: Init bundle root assets start..., progress: 0%
8-17-2026 18:17:31-debug: Query preload assets/scripts from cc.config.json: 60f7195c-ec2a-45eb-ba94-8955f60e81d0,1c02ae6f-4492-4915-b8f8-7492a3b1e4cd,810e96e4-e456-4468-9b59-f4e8f39732c0,efe8e2a3-eace-427b-b4f1-cb8a937ec77d,e9aa9a3e-5b2b-4ac7-a2c7-073de2b2b24f,8bbdbcdd-5cd4-4100-b6d5-b7c9625b6107,50f4348b-c883-4e2f-8f11-ce233b859fa1,fda095cb-831d-4601-ad94-846013963de8,f92806d7-1768-443f-afe8-12bcde84d0f0,dd3a144d-ab7f-41f0-82b8-2e43a090d496,f0416e68-0200-4b77-a926-4f9d16e494da,511d2633-09a7-4bdd-ac42-f778032124b3,5d45aa00-e064-4938-b314-4265f0c2258c,9361fd90-ba52-4f84-aa93-6e878fd576ca,970b0598-bcb0-4714-91fb-2e81440dccd8,bcd64cc6-2dd9-43f6-abbe-66318d332032,d930590d-bb92-4cc8-8bd1-23cd027f9edf,a3cd009f-0ab0-420d-9278-b9fdab939bbc,6a2d0734-bd9e-4ddf-946e-caa52498cb75,d9937e59-61fe-4ec6-92ab-7ac5a19c89b0,d1346436-ac96-4271-b863-1f4fdead95b0,971bdb23-3ff6-43eb-b422-1c30165a3663,17debcc3-0a6b-4b8a-b00b-dc58b885581e,711ebe11-f673-4cd9-9a83-63c60ba54c5b,c0143906-9aed-447e-9436-2ae8512d1b6e,14da1725-c4c2-42b4-ab08-ee0aeb6898b3,081cab31-dccd-428e-8652-f2404cc81c47,78e0584a-4343-4727-8f37-e14e65c2a2db,871c3b6c-7379-419d-bda3-794b239ab90d,ff9b0199-ce04-4cfe-86cc-6c719f08d6e4,de1c2107-70c8-4021-8459-6399f24d01c6,cbf30902-517f-40dc-af90-a550bac27cf1,5c601d96-e4c7-4698-991b-7ee674b11079
8-17-2026 18:17:31-debug:   Number of all scenes: 1
8-17-2026 18:17:31-debug:   Number of all scripts: 42
8-17-2026 18:17:31-debug:   Number of other assets: 486
8-17-2026 18:17:31-debug: Init bundle root assets success..., progress: 0%
8-17-2026 18:17:31-debug: // ---- build task Query asset bundle ---- (8ms)
8-17-2026 18:17:31-log: run build task Query asset bundle success in 8 ms√, progress: 5%
8-17-2026 18:17:31-debug: [Build Memory track]: Query asset bundle start:223.63MB, end 224.41MB, increase: 795.19KB
8-17-2026 18:17:31-debug: // ---- build task Query asset bundle ----
8-17-2026 18:17:31-debug: Query asset bundle start, progress: 5%
8-17-2026 18:17:31-debug: // ---- build task Query asset bundle ---- (4ms)
8-17-2026 18:17:31-log: run build task Query asset bundle success in 4 ms√, progress: 10%
8-17-2026 18:17:31-debug: [Build Memory track]: Query asset bundle start:224.45MB, end 224.59MB, increase: 146.74KB
8-17-2026 18:17:31-debug: // ---- build task Sort some build options to settings.json ----
8-17-2026 18:17:31-debug: Sort some build options to settings.json start, progress: 10%
8-17-2026 18:17:31-debug: // ---- build task Sort some build options to settings.json ---- (1ms)
8-17-2026 18:17:31-log: run build task Sort some build options to settings.json success in 1 ms√, progress: 12%
8-17-2026 18:17:31-debug: [Build Memory track]: Sort some build options to settings.json start:224.63MB, end 224.66MB, increase: 32.61KB
8-17-2026 18:17:31-debug: Fill script data to settings start, progress: 12%
8-17-2026 18:17:31-debug: // ---- build task Fill script data to settings ----
8-17-2026 18:17:31-log: run build task Fill script data to settings success in √, progress: 13%
8-17-2026 18:17:31-debug: Sort some build options to settings.json start, progress: 13%
8-17-2026 18:17:31-debug: [Build Memory track]: Fill script data to settings start:224.70MB, end 224.72MB, increase: 21.09KB
8-17-2026 18:17:31-debug: // ---- build task Sort some build options to settings.json ----
8-17-2026 18:17:31-debug: // ---- build task Sort some build options to settings.json ---- (6ms)
8-17-2026 18:17:31-log: run build task Sort some build options to settings.json success in 6 ms√, progress: 15%
8-17-2026 18:17:31-debug: [Build Memory track]: Sort some build options to settings.json start:224.76MB, end 224.90MB, increase: 140.77KB
8-17-2026 18:17:33-debug: %cImport%c: D:\Works\Github\BattleGame\assets\Battle.scenebackground: #aaff85; color: #000;color: #000;
8-17-2026 18:17:33-debug: asset-db:reimport-asset1effe86e-a401-4769-9dbc-62218c68834d (12ms)
8-17-2026 18:17:34-debug: Query all assets info in project
8-17-2026 18:17:34-debug: init custom config: keepNodeUuid: false, useCache: true
8-17-2026 18:17:34-debug: Skip compress image, progress: 0%
8-17-2026 18:17:34-debug: Init all bundles start..., progress: 0%
8-17-2026 18:17:34-debug: Num of bundles: 2..., progress: 0%
8-17-2026 18:17:34-debug: Query asset bundle start, progress: 0%
8-17-2026 18:17:34-debug: Init bundle root assets start..., progress: 0%
8-17-2026 18:17:34-debug: // ---- build task Query asset bundle ----
8-17-2026 18:17:34-debug: Query preload assets/scripts from cc.config.json: 60f7195c-ec2a-45eb-ba94-8955f60e81d0,1c02ae6f-4492-4915-b8f8-7492a3b1e4cd,810e96e4-e456-4468-9b59-f4e8f39732c0,efe8e2a3-eace-427b-b4f1-cb8a937ec77d,e9aa9a3e-5b2b-4ac7-a2c7-073de2b2b24f,8bbdbcdd-5cd4-4100-b6d5-b7c9625b6107,50f4348b-c883-4e2f-8f11-ce233b859fa1,fda095cb-831d-4601-ad94-846013963de8,f92806d7-1768-443f-afe8-12bcde84d0f0,dd3a144d-ab7f-41f0-82b8-2e43a090d496,f0416e68-0200-4b77-a926-4f9d16e494da,511d2633-09a7-4bdd-ac42-f778032124b3,5d45aa00-e064-4938-b314-4265f0c2258c,9361fd90-ba52-4f84-aa93-6e878fd576ca,970b0598-bcb0-4714-91fb-2e81440dccd8,bcd64cc6-2dd9-43f6-abbe-66318d332032,d930590d-bb92-4cc8-8bd1-23cd027f9edf,a3cd009f-0ab0-420d-9278-b9fdab939bbc,6a2d0734-bd9e-4ddf-946e-caa52498cb75,d9937e59-61fe-4ec6-92ab-7ac5a19c89b0,d1346436-ac96-4271-b863-1f4fdead95b0,971bdb23-3ff6-43eb-b422-1c30165a3663,17debcc3-0a6b-4b8a-b00b-dc58b885581e,711ebe11-f673-4cd9-9a83-63c60ba54c5b,c0143906-9aed-447e-9436-2ae8512d1b6e,14da1725-c4c2-42b4-ab08-ee0aeb6898b3,081cab31-dccd-428e-8652-f2404cc81c47,78e0584a-4343-4727-8f37-e14e65c2a2db,871c3b6c-7379-419d-bda3-794b239ab90d,ff9b0199-ce04-4cfe-86cc-6c719f08d6e4,de1c2107-70c8-4021-8459-6399f24d01c6,cbf30902-517f-40dc-af90-a550bac27cf1,5c601d96-e4c7-4698-991b-7ee674b11079
8-17-2026 18:17:34-debug:   Number of all scenes: 1
8-17-2026 18:17:34-debug:   Number of other assets: 486
8-17-2026 18:17:34-debug: Init bundle root assets success..., progress: 0%
8-17-2026 18:17:34-debug:   Number of all scripts: 42
8-17-2026 18:17:34-debug: // ---- build task Query asset bundle ---- (8ms)
8-17-2026 18:17:34-log: run build task Query asset bundle success in 8 ms√, progress: 5%
8-17-2026 18:17:34-debug: [Build Memory track]: Query asset bundle start:225.67MB, end 224.22MB, increase: -1486.18KB
8-17-2026 18:17:34-debug: Query asset bundle start, progress: 5%
8-17-2026 18:17:34-debug: // ---- build task Query asset bundle ----
8-17-2026 18:17:34-debug: // ---- build task Query asset bundle ---- (5ms)
8-17-2026 18:17:34-log: run build task Query asset bundle success in 5 ms√, progress: 10%
8-17-2026 18:17:34-debug: [Build Memory track]: Query asset bundle start:224.26MB, end 224.40MB, increase: 146.77KB
8-17-2026 18:17:34-debug: // ---- build task Sort some build options to settings.json ----
8-17-2026 18:17:34-debug: Sort some build options to settings.json start, progress: 10%
8-17-2026 18:17:34-debug: // ---- build task Sort some build options to settings.json ---- (3ms)
8-17-2026 18:17:34-log: run build task Sort some build options to settings.json success in 3 ms√, progress: 12%
8-17-2026 18:17:34-debug: [Build Memory track]: Sort some build options to settings.json start:224.44MB, end 224.48MB, increase: 42.40KB
8-17-2026 18:17:34-debug: // ---- build task Fill script data to settings ----
8-17-2026 18:17:34-debug: Fill script data to settings start, progress: 12%
8-17-2026 18:17:34-debug: // ---- build task Fill script data to settings ---- (2ms)
8-17-2026 18:17:34-debug: [Build Memory track]: Fill script data to settings start:224.52MB, end 224.55MB, increase: 32.96KB
8-17-2026 18:17:34-debug: // ---- build task Sort some build options to settings.json ----
8-17-2026 18:17:34-log: run build task Fill script data to settings success in 2 ms√, progress: 13%
8-17-2026 18:17:34-debug: Sort some build options to settings.json start, progress: 13%
8-17-2026 18:17:34-debug: // ---- build task Sort some build options to settings.json ---- (6ms)
8-17-2026 18:17:34-log: run build task Sort some build options to settings.json success in 6 ms√, progress: 15%
8-17-2026 18:17:34-debug: [Build Memory track]: Sort some build options to settings.json start:224.59MB, end 224.73MB, increase: 144.15KB
8-17-2026 18:21:10-debug: refresh db internal success
8-17-2026 18:21:10-debug: refresh db assets success
8-17-2026 18:21:10-debug: Run asset db hook engine-extends:afterRefresh success!
8-17-2026 18:21:10-debug: Run asset db hook engine-extends:afterRefresh ...
8-17-2026 18:21:10-debug: asset-db:refresh-all-database (57ms)
8-17-2026 18:21:10-debug: asset-db:worker-effect-data-processing (1ms)
8-17-2026 18:21:10-debug: asset-db-hook-engine-extends-afterRefresh (2ms)
