8-18-2026 00:55:30-log: Cannot access game frame or container.
8-18-2026 00:55:31-debug: asset-db:require-engine-code (1195ms)
8-18-2026 00:55:31-log: meshopt wasm decoder initialized
8-18-2026 00:55:31-log: [bullet]:bullet wasm lib loaded.
8-18-2026 00:55:31-log: [box2d]:box2d wasm lib loaded.
8-18-2026 00:55:31-log: Cocos Creator v3.8.8
8-18-2026 00:55:31-log: Using legacy pipeline
8-18-2026 00:55:31-log: Forward render pipeline initialized.
8-18-2026 00:55:31-debug: [Assets Memory track]: asset-db:worker-init: initEngine start:28.81MB, end 79.50MB, increase: 50.69MB
8-18-2026 00:55:33-debug: [Assets Memory track]: asset-db:worker-init: initPlugin start:79.54MB, end 275.13MB, increase: 195.59MB
8-18-2026 00:55:33-debug: asset-db:worker-init: initPlugin (2223ms)
8-18-2026 00:55:33-debug: [Assets Memory track]: asset-db:worker-init start:28.81MB, end 198.01MB, increase: 169.21MB
8-18-2026 00:55:33-debug: Run asset db hook programming:beforePreStart ...
8-18-2026 00:55:33-debug: Run asset db hook programming:beforePreStart success!
8-18-2026 00:55:33-debug: Run asset db hook engine-extends:beforePreStart ...
8-18-2026 00:55:33-debug: Run asset db hook engine-extends:beforePreStart success!
8-18-2026 00:55:36-debug: asset-db:worker-init (6572ms)
8-18-2026 00:55:36-debug: asset-db-hook-programming-beforePreStart (2855ms)
8-18-2026 00:55:36-debug: asset-db-hook-engine-extends-beforePreStart (2854ms)
8-18-2026 00:55:38-debug: Preimport db internal success
8-18-2026 00:55:38-debug: Preimport db assets success
8-18-2026 00:55:38-debug: Run asset db hook programming:afterPreStart ...
8-18-2026 00:55:38-debug: starting packer-driver...
8-18-2026 00:55:42-debug: initialize scripting environment...
8-18-2026 00:55:42-debug: [[Executor]] prepare before lock
8-18-2026 00:55:42-debug: Set detail map pack:///resolution-detail-map.json: {}
8-18-2026 00:55:42-debug: [[Executor]] prepare after unlock
8-18-2026 00:55:42-debug: Run asset db hook programming:afterPreStart success!
8-18-2026 00:55:42-debug: Run asset db hook engine-extends:afterPreStart ...
8-18-2026 00:55:42-debug: Run asset db hook engine-extends:afterPreStart success!
8-18-2026 00:55:42-debug: [Assets Memory track]: asset-db:worker-init: preStart start:198.03MB, end 203.80MB, increase: 5.77MB
8-18-2026 00:55:42-debug: Start up the 'internal' database...
8-18-2026 00:55:44-debug: asset-db-hook-programming-afterPreStart (5802ms)
8-18-2026 00:55:44-debug: asset-db:worker-effect-data-processing (1713ms)
8-18-2026 00:55:44-debug: asset-db-hook-engine-extends-afterPreStart (1713ms)
8-18-2026 00:55:44-debug: Run asset db hook engine-extends:afterStartDB ...
8-18-2026 00:55:46-debug: recompile effect.bin success
8-18-2026 00:55:46-debug: Start up the 'assets' database...
8-18-2026 00:55:46-debug: Run asset db hook engine-extends:afterStartDB success!
8-18-2026 00:55:46-debug: asset-db:worker-effect-data-processing (1815ms)
8-18-2026 00:55:46-debug: asset-db-hook-engine-extends-afterStartDB (1816ms)
8-18-2026 00:55:46-debug: Run asset db hook engine-extends:afterStartDB ...
8-18-2026 00:55:46-debug: recompile effect.bin success
8-18-2026 00:55:46-debug: Run asset db hook engine-extends:afterStartDB success!
8-18-2026 00:55:46-debug: [Assets Memory track]: asset-db:worker-init: startup start:203.81MB, end 215.39MB, increase: 11.58MB
8-18-2026 00:55:46-debug: lazy register asset handler directory
8-18-2026 00:55:46-debug: lazy register asset handler text
8-18-2026 00:55:46-debug: lazy register asset handler spine-data
8-18-2026 00:55:46-debug: lazy register asset handler json
8-18-2026 00:55:46-debug: lazy register asset handler dragonbones
8-18-2026 00:55:46-debug: lazy register asset handler dragonbones-atlas
8-18-2026 00:55:46-debug: lazy register asset handler *
8-18-2026 00:55:46-debug: lazy register asset handler terrain
8-18-2026 00:55:46-debug: lazy register asset handler typescript
8-18-2026 00:55:46-debug: lazy register asset handler scene
8-18-2026 00:55:46-debug: lazy register asset handler sprite-frame
8-18-2026 00:55:46-debug: lazy register asset handler prefab
8-18-2026 00:55:46-debug: lazy register asset handler javascript
8-18-2026 00:55:46-debug: lazy register asset handler tiled-map
8-18-2026 00:55:46-debug: lazy register asset handler buffer
8-18-2026 00:55:46-debug: lazy register asset handler image
8-18-2026 00:55:46-debug: lazy register asset handler sign-image
8-18-2026 00:55:46-debug: lazy register asset handler texture-cube
8-18-2026 00:55:46-debug: lazy register asset handler alpha-image
8-18-2026 00:55:46-debug: lazy register asset handler erp-texture-cube
8-18-2026 00:55:46-debug: lazy register asset handler texture
8-18-2026 00:55:46-debug: lazy register asset handler render-texture
8-18-2026 00:55:46-debug: lazy register asset handler rt-sprite-frame
8-18-2026 00:55:46-debug: lazy register asset handler texture-cube-face
8-18-2026 00:55:46-debug: lazy register asset handler gltf-animation
8-18-2026 00:55:46-debug: lazy register asset handler gltf-skeleton
8-18-2026 00:55:46-debug: lazy register asset handler gltf-material
8-18-2026 00:55:46-debug: lazy register asset handler gltf-scene
8-18-2026 00:55:46-debug: lazy register asset handler gltf-embeded-image
8-18-2026 00:55:46-debug: lazy register asset handler fbx
8-18-2026 00:55:46-debug: lazy register asset handler gltf
8-18-2026 00:55:46-debug: lazy register asset handler gltf-mesh
8-18-2026 00:55:46-debug: lazy register asset handler physics-material
8-18-2026 00:55:46-debug: lazy register asset handler effect-header
8-18-2026 00:55:46-debug: lazy register asset handler audio-clip
8-18-2026 00:55:46-debug: lazy register asset handler effect
8-18-2026 00:55:46-debug: lazy register asset handler material
8-18-2026 00:55:46-debug: lazy register asset handler animation-clip
8-18-2026 00:55:46-debug: lazy register asset handler animation-graph
8-18-2026 00:55:46-debug: lazy register asset handler animation-graph-variant
8-18-2026 00:55:46-debug: lazy register asset handler animation-mask
8-18-2026 00:55:46-debug: lazy register asset handler bitmap-font
8-18-2026 00:55:46-debug: lazy register asset handler sprite-atlas
8-18-2026 00:55:46-debug: lazy register asset handler ttf-font
8-18-2026 00:55:46-debug: lazy register asset handler auto-atlas
8-18-2026 00:55:46-debug: lazy register asset handler label-atlas
8-18-2026 00:55:46-debug: lazy register asset handler particle
8-18-2026 00:55:46-debug: lazy register asset handler render-pipeline
8-18-2026 00:55:46-debug: lazy register asset handler instantiation-material
8-18-2026 00:55:46-debug: lazy register asset handler instantiation-mesh
8-18-2026 00:55:46-debug: lazy register asset handler render-stage
8-18-2026 00:55:46-debug: lazy register asset handler instantiation-animation
8-18-2026 00:55:46-debug: lazy register asset handler video-clip
8-18-2026 00:55:46-debug: lazy register asset handler render-flow
8-18-2026 00:55:46-debug: lazy register asset handler instantiation-skeleton
8-18-2026 00:55:46-debug: asset-db:worker-effect-data-processing (373ms)
8-18-2026 00:55:46-debug: asset-db-hook-engine-extends-afterStartDB (374ms)
8-18-2026 00:55:46-debug: asset-db:start-database (12921ms)
8-18-2026 00:55:46-debug: asset-db:ready (21213ms)
8-18-2026 00:55:46-debug: init worker message success
8-18-2026 00:55:47-debug: programming:execute-script (12ms)
8-18-2026 00:55:47-debug: [Build Memory track]: builder:worker-init start:219.48MB, end 227.67MB, increase: 8.20MB
8-18-2026 00:55:47-debug: builder:worker-init (409ms)
8-18-2026 00:55:57-debug: Query all assets info in project
8-18-2026 00:55:57-debug: init custom config: keepNodeUuid: false, useCache: true
8-18-2026 00:55:57-debug: Skip compress image, progress: 0%
8-18-2026 00:55:57-debug: Init all bundles start..., progress: 0%
8-18-2026 00:55:57-debug: Num of bundles: 2..., progress: 0%
8-18-2026 00:55:57-debug: Query asset bundle start, progress: 0%
8-18-2026 00:55:57-debug: // ---- build task Query asset bundle ----
8-18-2026 00:55:57-debug: Init bundle root assets start..., progress: 0%
8-18-2026 00:55:57-debug: Query preload assets/scripts from cc.config.json: 60f7195c-ec2a-45eb-ba94-8955f60e81d0,1c02ae6f-4492-4915-b8f8-7492a3b1e4cd,810e96e4-e456-4468-9b59-f4e8f39732c0,efe8e2a3-eace-427b-b4f1-cb8a937ec77d,e9aa9a3e-5b2b-4ac7-a2c7-073de2b2b24f,8bbdbcdd-5cd4-4100-b6d5-b7c9625b6107,50f4348b-c883-4e2f-8f11-ce233b859fa1,fda095cb-831d-4601-ad94-846013963de8,f92806d7-1768-443f-afe8-12bcde84d0f0,dd3a144d-ab7f-41f0-82b8-2e43a090d496,f0416e68-0200-4b77-a926-4f9d16e494da,511d2633-09a7-4bdd-ac42-f778032124b3,5d45aa00-e064-4938-b314-4265f0c2258c,9361fd90-ba52-4f84-aa93-6e878fd576ca,970b0598-bcb0-4714-91fb-2e81440dccd8,bcd64cc6-2dd9-43f6-abbe-66318d332032,d930590d-bb92-4cc8-8bd1-23cd027f9edf,a3cd009f-0ab0-420d-9278-b9fdab939bbc,6a2d0734-bd9e-4ddf-946e-caa52498cb75,d9937e59-61fe-4ec6-92ab-7ac5a19c89b0,d1346436-ac96-4271-b863-1f4fdead95b0,971bdb23-3ff6-43eb-b422-1c30165a3663,17debcc3-0a6b-4b8a-b00b-dc58b885581e,711ebe11-f673-4cd9-9a83-63c60ba54c5b,c0143906-9aed-447e-9436-2ae8512d1b6e,14da1725-c4c2-42b4-ab08-ee0aeb6898b3,081cab31-dccd-428e-8652-f2404cc81c47,78e0584a-4343-4727-8f37-e14e65c2a2db,871c3b6c-7379-419d-bda3-794b239ab90d,ff9b0199-ce04-4cfe-86cc-6c719f08d6e4,de1c2107-70c8-4021-8459-6399f24d01c6,cbf30902-517f-40dc-af90-a550bac27cf1,5c601d96-e4c7-4698-991b-7ee674b11079
8-18-2026 00:55:57-debug:   Number of all scenes: 1
8-18-2026 00:55:57-debug:   Number of all scripts: 42
8-18-2026 00:55:57-debug: Init bundle root assets success..., progress: 0%
8-18-2026 00:55:57-debug:   Number of other assets: 486
8-18-2026 00:55:57-log: run build task Query asset bundle success in 18 ms√, progress: 5%
8-18-2026 00:55:57-debug: // ---- build task Query asset bundle ---- (18ms)
8-18-2026 00:55:57-debug: Query asset bundle start, progress: 5%
8-18-2026 00:55:57-debug: [Build Memory track]: Query asset bundle start:228.83MB, end 229.70MB, increase: 891.33KB
8-18-2026 00:55:57-debug: // ---- build task Query asset bundle ----
8-18-2026 00:55:57-debug: // ---- build task Query asset bundle ---- (13ms)
8-18-2026 00:55:57-log: run build task Query asset bundle success in 13 ms√, progress: 10%
8-18-2026 00:55:57-debug: [Build Memory track]: Query asset bundle start:229.74MB, end 229.91MB, increase: 175.52KB
8-18-2026 00:55:57-debug: // ---- build task Sort some build options to settings.json ----
8-18-2026 00:55:57-debug: Sort some build options to settings.json start, progress: 10%
8-18-2026 00:55:57-debug: // ---- build task Sort some build options to settings.json ---- (2ms)
8-18-2026 00:55:57-log: run build task Sort some build options to settings.json success in 2 ms√, progress: 12%
8-18-2026 00:55:57-debug: [Build Memory track]: Sort some build options to settings.json start:229.95MB, end 229.98MB, increase: 34.15KB
8-18-2026 00:55:57-debug: Fill script data to settings start, progress: 12%
8-18-2026 00:55:57-debug: // ---- build task Fill script data to settings ----
8-18-2026 00:55:57-debug: // ---- build task Fill script data to settings ---- (3ms)
8-18-2026 00:55:57-log: run build task Fill script data to settings success in 3 ms√, progress: 13%
8-18-2026 00:55:57-debug: [Build Memory track]: Fill script data to settings start:230.02MB, end 230.06MB, increase: 33.63KB
8-18-2026 00:55:57-debug: Sort some build options to settings.json start, progress: 13%
8-18-2026 00:55:57-debug: // ---- build task Sort some build options to settings.json ----
8-18-2026 00:55:57-debug: // ---- build task Sort some build options to settings.json ---- (10ms)
8-18-2026 00:55:57-debug: [Build Memory track]: Sort some build options to settings.json start:230.10MB, end 230.24MB, increase: 145.82KB
8-18-2026 00:55:57-log: run build task Sort some build options to settings.json success in 10 ms√, progress: 15%
8-18-2026 01:12:08-debug: refresh db internal success
8-18-2026 01:12:08-debug: refresh db assets success
8-18-2026 01:12:08-debug: Run asset db hook engine-extends:afterRefresh ...
8-18-2026 01:12:08-debug: Run asset db hook engine-extends:afterRefresh success!
8-18-2026 01:12:08-debug: asset-db:worker-effect-data-processing (8ms)
8-18-2026 01:12:08-debug: asset-db:refresh-all-database (104ms)
8-18-2026 01:12:08-debug: asset-db-hook-engine-extends-afterRefresh (9ms)
8-18-2026 01:12:28-debug: refresh db internal success
8-18-2026 01:12:28-debug: refresh db assets success
8-18-2026 01:12:28-debug: Run asset db hook engine-extends:afterRefresh ...
8-18-2026 01:12:28-debug: Run asset db hook engine-extends:afterRefresh success!
8-18-2026 01:12:28-debug: asset-db:refresh-all-database (91ms)
8-18-2026 01:12:28-debug: asset-db:worker-effect-data-processing (10ms)
8-18-2026 01:12:28-debug: asset-db-hook-engine-extends-afterRefresh (11ms)
8-18-2026 01:15:33-debug: refresh db internal success
8-18-2026 01:15:33-debug: %cImport%c: F:\Github\BattleGame\assets\scripts\LevelSettings.tsbackground: #aaff85; color: #000;color: #000;
8-18-2026 01:15:33-debug: refresh db assets success
8-18-2026 01:15:33-debug: Run asset db hook engine-extends:afterRefresh ...
8-18-2026 01:15:33-debug: Run asset db hook engine-extends:afterRefresh success!
8-18-2026 01:15:33-debug: asset-db:refresh-all-database (105ms)
8-18-2026 01:15:33-debug: asset-db:worker-effect-data-processing (4ms)
8-18-2026 01:15:33-debug: asset-db-hook-engine-extends-afterRefresh (4ms)
8-18-2026 01:15:38-debug: Query all assets info in project
8-18-2026 01:15:38-debug: init custom config: keepNodeUuid: false, useCache: true
8-18-2026 01:15:38-debug: Skip compress image, progress: 0%
8-18-2026 01:15:38-debug: Init all bundles start..., progress: 0%
8-18-2026 01:15:38-debug: Num of bundles: 2..., progress: 0%
8-18-2026 01:15:38-debug: Query asset bundle start, progress: 0%
8-18-2026 01:15:38-debug: // ---- build task Query asset bundle ----
8-18-2026 01:15:38-debug: Init bundle root assets start..., progress: 0%
8-18-2026 01:15:38-debug: Query preload assets/scripts from cc.config.json: 60f7195c-ec2a-45eb-ba94-8955f60e81d0,1c02ae6f-4492-4915-b8f8-7492a3b1e4cd,810e96e4-e456-4468-9b59-f4e8f39732c0,efe8e2a3-eace-427b-b4f1-cb8a937ec77d,e9aa9a3e-5b2b-4ac7-a2c7-073de2b2b24f,8bbdbcdd-5cd4-4100-b6d5-b7c9625b6107,50f4348b-c883-4e2f-8f11-ce233b859fa1,fda095cb-831d-4601-ad94-846013963de8,f92806d7-1768-443f-afe8-12bcde84d0f0,dd3a144d-ab7f-41f0-82b8-2e43a090d496,f0416e68-0200-4b77-a926-4f9d16e494da,511d2633-09a7-4bdd-ac42-f778032124b3,5d45aa00-e064-4938-b314-4265f0c2258c,9361fd90-ba52-4f84-aa93-6e878fd576ca,970b0598-bcb0-4714-91fb-2e81440dccd8,bcd64cc6-2dd9-43f6-abbe-66318d332032,d930590d-bb92-4cc8-8bd1-23cd027f9edf,a3cd009f-0ab0-420d-9278-b9fdab939bbc,6a2d0734-bd9e-4ddf-946e-caa52498cb75,d9937e59-61fe-4ec6-92ab-7ac5a19c89b0,d1346436-ac96-4271-b863-1f4fdead95b0,971bdb23-3ff6-43eb-b422-1c30165a3663,17debcc3-0a6b-4b8a-b00b-dc58b885581e,711ebe11-f673-4cd9-9a83-63c60ba54c5b,c0143906-9aed-447e-9436-2ae8512d1b6e,14da1725-c4c2-42b4-ab08-ee0aeb6898b3,081cab31-dccd-428e-8652-f2404cc81c47,78e0584a-4343-4727-8f37-e14e65c2a2db,871c3b6c-7379-419d-bda3-794b239ab90d,ff9b0199-ce04-4cfe-86cc-6c719f08d6e4,de1c2107-70c8-4021-8459-6399f24d01c6,cbf30902-517f-40dc-af90-a550bac27cf1,5c601d96-e4c7-4698-991b-7ee674b11079
8-18-2026 01:15:38-debug:   Number of all scenes: 1
8-18-2026 01:15:38-debug: Init bundle root assets success..., progress: 0%
8-18-2026 01:15:38-debug:   Number of all scripts: 42
8-18-2026 01:15:38-debug:   Number of other assets: 486
8-18-2026 01:15:38-debug: // ---- build task Query asset bundle ---- (11ms)
8-18-2026 01:15:38-log: run build task Query asset bundle success in 11 ms√, progress: 5%
8-18-2026 01:15:38-debug: Query asset bundle start, progress: 5%
8-18-2026 01:15:38-debug: [Build Memory track]: Query asset bundle start:226.71MB, end 226.61MB, increase: -106.74KB
8-18-2026 01:15:38-debug: // ---- build task Query asset bundle ----
8-18-2026 01:15:38-debug: // ---- build task Query asset bundle ---- (6ms)
8-18-2026 01:15:38-debug: // ---- build task Sort some build options to settings.json ----
8-18-2026 01:15:38-log: run build task Query asset bundle success in 6 ms√, progress: 10%
8-18-2026 01:15:38-debug: [Build Memory track]: Query asset bundle start:226.65MB, end 226.06MB, increase: -599.84KB
8-18-2026 01:15:38-debug: Sort some build options to settings.json start, progress: 10%
8-18-2026 01:15:38-debug: // ---- build task Sort some build options to settings.json ---- (2ms)
8-18-2026 01:15:38-debug: Fill script data to settings start, progress: 12%
8-18-2026 01:15:38-log: run build task Sort some build options to settings.json success in 2 ms√, progress: 12%
8-18-2026 01:15:38-debug: [Build Memory track]: Sort some build options to settings.json start:226.11MB, end 226.15MB, increase: 33.80KB
8-18-2026 01:15:38-debug: // ---- build task Fill script data to settings ----
8-18-2026 01:15:38-debug: // ---- build task Fill script data to settings ---- (1ms)
8-18-2026 01:15:38-debug: Sort some build options to settings.json start, progress: 13%
8-18-2026 01:15:38-log: run build task Fill script data to settings success in 1 ms√, progress: 13%
8-18-2026 01:15:38-debug: [Build Memory track]: Fill script data to settings start:226.19MB, end 226.24MB, increase: 49.41KB
8-18-2026 01:15:38-debug: // ---- build task Sort some build options to settings.json ----
8-18-2026 01:15:38-debug: // ---- build task Sort some build options to settings.json ---- (9ms)
8-18-2026 01:15:38-debug: [Build Memory track]: Sort some build options to settings.json start:226.27MB, end 226.41MB, increase: 137.96KB
8-18-2026 01:15:38-log: run build task Sort some build options to settings.json success in 9 ms√, progress: 15%
8-18-2026 01:15:40-debug: %cImport%c: F:\Github\BattleGame\assets\Battle.scenebackground: #aaff85; color: #000;color: #000;
8-18-2026 01:15:40-debug: asset-db:reimport-asset1effe86e-a401-4769-9dbc-62218c68834d (35ms)
8-18-2026 01:15:41-debug: Query all assets info in project
8-18-2026 01:15:41-debug: init custom config: keepNodeUuid: false, useCache: true
8-18-2026 01:15:41-debug: Skip compress image, progress: 0%
8-18-2026 01:15:41-debug: Num of bundles: 2..., progress: 0%
8-18-2026 01:15:41-debug: Query asset bundle start, progress: 0%
8-18-2026 01:15:41-debug: // ---- build task Query asset bundle ----
8-18-2026 01:15:41-debug: Init all bundles start..., progress: 0%
8-18-2026 01:15:41-debug: Init bundle root assets start..., progress: 0%
8-18-2026 01:15:41-debug: Query preload assets/scripts from cc.config.json: 60f7195c-ec2a-45eb-ba94-8955f60e81d0,1c02ae6f-4492-4915-b8f8-7492a3b1e4cd,810e96e4-e456-4468-9b59-f4e8f39732c0,efe8e2a3-eace-427b-b4f1-cb8a937ec77d,e9aa9a3e-5b2b-4ac7-a2c7-073de2b2b24f,8bbdbcdd-5cd4-4100-b6d5-b7c9625b6107,50f4348b-c883-4e2f-8f11-ce233b859fa1,fda095cb-831d-4601-ad94-846013963de8,f92806d7-1768-443f-afe8-12bcde84d0f0,dd3a144d-ab7f-41f0-82b8-2e43a090d496,f0416e68-0200-4b77-a926-4f9d16e494da,511d2633-09a7-4bdd-ac42-f778032124b3,5d45aa00-e064-4938-b314-4265f0c2258c,9361fd90-ba52-4f84-aa93-6e878fd576ca,970b0598-bcb0-4714-91fb-2e81440dccd8,bcd64cc6-2dd9-43f6-abbe-66318d332032,d930590d-bb92-4cc8-8bd1-23cd027f9edf,a3cd009f-0ab0-420d-9278-b9fdab939bbc,6a2d0734-bd9e-4ddf-946e-caa52498cb75,d9937e59-61fe-4ec6-92ab-7ac5a19c89b0,d1346436-ac96-4271-b863-1f4fdead95b0,971bdb23-3ff6-43eb-b422-1c30165a3663,17debcc3-0a6b-4b8a-b00b-dc58b885581e,711ebe11-f673-4cd9-9a83-63c60ba54c5b,c0143906-9aed-447e-9436-2ae8512d1b6e,14da1725-c4c2-42b4-ab08-ee0aeb6898b3,081cab31-dccd-428e-8652-f2404cc81c47,78e0584a-4343-4727-8f37-e14e65c2a2db,871c3b6c-7379-419d-bda3-794b239ab90d,ff9b0199-ce04-4cfe-86cc-6c719f08d6e4,de1c2107-70c8-4021-8459-6399f24d01c6,cbf30902-517f-40dc-af90-a550bac27cf1,5c601d96-e4c7-4698-991b-7ee674b11079
8-18-2026 01:15:41-debug:   Number of all scenes: 1
8-18-2026 01:15:41-debug:   Number of all scripts: 42
8-18-2026 01:15:41-debug:   Number of other assets: 486
8-18-2026 01:15:41-debug: Init bundle root assets success..., progress: 0%
8-18-2026 01:15:41-debug: // ---- build task Query asset bundle ---- (17ms)
8-18-2026 01:15:41-log: run build task Query asset bundle success in 17 ms√, progress: 5%
8-18-2026 01:15:41-debug: [Build Memory track]: Query asset bundle start:227.11MB, end 226.96MB, increase: -157.79KB
8-18-2026 01:15:41-debug: Query asset bundle start, progress: 5%
8-18-2026 01:15:41-debug: // ---- build task Query asset bundle ----
8-18-2026 01:15:41-debug: // ---- build task Query asset bundle ---- (11ms)
8-18-2026 01:15:41-log: run build task Query asset bundle success in 11 ms√, progress: 10%
8-18-2026 01:15:41-debug: [Build Memory track]: Query asset bundle start:226.99MB, end 227.14MB, increase: 146.41KB
8-18-2026 01:15:41-debug: Sort some build options to settings.json start, progress: 10%
8-18-2026 01:15:41-debug: // ---- build task Sort some build options to settings.json ----
8-18-2026 01:15:41-debug: // ---- build task Sort some build options to settings.json ---- (2ms)
8-18-2026 01:15:41-debug: [Build Memory track]: Sort some build options to settings.json start:227.17MB, end 227.21MB, increase: 33.24KB
8-18-2026 01:15:41-log: run build task Sort some build options to settings.json success in 2 ms√, progress: 12%
8-18-2026 01:15:41-debug: Fill script data to settings start, progress: 12%
8-18-2026 01:15:41-debug: // ---- build task Fill script data to settings ----
8-18-2026 01:15:41-debug: // ---- build task Fill script data to settings ---- (3ms)
8-18-2026 01:15:41-log: run build task Fill script data to settings success in 3 ms√, progress: 13%
8-18-2026 01:15:41-debug: [Build Memory track]: Fill script data to settings start:227.25MB, end 227.28MB, increase: 32.74KB
8-18-2026 01:15:41-debug: Sort some build options to settings.json start, progress: 13%
8-18-2026 01:15:41-debug: // ---- build task Sort some build options to settings.json ----
8-18-2026 01:15:41-debug: // ---- build task Sort some build options to settings.json ---- (15ms)
8-18-2026 01:15:41-log: run build task Sort some build options to settings.json success in 15 ms√, progress: 15%
8-18-2026 01:15:41-debug: [Build Memory track]: Sort some build options to settings.json start:227.32MB, end 227.46MB, increase: 147.91KB
8-18-2026 01:16:09-debug: refresh db internal success
8-18-2026 01:16:09-debug: Run asset db hook engine-extends:afterRefresh ...
8-18-2026 01:16:09-debug: refresh db assets success
8-18-2026 01:16:09-debug: Run asset db hook engine-extends:afterRefresh success!
8-18-2026 01:16:09-debug: asset-db:refresh-all-database (88ms)
8-18-2026 01:16:09-debug: asset-db:worker-effect-data-processing (1ms)
8-18-2026 01:16:09-debug: asset-db-hook-engine-extends-afterRefresh (2ms)
8-18-2026 01:16:14-debug: Query all assets info in project
8-18-2026 01:16:14-debug: init custom config: keepNodeUuid: false, useCache: true
8-18-2026 01:16:14-debug: Skip compress image, progress: 0%
8-18-2026 01:16:14-debug: Init all bundles start..., progress: 0%
8-18-2026 01:16:14-debug: Query asset bundle start, progress: 0%
8-18-2026 01:16:14-debug: // ---- build task Query asset bundle ----
8-18-2026 01:16:14-debug: Init bundle root assets start..., progress: 0%
8-18-2026 01:16:14-debug: Num of bundles: 2..., progress: 0%
8-18-2026 01:16:14-debug: Query preload assets/scripts from cc.config.json: 60f7195c-ec2a-45eb-ba94-8955f60e81d0,1c02ae6f-4492-4915-b8f8-7492a3b1e4cd,810e96e4-e456-4468-9b59-f4e8f39732c0,efe8e2a3-eace-427b-b4f1-cb8a937ec77d,e9aa9a3e-5b2b-4ac7-a2c7-073de2b2b24f,8bbdbcdd-5cd4-4100-b6d5-b7c9625b6107,50f4348b-c883-4e2f-8f11-ce233b859fa1,fda095cb-831d-4601-ad94-846013963de8,f92806d7-1768-443f-afe8-12bcde84d0f0,dd3a144d-ab7f-41f0-82b8-2e43a090d496,f0416e68-0200-4b77-a926-4f9d16e494da,511d2633-09a7-4bdd-ac42-f778032124b3,5d45aa00-e064-4938-b314-4265f0c2258c,9361fd90-ba52-4f84-aa93-6e878fd576ca,970b0598-bcb0-4714-91fb-2e81440dccd8,bcd64cc6-2dd9-43f6-abbe-66318d332032,d930590d-bb92-4cc8-8bd1-23cd027f9edf,a3cd009f-0ab0-420d-9278-b9fdab939bbc,6a2d0734-bd9e-4ddf-946e-caa52498cb75,d9937e59-61fe-4ec6-92ab-7ac5a19c89b0,d1346436-ac96-4271-b863-1f4fdead95b0,971bdb23-3ff6-43eb-b422-1c30165a3663,17debcc3-0a6b-4b8a-b00b-dc58b885581e,711ebe11-f673-4cd9-9a83-63c60ba54c5b,c0143906-9aed-447e-9436-2ae8512d1b6e,14da1725-c4c2-42b4-ab08-ee0aeb6898b3,081cab31-dccd-428e-8652-f2404cc81c47,78e0584a-4343-4727-8f37-e14e65c2a2db,871c3b6c-7379-419d-bda3-794b239ab90d,ff9b0199-ce04-4cfe-86cc-6c719f08d6e4,de1c2107-70c8-4021-8459-6399f24d01c6,cbf30902-517f-40dc-af90-a550bac27cf1,5c601d96-e4c7-4698-991b-7ee674b11079
8-18-2026 01:16:14-debug:   Number of all scenes: 1
8-18-2026 01:16:14-debug:   Number of other assets: 486
8-18-2026 01:16:14-debug: Init bundle root assets success..., progress: 0%
8-18-2026 01:16:14-debug:   Number of all scripts: 42
8-18-2026 01:16:14-debug: // ---- build task Query asset bundle ---- (14ms)
8-18-2026 01:16:14-log: run build task Query asset bundle success in 14 ms√, progress: 5%
8-18-2026 01:16:14-debug: [Build Memory track]: Query asset bundle start:228.64MB, end 228.55MB, increase: -93.00KB
8-18-2026 01:16:14-debug: Query asset bundle start, progress: 5%
8-18-2026 01:16:14-debug: // ---- build task Query asset bundle ----
8-18-2026 01:16:14-debug: // ---- build task Query asset bundle ---- (7ms)
8-18-2026 01:16:14-log: run build task Query asset bundle success in 7 ms√, progress: 10%
8-18-2026 01:16:14-debug: Sort some build options to settings.json start, progress: 10%
8-18-2026 01:16:14-debug: [Build Memory track]: Query asset bundle start:228.59MB, end 228.73MB, increase: 149.48KB
8-18-2026 01:16:14-debug: // ---- build task Sort some build options to settings.json ----
8-18-2026 01:16:14-log: run build task Sort some build options to settings.json success in √, progress: 12%
8-18-2026 01:16:14-debug: [Build Memory track]: Sort some build options to settings.json start:228.78MB, end 228.80MB, increase: 20.35KB
8-18-2026 01:16:14-debug: Fill script data to settings start, progress: 12%
8-18-2026 01:16:14-debug: // ---- build task Fill script data to settings ----
8-18-2026 01:16:14-debug: // ---- build task Fill script data to settings ---- (3ms)
8-18-2026 01:16:14-log: run build task Fill script data to settings success in 3 ms√, progress: 13%
8-18-2026 01:16:14-debug: [Build Memory track]: Fill script data to settings start:228.83MB, end 228.87MB, increase: 32.16KB
8-18-2026 01:16:14-debug: Sort some build options to settings.json start, progress: 13%
8-18-2026 01:16:14-debug: // ---- build task Sort some build options to settings.json ----
8-18-2026 01:16:14-debug: // ---- build task Sort some build options to settings.json ---- (10ms)
8-18-2026 01:16:14-debug: [Build Memory track]: Sort some build options to settings.json start:228.90MB, end 229.05MB, increase: 145.89KB
8-18-2026 01:16:14-log: run build task Sort some build options to settings.json success in 10 ms√, progress: 15%
8-18-2026 01:16:22-debug: Query all assets info in project
8-18-2026 01:16:22-debug: init custom config: keepNodeUuid: false, useCache: true
8-18-2026 01:16:22-debug: Skip compress image, progress: 0%
8-18-2026 01:16:22-debug: Num of bundles: 2..., progress: 0%
8-18-2026 01:16:22-debug: Init all bundles start..., progress: 0%
8-18-2026 01:16:22-debug: // ---- build task Query asset bundle ----
8-18-2026 01:16:22-debug: Query asset bundle start, progress: 0%
8-18-2026 01:16:22-debug: Init bundle root assets start..., progress: 0%
8-18-2026 01:16:22-debug: Query preload assets/scripts from cc.config.json: 60f7195c-ec2a-45eb-ba94-8955f60e81d0,1c02ae6f-4492-4915-b8f8-7492a3b1e4cd,810e96e4-e456-4468-9b59-f4e8f39732c0,efe8e2a3-eace-427b-b4f1-cb8a937ec77d,e9aa9a3e-5b2b-4ac7-a2c7-073de2b2b24f,8bbdbcdd-5cd4-4100-b6d5-b7c9625b6107,50f4348b-c883-4e2f-8f11-ce233b859fa1,fda095cb-831d-4601-ad94-846013963de8,f92806d7-1768-443f-afe8-12bcde84d0f0,dd3a144d-ab7f-41f0-82b8-2e43a090d496,f0416e68-0200-4b77-a926-4f9d16e494da,511d2633-09a7-4bdd-ac42-f778032124b3,5d45aa00-e064-4938-b314-4265f0c2258c,9361fd90-ba52-4f84-aa93-6e878fd576ca,970b0598-bcb0-4714-91fb-2e81440dccd8,bcd64cc6-2dd9-43f6-abbe-66318d332032,d930590d-bb92-4cc8-8bd1-23cd027f9edf,a3cd009f-0ab0-420d-9278-b9fdab939bbc,6a2d0734-bd9e-4ddf-946e-caa52498cb75,d9937e59-61fe-4ec6-92ab-7ac5a19c89b0,d1346436-ac96-4271-b863-1f4fdead95b0,971bdb23-3ff6-43eb-b422-1c30165a3663,17debcc3-0a6b-4b8a-b00b-dc58b885581e,711ebe11-f673-4cd9-9a83-63c60ba54c5b,c0143906-9aed-447e-9436-2ae8512d1b6e,14da1725-c4c2-42b4-ab08-ee0aeb6898b3,081cab31-dccd-428e-8652-f2404cc81c47,78e0584a-4343-4727-8f37-e14e65c2a2db,871c3b6c-7379-419d-bda3-794b239ab90d,ff9b0199-ce04-4cfe-86cc-6c719f08d6e4,de1c2107-70c8-4021-8459-6399f24d01c6,cbf30902-517f-40dc-af90-a550bac27cf1,5c601d96-e4c7-4698-991b-7ee674b11079
8-18-2026 01:16:22-debug:   Number of all scenes: 1
8-18-2026 01:16:22-debug:   Number of other assets: 486
8-18-2026 01:16:22-debug: Init bundle root assets success..., progress: 0%
8-18-2026 01:16:22-debug:   Number of all scripts: 42
8-18-2026 01:16:22-debug: // ---- build task Query asset bundle ---- (14ms)
8-18-2026 01:16:22-log: run build task Query asset bundle success in 14 ms√, progress: 5%
8-18-2026 01:16:22-debug: [Build Memory track]: Query asset bundle start:228.92MB, end 228.80MB, increase: -121.10KB
8-18-2026 01:16:22-debug: // ---- build task Query asset bundle ----
8-18-2026 01:16:22-debug: Query asset bundle start, progress: 5%
8-18-2026 01:16:22-debug: // ---- build task Query asset bundle ---- (8ms)
8-18-2026 01:16:22-log: run build task Query asset bundle success in 8 ms√, progress: 10%
8-18-2026 01:16:22-debug: [Build Memory track]: Query asset bundle start:228.84MB, end 228.99MB, increase: 146.34KB
8-18-2026 01:16:22-debug: Sort some build options to settings.json start, progress: 10%
8-18-2026 01:16:22-debug: // ---- build task Sort some build options to settings.json ----
8-18-2026 01:16:22-debug: // ---- build task Sort some build options to settings.json ---- (3ms)
8-18-2026 01:16:22-log: run build task Sort some build options to settings.json success in 3 ms√, progress: 12%
8-18-2026 01:16:22-debug: [Build Memory track]: Sort some build options to settings.json start:229.02MB, end 229.06MB, increase: 41.99KB
8-18-2026 01:16:22-debug: Fill script data to settings start, progress: 12%
8-18-2026 01:16:22-debug: // ---- build task Fill script data to settings ----
8-18-2026 01:16:22-debug: // ---- build task Fill script data to settings ---- (2ms)
8-18-2026 01:16:22-log: run build task Fill script data to settings success in 2 ms√, progress: 13%
8-18-2026 01:16:22-debug: [Build Memory track]: Fill script data to settings start:229.10MB, end 229.13MB, increase: 32.74KB
8-18-2026 01:16:22-debug: Sort some build options to settings.json start, progress: 13%
8-18-2026 01:16:22-debug: // ---- build task Sort some build options to settings.json ----
8-18-2026 01:16:22-debug: // ---- build task Sort some build options to settings.json ---- (22ms)
8-18-2026 01:16:22-debug: [Build Memory track]: Sort some build options to settings.json start:229.17MB, end 229.33MB, increase: 156.68KB
8-18-2026 01:16:22-log: run build task Sort some build options to settings.json success in 22 ms√, progress: 15%
8-18-2026 01:17:42-debug: refresh db internal success
8-18-2026 01:17:42-debug: %cImport%c: F:\Github\BattleGame\assets\scripts\LevelSettings.tsbackground: #aaff85; color: #000;color: #000;
8-18-2026 01:17:42-debug: refresh db assets success
8-18-2026 01:17:42-debug: Run asset db hook engine-extends:afterRefresh success!
8-18-2026 01:17:42-debug: Run asset db hook engine-extends:afterRefresh ...
8-18-2026 01:17:42-debug: asset-db:refresh-all-database (104ms)
8-18-2026 01:17:42-debug: asset-db:worker-effect-data-processing (5ms)
8-18-2026 01:17:42-debug: asset-db-hook-engine-extends-afterRefresh (5ms)
8-18-2026 01:17:47-debug: Query all assets info in project
8-18-2026 01:17:47-debug: init custom config: keepNodeUuid: false, useCache: true
8-18-2026 01:17:47-debug: Skip compress image, progress: 0%
8-18-2026 01:17:47-debug: Init all bundles start..., progress: 0%
8-18-2026 01:17:47-debug: Init bundle root assets start..., progress: 0%
8-18-2026 01:17:47-debug: Query asset bundle start, progress: 0%
8-18-2026 01:17:47-debug: // ---- build task Query asset bundle ----
8-18-2026 01:17:47-debug: Num of bundles: 2..., progress: 0%
8-18-2026 01:17:47-debug:   Number of all scripts: 42
8-18-2026 01:17:47-debug: Query preload assets/scripts from cc.config.json: 60f7195c-ec2a-45eb-ba94-8955f60e81d0,1c02ae6f-4492-4915-b8f8-7492a3b1e4cd,810e96e4-e456-4468-9b59-f4e8f39732c0,efe8e2a3-eace-427b-b4f1-cb8a937ec77d,e9aa9a3e-5b2b-4ac7-a2c7-073de2b2b24f,8bbdbcdd-5cd4-4100-b6d5-b7c9625b6107,50f4348b-c883-4e2f-8f11-ce233b859fa1,fda095cb-831d-4601-ad94-846013963de8,f92806d7-1768-443f-afe8-12bcde84d0f0,dd3a144d-ab7f-41f0-82b8-2e43a090d496,f0416e68-0200-4b77-a926-4f9d16e494da,511d2633-09a7-4bdd-ac42-f778032124b3,5d45aa00-e064-4938-b314-4265f0c2258c,9361fd90-ba52-4f84-aa93-6e878fd576ca,970b0598-bcb0-4714-91fb-2e81440dccd8,bcd64cc6-2dd9-43f6-abbe-66318d332032,d930590d-bb92-4cc8-8bd1-23cd027f9edf,a3cd009f-0ab0-420d-9278-b9fdab939bbc,6a2d0734-bd9e-4ddf-946e-caa52498cb75,d9937e59-61fe-4ec6-92ab-7ac5a19c89b0,d1346436-ac96-4271-b863-1f4fdead95b0,971bdb23-3ff6-43eb-b422-1c30165a3663,17debcc3-0a6b-4b8a-b00b-dc58b885581e,711ebe11-f673-4cd9-9a83-63c60ba54c5b,c0143906-9aed-447e-9436-2ae8512d1b6e,14da1725-c4c2-42b4-ab08-ee0aeb6898b3,081cab31-dccd-428e-8652-f2404cc81c47,78e0584a-4343-4727-8f37-e14e65c2a2db,871c3b6c-7379-419d-bda3-794b239ab90d,ff9b0199-ce04-4cfe-86cc-6c719f08d6e4,de1c2107-70c8-4021-8459-6399f24d01c6,cbf30902-517f-40dc-af90-a550bac27cf1,5c601d96-e4c7-4698-991b-7ee674b11079
8-18-2026 01:17:47-debug:   Number of other assets: 486
8-18-2026 01:17:47-debug:   Number of all scenes: 1
8-18-2026 01:17:47-debug: Init bundle root assets success..., progress: 0%
8-18-2026 01:17:47-debug: // ---- build task Query asset bundle ---- (8ms)
8-18-2026 01:17:47-log: run build task Query asset bundle success in 8 ms√, progress: 5%
8-18-2026 01:17:47-debug: [Build Memory track]: Query asset bundle start:230.71MB, end 230.52MB, increase: -192.23KB
8-18-2026 01:17:47-debug: Query asset bundle start, progress: 5%
8-18-2026 01:17:47-debug: // ---- build task Query asset bundle ----
8-18-2026 01:17:47-debug: // ---- build task Query asset bundle ---- (4ms)
8-18-2026 01:17:47-debug: Sort some build options to settings.json start, progress: 10%
8-18-2026 01:17:47-log: run build task Query asset bundle success in 4 ms√, progress: 10%
8-18-2026 01:17:47-debug: [Build Memory track]: Query asset bundle start:230.56MB, end 230.70MB, increase: 147.45KB
8-18-2026 01:17:47-debug: // ---- build task Sort some build options to settings.json ----
8-18-2026 01:17:47-debug: // ---- build task Sort some build options to settings.json ---- (2ms)
8-18-2026 01:17:47-debug: [Build Memory track]: Sort some build options to settings.json start:230.74MB, end 230.78MB, increase: 33.26KB
8-18-2026 01:17:47-debug: Fill script data to settings start, progress: 12%
8-18-2026 01:17:47-log: run build task Sort some build options to settings.json success in 2 ms√, progress: 12%
8-18-2026 01:17:47-debug: // ---- build task Fill script data to settings ----
8-18-2026 01:17:47-debug: // ---- build task Fill script data to settings ---- (3ms)
8-18-2026 01:17:47-debug: [Build Memory track]: Fill script data to settings start:230.81MB, end 230.85MB, increase: 32.72KB
8-18-2026 01:17:47-debug: Sort some build options to settings.json start, progress: 13%
8-18-2026 01:17:47-debug: // ---- build task Sort some build options to settings.json ----
8-18-2026 01:17:47-log: run build task Fill script data to settings success in 3 ms√, progress: 13%
8-18-2026 01:17:47-debug: // ---- build task Sort some build options to settings.json ---- (7ms)
8-18-2026 01:17:47-log: run build task Sort some build options to settings.json success in 7 ms√, progress: 15%
8-18-2026 01:17:47-debug: [Build Memory track]: Sort some build options to settings.json start:230.88MB, end 230.32MB, increase: -577.52KB
8-18-2026 01:17:50-debug: %cImport%c: F:\Github\BattleGame\assets\Battle.scenebackground: #aaff85; color: #000;color: #000;
8-18-2026 01:17:50-debug: asset-db:reimport-asset1effe86e-a401-4769-9dbc-62218c68834d (39ms)
8-18-2026 01:17:50-debug: Query all assets info in project
8-18-2026 01:17:50-debug: init custom config: keepNodeUuid: false, useCache: true
8-18-2026 01:17:50-debug: Skip compress image, progress: 0%
8-18-2026 01:17:50-debug: Init all bundles start..., progress: 0%
8-18-2026 01:17:50-debug: Query asset bundle start, progress: 0%
8-18-2026 01:17:50-debug: // ---- build task Query asset bundle ----
8-18-2026 01:17:50-debug: Num of bundles: 2..., progress: 0%
8-18-2026 01:17:50-debug: Init bundle root assets start..., progress: 0%
8-18-2026 01:17:50-debug: Query preload assets/scripts from cc.config.json: 60f7195c-ec2a-45eb-ba94-8955f60e81d0,1c02ae6f-4492-4915-b8f8-7492a3b1e4cd,810e96e4-e456-4468-9b59-f4e8f39732c0,efe8e2a3-eace-427b-b4f1-cb8a937ec77d,e9aa9a3e-5b2b-4ac7-a2c7-073de2b2b24f,8bbdbcdd-5cd4-4100-b6d5-b7c9625b6107,50f4348b-c883-4e2f-8f11-ce233b859fa1,fda095cb-831d-4601-ad94-846013963de8,f92806d7-1768-443f-afe8-12bcde84d0f0,dd3a144d-ab7f-41f0-82b8-2e43a090d496,f0416e68-0200-4b77-a926-4f9d16e494da,511d2633-09a7-4bdd-ac42-f778032124b3,5d45aa00-e064-4938-b314-4265f0c2258c,9361fd90-ba52-4f84-aa93-6e878fd576ca,970b0598-bcb0-4714-91fb-2e81440dccd8,bcd64cc6-2dd9-43f6-abbe-66318d332032,d930590d-bb92-4cc8-8bd1-23cd027f9edf,a3cd009f-0ab0-420d-9278-b9fdab939bbc,6a2d0734-bd9e-4ddf-946e-caa52498cb75,d9937e59-61fe-4ec6-92ab-7ac5a19c89b0,d1346436-ac96-4271-b863-1f4fdead95b0,971bdb23-3ff6-43eb-b422-1c30165a3663,17debcc3-0a6b-4b8a-b00b-dc58b885581e,711ebe11-f673-4cd9-9a83-63c60ba54c5b,c0143906-9aed-447e-9436-2ae8512d1b6e,14da1725-c4c2-42b4-ab08-ee0aeb6898b3,081cab31-dccd-428e-8652-f2404cc81c47,78e0584a-4343-4727-8f37-e14e65c2a2db,871c3b6c-7379-419d-bda3-794b239ab90d,ff9b0199-ce04-4cfe-86cc-6c719f08d6e4,de1c2107-70c8-4021-8459-6399f24d01c6,cbf30902-517f-40dc-af90-a550bac27cf1,5c601d96-e4c7-4698-991b-7ee674b11079
8-18-2026 01:17:50-debug:   Number of all scenes: 1
8-18-2026 01:17:50-debug:   Number of all scripts: 42
8-18-2026 01:17:50-debug:   Number of other assets: 486
8-18-2026 01:17:50-debug: Init bundle root assets success..., progress: 0%
8-18-2026 01:17:50-debug: // ---- build task Query asset bundle ---- (9ms)
8-18-2026 01:17:50-log: run build task Query asset bundle success in 9 ms√, progress: 5%
8-18-2026 01:17:50-debug: [Build Memory track]: Query asset bundle start:232.49MB, end 230.78MB, increase: -1748.82KB
8-18-2026 01:17:50-debug: // ---- build task Query asset bundle ----
8-18-2026 01:17:50-debug: Query asset bundle start, progress: 5%
8-18-2026 01:17:50-log: run build task Query asset bundle success in 5 ms√, progress: 10%
8-18-2026 01:17:50-debug: [Build Memory track]: Query asset bundle start:230.82MB, end 230.96MB, increase: 148.86KB
8-18-2026 01:17:50-debug: // ---- build task Query asset bundle ---- (5ms)
8-18-2026 01:17:50-debug: Sort some build options to settings.json start, progress: 10%
8-18-2026 01:17:50-debug: // ---- build task Sort some build options to settings.json ----
8-18-2026 01:17:50-debug: // ---- build task Sort some build options to settings.json ---- (3ms)
8-18-2026 01:17:50-log: run build task Sort some build options to settings.json success in 3 ms√, progress: 12%
8-18-2026 01:17:50-debug: // ---- build task Fill script data to settings ----
8-18-2026 01:17:50-debug: Fill script data to settings start, progress: 12%
8-18-2026 01:17:50-debug: [Build Memory track]: Sort some build options to settings.json start:231.00MB, end 231.04MB, increase: 44.30KB
8-18-2026 01:17:50-debug: // ---- build task Fill script data to settings ---- (1ms)
8-18-2026 01:17:50-debug: [Build Memory track]: Fill script data to settings start:231.08MB, end 231.10MB, increase: 26.12KB
8-18-2026 01:17:50-debug: // ---- build task Sort some build options to settings.json ----
8-18-2026 01:17:50-log: run build task Fill script data to settings success in 1 ms√, progress: 13%
8-18-2026 01:17:50-debug: Sort some build options to settings.json start, progress: 13%
8-18-2026 01:17:50-debug: // ---- build task Sort some build options to settings.json ---- (13ms)
8-18-2026 01:17:50-debug: [Build Memory track]: Sort some build options to settings.json start:231.13MB, end 231.26MB, increase: 137.13KB
8-18-2026 01:17:50-log: run build task Sort some build options to settings.json success in 13 ms√, progress: 15%
8-18-2026 01:27:40-debug: refresh db internal success
8-18-2026 01:27:40-debug: %cImport%c: F:\Github\BattleGame\assets\scripts\LevelSettings.tsbackground: #aaff85; color: #000;color: #000;
8-18-2026 01:27:40-debug: refresh db assets success
8-18-2026 01:27:40-debug: Run asset db hook engine-extends:afterRefresh ...
8-18-2026 01:27:40-debug: Run asset db hook engine-extends:afterRefresh success!
8-18-2026 01:27:40-debug: asset-db:refresh-all-database (92ms)
8-18-2026 01:27:40-debug: asset-db:worker-effect-data-processing (2ms)
8-18-2026 01:27:40-debug: asset-db-hook-engine-extends-afterRefresh (2ms)
8-18-2026 01:27:45-debug: Query all assets info in project
8-18-2026 01:27:45-debug: init custom config: keepNodeUuid: false, useCache: true
8-18-2026 01:27:45-debug: Skip compress image, progress: 0%
8-18-2026 01:27:45-debug: Num of bundles: 2..., progress: 0%
8-18-2026 01:27:45-debug: Init all bundles start..., progress: 0%
8-18-2026 01:27:45-debug: // ---- build task Query asset bundle ----
8-18-2026 01:27:45-debug: Query asset bundle start, progress: 0%
8-18-2026 01:27:45-debug: Init bundle root assets start..., progress: 0%
8-18-2026 01:27:45-debug: Query preload assets/scripts from cc.config.json: 60f7195c-ec2a-45eb-ba94-8955f60e81d0,1c02ae6f-4492-4915-b8f8-7492a3b1e4cd,810e96e4-e456-4468-9b59-f4e8f39732c0,efe8e2a3-eace-427b-b4f1-cb8a937ec77d,e9aa9a3e-5b2b-4ac7-a2c7-073de2b2b24f,8bbdbcdd-5cd4-4100-b6d5-b7c9625b6107,50f4348b-c883-4e2f-8f11-ce233b859fa1,fda095cb-831d-4601-ad94-846013963de8,f92806d7-1768-443f-afe8-12bcde84d0f0,dd3a144d-ab7f-41f0-82b8-2e43a090d496,f0416e68-0200-4b77-a926-4f9d16e494da,511d2633-09a7-4bdd-ac42-f778032124b3,5d45aa00-e064-4938-b314-4265f0c2258c,9361fd90-ba52-4f84-aa93-6e878fd576ca,970b0598-bcb0-4714-91fb-2e81440dccd8,bcd64cc6-2dd9-43f6-abbe-66318d332032,d930590d-bb92-4cc8-8bd1-23cd027f9edf,a3cd009f-0ab0-420d-9278-b9fdab939bbc,6a2d0734-bd9e-4ddf-946e-caa52498cb75,d9937e59-61fe-4ec6-92ab-7ac5a19c89b0,d1346436-ac96-4271-b863-1f4fdead95b0,971bdb23-3ff6-43eb-b422-1c30165a3663,17debcc3-0a6b-4b8a-b00b-dc58b885581e,711ebe11-f673-4cd9-9a83-63c60ba54c5b,c0143906-9aed-447e-9436-2ae8512d1b6e,14da1725-c4c2-42b4-ab08-ee0aeb6898b3,081cab31-dccd-428e-8652-f2404cc81c47,78e0584a-4343-4727-8f37-e14e65c2a2db,871c3b6c-7379-419d-bda3-794b239ab90d,ff9b0199-ce04-4cfe-86cc-6c719f08d6e4,de1c2107-70c8-4021-8459-6399f24d01c6,cbf30902-517f-40dc-af90-a550bac27cf1,5c601d96-e4c7-4698-991b-7ee674b11079
8-18-2026 01:27:45-debug:   Number of all scripts: 42
8-18-2026 01:27:45-debug:   Number of other assets: 486
8-18-2026 01:27:45-debug: Init bundle root assets success..., progress: 0%
8-18-2026 01:27:45-debug:   Number of all scenes: 1
8-18-2026 01:27:45-debug: // ---- build task Query asset bundle ---- (12ms)
8-18-2026 01:27:45-log: run build task Query asset bundle success in 12 ms√, progress: 5%
8-18-2026 01:27:45-debug: [Build Memory track]: Query asset bundle start:232.23MB, end 232.01MB, increase: -218.48KB
8-18-2026 01:27:45-debug: // ---- build task Query asset bundle ----
8-18-2026 01:27:45-debug: Query asset bundle start, progress: 5%
8-18-2026 01:27:45-debug: // ---- build task Query asset bundle ---- (8ms)
8-18-2026 01:27:45-debug: [Build Memory track]: Query asset bundle start:232.04MB, end 232.18MB, increase: 139.98KB
8-18-2026 01:27:45-debug: // ---- build task Sort some build options to settings.json ----
8-18-2026 01:27:45-log: run build task Query asset bundle success in 8 ms√, progress: 10%
8-18-2026 01:27:45-debug: Sort some build options to settings.json start, progress: 10%
8-18-2026 01:27:45-debug: // ---- build task Sort some build options to settings.json ---- (3ms)
8-18-2026 01:27:45-debug: [Build Memory track]: Sort some build options to settings.json start:232.21MB, end 232.23MB, increase: 26.33KB
8-18-2026 01:27:45-debug: Fill script data to settings start, progress: 12%
8-18-2026 01:27:45-log: run build task Sort some build options to settings.json success in 3 ms√, progress: 12%
8-18-2026 01:27:45-debug: // ---- build task Fill script data to settings ----
8-18-2026 01:27:45-debug: // ---- build task Fill script data to settings ---- (5ms)
8-18-2026 01:27:45-log: run build task Fill script data to settings success in 5 ms√, progress: 13%
8-18-2026 01:27:45-debug: Sort some build options to settings.json start, progress: 13%
8-18-2026 01:27:45-debug: // ---- build task Sort some build options to settings.json ----
8-18-2026 01:27:45-debug: [Build Memory track]: Fill script data to settings start:232.26MB, end 232.28MB, increase: 25.86KB
8-18-2026 01:27:45-debug: // ---- build task Sort some build options to settings.json ---- (14ms)
8-18-2026 01:27:45-log: run build task Sort some build options to settings.json success in 14 ms√, progress: 15%
8-18-2026 01:27:45-debug: [Build Memory track]: Sort some build options to settings.json start:232.31MB, end 232.44MB, increase: 131.22KB
8-18-2026 01:28:23-debug: refresh db internal success
8-18-2026 01:28:23-debug: Run asset db hook engine-extends:afterRefresh ...
8-18-2026 01:28:23-debug: Run asset db hook engine-extends:afterRefresh success!
8-18-2026 01:28:23-debug: refresh db assets success
8-18-2026 01:28:23-debug: asset-db:refresh-all-database (129ms)
8-18-2026 01:28:23-debug: asset-db:worker-effect-data-processing (6ms)
8-18-2026 01:28:23-debug: asset-db-hook-engine-extends-afterRefresh (7ms)
8-18-2026 01:28:25-debug: %cImport%c: F:\Github\BattleGame\assets\Battle.scenebackground: #aaff85; color: #000;color: #000;
8-18-2026 01:28:25-debug: asset-db:reimport-asset1effe86e-a401-4769-9dbc-62218c68834d (30ms)
8-18-2026 01:28:25-debug: Query all assets info in project
8-18-2026 01:28:25-debug: init custom config: keepNodeUuid: false, useCache: true
8-18-2026 01:28:25-debug: Skip compress image, progress: 0%
8-18-2026 01:28:25-debug: Num of bundles: 2..., progress: 0%
8-18-2026 01:28:25-debug: Init all bundles start..., progress: 0%
8-18-2026 01:28:25-debug: // ---- build task Query asset bundle ----
8-18-2026 01:28:25-debug: Query asset bundle start, progress: 0%
8-18-2026 01:28:25-debug: Init bundle root assets start..., progress: 0%
8-18-2026 01:28:26-debug: Query preload assets/scripts from cc.config.json: 60f7195c-ec2a-45eb-ba94-8955f60e81d0,1c02ae6f-4492-4915-b8f8-7492a3b1e4cd,810e96e4-e456-4468-9b59-f4e8f39732c0,efe8e2a3-eace-427b-b4f1-cb8a937ec77d,e9aa9a3e-5b2b-4ac7-a2c7-073de2b2b24f,8bbdbcdd-5cd4-4100-b6d5-b7c9625b6107,50f4348b-c883-4e2f-8f11-ce233b859fa1,fda095cb-831d-4601-ad94-846013963de8,f92806d7-1768-443f-afe8-12bcde84d0f0,dd3a144d-ab7f-41f0-82b8-2e43a090d496,f0416e68-0200-4b77-a926-4f9d16e494da,511d2633-09a7-4bdd-ac42-f778032124b3,5d45aa00-e064-4938-b314-4265f0c2258c,9361fd90-ba52-4f84-aa93-6e878fd576ca,970b0598-bcb0-4714-91fb-2e81440dccd8,bcd64cc6-2dd9-43f6-abbe-66318d332032,d930590d-bb92-4cc8-8bd1-23cd027f9edf,a3cd009f-0ab0-420d-9278-b9fdab939bbc,6a2d0734-bd9e-4ddf-946e-caa52498cb75,d9937e59-61fe-4ec6-92ab-7ac5a19c89b0,d1346436-ac96-4271-b863-1f4fdead95b0,971bdb23-3ff6-43eb-b422-1c30165a3663,17debcc3-0a6b-4b8a-b00b-dc58b885581e,711ebe11-f673-4cd9-9a83-63c60ba54c5b,c0143906-9aed-447e-9436-2ae8512d1b6e,14da1725-c4c2-42b4-ab08-ee0aeb6898b3,081cab31-dccd-428e-8652-f2404cc81c47,78e0584a-4343-4727-8f37-e14e65c2a2db,871c3b6c-7379-419d-bda3-794b239ab90d,ff9b0199-ce04-4cfe-86cc-6c719f08d6e4,de1c2107-70c8-4021-8459-6399f24d01c6,cbf30902-517f-40dc-af90-a550bac27cf1,5c601d96-e4c7-4698-991b-7ee674b11079
8-18-2026 01:28:26-debug:   Number of other assets: 486
8-18-2026 01:28:26-debug:   Number of all scenes: 1
8-18-2026 01:28:26-debug:   Number of all scripts: 42
8-18-2026 01:28:26-debug: Init bundle root assets success..., progress: 0%
8-18-2026 01:28:26-debug: // ---- build task Query asset bundle ---- (10ms)
8-18-2026 01:28:26-debug: [Build Memory track]: Query asset bundle start:234.02MB, end 234.73MB, increase: 721.73KB
8-18-2026 01:28:26-log: run build task Query asset bundle success in 10 ms√, progress: 5%
8-18-2026 01:28:26-debug: // ---- build task Query asset bundle ----
8-18-2026 01:28:26-debug: Query asset bundle start, progress: 5%
8-18-2026 01:28:26-debug: // ---- build task Query asset bundle ---- (13ms)
8-18-2026 01:28:26-log: run build task Query asset bundle success in 13 ms√, progress: 10%
8-18-2026 01:28:26-debug: [Build Memory track]: Query asset bundle start:234.75MB, end 234.90MB, increase: 149.45KB
8-18-2026 01:28:26-debug: Sort some build options to settings.json start, progress: 10%
8-18-2026 01:28:26-debug: // ---- build task Sort some build options to settings.json ----
8-18-2026 01:28:26-debug: // ---- build task Sort some build options to settings.json ---- (2ms)
8-18-2026 01:28:26-debug: [Build Memory track]: Sort some build options to settings.json start:234.93MB, end 234.95MB, increase: 26.38KB
8-18-2026 01:28:26-debug: Fill script data to settings start, progress: 12%
8-18-2026 01:28:26-log: run build task Sort some build options to settings.json success in 2 ms√, progress: 12%
8-18-2026 01:28:26-debug: // ---- build task Fill script data to settings ----
8-18-2026 01:28:26-debug: // ---- build task Fill script data to settings ---- (2ms)
8-18-2026 01:28:26-log: run build task Fill script data to settings success in 2 ms√, progress: 13%
8-18-2026 01:28:26-debug: Sort some build options to settings.json start, progress: 13%
8-18-2026 01:28:26-debug: [Build Memory track]: Fill script data to settings start:234.99MB, end 235.01MB, increase: 25.71KB
8-18-2026 01:28:26-debug: // ---- build task Sort some build options to settings.json ----
8-18-2026 01:28:26-debug: // ---- build task Sort some build options to settings.json ---- (14ms)
8-18-2026 01:28:26-log: run build task Sort some build options to settings.json success in 14 ms√, progress: 15%
8-18-2026 01:28:26-debug: [Build Memory track]: Sort some build options to settings.json start:235.04MB, end 235.19MB, increase: 154.65KB
8-18-2026 01:33:08-debug: refresh db internal success
8-18-2026 01:33:08-debug: refresh db assets success
8-18-2026 01:33:08-debug: Run asset db hook engine-extends:afterRefresh success!
8-18-2026 01:33:08-debug: Run asset db hook engine-extends:afterRefresh ...
8-18-2026 01:33:08-debug: asset-db:refresh-all-database (94ms)
8-18-2026 01:33:08-debug: asset-db:worker-effect-data-processing (3ms)
8-18-2026 01:33:08-debug: asset-db-hook-engine-extends-afterRefresh (4ms)
8-18-2026 01:35:26-debug: refresh db internal success
8-18-2026 01:35:26-debug: %cImport%c: F:\Github\BattleGame\assets\scripts\LevelSettings.tsbackground: #aaff85; color: #000;color: #000;
8-18-2026 01:35:26-debug: refresh db assets success
8-18-2026 01:35:26-debug: Run asset db hook engine-extends:afterRefresh ...
8-18-2026 01:35:26-debug: Run asset db hook engine-extends:afterRefresh success!
8-18-2026 01:35:26-debug: asset-db:refresh-all-database (93ms)
8-18-2026 01:35:26-debug: asset-db:worker-effect-data-processing (8ms)
8-18-2026 01:35:26-debug: asset-db-hook-engine-extends-afterRefresh (8ms)
8-18-2026 01:35:31-debug: Query all assets info in project
8-18-2026 01:35:31-debug: init custom config: keepNodeUuid: false, useCache: true
8-18-2026 01:35:31-debug: Skip compress image, progress: 0%
8-18-2026 01:35:31-debug: Init all bundles start..., progress: 0%
8-18-2026 01:35:31-debug: Query asset bundle start, progress: 0%
8-18-2026 01:35:31-debug: // ---- build task Query asset bundle ----
8-18-2026 01:35:31-debug: Num of bundles: 2..., progress: 0%
8-18-2026 01:35:31-debug: Init bundle root assets start..., progress: 0%
8-18-2026 01:35:31-debug: Query preload assets/scripts from cc.config.json: 60f7195c-ec2a-45eb-ba94-8955f60e81d0,1c02ae6f-4492-4915-b8f8-7492a3b1e4cd,810e96e4-e456-4468-9b59-f4e8f39732c0,efe8e2a3-eace-427b-b4f1-cb8a937ec77d,e9aa9a3e-5b2b-4ac7-a2c7-073de2b2b24f,8bbdbcdd-5cd4-4100-b6d5-b7c9625b6107,50f4348b-c883-4e2f-8f11-ce233b859fa1,fda095cb-831d-4601-ad94-846013963de8,f92806d7-1768-443f-afe8-12bcde84d0f0,dd3a144d-ab7f-41f0-82b8-2e43a090d496,f0416e68-0200-4b77-a926-4f9d16e494da,511d2633-09a7-4bdd-ac42-f778032124b3,5d45aa00-e064-4938-b314-4265f0c2258c,9361fd90-ba52-4f84-aa93-6e878fd576ca,970b0598-bcb0-4714-91fb-2e81440dccd8,bcd64cc6-2dd9-43f6-abbe-66318d332032,d930590d-bb92-4cc8-8bd1-23cd027f9edf,a3cd009f-0ab0-420d-9278-b9fdab939bbc,6a2d0734-bd9e-4ddf-946e-caa52498cb75,d9937e59-61fe-4ec6-92ab-7ac5a19c89b0,d1346436-ac96-4271-b863-1f4fdead95b0,971bdb23-3ff6-43eb-b422-1c30165a3663,17debcc3-0a6b-4b8a-b00b-dc58b885581e,711ebe11-f673-4cd9-9a83-63c60ba54c5b,c0143906-9aed-447e-9436-2ae8512d1b6e,14da1725-c4c2-42b4-ab08-ee0aeb6898b3,081cab31-dccd-428e-8652-f2404cc81c47,78e0584a-4343-4727-8f37-e14e65c2a2db,871c3b6c-7379-419d-bda3-794b239ab90d,ff9b0199-ce04-4cfe-86cc-6c719f08d6e4,de1c2107-70c8-4021-8459-6399f24d01c6,cbf30902-517f-40dc-af90-a550bac27cf1,5c601d96-e4c7-4698-991b-7ee674b11079
8-18-2026 01:35:31-debug:   Number of all scenes: 1
8-18-2026 01:35:31-debug:   Number of all scripts: 42
8-18-2026 01:35:31-debug:   Number of other assets: 486
8-18-2026 01:35:31-debug: Init bundle root assets success..., progress: 0%
8-18-2026 01:35:31-debug: // ---- build task Query asset bundle ---- (10ms)
8-18-2026 01:35:31-log: run build task Query asset bundle success in 10 ms√, progress: 5%
8-18-2026 01:35:31-debug: // ---- build task Query asset bundle ----
8-18-2026 01:35:31-debug: [Build Memory track]: Query asset bundle start:236.63MB, end 236.42MB, increase: -210.61KB
8-18-2026 01:35:31-debug: Query asset bundle start, progress: 5%
8-18-2026 01:35:31-debug: // ---- build task Query asset bundle ---- (5ms)
8-18-2026 01:35:31-log: run build task Query asset bundle success in 5 ms√, progress: 10%
8-18-2026 01:35:31-debug: [Build Memory track]: Query asset bundle start:236.45MB, end 236.61MB, increase: 160.86KB
8-18-2026 01:35:31-debug: Sort some build options to settings.json start, progress: 10%
8-18-2026 01:35:31-debug: // ---- build task Sort some build options to settings.json ----
8-18-2026 01:35:31-debug: // ---- build task Sort some build options to settings.json ---- (1ms)
8-18-2026 01:35:31-debug: [Build Memory track]: Sort some build options to settings.json start:236.63MB, end 236.66MB, increase: 29.06KB
8-18-2026 01:35:31-debug: Fill script data to settings start, progress: 12%
8-18-2026 01:35:31-log: run build task Sort some build options to settings.json success in 1 ms√, progress: 12%
8-18-2026 01:35:31-debug: // ---- build task Fill script data to settings ----
8-18-2026 01:35:31-debug: // ---- build task Fill script data to settings ---- (1ms)
8-18-2026 01:35:31-debug: [Build Memory track]: Fill script data to settings start:236.69MB, end 236.72MB, increase: 26.47KB
8-18-2026 01:35:31-debug: Sort some build options to settings.json start, progress: 13%
8-18-2026 01:35:31-debug: // ---- build task Sort some build options to settings.json ----
8-18-2026 01:35:31-log: run build task Fill script data to settings success in 1 ms√, progress: 13%
8-18-2026 01:35:31-debug: // ---- build task Sort some build options to settings.json ---- (6ms)
8-18-2026 01:35:31-log: run build task Sort some build options to settings.json success in 6 ms√, progress: 15%
8-18-2026 01:35:31-debug: [Build Memory track]: Sort some build options to settings.json start:236.75MB, end 236.88MB, increase: 133.57KB
8-18-2026 01:35:33-debug: %cImport%c: F:\Github\BattleGame\assets\Battle.scenebackground: #aaff85; color: #000;color: #000;
8-18-2026 01:35:33-debug: asset-db:reimport-asset1effe86e-a401-4769-9dbc-62218c68834d (29ms)
8-18-2026 01:35:34-debug: Query all assets info in project
8-18-2026 01:35:34-debug: init custom config: keepNodeUuid: false, useCache: true
8-18-2026 01:35:34-debug: Skip compress image, progress: 0%
8-18-2026 01:35:34-debug: Init all bundles start..., progress: 0%
8-18-2026 01:35:34-debug: Num of bundles: 2..., progress: 0%
8-18-2026 01:35:34-debug: Query asset bundle start, progress: 0%
8-18-2026 01:35:34-debug: // ---- build task Query asset bundle ----
8-18-2026 01:35:34-debug: Init bundle root assets start..., progress: 0%
8-18-2026 01:35:34-debug: Query preload assets/scripts from cc.config.json: 60f7195c-ec2a-45eb-ba94-8955f60e81d0,1c02ae6f-4492-4915-b8f8-7492a3b1e4cd,810e96e4-e456-4468-9b59-f4e8f39732c0,efe8e2a3-eace-427b-b4f1-cb8a937ec77d,e9aa9a3e-5b2b-4ac7-a2c7-073de2b2b24f,8bbdbcdd-5cd4-4100-b6d5-b7c9625b6107,50f4348b-c883-4e2f-8f11-ce233b859fa1,fda095cb-831d-4601-ad94-846013963de8,f92806d7-1768-443f-afe8-12bcde84d0f0,dd3a144d-ab7f-41f0-82b8-2e43a090d496,f0416e68-0200-4b77-a926-4f9d16e494da,511d2633-09a7-4bdd-ac42-f778032124b3,5d45aa00-e064-4938-b314-4265f0c2258c,9361fd90-ba52-4f84-aa93-6e878fd576ca,970b0598-bcb0-4714-91fb-2e81440dccd8,bcd64cc6-2dd9-43f6-abbe-66318d332032,d930590d-bb92-4cc8-8bd1-23cd027f9edf,a3cd009f-0ab0-420d-9278-b9fdab939bbc,6a2d0734-bd9e-4ddf-946e-caa52498cb75,d9937e59-61fe-4ec6-92ab-7ac5a19c89b0,d1346436-ac96-4271-b863-1f4fdead95b0,971bdb23-3ff6-43eb-b422-1c30165a3663,17debcc3-0a6b-4b8a-b00b-dc58b885581e,711ebe11-f673-4cd9-9a83-63c60ba54c5b,c0143906-9aed-447e-9436-2ae8512d1b6e,14da1725-c4c2-42b4-ab08-ee0aeb6898b3,081cab31-dccd-428e-8652-f2404cc81c47,78e0584a-4343-4727-8f37-e14e65c2a2db,871c3b6c-7379-419d-bda3-794b239ab90d,ff9b0199-ce04-4cfe-86cc-6c719f08d6e4,de1c2107-70c8-4021-8459-6399f24d01c6,cbf30902-517f-40dc-af90-a550bac27cf1,5c601d96-e4c7-4698-991b-7ee674b11079
8-18-2026 01:35:34-debug:   Number of all scenes: 1
8-18-2026 01:35:34-debug:   Number of other assets: 486
8-18-2026 01:35:34-debug: Init bundle root assets success..., progress: 0%
8-18-2026 01:35:34-debug:   Number of all scripts: 42
8-18-2026 01:35:34-debug: // ---- build task Query asset bundle ---- (11ms)
8-18-2026 01:35:34-log: run build task Query asset bundle success in 11 ms√, progress: 5%
8-18-2026 01:35:34-debug: [Build Memory track]: Query asset bundle start:236.84MB, end 236.63MB, increase: -214.65KB
8-18-2026 01:35:34-debug: Query asset bundle start, progress: 5%
8-18-2026 01:35:34-debug: // ---- build task Query asset bundle ----
8-18-2026 01:35:34-debug: // ---- build task Query asset bundle ---- (6ms)
8-18-2026 01:35:34-debug: Sort some build options to settings.json start, progress: 10%
8-18-2026 01:35:34-log: run build task Query asset bundle success in 6 ms√, progress: 10%
8-18-2026 01:35:34-debug: [Build Memory track]: Query asset bundle start:236.66MB, end 236.79MB, increase: 139.47KB
8-18-2026 01:35:34-debug: // ---- build task Sort some build options to settings.json ----
8-18-2026 01:35:34-debug: // ---- build task Sort some build options to settings.json ---- (2ms)
8-18-2026 01:35:34-debug: [Build Memory track]: Sort some build options to settings.json start:236.82MB, end 236.85MB, increase: 26.28KB
8-18-2026 01:35:34-log: run build task Sort some build options to settings.json success in 2 ms√, progress: 12%
8-18-2026 01:35:34-debug: Fill script data to settings start, progress: 12%
8-18-2026 01:35:34-debug: // ---- build task Fill script data to settings ----
8-18-2026 01:35:34-debug: // ---- build task Fill script data to settings ---- (2ms)
8-18-2026 01:35:34-log: run build task Fill script data to settings success in 2 ms√, progress: 13%
8-18-2026 01:35:34-debug: [Build Memory track]: Fill script data to settings start:237.04MB, end 236.90MB, increase: -143.36KB
8-18-2026 01:35:34-debug: Sort some build options to settings.json start, progress: 13%
8-18-2026 01:35:34-debug: // ---- build task Sort some build options to settings.json ----
8-18-2026 01:35:34-debug: // ---- build task Sort some build options to settings.json ---- (10ms)
8-18-2026 01:35:34-debug: [Build Memory track]: Sort some build options to settings.json start:236.93MB, end 237.06MB, increase: 132.66KB
8-18-2026 01:35:34-log: run build task Sort some build options to settings.json success in 10 ms√, progress: 15%
8-18-2026 01:43:01-debug: refresh db internal success
8-18-2026 01:43:01-debug: refresh db assets success
8-18-2026 01:43:01-debug: Run asset db hook engine-extends:afterRefresh ...
8-18-2026 01:43:01-debug: Run asset db hook engine-extends:afterRefresh success!
8-18-2026 01:43:01-debug: asset-db:refresh-all-database (94ms)
8-18-2026 01:43:01-debug: asset-db:worker-effect-data-processing (4ms)
8-18-2026 01:43:01-debug: asset-db-hook-engine-extends-afterRefresh (4ms)
