8-22-2026 23:01:50-log: Cannot access game frame or container.
8-22-2026 23:01:50-debug: asset-db:require-engine-code (995ms)
8-22-2026 23:01:50-log: meshopt wasm decoder initialized
8-22-2026 23:01:51-log: [bullet]:bullet wasm lib loaded.
8-22-2026 23:01:51-log: [box2d]:box2d wasm lib loaded.
8-22-2026 23:01:51-log: Using legacy pipeline
8-22-2026 23:01:51-log: Cocos Creator v3.8.8
8-22-2026 23:01:51-log: Forward render pipeline initialized.
8-22-2026 23:01:51-debug: [Assets Memory track]: asset-db:worker-init: initEngine start:31.95MB, end 79.55MB, increase: 47.60MB
8-22-2026 23:01:53-debug: [Assets Memory track]: asset-db:worker-init: initPlugin start:79.58MB, end 221.40MB, increase: 141.82MB
8-22-2026 23:01:53-debug: asset-db:worker-init: initPlugin (2048ms)
8-22-2026 23:01:53-debug: [Assets Memory track]: asset-db:worker-init start:31.94MB, end 221.51MB, increase: 189.57MB
8-22-2026 23:01:53-debug: Run asset db hook programming:beforePreStart ...
8-22-2026 23:01:53-debug: Run asset db hook programming:beforePreStart success!
8-22-2026 23:01:53-debug: Run asset db hook engine-extends:beforePreStart success!
8-22-2026 23:01:53-debug: Run asset db hook engine-extends:beforePreStart ...
8-22-2026 23:01:58-debug: asset-db:worker-init (8677ms)
8-22-2026 23:01:58-debug: asset-db-hook-programming-beforePreStart (5104ms)
8-22-2026 23:01:58-debug: asset-db-hook-engine-extends-beforePreStart (5104ms)
8-22-2026 23:02:00-debug: Preimport db internal success
8-22-2026 23:02:01-debug: Preimport db assets success
8-22-2026 23:02:01-debug: Run asset db hook programming:afterPreStart ...
8-22-2026 23:02:01-debug: starting packer-driver...
8-22-2026 23:02:02-debug: initialize scripting environment...
8-22-2026 23:02:02-debug: [[Executor]] prepare before lock
8-22-2026 23:02:02-debug: Set detail map pack:///resolution-detail-map.json: {}
8-22-2026 23:02:02-debug: Run asset db hook engine-extends:afterPreStart ...
8-22-2026 23:02:02-debug: Run asset db hook engine-extends:afterPreStart success!
8-22-2026 23:02:02-debug: Run asset db hook programming:afterPreStart success!
8-22-2026 23:02:02-debug: Start up the 'internal' database...
8-22-2026 23:02:02-debug: [[Executor]] prepare after unlock
8-22-2026 23:02:05-debug: asset-db-hook-programming-afterPreStart (4382ms)
8-22-2026 23:02:05-debug: asset-db-hook-engine-extends-afterPreStart (2587ms)
8-22-2026 23:02:05-debug: asset-db:worker-effect-data-processing (2586ms)
8-22-2026 23:02:05-debug: Run asset db hook engine-extends:afterStartDB ...
8-22-2026 23:02:06-debug: recompile effect.bin success
8-22-2026 23:02:06-debug: Run asset db hook engine-extends:afterStartDB success!
8-22-2026 23:02:06-debug: Start up the 'assets' database...
8-22-2026 23:02:07-debug: asset-db:worker-effect-data-processing (2165ms)
8-22-2026 23:02:07-debug: asset-db-hook-engine-extends-afterStartDB (2166ms)
8-22-2026 23:02:07-debug: Run asset db hook engine-extends:afterStartDB ...
8-22-2026 23:02:08-debug: recompile effect.bin success
8-22-2026 23:02:08-debug: lazy register asset handler directory
8-22-2026 23:02:08-debug: lazy register asset handler json
8-22-2026 23:02:08-debug: lazy register asset handler spine-data
8-22-2026 23:02:08-debug: lazy register asset handler *
8-22-2026 23:02:08-debug: lazy register asset handler dragonbones
8-22-2026 23:02:08-debug: lazy register asset handler text
8-22-2026 23:02:08-debug: lazy register asset handler dragonbones-atlas
8-22-2026 23:02:08-debug: lazy register asset handler terrain
8-22-2026 23:02:08-debug: lazy register asset handler typescript
8-22-2026 23:02:08-debug: Run asset db hook engine-extends:afterStartDB success!
8-22-2026 23:02:08-debug: lazy register asset handler scene
8-22-2026 23:02:08-debug: lazy register asset handler prefab
8-22-2026 23:02:08-debug: lazy register asset handler javascript
8-22-2026 23:02:08-debug: lazy register asset handler sprite-frame
8-22-2026 23:02:08-debug: lazy register asset handler buffer
8-22-2026 23:02:08-debug: lazy register asset handler image
8-22-2026 23:02:08-debug: lazy register asset handler sign-image
8-22-2026 23:02:08-debug: lazy register asset handler alpha-image
8-22-2026 23:02:08-debug: lazy register asset handler texture
8-22-2026 23:02:08-debug: lazy register asset handler tiled-map
8-22-2026 23:02:08-debug: lazy register asset handler texture-cube
8-22-2026 23:02:08-debug: lazy register asset handler texture-cube-face
8-22-2026 23:02:08-debug: lazy register asset handler erp-texture-cube
8-22-2026 23:02:08-debug: lazy register asset handler gltf
8-22-2026 23:02:08-debug: lazy register asset handler rt-sprite-frame
8-22-2026 23:02:08-debug: lazy register asset handler render-texture
8-22-2026 23:02:08-debug: lazy register asset handler gltf-mesh
8-22-2026 23:02:08-debug: lazy register asset handler gltf-animation
8-22-2026 23:02:08-debug: lazy register asset handler gltf-scene
8-22-2026 23:02:08-debug: lazy register asset handler gltf-material
8-22-2026 23:02:08-debug: lazy register asset handler gltf-skeleton
8-22-2026 23:02:08-debug: lazy register asset handler gltf-embeded-image
8-22-2026 23:02:08-debug: lazy register asset handler material
8-22-2026 23:02:08-debug: lazy register asset handler fbx
8-22-2026 23:02:08-debug: lazy register asset handler effect
8-22-2026 23:02:08-debug: lazy register asset handler physics-material
8-22-2026 23:02:08-debug: lazy register asset handler audio-clip
8-22-2026 23:02:08-debug: lazy register asset handler effect-header
8-22-2026 23:02:08-debug: lazy register asset handler animation-clip
8-22-2026 23:02:08-debug: lazy register asset handler animation-graph-variant
8-22-2026 23:02:08-debug: lazy register asset handler animation-graph
8-22-2026 23:02:08-debug: lazy register asset handler animation-mask
8-22-2026 23:02:08-debug: lazy register asset handler ttf-font
8-22-2026 23:02:08-debug: lazy register asset handler bitmap-font
8-22-2026 23:02:08-debug: lazy register asset handler sprite-atlas
8-22-2026 23:02:08-debug: lazy register asset handler label-atlas
8-22-2026 23:02:08-debug: lazy register asset handler particle
8-22-2026 23:02:08-debug: lazy register asset handler render-pipeline
8-22-2026 23:02:08-debug: lazy register asset handler auto-atlas
8-22-2026 23:02:08-debug: lazy register asset handler render-flow
8-22-2026 23:02:08-debug: lazy register asset handler instantiation-material
8-22-2026 23:02:08-debug: lazy register asset handler render-stage
8-22-2026 23:02:08-debug: lazy register asset handler instantiation-mesh
8-22-2026 23:02:08-debug: lazy register asset handler instantiation-animation
8-22-2026 23:02:08-debug: lazy register asset handler video-clip
8-22-2026 23:02:08-debug: lazy register asset handler instantiation-skeleton
8-22-2026 23:02:08-debug: asset-db:worker-effect-data-processing (316ms)
8-22-2026 23:02:08-debug: asset-db-hook-engine-extends-afterStartDB (317ms)
8-22-2026 23:02:08-debug: asset-db:start-database (14993ms)
8-22-2026 23:02:08-debug: asset-db:ready (22390ms)
8-22-2026 23:02:08-debug: init worker message success
8-22-2026 23:02:08-debug: programming:execute-script (5ms)
8-22-2026 23:02:08-debug: [Build Memory track]: builder:worker-init start:219.33MB, end 227.42MB, increase: 8.10MB
8-22-2026 23:02:08-debug: builder:worker-init (386ms)
8-22-2026 23:02:24-debug: Query all assets info in project
8-22-2026 23:02:24-debug: init custom config: keepNodeUuid: false, useCache: true
8-22-2026 23:02:24-debug: Skip compress image, progress: 0%
8-22-2026 23:02:24-debug: Init all bundles start..., progress: 0%
8-22-2026 23:02:24-debug: Query asset bundle start, progress: 0%
8-22-2026 23:02:24-debug: // ---- build task Query asset bundle ----
8-22-2026 23:02:24-debug: Num of bundles: 2..., progress: 0%
8-22-2026 23:02:24-debug: Init bundle root assets start..., progress: 0%
8-22-2026 23:02:24-debug: Query preload assets/scripts from cc.config.json: 60f7195c-ec2a-45eb-ba94-8955f60e81d0,1c02ae6f-4492-4915-b8f8-7492a3b1e4cd,810e96e4-e456-4468-9b59-f4e8f39732c0,efe8e2a3-eace-427b-b4f1-cb8a937ec77d,e9aa9a3e-5b2b-4ac7-a2c7-073de2b2b24f,8bbdbcdd-5cd4-4100-b6d5-b7c9625b6107,50f4348b-c883-4e2f-8f11-ce233b859fa1,fda095cb-831d-4601-ad94-846013963de8,f92806d7-1768-443f-afe8-12bcde84d0f0,dd3a144d-ab7f-41f0-82b8-2e43a090d496,f0416e68-0200-4b77-a926-4f9d16e494da,511d2633-09a7-4bdd-ac42-f778032124b3,5d45aa00-e064-4938-b314-4265f0c2258c,9361fd90-ba52-4f84-aa93-6e878fd576ca,970b0598-bcb0-4714-91fb-2e81440dccd8,bcd64cc6-2dd9-43f6-abbe-66318d332032,d930590d-bb92-4cc8-8bd1-23cd027f9edf,a3cd009f-0ab0-420d-9278-b9fdab939bbc,6a2d0734-bd9e-4ddf-946e-caa52498cb75,d9937e59-61fe-4ec6-92ab-7ac5a19c89b0,d1346436-ac96-4271-b863-1f4fdead95b0,971bdb23-3ff6-43eb-b422-1c30165a3663,17debcc3-0a6b-4b8a-b00b-dc58b885581e,711ebe11-f673-4cd9-9a83-63c60ba54c5b,c0143906-9aed-447e-9436-2ae8512d1b6e,14da1725-c4c2-42b4-ab08-ee0aeb6898b3,081cab31-dccd-428e-8652-f2404cc81c47,78e0584a-4343-4727-8f37-e14e65c2a2db,871c3b6c-7379-419d-bda3-794b239ab90d,ff9b0199-ce04-4cfe-86cc-6c719f08d6e4,de1c2107-70c8-4021-8459-6399f24d01c6,cbf30902-517f-40dc-af90-a550bac27cf1,5c601d96-e4c7-4698-991b-7ee674b11079
8-22-2026 23:02:24-debug:   Number of all scenes: 1
8-22-2026 23:02:24-debug:   Number of other assets: 486
8-22-2026 23:02:24-debug: Init bundle root assets success..., progress: 0%
8-22-2026 23:02:24-debug:   Number of all scripts: 42
8-22-2026 23:02:24-debug: // ---- build task Query asset bundle ---- (24ms)
8-22-2026 23:02:24-log: run build task Query asset bundle success in 24 ms√, progress: 5%
8-22-2026 23:02:24-debug: [Build Memory track]: Query asset bundle start:221.49MB, end 221.49MB, increase: 6.33KB
8-22-2026 23:02:24-debug: Query asset bundle start, progress: 5%
8-22-2026 23:02:24-debug: // ---- build task Query asset bundle ----
8-22-2026 23:02:24-debug: // ---- build task Query asset bundle ---- (5ms)
8-22-2026 23:02:24-log: run build task Query asset bundle success in 5 ms√, progress: 10%
8-22-2026 23:02:24-debug: Sort some build options to settings.json start, progress: 10%
8-22-2026 23:02:24-debug: [Build Memory track]: Query asset bundle start:221.53MB, end 221.70MB, increase: 174.84KB
8-22-2026 23:02:24-debug: // ---- build task Sort some build options to settings.json ----
8-22-2026 23:02:24-debug: // ---- build task Sort some build options to settings.json ---- (3ms)
8-22-2026 23:02:24-log: run build task Sort some build options to settings.json success in 3 ms√, progress: 12%
8-22-2026 23:02:24-debug: Fill script data to settings start, progress: 12%
8-22-2026 23:02:24-debug: [Build Memory track]: Sort some build options to settings.json start:221.75MB, end 221.78MB, increase: 34.26KB
8-22-2026 23:02:24-debug: // ---- build task Fill script data to settings ----
8-22-2026 23:02:24-debug: // ---- build task Fill script data to settings ---- (3ms)
8-22-2026 23:02:24-log: run build task Fill script data to settings success in 3 ms√, progress: 13%
8-22-2026 23:02:24-debug: [Build Memory track]: Fill script data to settings start:221.82MB, end 221.85MB, increase: 33.53KB
8-22-2026 23:02:24-debug: Sort some build options to settings.json start, progress: 13%
8-22-2026 23:02:24-debug: // ---- build task Sort some build options to settings.json ----
8-22-2026 23:02:24-debug: // ---- build task Sort some build options to settings.json ---- (9ms)
8-22-2026 23:02:24-log: run build task Sort some build options to settings.json success in 9 ms√, progress: 15%
8-22-2026 23:02:24-debug: [Build Memory track]: Sort some build options to settings.json start:221.90MB, end 222.04MB, increase: 145.92KB
8-22-2026 23:02:37-debug: Query all assets info in project
8-22-2026 23:02:37-debug: init custom config: keepNodeUuid: false, useCache: true
8-22-2026 23:02:37-debug: Skip compress image, progress: 0%
8-22-2026 23:02:37-debug: Init all bundles start..., progress: 0%
8-22-2026 23:02:37-debug: // ---- build task Query asset bundle ----
8-22-2026 23:02:37-debug: Query asset bundle start, progress: 0%
8-22-2026 23:02:37-debug: Num of bundles: 2..., progress: 0%
8-22-2026 23:02:37-debug: Init bundle root assets start..., progress: 0%
8-22-2026 23:02:37-debug: Query preload assets/scripts from cc.config.json: 60f7195c-ec2a-45eb-ba94-8955f60e81d0,1c02ae6f-4492-4915-b8f8-7492a3b1e4cd,810e96e4-e456-4468-9b59-f4e8f39732c0,efe8e2a3-eace-427b-b4f1-cb8a937ec77d,e9aa9a3e-5b2b-4ac7-a2c7-073de2b2b24f,8bbdbcdd-5cd4-4100-b6d5-b7c9625b6107,50f4348b-c883-4e2f-8f11-ce233b859fa1,fda095cb-831d-4601-ad94-846013963de8,f92806d7-1768-443f-afe8-12bcde84d0f0,dd3a144d-ab7f-41f0-82b8-2e43a090d496,f0416e68-0200-4b77-a926-4f9d16e494da,511d2633-09a7-4bdd-ac42-f778032124b3,5d45aa00-e064-4938-b314-4265f0c2258c,9361fd90-ba52-4f84-aa93-6e878fd576ca,970b0598-bcb0-4714-91fb-2e81440dccd8,bcd64cc6-2dd9-43f6-abbe-66318d332032,d930590d-bb92-4cc8-8bd1-23cd027f9edf,a3cd009f-0ab0-420d-9278-b9fdab939bbc,6a2d0734-bd9e-4ddf-946e-caa52498cb75,d9937e59-61fe-4ec6-92ab-7ac5a19c89b0,d1346436-ac96-4271-b863-1f4fdead95b0,971bdb23-3ff6-43eb-b422-1c30165a3663,17debcc3-0a6b-4b8a-b00b-dc58b885581e,711ebe11-f673-4cd9-9a83-63c60ba54c5b,c0143906-9aed-447e-9436-2ae8512d1b6e,14da1725-c4c2-42b4-ab08-ee0aeb6898b3,081cab31-dccd-428e-8652-f2404cc81c47,78e0584a-4343-4727-8f37-e14e65c2a2db,871c3b6c-7379-419d-bda3-794b239ab90d,ff9b0199-ce04-4cfe-86cc-6c719f08d6e4,de1c2107-70c8-4021-8459-6399f24d01c6,cbf30902-517f-40dc-af90-a550bac27cf1,5c601d96-e4c7-4698-991b-7ee674b11079
8-22-2026 23:02:37-debug:   Number of all scenes: 1
8-22-2026 23:02:37-debug:   Number of all scripts: 42
8-22-2026 23:02:37-debug: Init bundle root assets success..., progress: 0%
8-22-2026 23:02:37-debug:   Number of other assets: 486
8-22-2026 23:02:37-debug: // ---- build task Query asset bundle ---- (11ms)
8-22-2026 23:02:37-log: run build task Query asset bundle success in 11 ms√, progress: 5%
8-22-2026 23:02:37-debug: Query asset bundle start, progress: 5%
8-22-2026 23:02:37-debug: [Build Memory track]: Query asset bundle start:222.04MB, end 221.85MB, increase: -193.13KB
8-22-2026 23:02:37-debug: // ---- build task Query asset bundle ----
8-22-2026 23:02:37-debug: // ---- build task Query asset bundle ---- (6ms)
8-22-2026 23:02:37-log: run build task Query asset bundle success in 6 ms√, progress: 10%
8-22-2026 23:02:37-debug: [Build Memory track]: Query asset bundle start:221.89MB, end 222.04MB, increase: 148.04KB
8-22-2026 23:02:37-debug: Sort some build options to settings.json start, progress: 10%
8-22-2026 23:02:37-debug: // ---- build task Sort some build options to settings.json ----
8-22-2026 23:02:37-debug: // ---- build task Sort some build options to settings.json ---- (3ms)
8-22-2026 23:02:37-log: run build task Sort some build options to settings.json success in 3 ms√, progress: 12%
8-22-2026 23:02:37-debug: [Build Memory track]: Sort some build options to settings.json start:222.09MB, end 222.12MB, increase: 33.99KB
8-22-2026 23:02:37-debug: Fill script data to settings start, progress: 12%
8-22-2026 23:02:37-debug: // ---- build task Fill script data to settings ----
8-22-2026 23:02:37-debug: // ---- build task Fill script data to settings ---- (5ms)
8-22-2026 23:02:37-log: run build task Fill script data to settings success in 5 ms√, progress: 13%
8-22-2026 23:02:37-debug: [Build Memory track]: Fill script data to settings start:222.16MB, end 222.20MB, increase: 37.61KB
8-22-2026 23:02:37-debug: Sort some build options to settings.json start, progress: 13%
8-22-2026 23:02:37-debug: // ---- build task Sort some build options to settings.json ----
8-22-2026 23:02:37-debug: // ---- build task Sort some build options to settings.json ---- (17ms)
8-22-2026 23:02:37-debug: [Build Memory track]: Sort some build options to settings.json start:222.24MB, end 222.38MB, increase: 144.72KB
8-22-2026 23:02:37-log: run build task Sort some build options to settings.json success in 17 ms√, progress: 15%
8-23-2026 00:09:16-debug: refresh db internal success
8-23-2026 00:09:16-debug: %cImport%c: F:\Github\BattleGame\assets\scripts\LevelSettings.tsbackground: #aaff85; color: #000;color: #000;
8-23-2026 00:09:16-debug: Run asset db hook engine-extends:afterRefresh ...
8-23-2026 00:09:16-debug: refresh db assets success
8-23-2026 00:09:16-debug: Run asset db hook engine-extends:afterRefresh success!
8-23-2026 00:09:16-debug: asset-db:worker-effect-data-processing (4ms)
8-23-2026 00:09:16-debug: asset-db:refresh-all-database (104ms)
8-23-2026 00:09:16-debug: asset-db-hook-engine-extends-afterRefresh (4ms)
8-23-2026 00:09:21-debug: Query all assets info in project
8-23-2026 00:09:21-debug: init custom config: keepNodeUuid: false, useCache: true
8-23-2026 00:09:21-debug: Skip compress image, progress: 0%
8-23-2026 00:09:21-debug: Init all bundles start..., progress: 0%
8-23-2026 00:09:21-debug: Num of bundles: 2..., progress: 0%
8-23-2026 00:09:21-debug: // ---- build task Query asset bundle ----
8-23-2026 00:09:21-debug: Init bundle root assets start..., progress: 0%
8-23-2026 00:09:21-debug: Query asset bundle start, progress: 0%
8-23-2026 00:09:21-debug: Query preload assets/scripts from cc.config.json: 60f7195c-ec2a-45eb-ba94-8955f60e81d0,1c02ae6f-4492-4915-b8f8-7492a3b1e4cd,810e96e4-e456-4468-9b59-f4e8f39732c0,efe8e2a3-eace-427b-b4f1-cb8a937ec77d,e9aa9a3e-5b2b-4ac7-a2c7-073de2b2b24f,8bbdbcdd-5cd4-4100-b6d5-b7c9625b6107,50f4348b-c883-4e2f-8f11-ce233b859fa1,fda095cb-831d-4601-ad94-846013963de8,f92806d7-1768-443f-afe8-12bcde84d0f0,dd3a144d-ab7f-41f0-82b8-2e43a090d496,f0416e68-0200-4b77-a926-4f9d16e494da,511d2633-09a7-4bdd-ac42-f778032124b3,5d45aa00-e064-4938-b314-4265f0c2258c,9361fd90-ba52-4f84-aa93-6e878fd576ca,970b0598-bcb0-4714-91fb-2e81440dccd8,bcd64cc6-2dd9-43f6-abbe-66318d332032,d930590d-bb92-4cc8-8bd1-23cd027f9edf,a3cd009f-0ab0-420d-9278-b9fdab939bbc,6a2d0734-bd9e-4ddf-946e-caa52498cb75,d9937e59-61fe-4ec6-92ab-7ac5a19c89b0,d1346436-ac96-4271-b863-1f4fdead95b0,971bdb23-3ff6-43eb-b422-1c30165a3663,17debcc3-0a6b-4b8a-b00b-dc58b885581e,711ebe11-f673-4cd9-9a83-63c60ba54c5b,c0143906-9aed-447e-9436-2ae8512d1b6e,14da1725-c4c2-42b4-ab08-ee0aeb6898b3,081cab31-dccd-428e-8652-f2404cc81c47,78e0584a-4343-4727-8f37-e14e65c2a2db,871c3b6c-7379-419d-bda3-794b239ab90d,ff9b0199-ce04-4cfe-86cc-6c719f08d6e4,de1c2107-70c8-4021-8459-6399f24d01c6,cbf30902-517f-40dc-af90-a550bac27cf1,5c601d96-e4c7-4698-991b-7ee674b11079
8-23-2026 00:09:21-debug:   Number of all scenes: 1
8-23-2026 00:09:21-debug:   Number of other assets: 486
8-23-2026 00:09:21-debug: Init bundle root assets success..., progress: 0%
8-23-2026 00:09:21-debug:   Number of all scripts: 42
8-23-2026 00:09:21-debug: // ---- build task Query asset bundle ---- (7ms)
8-23-2026 00:09:21-log: run build task Query asset bundle success in 7 ms√, progress: 5%
8-23-2026 00:09:21-debug: [Build Memory track]: Query asset bundle start:224.28MB, end 224.16MB, increase: -118.98KB
8-23-2026 00:09:21-debug: // ---- build task Query asset bundle ----
8-23-2026 00:09:21-debug: Query asset bundle start, progress: 5%
8-23-2026 00:09:21-debug: // ---- build task Query asset bundle ---- (9ms)
8-23-2026 00:09:21-log: run build task Query asset bundle success in 9 ms√, progress: 10%
8-23-2026 00:09:21-debug: [Build Memory track]: Query asset bundle start:224.20MB, end 223.62MB, increase: -593.98KB
8-23-2026 00:09:21-debug: // ---- build task Sort some build options to settings.json ----
8-23-2026 00:09:21-debug: Sort some build options to settings.json start, progress: 10%
8-23-2026 00:09:21-debug: [Build Memory track]: Sort some build options to settings.json start:223.66MB, end 223.69MB, increase: 33.01KB
8-23-2026 00:09:21-debug: // ---- build task Sort some build options to settings.json ---- (1ms)
8-23-2026 00:09:21-log: run build task Sort some build options to settings.json success in 1 ms√, progress: 12%
8-23-2026 00:09:21-debug: // ---- build task Fill script data to settings ----
8-23-2026 00:09:21-debug: Fill script data to settings start, progress: 12%
8-23-2026 00:09:21-log: run build task Fill script data to settings success in 5 ms√, progress: 13%
8-23-2026 00:09:21-debug: [Build Memory track]: Fill script data to settings start:223.73MB, end 223.76MB, increase: 32.93KB
8-23-2026 00:09:21-debug: Sort some build options to settings.json start, progress: 13%
8-23-2026 00:09:21-debug: // ---- build task Fill script data to settings ---- (5ms)
8-23-2026 00:09:21-debug: // ---- build task Sort some build options to settings.json ----
8-23-2026 00:09:21-debug: // ---- build task Sort some build options to settings.json ---- (10ms)
8-23-2026 00:09:21-log: run build task Sort some build options to settings.json success in 10 ms√, progress: 15%
8-23-2026 00:09:21-debug: [Build Memory track]: Sort some build options to settings.json start:223.80MB, end 223.93MB, increase: 133.49KB
8-23-2026 00:09:26-debug: %cImport%c: F:\Github\BattleGame\assets\Battle.scenebackground: #aaff85; color: #000;color: #000;
8-23-2026 00:09:26-debug: asset-db:reimport-asset1effe86e-a401-4769-9dbc-62218c68834d (39ms)
8-23-2026 00:09:27-debug: Query all assets info in project
8-23-2026 00:09:27-debug: init custom config: keepNodeUuid: false, useCache: true
8-23-2026 00:09:27-debug: Skip compress image, progress: 0%
8-23-2026 00:09:27-debug: Num of bundles: 2..., progress: 0%
8-23-2026 00:09:27-debug: Init all bundles start..., progress: 0%
8-23-2026 00:09:27-debug: // ---- build task Query asset bundle ----
8-23-2026 00:09:27-debug: Query asset bundle start, progress: 0%
8-23-2026 00:09:27-debug: Init bundle root assets start..., progress: 0%
8-23-2026 00:09:27-debug: Query preload assets/scripts from cc.config.json: 60f7195c-ec2a-45eb-ba94-8955f60e81d0,1c02ae6f-4492-4915-b8f8-7492a3b1e4cd,810e96e4-e456-4468-9b59-f4e8f39732c0,efe8e2a3-eace-427b-b4f1-cb8a937ec77d,e9aa9a3e-5b2b-4ac7-a2c7-073de2b2b24f,8bbdbcdd-5cd4-4100-b6d5-b7c9625b6107,50f4348b-c883-4e2f-8f11-ce233b859fa1,fda095cb-831d-4601-ad94-846013963de8,f92806d7-1768-443f-afe8-12bcde84d0f0,dd3a144d-ab7f-41f0-82b8-2e43a090d496,f0416e68-0200-4b77-a926-4f9d16e494da,511d2633-09a7-4bdd-ac42-f778032124b3,5d45aa00-e064-4938-b314-4265f0c2258c,9361fd90-ba52-4f84-aa93-6e878fd576ca,970b0598-bcb0-4714-91fb-2e81440dccd8,bcd64cc6-2dd9-43f6-abbe-66318d332032,d930590d-bb92-4cc8-8bd1-23cd027f9edf,a3cd009f-0ab0-420d-9278-b9fdab939bbc,6a2d0734-bd9e-4ddf-946e-caa52498cb75,d9937e59-61fe-4ec6-92ab-7ac5a19c89b0,d1346436-ac96-4271-b863-1f4fdead95b0,971bdb23-3ff6-43eb-b422-1c30165a3663,17debcc3-0a6b-4b8a-b00b-dc58b885581e,711ebe11-f673-4cd9-9a83-63c60ba54c5b,c0143906-9aed-447e-9436-2ae8512d1b6e,14da1725-c4c2-42b4-ab08-ee0aeb6898b3,081cab31-dccd-428e-8652-f2404cc81c47,78e0584a-4343-4727-8f37-e14e65c2a2db,871c3b6c-7379-419d-bda3-794b239ab90d,ff9b0199-ce04-4cfe-86cc-6c719f08d6e4,de1c2107-70c8-4021-8459-6399f24d01c6,cbf30902-517f-40dc-af90-a550bac27cf1,5c601d96-e4c7-4698-991b-7ee674b11079
8-23-2026 00:09:27-debug:   Number of other assets: 486
8-23-2026 00:09:27-debug:   Number of all scripts: 42
8-23-2026 00:09:27-debug: Init bundle root assets success..., progress: 0%
8-23-2026 00:09:27-debug:   Number of all scenes: 1
8-23-2026 00:09:27-debug: // ---- build task Query asset bundle ---- (9ms)
8-23-2026 00:09:27-log: run build task Query asset bundle success in 9 ms√, progress: 5%
8-23-2026 00:09:27-debug: [Build Memory track]: Query asset bundle start:224.62MB, end 224.46MB, increase: -160.70KB
8-23-2026 00:09:27-debug: Query asset bundle start, progress: 5%
8-23-2026 00:09:27-debug: // ---- build task Query asset bundle ----
8-23-2026 00:09:27-debug: // ---- build task Query asset bundle ---- (5ms)
8-23-2026 00:09:27-log: run build task Query asset bundle success in 5 ms√, progress: 10%
8-23-2026 00:09:27-debug: [Build Memory track]: Query asset bundle start:224.50MB, end 224.65MB, increase: 153.64KB
8-23-2026 00:09:27-debug: Sort some build options to settings.json start, progress: 10%
8-23-2026 00:09:27-debug: // ---- build task Sort some build options to settings.json ----
8-23-2026 00:09:27-debug: // ---- build task Sort some build options to settings.json ---- (1ms)
8-23-2026 00:09:27-debug: // ---- build task Fill script data to settings ----
8-23-2026 00:09:27-log: run build task Sort some build options to settings.json success in 1 ms√, progress: 12%
8-23-2026 00:09:27-debug: [Build Memory track]: Sort some build options to settings.json start:224.69MB, end 224.73MB, increase: 43.55KB
8-23-2026 00:09:27-debug: Fill script data to settings start, progress: 12%
8-23-2026 00:09:27-debug: // ---- build task Fill script data to settings ---- (1ms)
8-23-2026 00:09:27-log: run build task Fill script data to settings success in 1 ms√, progress: 13%
8-23-2026 00:09:27-debug: [Build Memory track]: Fill script data to settings start:224.77MB, end 224.81MB, increase: 34.49KB
8-23-2026 00:09:27-debug: Sort some build options to settings.json start, progress: 13%
8-23-2026 00:09:27-debug: // ---- build task Sort some build options to settings.json ----
8-23-2026 00:09:27-debug: // ---- build task Sort some build options to settings.json ---- (4ms)
8-23-2026 00:09:27-log: run build task Sort some build options to settings.json success in 4 ms√, progress: 15%
8-23-2026 00:09:27-debug: [Build Memory track]: Sort some build options to settings.json start:224.84MB, end 224.97MB, increase: 133.14KB
8-23-2026 02:09:33-debug: refresh db internal success
8-23-2026 02:09:33-debug: %cImport%c: F:\Github\BattleGame\assets\scripts\LevelSettings.tsbackground: #aaff85; color: #000;color: #000;
8-23-2026 02:09:33-debug: Run asset db hook engine-extends:afterRefresh ...
8-23-2026 02:09:33-debug: Run asset db hook engine-extends:afterRefresh success!
8-23-2026 02:09:33-debug: refresh db assets success
8-23-2026 02:09:33-debug: asset-db:refresh-all-database (104ms)
8-23-2026 02:09:33-debug: asset-db:worker-effect-data-processing (15ms)
8-23-2026 02:09:33-debug: asset-db-hook-engine-extends-afterRefresh (16ms)
8-23-2026 02:09:39-debug: Query all assets info in project
8-23-2026 02:09:39-debug: init custom config: keepNodeUuid: false, useCache: true
8-23-2026 02:09:39-debug: Skip compress image, progress: 0%
8-23-2026 02:09:39-debug: Init all bundles start..., progress: 0%
8-23-2026 02:09:39-debug: Query asset bundle start, progress: 0%
8-23-2026 02:09:39-debug: // ---- build task Query asset bundle ----
8-23-2026 02:09:39-debug: Init bundle root assets start..., progress: 0%
8-23-2026 02:09:39-debug: Num of bundles: 2..., progress: 0%
8-23-2026 02:09:39-debug: Query preload assets/scripts from cc.config.json: 60f7195c-ec2a-45eb-ba94-8955f60e81d0,1c02ae6f-4492-4915-b8f8-7492a3b1e4cd,810e96e4-e456-4468-9b59-f4e8f39732c0,efe8e2a3-eace-427b-b4f1-cb8a937ec77d,e9aa9a3e-5b2b-4ac7-a2c7-073de2b2b24f,8bbdbcdd-5cd4-4100-b6d5-b7c9625b6107,50f4348b-c883-4e2f-8f11-ce233b859fa1,fda095cb-831d-4601-ad94-846013963de8,f92806d7-1768-443f-afe8-12bcde84d0f0,dd3a144d-ab7f-41f0-82b8-2e43a090d496,f0416e68-0200-4b77-a926-4f9d16e494da,511d2633-09a7-4bdd-ac42-f778032124b3,5d45aa00-e064-4938-b314-4265f0c2258c,9361fd90-ba52-4f84-aa93-6e878fd576ca,970b0598-bcb0-4714-91fb-2e81440dccd8,bcd64cc6-2dd9-43f6-abbe-66318d332032,d930590d-bb92-4cc8-8bd1-23cd027f9edf,a3cd009f-0ab0-420d-9278-b9fdab939bbc,6a2d0734-bd9e-4ddf-946e-caa52498cb75,d9937e59-61fe-4ec6-92ab-7ac5a19c89b0,d1346436-ac96-4271-b863-1f4fdead95b0,971bdb23-3ff6-43eb-b422-1c30165a3663,17debcc3-0a6b-4b8a-b00b-dc58b885581e,711ebe11-f673-4cd9-9a83-63c60ba54c5b,c0143906-9aed-447e-9436-2ae8512d1b6e,14da1725-c4c2-42b4-ab08-ee0aeb6898b3,081cab31-dccd-428e-8652-f2404cc81c47,78e0584a-4343-4727-8f37-e14e65c2a2db,871c3b6c-7379-419d-bda3-794b239ab90d,ff9b0199-ce04-4cfe-86cc-6c719f08d6e4,de1c2107-70c8-4021-8459-6399f24d01c6,cbf30902-517f-40dc-af90-a550bac27cf1,5c601d96-e4c7-4698-991b-7ee674b11079
8-23-2026 02:09:39-debug:   Number of all scripts: 42
8-23-2026 02:09:39-debug:   Number of other assets: 486
8-23-2026 02:09:39-debug: Init bundle root assets success..., progress: 0%
8-23-2026 02:09:39-debug:   Number of all scenes: 1
8-23-2026 02:09:39-log: run build task Query asset bundle success in 27 ms√, progress: 5%
8-23-2026 02:09:39-debug: [Build Memory track]: Query asset bundle start:226.85MB, end 226.66MB, increase: -196.09KB
8-23-2026 02:09:39-debug: Query asset bundle start, progress: 5%
8-23-2026 02:09:39-debug: // ---- build task Query asset bundle ---- (27ms)
8-23-2026 02:09:39-debug: // ---- build task Query asset bundle ----
8-23-2026 02:09:39-debug: // ---- build task Query asset bundle ---- (11ms)
8-23-2026 02:09:39-log: run build task Query asset bundle success in 11 ms√, progress: 10%
8-23-2026 02:09:39-debug: [Build Memory track]: Query asset bundle start:226.70MB, end 226.04MB, increase: -676.17KB
8-23-2026 02:09:39-debug: // ---- build task Sort some build options to settings.json ----
8-23-2026 02:09:39-debug: Sort some build options to settings.json start, progress: 10%
8-23-2026 02:09:39-debug: // ---- build task Sort some build options to settings.json ---- (2ms)
8-23-2026 02:09:39-log: run build task Sort some build options to settings.json success in 2 ms√, progress: 12%
8-23-2026 02:09:39-debug: [Build Memory track]: Sort some build options to settings.json start:226.08MB, end 226.12MB, increase: 44.79KB
8-23-2026 02:09:39-debug: Fill script data to settings start, progress: 12%
8-23-2026 02:09:39-debug: // ---- build task Fill script data to settings ----
8-23-2026 02:09:39-debug: // ---- build task Fill script data to settings ---- (3ms)
8-23-2026 02:09:39-log: run build task Fill script data to settings success in 3 ms√, progress: 13%
8-23-2026 02:09:39-debug: [Build Memory track]: Fill script data to settings start:226.16MB, end 226.19MB, increase: 32.88KB
8-23-2026 02:09:39-debug: // ---- build task Sort some build options to settings.json ----
8-23-2026 02:09:39-debug: Sort some build options to settings.json start, progress: 13%
8-23-2026 02:09:39-debug: // ---- build task Sort some build options to settings.json ---- (7ms)
8-23-2026 02:09:39-log: run build task Sort some build options to settings.json success in 7 ms√, progress: 15%
8-23-2026 02:09:39-debug: [Build Memory track]: Sort some build options to settings.json start:226.23MB, end 226.36MB, increase: 133.46KB
8-23-2026 02:09:42-debug: %cImport%c: F:\Github\BattleGame\assets\Battle.scenebackground: #aaff85; color: #000;color: #000;
8-23-2026 02:09:42-debug: asset-db:reimport-asset1effe86e-a401-4769-9dbc-62218c68834d (40ms)
8-23-2026 02:09:43-debug: Query all assets info in project
8-23-2026 02:09:43-debug: init custom config: keepNodeUuid: false, useCache: true
8-23-2026 02:09:43-debug: Skip compress image, progress: 0%
8-23-2026 02:09:43-debug: Init all bundles start..., progress: 0%
8-23-2026 02:09:43-debug: Init bundle root assets start..., progress: 0%
8-23-2026 02:09:43-debug: Query asset bundle start, progress: 0%
8-23-2026 02:09:43-debug: // ---- build task Query asset bundle ----
8-23-2026 02:09:43-debug: Num of bundles: 2..., progress: 0%
8-23-2026 02:09:43-debug: Query preload assets/scripts from cc.config.json: 60f7195c-ec2a-45eb-ba94-8955f60e81d0,1c02ae6f-4492-4915-b8f8-7492a3b1e4cd,810e96e4-e456-4468-9b59-f4e8f39732c0,efe8e2a3-eace-427b-b4f1-cb8a937ec77d,e9aa9a3e-5b2b-4ac7-a2c7-073de2b2b24f,8bbdbcdd-5cd4-4100-b6d5-b7c9625b6107,50f4348b-c883-4e2f-8f11-ce233b859fa1,fda095cb-831d-4601-ad94-846013963de8,f92806d7-1768-443f-afe8-12bcde84d0f0,dd3a144d-ab7f-41f0-82b8-2e43a090d496,f0416e68-0200-4b77-a926-4f9d16e494da,511d2633-09a7-4bdd-ac42-f778032124b3,5d45aa00-e064-4938-b314-4265f0c2258c,9361fd90-ba52-4f84-aa93-6e878fd576ca,970b0598-bcb0-4714-91fb-2e81440dccd8,bcd64cc6-2dd9-43f6-abbe-66318d332032,d930590d-bb92-4cc8-8bd1-23cd027f9edf,a3cd009f-0ab0-420d-9278-b9fdab939bbc,6a2d0734-bd9e-4ddf-946e-caa52498cb75,d9937e59-61fe-4ec6-92ab-7ac5a19c89b0,d1346436-ac96-4271-b863-1f4fdead95b0,971bdb23-3ff6-43eb-b422-1c30165a3663,17debcc3-0a6b-4b8a-b00b-dc58b885581e,711ebe11-f673-4cd9-9a83-63c60ba54c5b,c0143906-9aed-447e-9436-2ae8512d1b6e,14da1725-c4c2-42b4-ab08-ee0aeb6898b3,081cab31-dccd-428e-8652-f2404cc81c47,78e0584a-4343-4727-8f37-e14e65c2a2db,871c3b6c-7379-419d-bda3-794b239ab90d,ff9b0199-ce04-4cfe-86cc-6c719f08d6e4,de1c2107-70c8-4021-8459-6399f24d01c6,cbf30902-517f-40dc-af90-a550bac27cf1,5c601d96-e4c7-4698-991b-7ee674b11079
8-23-2026 02:09:43-debug:   Number of all scenes: 1
8-23-2026 02:09:43-debug:   Number of all scripts: 42
8-23-2026 02:09:43-debug:   Number of other assets: 486
8-23-2026 02:09:43-debug: Init bundle root assets success..., progress: 0%
8-23-2026 02:09:43-debug: // ---- build task Query asset bundle ---- (27ms)
8-23-2026 02:09:43-log: run build task Query asset bundle success in 27 ms√, progress: 5%
8-23-2026 02:09:43-debug: Query asset bundle start, progress: 5%
8-23-2026 02:09:43-debug: [Build Memory track]: Query asset bundle start:227.30MB, end 227.19MB, increase: -113.54KB
8-23-2026 02:09:43-debug: // ---- build task Query asset bundle ----
8-23-2026 02:09:43-debug: // ---- build task Query asset bundle ---- (22ms)
8-23-2026 02:09:43-log: run build task Query asset bundle success in 22 ms√, progress: 10%
8-23-2026 02:09:43-debug: [Build Memory track]: Query asset bundle start:227.23MB, end 226.55MB, increase: -696.33KB
8-23-2026 02:09:43-debug: Sort some build options to settings.json start, progress: 10%
8-23-2026 02:09:43-debug: // ---- build task Sort some build options to settings.json ----
8-23-2026 02:09:43-debug: // ---- build task Sort some build options to settings.json ---- (14ms)
8-23-2026 02:09:43-log: run build task Sort some build options to settings.json success in 14 ms√, progress: 12%
8-23-2026 02:09:43-debug: [Build Memory track]: Sort some build options to settings.json start:226.59MB, end 226.62MB, increase: 33.38KB
8-23-2026 02:09:43-debug: Fill script data to settings start, progress: 12%
8-23-2026 02:09:43-debug: // ---- build task Fill script data to settings ----
8-23-2026 02:09:43-debug: // ---- build task Fill script data to settings ---- (22ms)
8-23-2026 02:09:43-log: run build task Fill script data to settings success in 22 ms√, progress: 13%
8-23-2026 02:09:43-debug: // ---- build task Sort some build options to settings.json ----
8-23-2026 02:09:43-debug: [Build Memory track]: Fill script data to settings start:226.66MB, end 226.69MB, increase: 32.69KB
8-23-2026 02:09:43-debug: Sort some build options to settings.json start, progress: 13%
8-23-2026 02:09:43-debug: // ---- build task Sort some build options to settings.json ---- (15ms)
8-23-2026 02:09:43-log: run build task Sort some build options to settings.json success in 15 ms√, progress: 15%
8-23-2026 02:09:43-debug: [Build Memory track]: Sort some build options to settings.json start:226.73MB, end 226.86MB, increase: 135.76KB
8-23-2026 02:14:21-debug: refresh db internal success
8-23-2026 02:14:21-debug: refresh db assets success
8-23-2026 02:14:21-debug: Run asset db hook engine-extends:afterRefresh success!
8-23-2026 02:14:21-debug: Run asset db hook engine-extends:afterRefresh ...
8-23-2026 02:14:21-debug: asset-db:refresh-all-database (97ms)
8-23-2026 02:14:21-debug: asset-db:worker-effect-data-processing (4ms)
8-23-2026 02:14:21-debug: asset-db-hook-engine-extends-afterRefresh (5ms)
8-23-2026 02:14:38-debug: %cImport%c: F:\Github\BattleGame\assets\Battle.scenebackground: #aaff85; color: #000;color: #000;
8-23-2026 02:14:38-debug: asset-db:reimport-asset1effe86e-a401-4769-9dbc-62218c68834d (27ms)
8-23-2026 02:14:39-debug: Query all assets info in project
8-23-2026 02:14:39-debug: init custom config: keepNodeUuid: false, useCache: true
8-23-2026 02:14:39-debug: Skip compress image, progress: 0%
8-23-2026 02:14:39-debug: Init all bundles start..., progress: 0%
8-23-2026 02:14:39-debug: Query asset bundle start, progress: 0%
8-23-2026 02:14:39-debug: // ---- build task Query asset bundle ----
8-23-2026 02:14:39-debug: Num of bundles: 2..., progress: 0%
8-23-2026 02:14:39-debug: Init bundle root assets start..., progress: 0%
8-23-2026 02:14:39-debug: Query preload assets/scripts from cc.config.json: 60f7195c-ec2a-45eb-ba94-8955f60e81d0,1c02ae6f-4492-4915-b8f8-7492a3b1e4cd,810e96e4-e456-4468-9b59-f4e8f39732c0,efe8e2a3-eace-427b-b4f1-cb8a937ec77d,e9aa9a3e-5b2b-4ac7-a2c7-073de2b2b24f,8bbdbcdd-5cd4-4100-b6d5-b7c9625b6107,50f4348b-c883-4e2f-8f11-ce233b859fa1,fda095cb-831d-4601-ad94-846013963de8,f92806d7-1768-443f-afe8-12bcde84d0f0,dd3a144d-ab7f-41f0-82b8-2e43a090d496,f0416e68-0200-4b77-a926-4f9d16e494da,511d2633-09a7-4bdd-ac42-f778032124b3,5d45aa00-e064-4938-b314-4265f0c2258c,9361fd90-ba52-4f84-aa93-6e878fd576ca,970b0598-bcb0-4714-91fb-2e81440dccd8,bcd64cc6-2dd9-43f6-abbe-66318d332032,d930590d-bb92-4cc8-8bd1-23cd027f9edf,a3cd009f-0ab0-420d-9278-b9fdab939bbc,6a2d0734-bd9e-4ddf-946e-caa52498cb75,d9937e59-61fe-4ec6-92ab-7ac5a19c89b0,d1346436-ac96-4271-b863-1f4fdead95b0,971bdb23-3ff6-43eb-b422-1c30165a3663,17debcc3-0a6b-4b8a-b00b-dc58b885581e,711ebe11-f673-4cd9-9a83-63c60ba54c5b,c0143906-9aed-447e-9436-2ae8512d1b6e,14da1725-c4c2-42b4-ab08-ee0aeb6898b3,081cab31-dccd-428e-8652-f2404cc81c47,78e0584a-4343-4727-8f37-e14e65c2a2db,871c3b6c-7379-419d-bda3-794b239ab90d,ff9b0199-ce04-4cfe-86cc-6c719f08d6e4,de1c2107-70c8-4021-8459-6399f24d01c6,cbf30902-517f-40dc-af90-a550bac27cf1,5c601d96-e4c7-4698-991b-7ee674b11079
8-23-2026 02:14:39-debug:   Number of all scenes: 1
8-23-2026 02:14:39-debug:   Number of all scripts: 42
8-23-2026 02:14:39-debug: Init bundle root assets success..., progress: 0%
8-23-2026 02:14:39-debug:   Number of other assets: 486
8-23-2026 02:14:39-debug: // ---- build task Query asset bundle ---- (9ms)
8-23-2026 02:14:39-debug: // ---- build task Query asset bundle ----
8-23-2026 02:14:39-log: run build task Query asset bundle success in 9 ms√, progress: 5%
8-23-2026 02:14:39-debug: Query asset bundle start, progress: 5%
8-23-2026 02:14:39-debug: [Build Memory track]: Query asset bundle start:229.16MB, end 228.99MB, increase: -173.19KB
8-23-2026 02:14:39-debug: [Build Memory track]: Query asset bundle start:229.03MB, end 229.18MB, increase: 148.21KB
8-23-2026 02:14:39-debug: // ---- build task Query asset bundle ---- (4ms)
8-23-2026 02:14:39-log: run build task Query asset bundle success in 4 ms√, progress: 10%
8-23-2026 02:14:39-debug: Sort some build options to settings.json start, progress: 10%
8-23-2026 02:14:39-debug: // ---- build task Sort some build options to settings.json ----
8-23-2026 02:14:39-debug: // ---- build task Sort some build options to settings.json ---- (2ms)
8-23-2026 02:14:39-log: run build task Sort some build options to settings.json success in 2 ms√, progress: 12%
8-23-2026 02:14:39-debug: [Build Memory track]: Sort some build options to settings.json start:229.21MB, end 229.49MB, increase: 281.26KB
8-23-2026 02:14:39-debug: Fill script data to settings start, progress: 12%
8-23-2026 02:14:39-debug: // ---- build task Fill script data to settings ----
8-23-2026 02:14:39-debug: // ---- build task Fill script data to settings ---- (1ms)
8-23-2026 02:14:39-log: run build task Fill script data to settings success in 1 ms√, progress: 13%
8-23-2026 02:14:39-debug: [Build Memory track]: Fill script data to settings start:229.53MB, end 229.56MB, increase: 32.69KB
8-23-2026 02:14:39-debug: Sort some build options to settings.json start, progress: 13%
8-23-2026 02:14:39-debug: // ---- build task Sort some build options to settings.json ----
8-23-2026 02:14:39-debug: // ---- build task Sort some build options to settings.json ---- (7ms)
8-23-2026 02:14:39-log: run build task Sort some build options to settings.json success in 7 ms√, progress: 15%
8-23-2026 02:14:39-debug: [Build Memory track]: Sort some build options to settings.json start:229.60MB, end 228.79MB, increase: -832.76KB
8-23-2026 02:14:48-debug: refresh db internal success
8-23-2026 02:14:48-debug: refresh db assets success
8-23-2026 02:14:48-debug: Run asset db hook engine-extends:afterRefresh ...
8-23-2026 02:14:48-debug: Run asset db hook engine-extends:afterRefresh success!
8-23-2026 02:14:48-debug: asset-db:refresh-all-database (84ms)
8-23-2026 02:14:48-debug: asset-db:worker-effect-data-processing (1ms)
8-23-2026 02:14:48-debug: asset-db-hook-engine-extends-afterRefresh (2ms)
8-23-2026 02:14:53-debug: refresh db internal success
8-23-2026 02:14:53-debug: refresh db assets success
8-23-2026 02:14:53-debug: Run asset db hook engine-extends:afterRefresh ...
8-23-2026 02:14:53-debug: Run asset db hook engine-extends:afterRefresh success!
8-23-2026 02:14:53-debug: asset-db:refresh-all-database (217ms)
8-23-2026 02:14:53-debug: asset-db:worker-effect-data-processing (2ms)
8-23-2026 02:14:53-debug: asset-db-hook-engine-extends-afterRefresh (3ms)
8-23-2026 03:28:28-debug: refresh db internal success
8-23-2026 03:28:28-debug: %cImport%c: F:\Github\BattleGame\assets\scripts\LevelSettings.tsbackground: #aaff85; color: #000;color: #000;
8-23-2026 03:28:28-debug: refresh db assets success
8-23-2026 03:28:28-debug: Run asset db hook engine-extends:afterRefresh ...
8-23-2026 03:28:28-debug: Run asset db hook engine-extends:afterRefresh success!
8-23-2026 03:28:28-debug: asset-db:refresh-all-database (97ms)
8-23-2026 03:28:28-debug: asset-db:worker-effect-data-processing (4ms)
8-23-2026 03:28:28-debug: asset-db-hook-engine-extends-afterRefresh (4ms)
8-23-2026 03:28:34-debug: Query all assets info in project
8-23-2026 03:28:34-debug: init custom config: keepNodeUuid: false, useCache: true
8-23-2026 03:28:34-debug: Skip compress image, progress: 0%
8-23-2026 03:28:34-debug: Init all bundles start..., progress: 0%
8-23-2026 03:28:34-debug: // ---- build task Query asset bundle ----
8-23-2026 03:28:34-debug: Num of bundles: 2..., progress: 0%
8-23-2026 03:28:34-debug: Query asset bundle start, progress: 0%
8-23-2026 03:28:34-debug: Init bundle root assets start..., progress: 0%
8-23-2026 03:28:34-debug: Query preload assets/scripts from cc.config.json: 60f7195c-ec2a-45eb-ba94-8955f60e81d0,1c02ae6f-4492-4915-b8f8-7492a3b1e4cd,810e96e4-e456-4468-9b59-f4e8f39732c0,efe8e2a3-eace-427b-b4f1-cb8a937ec77d,e9aa9a3e-5b2b-4ac7-a2c7-073de2b2b24f,8bbdbcdd-5cd4-4100-b6d5-b7c9625b6107,50f4348b-c883-4e2f-8f11-ce233b859fa1,fda095cb-831d-4601-ad94-846013963de8,f92806d7-1768-443f-afe8-12bcde84d0f0,dd3a144d-ab7f-41f0-82b8-2e43a090d496,f0416e68-0200-4b77-a926-4f9d16e494da,511d2633-09a7-4bdd-ac42-f778032124b3,5d45aa00-e064-4938-b314-4265f0c2258c,9361fd90-ba52-4f84-aa93-6e878fd576ca,970b0598-bcb0-4714-91fb-2e81440dccd8,bcd64cc6-2dd9-43f6-abbe-66318d332032,d930590d-bb92-4cc8-8bd1-23cd027f9edf,a3cd009f-0ab0-420d-9278-b9fdab939bbc,6a2d0734-bd9e-4ddf-946e-caa52498cb75,d9937e59-61fe-4ec6-92ab-7ac5a19c89b0,d1346436-ac96-4271-b863-1f4fdead95b0,971bdb23-3ff6-43eb-b422-1c30165a3663,17debcc3-0a6b-4b8a-b00b-dc58b885581e,711ebe11-f673-4cd9-9a83-63c60ba54c5b,c0143906-9aed-447e-9436-2ae8512d1b6e,14da1725-c4c2-42b4-ab08-ee0aeb6898b3,081cab31-dccd-428e-8652-f2404cc81c47,78e0584a-4343-4727-8f37-e14e65c2a2db,871c3b6c-7379-419d-bda3-794b239ab90d,ff9b0199-ce04-4cfe-86cc-6c719f08d6e4,de1c2107-70c8-4021-8459-6399f24d01c6,cbf30902-517f-40dc-af90-a550bac27cf1,5c601d96-e4c7-4698-991b-7ee674b11079
8-23-2026 03:28:34-debug:   Number of all scripts: 42
8-23-2026 03:28:34-debug:   Number of other assets: 486
8-23-2026 03:28:34-debug: Init bundle root assets success..., progress: 0%
8-23-2026 03:28:34-debug:   Number of all scenes: 1
8-23-2026 03:28:34-debug: // ---- build task Query asset bundle ---- (22ms)
8-23-2026 03:28:34-debug: [Build Memory track]: Query asset bundle start:234.02MB, end 233.05MB, increase: -991.49KB
8-23-2026 03:28:34-log: run build task Query asset bundle success in 22 ms√, progress: 5%
8-23-2026 03:28:34-debug: Query asset bundle start, progress: 5%
8-23-2026 03:28:34-debug: // ---- build task Query asset bundle ----
8-23-2026 03:28:34-debug: // ---- build task Query asset bundle ---- (12ms)
8-23-2026 03:28:34-log: run build task Query asset bundle success in 12 ms√, progress: 10%
8-23-2026 03:28:34-debug: [Build Memory track]: Query asset bundle start:233.08MB, end 233.21MB, increase: 139.43KB
8-23-2026 03:28:34-debug: Sort some build options to settings.json start, progress: 10%
8-23-2026 03:28:34-debug: // ---- build task Sort some build options to settings.json ----
8-23-2026 03:28:34-debug: // ---- build task Sort some build options to settings.json ---- (4ms)
8-23-2026 03:28:34-debug: [Build Memory track]: Sort some build options to settings.json start:233.24MB, end 233.27MB, increase: 26.20KB
8-23-2026 03:28:34-log: run build task Sort some build options to settings.json success in 4 ms√, progress: 12%
8-23-2026 03:28:34-debug: Fill script data to settings start, progress: 12%
8-23-2026 03:28:34-debug: // ---- build task Fill script data to settings ----
8-23-2026 03:28:34-debug: // ---- build task Fill script data to settings ---- (3ms)
8-23-2026 03:28:34-log: run build task Fill script data to settings success in 3 ms√, progress: 13%
8-23-2026 03:28:34-debug: [Build Memory track]: Fill script data to settings start:232.37MB, end 232.40MB, increase: 25.70KB
8-23-2026 03:28:34-debug: Sort some build options to settings.json start, progress: 13%
8-23-2026 03:28:34-debug: // ---- build task Sort some build options to settings.json ----
8-23-2026 03:28:34-debug: // ---- build task Sort some build options to settings.json ---- (11ms)
8-23-2026 03:28:34-log: run build task Sort some build options to settings.json success in 11 ms√, progress: 15%
8-23-2026 03:28:34-debug: [Build Memory track]: Sort some build options to settings.json start:232.43MB, end 232.55MB, increase: 127.09KB
8-23-2026 03:28:49-debug: %cImport%c: F:\Github\BattleGame\assets\Battle.scenebackground: #aaff85; color: #000;color: #000;
8-23-2026 03:28:49-debug: asset-db:reimport-asset1effe86e-a401-4769-9dbc-62218c68834d (32ms)
8-23-2026 03:28:50-debug: Query all assets info in project
8-23-2026 03:28:50-debug: init custom config: keepNodeUuid: false, useCache: true
8-23-2026 03:28:50-debug: Skip compress image, progress: 0%
8-23-2026 03:28:50-debug: Init all bundles start..., progress: 0%
8-23-2026 03:28:50-debug: Query asset bundle start, progress: 0%
8-23-2026 03:28:50-debug: Num of bundles: 2..., progress: 0%
8-23-2026 03:28:50-debug: // ---- build task Query asset bundle ----
8-23-2026 03:28:50-debug: Init bundle root assets start..., progress: 0%
8-23-2026 03:28:50-debug: Query preload assets/scripts from cc.config.json: 60f7195c-ec2a-45eb-ba94-8955f60e81d0,1c02ae6f-4492-4915-b8f8-7492a3b1e4cd,810e96e4-e456-4468-9b59-f4e8f39732c0,efe8e2a3-eace-427b-b4f1-cb8a937ec77d,e9aa9a3e-5b2b-4ac7-a2c7-073de2b2b24f,8bbdbcdd-5cd4-4100-b6d5-b7c9625b6107,50f4348b-c883-4e2f-8f11-ce233b859fa1,fda095cb-831d-4601-ad94-846013963de8,f92806d7-1768-443f-afe8-12bcde84d0f0,dd3a144d-ab7f-41f0-82b8-2e43a090d496,f0416e68-0200-4b77-a926-4f9d16e494da,511d2633-09a7-4bdd-ac42-f778032124b3,5d45aa00-e064-4938-b314-4265f0c2258c,9361fd90-ba52-4f84-aa93-6e878fd576ca,970b0598-bcb0-4714-91fb-2e81440dccd8,bcd64cc6-2dd9-43f6-abbe-66318d332032,d930590d-bb92-4cc8-8bd1-23cd027f9edf,a3cd009f-0ab0-420d-9278-b9fdab939bbc,6a2d0734-bd9e-4ddf-946e-caa52498cb75,d9937e59-61fe-4ec6-92ab-7ac5a19c89b0,d1346436-ac96-4271-b863-1f4fdead95b0,971bdb23-3ff6-43eb-b422-1c30165a3663,17debcc3-0a6b-4b8a-b00b-dc58b885581e,711ebe11-f673-4cd9-9a83-63c60ba54c5b,c0143906-9aed-447e-9436-2ae8512d1b6e,14da1725-c4c2-42b4-ab08-ee0aeb6898b3,081cab31-dccd-428e-8652-f2404cc81c47,78e0584a-4343-4727-8f37-e14e65c2a2db,871c3b6c-7379-419d-bda3-794b239ab90d,ff9b0199-ce04-4cfe-86cc-6c719f08d6e4,de1c2107-70c8-4021-8459-6399f24d01c6,cbf30902-517f-40dc-af90-a550bac27cf1,5c601d96-e4c7-4698-991b-7ee674b11079
8-23-2026 03:28:50-debug:   Number of all scenes: 1
8-23-2026 03:28:50-debug:   Number of all scripts: 42
8-23-2026 03:28:50-debug:   Number of other assets: 486
8-23-2026 03:28:50-debug: Init bundle root assets success..., progress: 0%
8-23-2026 03:28:50-log: run build task Query asset bundle success in 32 ms√, progress: 5%
8-23-2026 03:28:50-debug: // ---- build task Query asset bundle ---- (32ms)
8-23-2026 03:28:50-debug: [Build Memory track]: Query asset bundle start:233.31MB, end 233.14MB, increase: -175.17KB
8-23-2026 03:28:50-debug: // ---- build task Query asset bundle ----
8-23-2026 03:28:50-debug: Query asset bundle start, progress: 5%
8-23-2026 03:28:50-debug: // ---- build task Query asset bundle ---- (11ms)
8-23-2026 03:28:50-log: run build task Query asset bundle success in 11 ms√, progress: 10%
8-23-2026 03:28:50-debug: Sort some build options to settings.json start, progress: 10%
8-23-2026 03:28:50-debug: [Build Memory track]: Query asset bundle start:233.17MB, end 233.31MB, increase: 147.22KB
8-23-2026 03:28:50-debug: // ---- build task Sort some build options to settings.json ----
8-23-2026 03:28:50-debug: // ---- build task Sort some build options to settings.json ---- (3ms)
8-23-2026 03:28:50-log: run build task Sort some build options to settings.json success in 3 ms√, progress: 12%
8-23-2026 03:28:50-debug: [Build Memory track]: Sort some build options to settings.json start:233.34MB, end 233.36MB, increase: 27.45KB
8-23-2026 03:28:50-debug: // ---- build task Fill script data to settings ----
8-23-2026 03:28:50-debug: Fill script data to settings start, progress: 12%
8-23-2026 03:28:50-debug: // ---- build task Fill script data to settings ---- (3ms)
8-23-2026 03:28:50-log: run build task Fill script data to settings success in 3 ms√, progress: 13%
8-23-2026 03:28:50-debug: [Build Memory track]: Fill script data to settings start:233.39MB, end 233.42MB, increase: 26.20KB
8-23-2026 03:28:50-debug: Sort some build options to settings.json start, progress: 13%
8-23-2026 03:28:50-debug: // ---- build task Sort some build options to settings.json ----
8-23-2026 03:28:50-log: run build task Sort some build options to settings.json success in 15 ms√, progress: 15%
8-23-2026 03:28:50-debug: // ---- build task Sort some build options to settings.json ---- (15ms)
8-23-2026 03:28:50-debug: [Build Memory track]: Sort some build options to settings.json start:233.45MB, end 232.86MB, increase: -606.54KB
8-23-2026 04:28:35-debug: refresh db internal success
8-23-2026 04:28:35-debug: %cImport%c: F:\Github\BattleGame\assets\Battle.scenebackground: #aaff85; color: #000;color: #000;
8-23-2026 04:28:35-debug: %cImport%c: F:\Github\BattleGame\assets\scripts\LevelSettings.tsbackground: #aaff85; color: #000;color: #000;
8-23-2026 04:28:35-debug: refresh db assets success
8-23-2026 04:28:35-debug: Run asset db hook engine-extends:afterRefresh ...
8-23-2026 04:28:35-debug: Run asset db hook engine-extends:afterRefresh success!
8-23-2026 04:28:35-debug: asset-db:refresh-all-database (113ms)
8-23-2026 04:28:35-debug: asset-db:worker-effect-data-processing (7ms)
8-23-2026 04:28:35-debug: asset-db-hook-engine-extends-afterRefresh (7ms)
8-23-2026 04:28:41-debug: Query all assets info in project
8-23-2026 04:28:41-debug: init custom config: keepNodeUuid: false, useCache: true
8-23-2026 04:28:41-debug: Skip compress image, progress: 0%
8-23-2026 04:28:41-debug: Init all bundles start..., progress: 0%
8-23-2026 04:28:41-debug: Num of bundles: 2..., progress: 0%
8-23-2026 04:28:41-debug: Query asset bundle start, progress: 0%
8-23-2026 04:28:41-debug: // ---- build task Query asset bundle ----
8-23-2026 04:28:41-debug: Init bundle root assets start..., progress: 0%
8-23-2026 04:28:41-debug: Query preload assets/scripts from cc.config.json: 60f7195c-ec2a-45eb-ba94-8955f60e81d0,1c02ae6f-4492-4915-b8f8-7492a3b1e4cd,810e96e4-e456-4468-9b59-f4e8f39732c0,efe8e2a3-eace-427b-b4f1-cb8a937ec77d,e9aa9a3e-5b2b-4ac7-a2c7-073de2b2b24f,8bbdbcdd-5cd4-4100-b6d5-b7c9625b6107,50f4348b-c883-4e2f-8f11-ce233b859fa1,fda095cb-831d-4601-ad94-846013963de8,f92806d7-1768-443f-afe8-12bcde84d0f0,dd3a144d-ab7f-41f0-82b8-2e43a090d496,f0416e68-0200-4b77-a926-4f9d16e494da,511d2633-09a7-4bdd-ac42-f778032124b3,5d45aa00-e064-4938-b314-4265f0c2258c,9361fd90-ba52-4f84-aa93-6e878fd576ca,970b0598-bcb0-4714-91fb-2e81440dccd8,bcd64cc6-2dd9-43f6-abbe-66318d332032,d930590d-bb92-4cc8-8bd1-23cd027f9edf,a3cd009f-0ab0-420d-9278-b9fdab939bbc,6a2d0734-bd9e-4ddf-946e-caa52498cb75,d9937e59-61fe-4ec6-92ab-7ac5a19c89b0,d1346436-ac96-4271-b863-1f4fdead95b0,971bdb23-3ff6-43eb-b422-1c30165a3663,17debcc3-0a6b-4b8a-b00b-dc58b885581e,711ebe11-f673-4cd9-9a83-63c60ba54c5b,c0143906-9aed-447e-9436-2ae8512d1b6e,14da1725-c4c2-42b4-ab08-ee0aeb6898b3,081cab31-dccd-428e-8652-f2404cc81c47,78e0584a-4343-4727-8f37-e14e65c2a2db,871c3b6c-7379-419d-bda3-794b239ab90d,ff9b0199-ce04-4cfe-86cc-6c719f08d6e4,de1c2107-70c8-4021-8459-6399f24d01c6,cbf30902-517f-40dc-af90-a550bac27cf1,5c601d96-e4c7-4698-991b-7ee674b11079
8-23-2026 04:28:41-debug:   Number of all scripts: 42
8-23-2026 04:28:41-debug:   Number of other assets: 486
8-23-2026 04:28:41-debug: Init bundle root assets success..., progress: 0%
8-23-2026 04:28:41-debug:   Number of all scenes: 1
8-23-2026 04:28:41-debug: // ---- build task Query asset bundle ---- (10ms)
8-23-2026 04:28:41-debug: [Build Memory track]: Query asset bundle start:234.50MB, end 234.29MB, increase: -217.26KB
8-23-2026 04:28:41-debug: Query asset bundle start, progress: 5%
8-23-2026 04:28:41-log: run build task Query asset bundle success in 10 ms√, progress: 5%
8-23-2026 04:28:41-debug: // ---- build task Query asset bundle ----
8-23-2026 04:28:41-debug: // ---- build task Query asset bundle ---- (4ms)
8-23-2026 04:28:41-debug: Sort some build options to settings.json start, progress: 10%
8-23-2026 04:28:41-log: run build task Query asset bundle success in 4 ms√, progress: 10%
8-23-2026 04:28:41-debug: [Build Memory track]: Query asset bundle start:234.32MB, end 234.48MB, increase: 167.24KB
8-23-2026 04:28:41-debug: // ---- build task Sort some build options to settings.json ----
8-23-2026 04:28:41-log: run build task Sort some build options to settings.json success in 1 ms√, progress: 12%
8-23-2026 04:28:41-debug: Fill script data to settings start, progress: 12%
8-23-2026 04:28:41-debug: // ---- build task Sort some build options to settings.json ---- (1ms)
8-23-2026 04:28:41-debug: [Build Memory track]: Sort some build options to settings.json start:234.51MB, end 234.54MB, increase: 26.21KB
8-23-2026 04:28:41-debug: // ---- build task Fill script data to settings ----
8-23-2026 04:28:41-debug: // ---- build task Fill script data to settings ---- (1ms)
8-23-2026 04:28:41-log: run build task Fill script data to settings success in 1 ms√, progress: 13%
8-23-2026 04:28:41-debug: [Build Memory track]: Fill script data to settings start:234.57MB, end 234.59MB, increase: 25.91KB
8-23-2026 04:28:41-debug: Sort some build options to settings.json start, progress: 13%
8-23-2026 04:28:41-debug: // ---- build task Sort some build options to settings.json ----
8-23-2026 04:28:41-debug: // ---- build task Sort some build options to settings.json ---- (12ms)
8-23-2026 04:28:41-log: run build task Sort some build options to settings.json success in 12 ms√, progress: 15%
8-23-2026 04:28:41-debug: [Build Memory track]: Sort some build options to settings.json start:234.62MB, end 234.75MB, increase: 131.95KB
