8-23-2026 04:33:52-log: Cannot access game frame or container.
8-23-2026 04:33:54-debug: asset-db:require-engine-code (2693ms)
8-23-2026 04:33:54-log: [box2d]:box2d wasm lib loaded.
8-23-2026 04:33:54-log: meshopt wasm decoder initialized
8-23-2026 04:33:54-log: [bullet]:bullet wasm lib loaded.
8-23-2026 04:33:54-log: Cocos Creator v3.8.8
8-23-2026 04:33:54-log: Using legacy pipeline
8-23-2026 04:33:54-log: Forward render pipeline initialized.
8-23-2026 04:33:54-debug: [Assets Memory track]: asset-db:worker-init: initEngine start:27.99MB, end 79.00MB, increase: 51.01MB
8-23-2026 04:33:57-debug: [Assets Memory track]: asset-db:worker-init: initPlugin start:79.05MB, end 274.11MB, increase: 195.06MB
8-23-2026 04:33:57-debug: asset-db:worker-init: initPlugin (3449ms)
8-23-2026 04:33:57-debug: [Assets Memory track]: asset-db:worker-init start:27.99MB, end 274.23MB, increase: 246.24MB
8-23-2026 04:33:57-debug: Run asset db hook programming:beforePreStart ...
8-23-2026 04:33:57-debug: Run asset db hook programming:beforePreStart success!
8-23-2026 04:33:57-debug: Run asset db hook engine-extends:beforePreStart success!
8-23-2026 04:33:57-debug: Run asset db hook engine-extends:beforePreStart ...
8-23-2026 04:33:57-debug: asset-db:worker-init (6521ms)
8-23-2026 04:33:57-debug: asset-db-hook-programming-beforePreStart (169ms)
8-23-2026 04:33:57-debug: asset-db-hook-engine-extends-beforePreStart (167ms)
8-23-2026 04:33:58-debug: Preimport db internal success
8-23-2026 04:33:58-debug: Preimport db assets success
8-23-2026 04:33:58-debug: Run asset db hook programming:afterPreStart ...
8-23-2026 04:33:58-debug: starting packer-driver...
8-23-2026 04:34:04-debug: initialize scripting environment...
8-23-2026 04:34:04-debug: [[Executor]] prepare before lock
8-23-2026 04:34:04-debug: Set detail map pack:///resolution-detail-map.json: {}
8-23-2026 04:34:04-debug: [[Executor]] prepare after unlock
8-23-2026 04:34:04-debug: Run asset db hook programming:afterPreStart success!
8-23-2026 04:34:04-debug: Run asset db hook engine-extends:afterPreStart success!
8-23-2026 04:34:04-debug: Run asset db hook engine-extends:afterPreStart ...
8-23-2026 04:34:04-debug: Start up the 'internal' database...
8-23-2026 04:34:04-debug: asset-db-hook-programming-afterPreStart (6555ms)
8-23-2026 04:34:04-debug: asset-db:worker-effect-data-processing (407ms)
8-23-2026 04:34:04-debug: asset-db-hook-engine-extends-afterPreStart (409ms)
8-23-2026 04:34:04-debug: Run asset db hook engine-extends:afterStartDB ...
8-23-2026 04:34:05-debug: recompile effect.bin success
8-23-2026 04:34:05-debug: Start up the 'assets' database...
8-23-2026 04:34:05-debug: Run asset db hook engine-extends:afterStartDB success!
8-23-2026 04:34:05-debug: asset-db:worker-effect-data-processing (429ms)
8-23-2026 04:34:05-debug: asset-db-hook-engine-extends-afterStartDB (430ms)
8-23-2026 04:34:05-debug: Run asset db hook engine-extends:afterStartDB ...
8-23-2026 04:34:05-debug: recompile effect.bin success
8-23-2026 04:34:05-debug: Run asset db hook engine-extends:afterStartDB success!
8-23-2026 04:34:05-debug: lazy register asset handler text
8-23-2026 04:34:05-debug: lazy register asset handler directory
8-23-2026 04:34:05-debug: lazy register asset handler *
8-23-2026 04:34:05-debug: lazy register asset handler json
8-23-2026 04:34:05-debug: lazy register asset handler spine-data
8-23-2026 04:34:05-debug: lazy register asset handler dragonbones-atlas
8-23-2026 04:34:05-debug: lazy register asset handler terrain
8-23-2026 04:34:05-debug: lazy register asset handler dragonbones
8-23-2026 04:34:05-debug: lazy register asset handler scene
8-23-2026 04:34:05-debug: lazy register asset handler javascript
8-23-2026 04:34:05-debug: lazy register asset handler sprite-frame
8-23-2026 04:34:05-debug: lazy register asset handler prefab
8-23-2026 04:34:05-debug: lazy register asset handler typescript
8-23-2026 04:34:05-debug: lazy register asset handler tiled-map
8-23-2026 04:34:05-debug: lazy register asset handler buffer
8-23-2026 04:34:05-debug: lazy register asset handler image
8-23-2026 04:34:05-debug: lazy register asset handler alpha-image
8-23-2026 04:34:05-debug: lazy register asset handler sign-image
8-23-2026 04:34:05-debug: lazy register asset handler texture-cube
8-23-2026 04:34:05-debug: lazy register asset handler erp-texture-cube
8-23-2026 04:34:05-debug: lazy register asset handler texture-cube-face
8-23-2026 04:34:05-debug: lazy register asset handler render-texture
8-23-2026 04:34:05-debug: lazy register asset handler texture
8-23-2026 04:34:05-debug: lazy register asset handler rt-sprite-frame
8-23-2026 04:34:05-debug: lazy register asset handler gltf
8-23-2026 04:34:05-debug: lazy register asset handler gltf-mesh
8-23-2026 04:34:05-debug: lazy register asset handler gltf-animation
8-23-2026 04:34:05-debug: lazy register asset handler gltf-scene
8-23-2026 04:34:05-debug: lazy register asset handler gltf-skeleton
8-23-2026 04:34:05-debug: lazy register asset handler gltf-embeded-image
8-23-2026 04:34:05-debug: lazy register asset handler material
8-23-2026 04:34:05-debug: lazy register asset handler gltf-material
8-23-2026 04:34:05-debug: lazy register asset handler physics-material
8-23-2026 04:34:05-debug: lazy register asset handler fbx
8-23-2026 04:34:05-debug: lazy register asset handler effect-header
8-23-2026 04:34:05-debug: lazy register asset handler audio-clip
8-23-2026 04:34:05-debug: lazy register asset handler animation-graph
8-23-2026 04:34:05-debug: lazy register asset handler effect
8-23-2026 04:34:05-debug: lazy register asset handler animation-graph-variant
8-23-2026 04:34:05-debug: lazy register asset handler ttf-font
8-23-2026 04:34:05-debug: lazy register asset handler animation-mask
8-23-2026 04:34:05-debug: lazy register asset handler bitmap-font
8-23-2026 04:34:05-debug: lazy register asset handler sprite-atlas
8-23-2026 04:34:05-debug: lazy register asset handler animation-clip
8-23-2026 04:34:05-debug: lazy register asset handler label-atlas
8-23-2026 04:34:05-debug: lazy register asset handler render-pipeline
8-23-2026 04:34:05-debug: lazy register asset handler auto-atlas
8-23-2026 04:34:05-debug: lazy register asset handler render-stage
8-23-2026 04:34:05-debug: lazy register asset handler instantiation-material
8-23-2026 04:34:05-debug: lazy register asset handler instantiation-mesh
8-23-2026 04:34:05-debug: lazy register asset handler particle
8-23-2026 04:34:05-debug: lazy register asset handler render-flow
8-23-2026 04:34:05-debug: lazy register asset handler instantiation-skeleton
8-23-2026 04:34:05-debug: lazy register asset handler video-clip
8-23-2026 04:34:05-debug: lazy register asset handler instantiation-animation
8-23-2026 04:34:05-debug: asset-db:worker-effect-data-processing (433ms)
8-23-2026 04:34:05-debug: asset-db-hook-engine-extends-afterStartDB (435ms)
8-23-2026 04:34:05-debug: asset-db:start-database (7847ms)
8-23-2026 04:34:05-debug: asset-db:ready (17919ms)
8-23-2026 04:34:05-debug: init worker message success
8-23-2026 04:34:05-debug: programming:execute-script (6ms)
8-23-2026 04:34:06-debug: [Build Memory track]: builder:worker-init start:221.53MB, end 229.54MB, increase: 8.01MB
8-23-2026 04:34:06-debug: builder:worker-init (516ms)
8-23-2026 04:38:18-debug: refresh db internal success
8-23-2026 04:38:18-debug: refresh db assets success
8-23-2026 04:38:18-debug: Run asset db hook engine-extends:afterRefresh success!
8-23-2026 04:38:18-debug: Run asset db hook engine-extends:afterRefresh ...
8-23-2026 04:38:18-debug: asset-db:refresh-all-database (107ms)
8-23-2026 04:38:18-debug: asset-db:worker-effect-data-processing (2ms)
8-23-2026 04:38:18-debug: asset-db-hook-engine-extends-afterRefresh (2ms)
