8-23-2026 04:29:06-log: Cannot access game frame or container.
8-23-2026 04:29:07-debug: asset-db:require-engine-code (1199ms)
8-23-2026 04:29:07-log: meshopt wasm decoder initialized
8-23-2026 04:29:07-log: [box2d]:box2d wasm lib loaded.
8-23-2026 04:29:07-log: [bullet]:bullet wasm lib loaded.
8-23-2026 04:29:07-log: Cocos Creator v3.8.8
8-23-2026 04:29:07-log: Using legacy pipeline
8-23-2026 04:29:07-log: Forward render pipeline initialized.
8-23-2026 04:29:07-debug: [Assets Memory track]: asset-db:worker-init: initEngine start:28.59MB, end 79.54MB, increase: 50.95MB
8-23-2026 04:29:09-debug: [Assets Memory track]: asset-db:worker-init: initPlugin start:79.58MB, end 221.37MB, increase: 141.79MB
8-23-2026 04:29:09-debug: asset-db:worker-init: initPlugin (2189ms)
8-23-2026 04:29:09-debug: [Assets Memory track]: asset-db:worker-init start:28.58MB, end 221.48MB, increase: 192.90MB
8-23-2026 04:29:09-debug: Run asset db hook programming:beforePreStart ...
8-23-2026 04:29:09-debug: Run asset db hook programming:beforePreStart success!
8-23-2026 04:29:09-debug: Run asset db hook engine-extends:beforePreStart ...
8-23-2026 04:29:09-debug: Run asset db hook engine-extends:beforePreStart success!
8-23-2026 04:29:14-debug: asset-db:worker-init (8908ms)
8-23-2026 04:29:14-debug: asset-db-hook-programming-beforePreStart (5216ms)
8-23-2026 04:29:14-debug: asset-db-hook-engine-extends-beforePreStart (5215ms)
8-23-2026 04:29:17-debug: Preimport db internal success
8-23-2026 04:29:17-debug: Preimport db assets success
8-23-2026 04:29:17-debug: Run asset db hook programming:afterPreStart ...
8-23-2026 04:29:17-debug: starting packer-driver...
8-23-2026 04:29:24-debug: initialize scripting environment...
8-23-2026 04:29:24-debug: [[Executor]] prepare before lock
8-23-2026 04:29:24-debug: Set detail map pack:///resolution-detail-map.json: {}
8-23-2026 04:29:24-debug: [[Executor]] prepare after unlock
8-23-2026 04:29:24-debug: Run asset db hook programming:afterPreStart success!
8-23-2026 04:29:24-debug: Run asset db hook engine-extends:afterPreStart success!
8-23-2026 04:29:24-debug: Run asset db hook engine-extends:afterPreStart ...
8-23-2026 04:29:24-debug: Start up the 'internal' database...
8-23-2026 04:29:27-debug: asset-db-hook-programming-afterPreStart (9594ms)
8-23-2026 04:29:27-debug: asset-db-hook-engine-extends-afterPreStart (3399ms)
8-23-2026 04:29:27-debug: asset-db:worker-effect-data-processing (3398ms)
8-23-2026 04:29:27-debug: Run asset db hook engine-extends:afterStartDB ...
8-23-2026 04:29:29-debug: recompile effect.bin success
8-23-2026 04:29:29-debug: Run asset db hook engine-extends:afterStartDB success!
8-23-2026 04:29:29-debug: Start up the 'assets' database...
8-23-2026 04:29:29-debug: asset-db:worker-effect-data-processing (1882ms)
8-23-2026 04:29:29-debug: asset-db-hook-engine-extends-afterStartDB (1883ms)
8-23-2026 04:29:29-debug: Run asset db hook engine-extends:afterStartDB ...
8-23-2026 04:29:30-debug: recompile effect.bin success
8-23-2026 04:29:30-debug: Run asset db hook engine-extends:afterStartDB success!
8-23-2026 04:29:30-debug: lazy register asset handler directory
8-23-2026 04:29:30-debug: [Assets Memory track]: asset-db:worker-init: startup start:222.11MB, end 232.11MB, increase: 10.00MB
8-23-2026 04:29:30-debug: lazy register asset handler json
8-23-2026 04:29:30-debug: lazy register asset handler *
8-23-2026 04:29:30-debug: lazy register asset handler text
8-23-2026 04:29:30-debug: lazy register asset handler spine-data
8-23-2026 04:29:30-debug: lazy register asset handler dragonbones
8-23-2026 04:29:30-debug: lazy register asset handler typescript
8-23-2026 04:29:30-debug: lazy register asset handler terrain
8-23-2026 04:29:30-debug: lazy register asset handler scene
8-23-2026 04:29:30-debug: lazy register asset handler dragonbones-atlas
8-23-2026 04:29:30-debug: lazy register asset handler sprite-frame
8-23-2026 04:29:30-debug: lazy register asset handler javascript
8-23-2026 04:29:30-debug: lazy register asset handler tiled-map
8-23-2026 04:29:30-debug: lazy register asset handler prefab
8-23-2026 04:29:30-debug: lazy register asset handler sign-image
8-23-2026 04:29:30-debug: lazy register asset handler buffer
8-23-2026 04:29:30-debug: lazy register asset handler alpha-image
8-23-2026 04:29:30-debug: lazy register asset handler image
8-23-2026 04:29:30-debug: lazy register asset handler texture
8-23-2026 04:29:30-debug: lazy register asset handler texture-cube
8-23-2026 04:29:30-debug: lazy register asset handler erp-texture-cube
8-23-2026 04:29:30-debug: lazy register asset handler texture-cube-face
8-23-2026 04:29:30-debug: lazy register asset handler render-texture
8-23-2026 04:29:30-debug: lazy register asset handler rt-sprite-frame
8-23-2026 04:29:30-debug: lazy register asset handler gltf
8-23-2026 04:29:30-debug: lazy register asset handler gltf-mesh
8-23-2026 04:29:30-debug: lazy register asset handler gltf-animation
8-23-2026 04:29:30-debug: lazy register asset handler gltf-skeleton
8-23-2026 04:29:30-debug: lazy register asset handler gltf-embeded-image
8-23-2026 04:29:30-debug: lazy register asset handler gltf-scene
8-23-2026 04:29:30-debug: lazy register asset handler fbx
8-23-2026 04:29:30-debug: lazy register asset handler gltf-material
8-23-2026 04:29:30-debug: lazy register asset handler physics-material
8-23-2026 04:29:30-debug: lazy register asset handler effect-header
8-23-2026 04:29:30-debug: lazy register asset handler effect
8-23-2026 04:29:30-debug: lazy register asset handler material
8-23-2026 04:29:30-debug: lazy register asset handler audio-clip
8-23-2026 04:29:30-debug: lazy register asset handler animation-graph
8-23-2026 04:29:30-debug: lazy register asset handler animation-graph-variant
8-23-2026 04:29:30-debug: lazy register asset handler animation-clip
8-23-2026 04:29:30-debug: lazy register asset handler animation-mask
8-23-2026 04:29:30-debug: lazy register asset handler bitmap-font
8-23-2026 04:29:30-debug: lazy register asset handler ttf-font
8-23-2026 04:29:30-debug: lazy register asset handler auto-atlas
8-23-2026 04:29:30-debug: lazy register asset handler sprite-atlas
8-23-2026 04:29:30-debug: lazy register asset handler render-pipeline
8-23-2026 04:29:30-debug: lazy register asset handler particle
8-23-2026 04:29:30-debug: lazy register asset handler render-stage
8-23-2026 04:29:30-debug: lazy register asset handler instantiation-material
8-23-2026 04:29:30-debug: lazy register asset handler label-atlas
8-23-2026 04:29:30-debug: lazy register asset handler render-flow
8-23-2026 04:29:30-debug: lazy register asset handler instantiation-skeleton
8-23-2026 04:29:30-debug: lazy register asset handler instantiation-mesh
8-23-2026 04:29:30-debug: lazy register asset handler instantiation-animation
8-23-2026 04:29:30-debug: lazy register asset handler video-clip
8-23-2026 04:29:30-debug: asset-db:worker-effect-data-processing (730ms)
8-23-2026 04:29:30-debug: asset-db-hook-engine-extends-afterStartDB (730ms)
8-23-2026 04:29:30-debug: asset-db:ready (28409ms)
8-23-2026 04:29:30-debug: asset-db:start-database (20723ms)
8-23-2026 04:29:30-debug: init worker message success
8-23-2026 04:29:30-debug: programming:execute-script (10ms)
8-23-2026 04:29:31-debug: [Build Memory track]: builder:worker-init start:224.13MB, end 233.06MB, increase: 8.93MB
8-23-2026 04:29:31-debug: Query all assets info in project
8-23-2026 04:29:31-debug: builder:worker-init (899ms)
8-23-2026 04:29:31-debug: init custom config: keepNodeUuid: false, useCache: true
8-23-2026 04:29:31-debug: Skip compress image, progress: 0%
8-23-2026 04:29:31-debug: Init all bundles start..., progress: 0%
8-23-2026 04:29:31-debug: Num of bundles: 2..., progress: 0%
8-23-2026 04:29:31-debug: // ---- build task Query asset bundle ----
8-23-2026 04:29:31-debug: Query asset bundle start, progress: 0%
8-23-2026 04:29:31-debug: Init bundle root assets start..., progress: 0%
8-23-2026 04:29:31-debug: Query preload assets/scripts from cc.config.json: 60f7195c-ec2a-45eb-ba94-8955f60e81d0,1c02ae6f-4492-4915-b8f8-7492a3b1e4cd,810e96e4-e456-4468-9b59-f4e8f39732c0,efe8e2a3-eace-427b-b4f1-cb8a937ec77d,e9aa9a3e-5b2b-4ac7-a2c7-073de2b2b24f,8bbdbcdd-5cd4-4100-b6d5-b7c9625b6107,50f4348b-c883-4e2f-8f11-ce233b859fa1,fda095cb-831d-4601-ad94-846013963de8,f92806d7-1768-443f-afe8-12bcde84d0f0,dd3a144d-ab7f-41f0-82b8-2e43a090d496,f0416e68-0200-4b77-a926-4f9d16e494da,511d2633-09a7-4bdd-ac42-f778032124b3,5d45aa00-e064-4938-b314-4265f0c2258c,9361fd90-ba52-4f84-aa93-6e878fd576ca,970b0598-bcb0-4714-91fb-2e81440dccd8,bcd64cc6-2dd9-43f6-abbe-66318d332032,d930590d-bb92-4cc8-8bd1-23cd027f9edf,a3cd009f-0ab0-420d-9278-b9fdab939bbc,6a2d0734-bd9e-4ddf-946e-caa52498cb75,d9937e59-61fe-4ec6-92ab-7ac5a19c89b0,d1346436-ac96-4271-b863-1f4fdead95b0,971bdb23-3ff6-43eb-b422-1c30165a3663,17debcc3-0a6b-4b8a-b00b-dc58b885581e,711ebe11-f673-4cd9-9a83-63c60ba54c5b,c0143906-9aed-447e-9436-2ae8512d1b6e,14da1725-c4c2-42b4-ab08-ee0aeb6898b3,081cab31-dccd-428e-8652-f2404cc81c47,78e0584a-4343-4727-8f37-e14e65c2a2db,871c3b6c-7379-419d-bda3-794b239ab90d,ff9b0199-ce04-4cfe-86cc-6c719f08d6e4,de1c2107-70c8-4021-8459-6399f24d01c6,cbf30902-517f-40dc-af90-a550bac27cf1,5c601d96-e4c7-4698-991b-7ee674b11079
8-23-2026 04:29:31-debug:   Number of all scripts: 42
8-23-2026 04:29:31-debug:   Number of other assets: 486
8-23-2026 04:29:31-debug: Init bundle root assets success..., progress: 0%
8-23-2026 04:29:31-debug:   Number of all scenes: 1
8-23-2026 04:29:31-debug: // ---- build task Query asset bundle ---- (18ms)
8-23-2026 04:29:31-log: run build task Query asset bundle success in 18 ms√, progress: 5%
8-23-2026 04:29:31-debug: [Build Memory track]: Query asset bundle start:224.41MB, end 225.28MB, increase: 886.02KB
8-23-2026 04:29:31-debug: Query asset bundle start, progress: 5%
8-23-2026 04:29:31-debug: // ---- build task Query asset bundle ----
8-23-2026 04:29:31-debug: // ---- build task Query asset bundle ---- (9ms)
8-23-2026 04:29:31-log: run build task Query asset bundle success in 9 ms√, progress: 10%
8-23-2026 04:29:31-debug: [Build Memory track]: Query asset bundle start:225.32MB, end 225.48MB, increase: 171.68KB
8-23-2026 04:29:31-debug: // ---- build task Sort some build options to settings.json ----
8-23-2026 04:29:31-debug: Sort some build options to settings.json start, progress: 10%
8-23-2026 04:29:31-debug: // ---- build task Sort some build options to settings.json ---- (3ms)
8-23-2026 04:29:31-log: run build task Sort some build options to settings.json success in 3 ms√, progress: 12%
8-23-2026 04:29:31-debug: Fill script data to settings start, progress: 12%
8-23-2026 04:29:31-debug: // ---- build task Fill script data to settings ----
8-23-2026 04:29:31-debug: [Build Memory track]: Sort some build options to settings.json start:225.53MB, end 225.57MB, increase: 35.46KB
8-23-2026 04:29:31-debug: // ---- build task Fill script data to settings ---- (4ms)
8-23-2026 04:29:31-log: run build task Fill script data to settings success in 4 ms√, progress: 13%
8-23-2026 04:29:31-debug: [Build Memory track]: Fill script data to settings start:225.60MB, end 225.64MB, increase: 33.55KB
8-23-2026 04:29:31-debug: // ---- build task Sort some build options to settings.json ----
8-23-2026 04:29:31-debug: Sort some build options to settings.json start, progress: 13%
8-23-2026 04:29:31-debug: // ---- build task Sort some build options to settings.json ---- (12ms)
8-23-2026 04:29:31-log: run build task Sort some build options to settings.json success in 12 ms√, progress: 15%
8-23-2026 04:29:31-debug: [Build Memory track]: Sort some build options to settings.json start:225.68MB, end 225.83MB, increase: 156.56KB
8-23-2026 04:29:33-debug: Query all assets info in project
8-23-2026 04:29:33-debug: init custom config: keepNodeUuid: false, useCache: true
8-23-2026 04:29:33-debug: Skip compress image, progress: 0%
8-23-2026 04:29:33-debug: Init all bundles start..., progress: 0%
8-23-2026 04:29:33-debug: Query asset bundle start, progress: 0%
8-23-2026 04:29:33-debug: // ---- build task Query asset bundle ----
8-23-2026 04:29:33-debug: Init bundle root assets start..., progress: 0%
8-23-2026 04:29:33-debug: Num of bundles: 2..., progress: 0%
8-23-2026 04:29:33-debug: Query preload assets/scripts from cc.config.json: 60f7195c-ec2a-45eb-ba94-8955f60e81d0,1c02ae6f-4492-4915-b8f8-7492a3b1e4cd,810e96e4-e456-4468-9b59-f4e8f39732c0,efe8e2a3-eace-427b-b4f1-cb8a937ec77d,e9aa9a3e-5b2b-4ac7-a2c7-073de2b2b24f,8bbdbcdd-5cd4-4100-b6d5-b7c9625b6107,50f4348b-c883-4e2f-8f11-ce233b859fa1,fda095cb-831d-4601-ad94-846013963de8,f92806d7-1768-443f-afe8-12bcde84d0f0,dd3a144d-ab7f-41f0-82b8-2e43a090d496,f0416e68-0200-4b77-a926-4f9d16e494da,511d2633-09a7-4bdd-ac42-f778032124b3,5d45aa00-e064-4938-b314-4265f0c2258c,9361fd90-ba52-4f84-aa93-6e878fd576ca,970b0598-bcb0-4714-91fb-2e81440dccd8,bcd64cc6-2dd9-43f6-abbe-66318d332032,d930590d-bb92-4cc8-8bd1-23cd027f9edf,a3cd009f-0ab0-420d-9278-b9fdab939bbc,6a2d0734-bd9e-4ddf-946e-caa52498cb75,d9937e59-61fe-4ec6-92ab-7ac5a19c89b0,d1346436-ac96-4271-b863-1f4fdead95b0,971bdb23-3ff6-43eb-b422-1c30165a3663,17debcc3-0a6b-4b8a-b00b-dc58b885581e,711ebe11-f673-4cd9-9a83-63c60ba54c5b,c0143906-9aed-447e-9436-2ae8512d1b6e,14da1725-c4c2-42b4-ab08-ee0aeb6898b3,081cab31-dccd-428e-8652-f2404cc81c47,78e0584a-4343-4727-8f37-e14e65c2a2db,871c3b6c-7379-419d-bda3-794b239ab90d,ff9b0199-ce04-4cfe-86cc-6c719f08d6e4,de1c2107-70c8-4021-8459-6399f24d01c6,cbf30902-517f-40dc-af90-a550bac27cf1,5c601d96-e4c7-4698-991b-7ee674b11079
8-23-2026 04:29:33-debug:   Number of all scripts: 42
8-23-2026 04:29:33-debug:   Number of other assets: 486
8-23-2026 04:29:33-debug:   Number of all scenes: 1
8-23-2026 04:29:33-debug: Init bundle root assets success..., progress: 0%
8-23-2026 04:29:33-debug: // ---- build task Query asset bundle ---- (16ms)
8-23-2026 04:29:33-debug: [Build Memory track]: Query asset bundle start:226.78MB, end 227.52MB, increase: 756.04KB
8-23-2026 04:29:33-debug: // ---- build task Query asset bundle ----
8-23-2026 04:29:33-debug: Query asset bundle start, progress: 5%
8-23-2026 04:29:33-log: run build task Query asset bundle success in 16 ms√, progress: 5%
8-23-2026 04:29:33-debug: // ---- build task Query asset bundle ---- (16ms)
8-23-2026 04:29:33-debug: [Build Memory track]: Query asset bundle start:227.56MB, end 227.70MB, increase: 147.35KB
8-23-2026 04:29:33-log: run build task Query asset bundle success in 16 ms√, progress: 10%
8-23-2026 04:29:33-debug: Sort some build options to settings.json start, progress: 10%
8-23-2026 04:29:33-debug: // ---- build task Sort some build options to settings.json ----
8-23-2026 04:29:33-log: run build task Sort some build options to settings.json success in 2 ms√, progress: 12%
8-23-2026 04:29:33-debug: [Build Memory track]: Sort some build options to settings.json start:227.76MB, end 227.79MB, increase: 33.38KB
8-23-2026 04:29:33-debug: // ---- build task Fill script data to settings ----
8-23-2026 04:29:33-debug: // ---- build task Sort some build options to settings.json ---- (2ms)
8-23-2026 04:29:33-debug: Fill script data to settings start, progress: 12%
8-23-2026 04:29:33-log: run build task Fill script data to settings success in 1 ms√, progress: 13%
8-23-2026 04:29:33-debug: [Build Memory track]: Fill script data to settings start:227.83MB, end 227.87MB, increase: 39.01KB
8-23-2026 04:29:33-debug: // ---- build task Fill script data to settings ---- (1ms)
8-23-2026 04:29:33-debug: Sort some build options to settings.json start, progress: 13%
8-23-2026 04:29:33-debug: // ---- build task Sort some build options to settings.json ----
8-23-2026 04:29:33-debug: // ---- build task Sort some build options to settings.json ---- (13ms)
8-23-2026 04:29:33-debug: [Build Memory track]: Sort some build options to settings.json start:227.91MB, end 228.04MB, increase: 136.45KB
8-23-2026 04:29:33-log: run build task Sort some build options to settings.json success in 13 ms√, progress: 15%
8-23-2026 04:29:33-debug: refresh db internal success
8-23-2026 04:29:33-debug: refresh db assets success
8-23-2026 04:29:33-debug: Run asset db hook engine-extends:afterRefresh success!
8-23-2026 04:29:33-debug: Run asset db hook engine-extends:afterRefresh ...
8-23-2026 04:29:33-debug: asset-db:refresh-all-database (119ms)
8-23-2026 04:29:33-debug: asset-db:worker-effect-data-processing (2ms)
8-23-2026 04:29:33-debug: asset-db-hook-engine-extends-afterRefresh (3ms)
8-23-2026 04:29:38-debug: Query all assets info in project
8-23-2026 04:29:38-debug: init custom config: keepNodeUuid: false, useCache: true
8-23-2026 04:29:38-debug: Skip compress image, progress: 0%
8-23-2026 04:29:38-debug: Init all bundles start..., progress: 0%
8-23-2026 04:29:38-debug: Query asset bundle start, progress: 0%
8-23-2026 04:29:38-debug: // ---- build task Query asset bundle ----
8-23-2026 04:29:38-debug: Init bundle root assets start..., progress: 0%
8-23-2026 04:29:38-debug: Num of bundles: 2..., progress: 0%
8-23-2026 04:29:38-debug: Query preload assets/scripts from cc.config.json: 60f7195c-ec2a-45eb-ba94-8955f60e81d0,1c02ae6f-4492-4915-b8f8-7492a3b1e4cd,810e96e4-e456-4468-9b59-f4e8f39732c0,efe8e2a3-eace-427b-b4f1-cb8a937ec77d,e9aa9a3e-5b2b-4ac7-a2c7-073de2b2b24f,8bbdbcdd-5cd4-4100-b6d5-b7c9625b6107,50f4348b-c883-4e2f-8f11-ce233b859fa1,fda095cb-831d-4601-ad94-846013963de8,f92806d7-1768-443f-afe8-12bcde84d0f0,dd3a144d-ab7f-41f0-82b8-2e43a090d496,f0416e68-0200-4b77-a926-4f9d16e494da,511d2633-09a7-4bdd-ac42-f778032124b3,5d45aa00-e064-4938-b314-4265f0c2258c,9361fd90-ba52-4f84-aa93-6e878fd576ca,970b0598-bcb0-4714-91fb-2e81440dccd8,bcd64cc6-2dd9-43f6-abbe-66318d332032,d930590d-bb92-4cc8-8bd1-23cd027f9edf,a3cd009f-0ab0-420d-9278-b9fdab939bbc,6a2d0734-bd9e-4ddf-946e-caa52498cb75,d9937e59-61fe-4ec6-92ab-7ac5a19c89b0,d1346436-ac96-4271-b863-1f4fdead95b0,971bdb23-3ff6-43eb-b422-1c30165a3663,17debcc3-0a6b-4b8a-b00b-dc58b885581e,711ebe11-f673-4cd9-9a83-63c60ba54c5b,c0143906-9aed-447e-9436-2ae8512d1b6e,14da1725-c4c2-42b4-ab08-ee0aeb6898b3,081cab31-dccd-428e-8652-f2404cc81c47,78e0584a-4343-4727-8f37-e14e65c2a2db,871c3b6c-7379-419d-bda3-794b239ab90d,ff9b0199-ce04-4cfe-86cc-6c719f08d6e4,de1c2107-70c8-4021-8459-6399f24d01c6,cbf30902-517f-40dc-af90-a550bac27cf1,5c601d96-e4c7-4698-991b-7ee674b11079
8-23-2026 04:29:38-debug:   Number of all scripts: 42
8-23-2026 04:29:38-debug:   Number of other assets: 486
8-23-2026 04:29:38-debug:   Number of all scenes: 1
8-23-2026 04:29:38-debug: Init bundle root assets success..., progress: 0%
8-23-2026 04:29:38-debug: // ---- build task Query asset bundle ---- (20ms)
8-23-2026 04:29:38-log: run build task Query asset bundle success in 20 ms√, progress: 5%
8-23-2026 04:29:38-debug: [Build Memory track]: Query asset bundle start:228.08MB, end 228.87MB, increase: 808.20KB
8-23-2026 04:29:38-debug: // ---- build task Query asset bundle ----
8-23-2026 04:29:38-debug: Query asset bundle start, progress: 5%
8-23-2026 04:29:38-log: run build task Query asset bundle success in 7 ms√, progress: 10%
8-23-2026 04:29:38-debug: Sort some build options to settings.json start, progress: 10%
8-23-2026 04:29:38-debug: [Build Memory track]: Query asset bundle start:228.91MB, end 229.05MB, increase: 146.60KB
8-23-2026 04:29:38-debug: // ---- build task Sort some build options to settings.json ----
8-23-2026 04:29:38-debug: // ---- build task Query asset bundle ---- (7ms)
8-23-2026 04:29:38-log: run build task Sort some build options to settings.json success in 1 ms√, progress: 12%
8-23-2026 04:29:38-debug: [Build Memory track]: Sort some build options to settings.json start:229.09MB, end 229.12MB, increase: 33.21KB
8-23-2026 04:29:38-debug: // ---- build task Fill script data to settings ----
8-23-2026 04:29:38-debug: // ---- build task Sort some build options to settings.json ---- (1ms)
8-23-2026 04:29:38-debug: Fill script data to settings start, progress: 12%
8-23-2026 04:29:38-debug: // ---- build task Fill script data to settings ---- (4ms)
8-23-2026 04:29:38-log: run build task Fill script data to settings success in 4 ms√, progress: 13%
8-23-2026 04:29:38-debug: [Build Memory track]: Fill script data to settings start:229.16MB, end 229.19MB, increase: 32.83KB
8-23-2026 04:29:38-debug: Sort some build options to settings.json start, progress: 13%
8-23-2026 04:29:38-debug: // ---- build task Sort some build options to settings.json ----
8-23-2026 04:29:38-debug: // ---- build task Sort some build options to settings.json ---- (10ms)
8-23-2026 04:29:38-debug: [Build Memory track]: Sort some build options to settings.json start:229.23MB, end 229.37MB, increase: 139.74KB
8-23-2026 04:29:38-log: run build task Sort some build options to settings.json success in 10 ms√, progress: 15%
8-23-2026 04:33:32-debug: refresh db internal success
8-23-2026 04:33:32-debug: %cImport%c: F:\Github\BattleGame\assets\scripts\LevelSettings.tsbackground: #aaff85; color: #000;color: #000;
8-23-2026 04:33:32-debug: refresh db assets success
8-23-2026 04:33:32-debug: Run asset db hook engine-extends:afterRefresh ...
8-23-2026 04:33:32-debug: Run asset db hook engine-extends:afterRefresh success!
8-23-2026 04:33:32-debug: asset-db:refresh-all-database (102ms)
8-23-2026 04:33:32-debug: asset-db:worker-effect-data-processing (1ms)
8-23-2026 04:33:32-debug: asset-db-hook-engine-extends-afterRefresh (2ms)
