8-23-2026 12:23:16-log: Cannot access game frame or container.
8-23-2026 12:23:16-debug: asset-db:require-engine-code (962ms)
8-23-2026 12:23:16-log: meshopt wasm decoder initialized
8-23-2026 12:23:16-log: [bullet]:bullet wasm lib loaded.
8-23-2026 12:23:16-log: [box2d]:box2d wasm lib loaded.
8-23-2026 12:23:16-log: Using legacy pipeline
8-23-2026 12:23:16-log: Forward render pipeline initialized.
8-23-2026 12:23:16-log: Cocos Creator v3.8.8
8-23-2026 12:23:16-debug: [Assets Memory track]: asset-db:worker-init: initEngine start:28.60MB, end 79.06MB, increase: 50.46MB
8-23-2026 12:23:18-debug: [Assets Memory track]: asset-db:worker-init: initPlugin start:79.10MB, end 320.00MB, increase: 240.90MB
8-23-2026 12:23:18-debug: asset-db:worker-init: initPlugin (1592ms)
8-23-2026 12:23:18-debug: [Assets Memory track]: asset-db:worker-init start:28.59MB, end 320.10MB, increase: 291.52MB
8-23-2026 12:23:18-debug: Run asset db hook programming:beforePreStart ...
8-23-2026 12:23:18-debug: Run asset db hook engine-extends:beforePreStart ...
8-23-2026 12:23:18-debug: Run asset db hook programming:beforePreStart success!
8-23-2026 12:23:18-debug: Run asset db hook engine-extends:beforePreStart success!
8-23-2026 12:23:20-debug: asset-db:worker-init (5172ms)
8-23-2026 12:23:20-debug: asset-db-hook-programming-beforePreStart (2287ms)
8-23-2026 12:23:20-debug: asset-db-hook-engine-extends-beforePreStart (2287ms)
8-23-2026 12:23:21-debug: Preimport db internal success
8-23-2026 12:23:22-debug: Preimport db assets success
8-23-2026 12:23:22-debug: Run asset db hook programming:afterPreStart ...
8-23-2026 12:23:22-debug: starting packer-driver...
8-23-2026 12:23:22-debug: initialize scripting environment...
8-23-2026 12:23:22-debug: [[Executor]] prepare before lock
8-23-2026 12:23:22-debug: Set detail map pack:///resolution-detail-map.json: {}
8-23-2026 12:23:22-debug: [[Executor]] prepare after unlock
8-23-2026 12:23:22-debug: Run asset db hook programming:afterPreStart success!
8-23-2026 12:23:22-debug: Run asset db hook engine-extends:afterPreStart ...
8-23-2026 12:23:22-debug: Run asset db hook engine-extends:afterPreStart success!
8-23-2026 12:23:22-debug: Start up the 'internal' database...
8-23-2026 12:23:24-debug: asset-db-hook-programming-afterPreStart (1947ms)
8-23-2026 12:23:24-debug: asset-db:worker-effect-data-processing (1282ms)
8-23-2026 12:23:24-debug: asset-db-hook-engine-extends-afterPreStart (1282ms)
8-23-2026 12:23:24-debug: Run asset db hook engine-extends:afterStartDB ...
8-23-2026 12:23:25-debug: recompile effect.bin success
8-23-2026 12:23:25-debug: Run asset db hook engine-extends:afterStartDB success!
8-23-2026 12:23:25-debug: Start up the 'assets' database...
8-23-2026 12:23:25-debug: asset-db:worker-effect-data-processing (1493ms)
8-23-2026 12:23:25-debug: asset-db-hook-engine-extends-afterStartDB (1493ms)
8-23-2026 12:23:25-debug: Run asset db hook engine-extends:afterStartDB ...
8-23-2026 12:23:26-debug: [Assets Memory track]: asset-db:worker-init: startup start:202.32MB, end 215.70MB, increase: 13.39MB
8-23-2026 12:23:26-debug: recompile effect.bin success
8-23-2026 12:23:26-debug: Run asset db hook engine-extends:afterStartDB success!
8-23-2026 12:23:26-debug: lazy register asset handler directory
8-23-2026 12:23:26-debug: lazy register asset handler *
8-23-2026 12:23:26-debug: lazy register asset handler json
8-23-2026 12:23:26-debug: lazy register asset handler spine-data
8-23-2026 12:23:26-debug: lazy register asset handler text
8-23-2026 12:23:26-debug: lazy register asset handler dragonbones
8-23-2026 12:23:26-debug: lazy register asset handler dragonbones-atlas
8-23-2026 12:23:26-debug: lazy register asset handler terrain
8-23-2026 12:23:26-debug: lazy register asset handler typescript
8-23-2026 12:23:26-debug: lazy register asset handler scene
8-23-2026 12:23:26-debug: lazy register asset handler prefab
8-23-2026 12:23:26-debug: lazy register asset handler javascript
8-23-2026 12:23:26-debug: lazy register asset handler sprite-frame
8-23-2026 12:23:26-debug: lazy register asset handler tiled-map
8-23-2026 12:23:26-debug: lazy register asset handler sign-image
8-23-2026 12:23:26-debug: lazy register asset handler buffer
8-23-2026 12:23:26-debug: lazy register asset handler alpha-image
8-23-2026 12:23:26-debug: lazy register asset handler image
8-23-2026 12:23:26-debug: lazy register asset handler texture
8-23-2026 12:23:26-debug: lazy register asset handler erp-texture-cube
8-23-2026 12:23:26-debug: lazy register asset handler render-texture
8-23-2026 12:23:26-debug: lazy register asset handler texture-cube-face
8-23-2026 12:23:26-debug: lazy register asset handler texture-cube
8-23-2026 12:23:26-debug: lazy register asset handler rt-sprite-frame
8-23-2026 12:23:26-debug: lazy register asset handler gltf
8-23-2026 12:23:26-debug: lazy register asset handler gltf-mesh
8-23-2026 12:23:26-debug: lazy register asset handler gltf-animation
8-23-2026 12:23:26-debug: lazy register asset handler gltf-skeleton
8-23-2026 12:23:26-debug: lazy register asset handler gltf-material
8-23-2026 12:23:26-debug: lazy register asset handler material
8-23-2026 12:23:26-debug: lazy register asset handler gltf-scene
8-23-2026 12:23:26-debug: lazy register asset handler physics-material
8-23-2026 12:23:26-debug: lazy register asset handler gltf-embeded-image
8-23-2026 12:23:26-debug: lazy register asset handler effect
8-23-2026 12:23:26-debug: lazy register asset handler effect-header
8-23-2026 12:23:26-debug: lazy register asset handler animation-clip
8-23-2026 12:23:26-debug: lazy register asset handler animation-graph
8-23-2026 12:23:26-debug: lazy register asset handler fbx
8-23-2026 12:23:26-debug: lazy register asset handler audio-clip
8-23-2026 12:23:26-debug: lazy register asset handler animation-graph-variant
8-23-2026 12:23:26-debug: lazy register asset handler bitmap-font
8-23-2026 12:23:26-debug: lazy register asset handler animation-mask
8-23-2026 12:23:26-debug: lazy register asset handler particle
8-23-2026 12:23:26-debug: lazy register asset handler sprite-atlas
8-23-2026 12:23:26-debug: lazy register asset handler auto-atlas
8-23-2026 12:23:26-debug: lazy register asset handler ttf-font
8-23-2026 12:23:26-debug: lazy register asset handler label-atlas
8-23-2026 12:23:26-debug: lazy register asset handler render-pipeline
8-23-2026 12:23:26-debug: lazy register asset handler instantiation-material
8-23-2026 12:23:26-debug: lazy register asset handler render-flow
8-23-2026 12:23:26-debug: lazy register asset handler render-stage
8-23-2026 12:23:26-debug: lazy register asset handler instantiation-skeleton
8-23-2026 12:23:26-debug: lazy register asset handler instantiation-animation
8-23-2026 12:23:26-debug: lazy register asset handler instantiation-mesh
8-23-2026 12:23:26-debug: lazy register asset handler video-clip
8-23-2026 12:23:26-debug: asset-db:worker-effect-data-processing (306ms)
8-23-2026 12:23:26-debug: asset-db-hook-engine-extends-afterStartDB (306ms)
8-23-2026 12:23:26-debug: asset-db:ready (13762ms)
8-23-2026 12:23:26-debug: asset-db:start-database (7541ms)
8-23-2026 12:23:26-debug: init worker message success
8-23-2026 12:23:26-debug: programming:execute-script (8ms)
8-23-2026 12:23:26-debug: [Build Memory track]: builder:worker-init start:219.83MB, end 227.83MB, increase: 8.00MB
8-23-2026 12:23:26-debug: builder:worker-init (419ms)
8-23-2026 14:14:40-debug: refresh db internal success
8-23-2026 14:14:40-debug: refresh db assets success
8-23-2026 14:14:40-debug: Run asset db hook engine-extends:afterRefresh success!
8-23-2026 14:14:40-debug: Run asset db hook engine-extends:afterRefresh ...
8-23-2026 14:14:40-debug: asset-db:refresh-all-database (100ms)
8-23-2026 14:14:40-debug: asset-db:worker-effect-data-processing (10ms)
8-23-2026 14:14:40-debug: asset-db-hook-engine-extends-afterRefresh (11ms)
8-23-2026 14:14:45-debug: Query all assets info in project
8-23-2026 14:14:45-debug: init custom config: keepNodeUuid: false, useCache: true
8-23-2026 14:14:45-debug: Skip compress image, progress: 0%
8-23-2026 14:14:45-debug: Init all bundles start..., progress: 0%
8-23-2026 14:14:45-debug: // ---- build task Query asset bundle ----
8-23-2026 14:14:45-debug: Num of bundles: 2..., progress: 0%
8-23-2026 14:14:45-debug: Query asset bundle start, progress: 0%
8-23-2026 14:14:45-debug: Init bundle root assets start..., progress: 0%
8-23-2026 14:14:45-debug: Query preload assets/scripts from cc.config.json: 60f7195c-ec2a-45eb-ba94-8955f60e81d0,1c02ae6f-4492-4915-b8f8-7492a3b1e4cd,810e96e4-e456-4468-9b59-f4e8f39732c0,efe8e2a3-eace-427b-b4f1-cb8a937ec77d,e9aa9a3e-5b2b-4ac7-a2c7-073de2b2b24f,8bbdbcdd-5cd4-4100-b6d5-b7c9625b6107,50f4348b-c883-4e2f-8f11-ce233b859fa1,fda095cb-831d-4601-ad94-846013963de8,f92806d7-1768-443f-afe8-12bcde84d0f0,dd3a144d-ab7f-41f0-82b8-2e43a090d496,f0416e68-0200-4b77-a926-4f9d16e494da,511d2633-09a7-4bdd-ac42-f778032124b3,5d45aa00-e064-4938-b314-4265f0c2258c,9361fd90-ba52-4f84-aa93-6e878fd576ca,970b0598-bcb0-4714-91fb-2e81440dccd8,bcd64cc6-2dd9-43f6-abbe-66318d332032,d930590d-bb92-4cc8-8bd1-23cd027f9edf,a3cd009f-0ab0-420d-9278-b9fdab939bbc,6a2d0734-bd9e-4ddf-946e-caa52498cb75,d9937e59-61fe-4ec6-92ab-7ac5a19c89b0,d1346436-ac96-4271-b863-1f4fdead95b0,971bdb23-3ff6-43eb-b422-1c30165a3663,17debcc3-0a6b-4b8a-b00b-dc58b885581e,711ebe11-f673-4cd9-9a83-63c60ba54c5b,c0143906-9aed-447e-9436-2ae8512d1b6e,14da1725-c4c2-42b4-ab08-ee0aeb6898b3,081cab31-dccd-428e-8652-f2404cc81c47,78e0584a-4343-4727-8f37-e14e65c2a2db,871c3b6c-7379-419d-bda3-794b239ab90d,ff9b0199-ce04-4cfe-86cc-6c719f08d6e4,de1c2107-70c8-4021-8459-6399f24d01c6,cbf30902-517f-40dc-af90-a550bac27cf1,5c601d96-e4c7-4698-991b-7ee674b11079
8-23-2026 14:14:45-debug:   Number of all scenes: 1
8-23-2026 14:14:45-debug: Init bundle root assets success..., progress: 0%
8-23-2026 14:14:45-debug:   Number of all scripts: 42
8-23-2026 14:14:45-debug:   Number of other assets: 486
8-23-2026 14:14:45-debug: // ---- build task Query asset bundle ---- (15ms)
8-23-2026 14:14:45-debug: // ---- build task Query asset bundle ----
8-23-2026 14:14:45-debug: [Build Memory track]: Query asset bundle start:223.47MB, end 223.47MB, increase: -2.42KB
8-23-2026 14:14:45-debug: Query asset bundle start, progress: 5%
8-23-2026 14:14:45-log: run build task Query asset bundle success in 15 ms√, progress: 5%
8-23-2026 14:14:45-debug: // ---- build task Query asset bundle ---- (4ms)
8-23-2026 14:14:45-debug: [Build Memory track]: Query asset bundle start:223.51MB, end 223.68MB, increase: 174.31KB
8-23-2026 14:14:45-debug: // ---- build task Sort some build options to settings.json ----
8-23-2026 14:14:45-log: run build task Query asset bundle success in 4 ms√, progress: 10%
8-23-2026 14:14:45-debug: Sort some build options to settings.json start, progress: 10%
8-23-2026 14:14:45-debug: // ---- build task Sort some build options to settings.json ---- (2ms)
8-23-2026 14:14:45-debug: Fill script data to settings start, progress: 12%
8-23-2026 14:14:45-debug: // ---- build task Fill script data to settings ----
8-23-2026 14:14:45-debug: [Build Memory track]: Sort some build options to settings.json start:223.72MB, end 223.75MB, increase: 33.78KB
8-23-2026 14:14:45-log: run build task Sort some build options to settings.json success in 2 ms√, progress: 12%
8-23-2026 14:14:45-debug: // ---- build task Fill script data to settings ---- (2ms)
8-23-2026 14:14:45-log: run build task Fill script data to settings success in 2 ms√, progress: 13%
8-23-2026 14:14:45-debug: [Build Memory track]: Fill script data to settings start:223.79MB, end 223.12MB, increase: -682.52KB
8-23-2026 14:14:45-debug: // ---- build task Sort some build options to settings.json ----
8-23-2026 14:14:45-debug: Sort some build options to settings.json start, progress: 13%
8-23-2026 14:14:45-debug: // ---- build task Sort some build options to settings.json ---- (7ms)
8-23-2026 14:14:45-debug: [Build Memory track]: Sort some build options to settings.json start:223.17MB, end 223.31MB, increase: 145.22KB
8-23-2026 14:14:45-log: run build task Sort some build options to settings.json success in 7 ms√, progress: 15%
8-23-2026 14:14:56-debug: Query all assets info in project
8-23-2026 14:14:56-debug: init custom config: keepNodeUuid: false, useCache: true
8-23-2026 14:14:56-debug: Skip compress image, progress: 0%
8-23-2026 14:14:56-debug: Init all bundles start..., progress: 0%
8-23-2026 14:14:56-debug: Num of bundles: 2..., progress: 0%
8-23-2026 14:14:56-debug: // ---- build task Query asset bundle ----
8-23-2026 14:14:56-debug: Init bundle root assets start..., progress: 0%
8-23-2026 14:14:56-debug: Query asset bundle start, progress: 0%
8-23-2026 14:14:56-debug: Query preload assets/scripts from cc.config.json: 60f7195c-ec2a-45eb-ba94-8955f60e81d0,1c02ae6f-4492-4915-b8f8-7492a3b1e4cd,810e96e4-e456-4468-9b59-f4e8f39732c0,efe8e2a3-eace-427b-b4f1-cb8a937ec77d,e9aa9a3e-5b2b-4ac7-a2c7-073de2b2b24f,8bbdbcdd-5cd4-4100-b6d5-b7c9625b6107,50f4348b-c883-4e2f-8f11-ce233b859fa1,fda095cb-831d-4601-ad94-846013963de8,f92806d7-1768-443f-afe8-12bcde84d0f0,dd3a144d-ab7f-41f0-82b8-2e43a090d496,f0416e68-0200-4b77-a926-4f9d16e494da,511d2633-09a7-4bdd-ac42-f778032124b3,5d45aa00-e064-4938-b314-4265f0c2258c,9361fd90-ba52-4f84-aa93-6e878fd576ca,970b0598-bcb0-4714-91fb-2e81440dccd8,bcd64cc6-2dd9-43f6-abbe-66318d332032,d930590d-bb92-4cc8-8bd1-23cd027f9edf,a3cd009f-0ab0-420d-9278-b9fdab939bbc,6a2d0734-bd9e-4ddf-946e-caa52498cb75,d9937e59-61fe-4ec6-92ab-7ac5a19c89b0,d1346436-ac96-4271-b863-1f4fdead95b0,971bdb23-3ff6-43eb-b422-1c30165a3663,17debcc3-0a6b-4b8a-b00b-dc58b885581e,711ebe11-f673-4cd9-9a83-63c60ba54c5b,c0143906-9aed-447e-9436-2ae8512d1b6e,14da1725-c4c2-42b4-ab08-ee0aeb6898b3,081cab31-dccd-428e-8652-f2404cc81c47,78e0584a-4343-4727-8f37-e14e65c2a2db,871c3b6c-7379-419d-bda3-794b239ab90d,ff9b0199-ce04-4cfe-86cc-6c719f08d6e4,de1c2107-70c8-4021-8459-6399f24d01c6,cbf30902-517f-40dc-af90-a550bac27cf1,5c601d96-e4c7-4698-991b-7ee674b11079
8-23-2026 14:14:56-debug:   Number of all scripts: 42
8-23-2026 14:14:56-debug:   Number of other assets: 486
8-23-2026 14:14:56-debug: Init bundle root assets success..., progress: 0%
8-23-2026 14:14:56-debug:   Number of all scenes: 1
8-23-2026 14:14:56-debug: // ---- build task Query asset bundle ---- (12ms)
8-23-2026 14:14:56-log: run build task Query asset bundle success in 12 ms√, progress: 5%
8-23-2026 14:14:56-debug: [Build Memory track]: Query asset bundle start:224.01MB, end 223.93MB, increase: -78.25KB
8-23-2026 14:14:56-debug: // ---- build task Query asset bundle ----
8-23-2026 14:14:56-debug: Query asset bundle start, progress: 5%
8-23-2026 14:14:56-debug: // ---- build task Query asset bundle ---- (4ms)
8-23-2026 14:14:56-log: run build task Query asset bundle success in 4 ms√, progress: 10%
8-23-2026 14:14:56-debug: [Build Memory track]: Query asset bundle start:223.98MB, end 223.40MB, increase: -590.31KB
8-23-2026 14:14:56-debug: Sort some build options to settings.json start, progress: 10%
8-23-2026 14:14:56-debug: // ---- build task Sort some build options to settings.json ----
8-23-2026 14:14:56-debug: // ---- build task Sort some build options to settings.json ---- (2ms)
8-23-2026 14:14:56-log: run build task Sort some build options to settings.json success in 2 ms√, progress: 12%
8-23-2026 14:14:56-debug: [Build Memory track]: Sort some build options to settings.json start:223.77MB, end 223.48MB, increase: -297.41KB
8-23-2026 14:14:56-debug: Fill script data to settings start, progress: 12%
8-23-2026 14:14:56-debug: // ---- build task Fill script data to settings ----
8-23-2026 14:14:56-debug: // ---- build task Fill script data to settings ---- (2ms)
8-23-2026 14:14:56-log: run build task Fill script data to settings success in 2 ms√, progress: 13%
8-23-2026 14:14:56-debug: [Build Memory track]: Fill script data to settings start:223.52MB, end 223.56MB, increase: 37.46KB
8-23-2026 14:14:56-debug: Sort some build options to settings.json start, progress: 13%
8-23-2026 14:14:56-debug: // ---- build task Sort some build options to settings.json ----
8-23-2026 14:14:56-debug: // ---- build task Sort some build options to settings.json ---- (5ms)
8-23-2026 14:14:56-log: run build task Sort some build options to settings.json success in 5 ms√, progress: 15%
8-23-2026 14:14:56-debug: [Build Memory track]: Sort some build options to settings.json start:223.60MB, end 223.73MB, increase: 134.87KB
8-23-2026 15:34:48-debug: refresh db internal success
8-23-2026 15:34:48-debug: refresh db assets success
8-23-2026 15:34:48-debug: Run asset db hook engine-extends:afterRefresh success!
8-23-2026 15:34:48-debug: Run asset db hook engine-extends:afterRefresh ...
8-23-2026 15:34:48-debug: asset-db:refresh-all-database (95ms)
8-23-2026 15:34:48-debug: asset-db:worker-effect-data-processing (2ms)
8-23-2026 15:34:48-debug: asset-db-hook-engine-extends-afterRefresh (3ms)
8-23-2026 15:37:17-debug: refresh db internal success
8-23-2026 15:37:17-debug: %cImport%c: F:\Github\BattleGame\assets\scripts\LevelSettings.tsbackground: #aaff85; color: #000;color: #000;
8-23-2026 15:37:17-debug: refresh db assets success
8-23-2026 15:37:17-debug: Run asset db hook engine-extends:afterRefresh ...
8-23-2026 15:37:17-debug: Run asset db hook engine-extends:afterRefresh success!
8-23-2026 15:37:17-debug: asset-db:refresh-all-database (87ms)
8-23-2026 15:37:17-debug: asset-db:worker-effect-data-processing (2ms)
8-23-2026 15:37:17-debug: asset-db-hook-engine-extends-afterRefresh (3ms)
8-23-2026 15:37:22-debug: Query all assets info in project
8-23-2026 15:37:22-debug: init custom config: keepNodeUuid: false, useCache: true
8-23-2026 15:37:22-debug: Skip compress image, progress: 0%
8-23-2026 15:37:22-debug: Num of bundles: 2..., progress: 0%
8-23-2026 15:37:22-debug: Init all bundles start..., progress: 0%
8-23-2026 15:37:22-debug: Query asset bundle start, progress: 0%
8-23-2026 15:37:22-debug: // ---- build task Query asset bundle ----
8-23-2026 15:37:22-debug: Init bundle root assets start..., progress: 0%
8-23-2026 15:37:22-debug:   Number of all scenes: 1
8-23-2026 15:37:22-debug:   Number of all scripts: 42
8-23-2026 15:37:22-debug: Query preload assets/scripts from cc.config.json: 60f7195c-ec2a-45eb-ba94-8955f60e81d0,1c02ae6f-4492-4915-b8f8-7492a3b1e4cd,810e96e4-e456-4468-9b59-f4e8f39732c0,efe8e2a3-eace-427b-b4f1-cb8a937ec77d,e9aa9a3e-5b2b-4ac7-a2c7-073de2b2b24f,8bbdbcdd-5cd4-4100-b6d5-b7c9625b6107,50f4348b-c883-4e2f-8f11-ce233b859fa1,fda095cb-831d-4601-ad94-846013963de8,f92806d7-1768-443f-afe8-12bcde84d0f0,dd3a144d-ab7f-41f0-82b8-2e43a090d496,f0416e68-0200-4b77-a926-4f9d16e494da,511d2633-09a7-4bdd-ac42-f778032124b3,5d45aa00-e064-4938-b314-4265f0c2258c,9361fd90-ba52-4f84-aa93-6e878fd576ca,970b0598-bcb0-4714-91fb-2e81440dccd8,bcd64cc6-2dd9-43f6-abbe-66318d332032,d930590d-bb92-4cc8-8bd1-23cd027f9edf,a3cd009f-0ab0-420d-9278-b9fdab939bbc,6a2d0734-bd9e-4ddf-946e-caa52498cb75,d9937e59-61fe-4ec6-92ab-7ac5a19c89b0,d1346436-ac96-4271-b863-1f4fdead95b0,971bdb23-3ff6-43eb-b422-1c30165a3663,17debcc3-0a6b-4b8a-b00b-dc58b885581e,711ebe11-f673-4cd9-9a83-63c60ba54c5b,c0143906-9aed-447e-9436-2ae8512d1b6e,14da1725-c4c2-42b4-ab08-ee0aeb6898b3,081cab31-dccd-428e-8652-f2404cc81c47,78e0584a-4343-4727-8f37-e14e65c2a2db,871c3b6c-7379-419d-bda3-794b239ab90d,ff9b0199-ce04-4cfe-86cc-6c719f08d6e4,de1c2107-70c8-4021-8459-6399f24d01c6,cbf30902-517f-40dc-af90-a550bac27cf1,5c601d96-e4c7-4698-991b-7ee674b11079
8-23-2026 15:37:22-debug: Init bundle root assets success..., progress: 0%
8-23-2026 15:37:22-debug:   Number of other assets: 486
8-23-2026 15:37:22-debug: // ---- build task Query asset bundle ---- (13ms)
8-23-2026 15:37:22-debug: Query asset bundle start, progress: 5%
8-23-2026 15:37:22-log: run build task Query asset bundle success in 13 ms√, progress: 5%
8-23-2026 15:37:22-debug: [Build Memory track]: Query asset bundle start:226.69MB, end 226.56MB, increase: -131.68KB
8-23-2026 15:37:22-debug: // ---- build task Query asset bundle ----
8-23-2026 15:37:22-debug: // ---- build task Query asset bundle ---- (5ms)
8-23-2026 15:37:22-log: run build task Query asset bundle success in 5 ms√, progress: 10%
8-23-2026 15:37:22-debug: [Build Memory track]: Query asset bundle start:226.60MB, end 226.75MB, increase: 146.44KB
8-23-2026 15:37:22-debug: // ---- build task Sort some build options to settings.json ----
8-23-2026 15:37:22-debug: Sort some build options to settings.json start, progress: 10%
8-23-2026 15:37:22-debug: // ---- build task Sort some build options to settings.json ---- (2ms)
8-23-2026 15:37:22-log: run build task Sort some build options to settings.json success in 2 ms√, progress: 12%
8-23-2026 15:37:22-debug: [Build Memory track]: Sort some build options to settings.json start:226.79MB, end 226.82MB, increase: 32.71KB
8-23-2026 15:37:22-debug: Fill script data to settings start, progress: 12%
8-23-2026 15:37:22-debug: // ---- build task Fill script data to settings ----
8-23-2026 15:37:22-debug: // ---- build task Fill script data to settings ---- (2ms)
8-23-2026 15:37:22-debug: [Build Memory track]: Fill script data to settings start:226.86MB, end 226.89MB, increase: 33.37KB
8-23-2026 15:37:22-debug: Sort some build options to settings.json start, progress: 13%
8-23-2026 15:37:22-log: run build task Fill script data to settings success in 2 ms√, progress: 13%
8-23-2026 15:37:22-debug: // ---- build task Sort some build options to settings.json ----
8-23-2026 15:37:22-debug: // ---- build task Sort some build options to settings.json ---- (8ms)
8-23-2026 15:37:22-log: run build task Sort some build options to settings.json success in 8 ms√, progress: 15%
8-23-2026 15:37:22-debug: [Build Memory track]: Sort some build options to settings.json start:226.93MB, end 227.06MB, increase: 133.45KB
8-23-2026 15:37:23-debug: %cImport%c: F:\Github\BattleGame\assets\Battle.scenebackground: #aaff85; color: #000;color: #000;
8-23-2026 15:37:23-debug: asset-db:reimport-asset1effe86e-a401-4769-9dbc-62218c68834d (34ms)
8-23-2026 15:37:25-debug: Query all assets info in project
8-23-2026 15:37:25-debug: init custom config: keepNodeUuid: false, useCache: true
8-23-2026 15:37:25-debug: Skip compress image, progress: 0%
8-23-2026 15:37:25-debug: Init all bundles start..., progress: 0%
8-23-2026 15:37:25-debug: Query asset bundle start, progress: 0%
8-23-2026 15:37:25-debug: Num of bundles: 2..., progress: 0%
8-23-2026 15:37:25-debug: // ---- build task Query asset bundle ----
8-23-2026 15:37:25-debug: Init bundle root assets start..., progress: 0%
8-23-2026 15:37:25-debug: Query preload assets/scripts from cc.config.json: 60f7195c-ec2a-45eb-ba94-8955f60e81d0,1c02ae6f-4492-4915-b8f8-7492a3b1e4cd,810e96e4-e456-4468-9b59-f4e8f39732c0,efe8e2a3-eace-427b-b4f1-cb8a937ec77d,e9aa9a3e-5b2b-4ac7-a2c7-073de2b2b24f,8bbdbcdd-5cd4-4100-b6d5-b7c9625b6107,50f4348b-c883-4e2f-8f11-ce233b859fa1,fda095cb-831d-4601-ad94-846013963de8,f92806d7-1768-443f-afe8-12bcde84d0f0,dd3a144d-ab7f-41f0-82b8-2e43a090d496,f0416e68-0200-4b77-a926-4f9d16e494da,511d2633-09a7-4bdd-ac42-f778032124b3,5d45aa00-e064-4938-b314-4265f0c2258c,9361fd90-ba52-4f84-aa93-6e878fd576ca,970b0598-bcb0-4714-91fb-2e81440dccd8,bcd64cc6-2dd9-43f6-abbe-66318d332032,d930590d-bb92-4cc8-8bd1-23cd027f9edf,a3cd009f-0ab0-420d-9278-b9fdab939bbc,6a2d0734-bd9e-4ddf-946e-caa52498cb75,d9937e59-61fe-4ec6-92ab-7ac5a19c89b0,d1346436-ac96-4271-b863-1f4fdead95b0,971bdb23-3ff6-43eb-b422-1c30165a3663,17debcc3-0a6b-4b8a-b00b-dc58b885581e,711ebe11-f673-4cd9-9a83-63c60ba54c5b,c0143906-9aed-447e-9436-2ae8512d1b6e,14da1725-c4c2-42b4-ab08-ee0aeb6898b3,081cab31-dccd-428e-8652-f2404cc81c47,78e0584a-4343-4727-8f37-e14e65c2a2db,871c3b6c-7379-419d-bda3-794b239ab90d,ff9b0199-ce04-4cfe-86cc-6c719f08d6e4,de1c2107-70c8-4021-8459-6399f24d01c6,cbf30902-517f-40dc-af90-a550bac27cf1,5c601d96-e4c7-4698-991b-7ee674b11079
8-23-2026 15:37:25-debug:   Number of all scenes: 1
8-23-2026 15:37:25-debug:   Number of all scripts: 42
8-23-2026 15:37:25-debug: Init bundle root assets success..., progress: 0%
8-23-2026 15:37:25-debug:   Number of other assets: 486
8-23-2026 15:37:25-log: run build task Query asset bundle success in 10 ms√, progress: 5%
8-23-2026 15:37:25-debug: // ---- build task Query asset bundle ---- (10ms)
8-23-2026 15:37:25-debug: [Build Memory track]: Query asset bundle start:227.65MB, end 227.51MB, increase: -140.68KB
8-23-2026 15:37:25-debug: // ---- build task Query asset bundle ----
8-23-2026 15:37:25-debug: Query asset bundle start, progress: 5%
8-23-2026 15:37:25-debug: // ---- build task Query asset bundle ---- (3ms)
8-23-2026 15:37:25-log: run build task Query asset bundle success in 3 ms√, progress: 10%
8-23-2026 15:37:25-debug: [Build Memory track]: Query asset bundle start:227.55MB, end 227.69MB, increase: 146.41KB
8-23-2026 15:37:25-debug: Sort some build options to settings.json start, progress: 10%
8-23-2026 15:37:25-debug: // ---- build task Sort some build options to settings.json ----
8-23-2026 15:37:25-debug: // ---- build task Sort some build options to settings.json ---- (4ms)
8-23-2026 15:37:25-log: run build task Sort some build options to settings.json success in 4 ms√, progress: 12%
8-23-2026 15:37:25-debug: [Build Memory track]: Sort some build options to settings.json start:227.73MB, end 227.77MB, increase: 33.27KB
8-23-2026 15:37:25-debug: Fill script data to settings start, progress: 12%
8-23-2026 15:37:25-debug: // ---- build task Fill script data to settings ----
8-23-2026 15:37:25-debug: // ---- build task Fill script data to settings ---- (2ms)
8-23-2026 15:37:25-log: run build task Fill script data to settings success in 2 ms√, progress: 13%
8-23-2026 15:37:25-debug: [Build Memory track]: Fill script data to settings start:227.80MB, end 227.84MB, increase: 32.69KB
8-23-2026 15:37:25-debug: Sort some build options to settings.json start, progress: 13%
8-23-2026 15:37:25-debug: // ---- build task Sort some build options to settings.json ----
8-23-2026 15:37:25-debug: // ---- build task Sort some build options to settings.json ---- (6ms)
8-23-2026 15:37:25-log: run build task Sort some build options to settings.json success in 6 ms√, progress: 15%
8-23-2026 15:37:25-debug: [Build Memory track]: Sort some build options to settings.json start:227.87MB, end 228.00MB, increase: 133.11KB
8-23-2026 23:38:30-debug: refresh db internal success
8-23-2026 23:38:30-debug: %cImport%c: F:\Github\BattleGame\assets\scripts\LevelSettings.tsbackground: #aaff85; color: #000;color: #000;
8-23-2026 23:38:30-debug: refresh db assets success
8-23-2026 23:38:30-debug: Run asset db hook engine-extends:afterRefresh success!
8-23-2026 23:38:30-debug: Run asset db hook engine-extends:afterRefresh ...
8-23-2026 23:38:30-debug: asset-db:refresh-all-database (107ms)
8-23-2026 23:38:30-debug: asset-db:worker-effect-data-processing (4ms)
8-23-2026 23:38:30-debug: asset-db-hook-engine-extends-afterRefresh (11ms)
8-23-2026 23:38:35-debug: Query all assets info in project
8-23-2026 23:38:35-debug: Skip compress image, progress: 0%
8-23-2026 23:38:35-debug: init custom config: keepNodeUuid: false, useCache: true
8-23-2026 23:38:35-debug: Init all bundles start..., progress: 0%
8-23-2026 23:38:35-debug: Num of bundles: 2..., progress: 0%
8-23-2026 23:38:35-debug: Query asset bundle start, progress: 0%
8-23-2026 23:38:35-debug: // ---- build task Query asset bundle ----
8-23-2026 23:38:35-debug: Init bundle root assets start..., progress: 0%
8-23-2026 23:38:35-debug: Query preload assets/scripts from cc.config.json: 60f7195c-ec2a-45eb-ba94-8955f60e81d0,1c02ae6f-4492-4915-b8f8-7492a3b1e4cd,810e96e4-e456-4468-9b59-f4e8f39732c0,efe8e2a3-eace-427b-b4f1-cb8a937ec77d,e9aa9a3e-5b2b-4ac7-a2c7-073de2b2b24f,8bbdbcdd-5cd4-4100-b6d5-b7c9625b6107,50f4348b-c883-4e2f-8f11-ce233b859fa1,fda095cb-831d-4601-ad94-846013963de8,f92806d7-1768-443f-afe8-12bcde84d0f0,dd3a144d-ab7f-41f0-82b8-2e43a090d496,f0416e68-0200-4b77-a926-4f9d16e494da,511d2633-09a7-4bdd-ac42-f778032124b3,5d45aa00-e064-4938-b314-4265f0c2258c,9361fd90-ba52-4f84-aa93-6e878fd576ca,970b0598-bcb0-4714-91fb-2e81440dccd8,bcd64cc6-2dd9-43f6-abbe-66318d332032,d930590d-bb92-4cc8-8bd1-23cd027f9edf,a3cd009f-0ab0-420d-9278-b9fdab939bbc,6a2d0734-bd9e-4ddf-946e-caa52498cb75,d9937e59-61fe-4ec6-92ab-7ac5a19c89b0,d1346436-ac96-4271-b863-1f4fdead95b0,971bdb23-3ff6-43eb-b422-1c30165a3663,17debcc3-0a6b-4b8a-b00b-dc58b885581e,711ebe11-f673-4cd9-9a83-63c60ba54c5b,c0143906-9aed-447e-9436-2ae8512d1b6e,14da1725-c4c2-42b4-ab08-ee0aeb6898b3,081cab31-dccd-428e-8652-f2404cc81c47,78e0584a-4343-4727-8f37-e14e65c2a2db,871c3b6c-7379-419d-bda3-794b239ab90d,ff9b0199-ce04-4cfe-86cc-6c719f08d6e4,de1c2107-70c8-4021-8459-6399f24d01c6,cbf30902-517f-40dc-af90-a550bac27cf1,5c601d96-e4c7-4698-991b-7ee674b11079
8-23-2026 23:38:35-debug:   Number of other assets: 486
8-23-2026 23:38:35-debug: Init bundle root assets success..., progress: 0%
8-23-2026 23:38:35-debug:   Number of all scenes: 1
8-23-2026 23:38:35-debug:   Number of all scripts: 42
8-23-2026 23:38:35-debug: // ---- build task Query asset bundle ---- (12ms)
8-23-2026 23:38:35-log: run build task Query asset bundle success in 12 ms√, progress: 5%
8-23-2026 23:38:35-debug: // ---- build task Query asset bundle ----
8-23-2026 23:38:35-debug: [Build Memory track]: Query asset bundle start:229.97MB, end 229.80MB, increase: -167.98KB
8-23-2026 23:38:35-debug: Query asset bundle start, progress: 5%
8-23-2026 23:38:35-debug: // ---- build task Query asset bundle ---- (7ms)
8-23-2026 23:38:35-log: run build task Query asset bundle success in 7 ms√, progress: 10%
8-23-2026 23:38:35-debug: Sort some build options to settings.json start, progress: 10%
8-23-2026 23:38:35-debug: [Build Memory track]: Query asset bundle start:229.84MB, end 229.25MB, increase: -605.25KB
8-23-2026 23:38:35-debug: // ---- build task Sort some build options to settings.json ----
8-23-2026 23:38:35-debug: // ---- build task Sort some build options to settings.json ---- (3ms)
8-23-2026 23:38:35-debug: Fill script data to settings start, progress: 12%
8-23-2026 23:38:35-log: run build task Sort some build options to settings.json success in 3 ms√, progress: 12%
8-23-2026 23:38:35-debug: [Build Memory track]: Sort some build options to settings.json start:229.29MB, end 229.35MB, increase: 62.60KB
8-23-2026 23:38:35-debug: // ---- build task Fill script data to settings ----
8-23-2026 23:38:35-debug: // ---- build task Fill script data to settings ---- (2ms)
8-23-2026 23:38:35-log: run build task Fill script data to settings success in 2 ms√, progress: 13%
8-23-2026 23:38:35-debug: [Build Memory track]: Fill script data to settings start:229.39MB, end 229.42MB, increase: 32.66KB
8-23-2026 23:38:35-debug: Sort some build options to settings.json start, progress: 13%
8-23-2026 23:38:35-debug: // ---- build task Sort some build options to settings.json ----
8-23-2026 23:38:35-debug: // ---- build task Sort some build options to settings.json ---- (8ms)
8-23-2026 23:38:35-log: run build task Sort some build options to settings.json success in 8 ms√, progress: 15%
8-23-2026 23:38:35-debug: [Build Memory track]: Sort some build options to settings.json start:229.46MB, end 229.59MB, increase: 135.70KB
8-23-2026 23:38:37-debug: %cImport%c: F:\Github\BattleGame\assets\Battle.scenebackground: #aaff85; color: #000;color: #000;
8-23-2026 23:38:37-debug: asset-db:reimport-asset1effe86e-a401-4769-9dbc-62218c68834d (32ms)
8-23-2026 23:38:38-debug: Query all assets info in project
8-23-2026 23:38:38-debug: init custom config: keepNodeUuid: false, useCache: true
8-23-2026 23:38:38-debug: Skip compress image, progress: 0%
8-23-2026 23:38:38-debug: Init all bundles start..., progress: 0%
8-23-2026 23:38:38-debug: Query asset bundle start, progress: 0%
8-23-2026 23:38:38-debug: // ---- build task Query asset bundle ----
8-23-2026 23:38:38-debug: Num of bundles: 2..., progress: 0%
8-23-2026 23:38:38-debug: Init bundle root assets start..., progress: 0%
8-23-2026 23:38:38-debug: Query preload assets/scripts from cc.config.json: 60f7195c-ec2a-45eb-ba94-8955f60e81d0,1c02ae6f-4492-4915-b8f8-7492a3b1e4cd,810e96e4-e456-4468-9b59-f4e8f39732c0,efe8e2a3-eace-427b-b4f1-cb8a937ec77d,e9aa9a3e-5b2b-4ac7-a2c7-073de2b2b24f,8bbdbcdd-5cd4-4100-b6d5-b7c9625b6107,50f4348b-c883-4e2f-8f11-ce233b859fa1,fda095cb-831d-4601-ad94-846013963de8,f92806d7-1768-443f-afe8-12bcde84d0f0,dd3a144d-ab7f-41f0-82b8-2e43a090d496,f0416e68-0200-4b77-a926-4f9d16e494da,511d2633-09a7-4bdd-ac42-f778032124b3,5d45aa00-e064-4938-b314-4265f0c2258c,9361fd90-ba52-4f84-aa93-6e878fd576ca,970b0598-bcb0-4714-91fb-2e81440dccd8,bcd64cc6-2dd9-43f6-abbe-66318d332032,d930590d-bb92-4cc8-8bd1-23cd027f9edf,a3cd009f-0ab0-420d-9278-b9fdab939bbc,6a2d0734-bd9e-4ddf-946e-caa52498cb75,d9937e59-61fe-4ec6-92ab-7ac5a19c89b0,d1346436-ac96-4271-b863-1f4fdead95b0,971bdb23-3ff6-43eb-b422-1c30165a3663,17debcc3-0a6b-4b8a-b00b-dc58b885581e,711ebe11-f673-4cd9-9a83-63c60ba54c5b,c0143906-9aed-447e-9436-2ae8512d1b6e,14da1725-c4c2-42b4-ab08-ee0aeb6898b3,081cab31-dccd-428e-8652-f2404cc81c47,78e0584a-4343-4727-8f37-e14e65c2a2db,871c3b6c-7379-419d-bda3-794b239ab90d,ff9b0199-ce04-4cfe-86cc-6c719f08d6e4,de1c2107-70c8-4021-8459-6399f24d01c6,cbf30902-517f-40dc-af90-a550bac27cf1,5c601d96-e4c7-4698-991b-7ee674b11079
8-23-2026 23:38:38-debug:   Number of all scenes: 1
8-23-2026 23:38:38-debug:   Number of all scripts: 42
8-23-2026 23:38:38-debug:   Number of other assets: 486
8-23-2026 23:38:38-debug: Init bundle root assets success..., progress: 0%
8-23-2026 23:38:38-log: run build task Query asset bundle success in 12 ms√, progress: 5%
8-23-2026 23:38:38-debug: // ---- build task Query asset bundle ---- (12ms)
8-23-2026 23:38:38-debug: [Build Memory track]: Query asset bundle start:229.79MB, end 229.67MB, increase: -121.21KB
8-23-2026 23:38:38-debug: Query asset bundle start, progress: 5%
8-23-2026 23:38:38-debug: // ---- build task Query asset bundle ----
8-23-2026 23:38:38-debug: // ---- build task Query asset bundle ---- (6ms)
8-23-2026 23:38:38-debug: [Build Memory track]: Query asset bundle start:229.71MB, end 229.85MB, increase: 146.38KB
8-23-2026 23:38:38-log: run build task Query asset bundle success in 6 ms√, progress: 10%
8-23-2026 23:38:38-debug: Sort some build options to settings.json start, progress: 10%
8-23-2026 23:38:38-debug: // ---- build task Sort some build options to settings.json ----
8-23-2026 23:38:38-debug: // ---- build task Sort some build options to settings.json ---- (3ms)
8-23-2026 23:38:38-debug: [Build Memory track]: Sort some build options to settings.json start:229.89MB, end 229.92MB, increase: 33.36KB
8-23-2026 23:38:38-debug: Fill script data to settings start, progress: 12%
8-23-2026 23:38:38-log: run build task Sort some build options to settings.json success in 3 ms√, progress: 12%
8-23-2026 23:38:38-debug: // ---- build task Fill script data to settings ----
8-23-2026 23:38:38-debug: // ---- build task Fill script data to settings ---- (5ms)
8-23-2026 23:38:38-log: run build task Fill script data to settings success in 5 ms√, progress: 13%
8-23-2026 23:38:38-debug: [Build Memory track]: Fill script data to settings start:229.96MB, end 229.99MB, increase: 32.65KB
8-23-2026 23:38:38-debug: Sort some build options to settings.json start, progress: 13%
8-23-2026 23:38:38-debug: // ---- build task Sort some build options to settings.json ----
8-23-2026 23:38:38-debug: // ---- build task Sort some build options to settings.json ---- (8ms)
8-23-2026 23:38:38-log: run build task Sort some build options to settings.json success in 8 ms√, progress: 15%
8-23-2026 23:38:38-debug: [Build Memory track]: Sort some build options to settings.json start:230.03MB, end 230.18MB, increase: 146.53KB
8-24-2026 00:30:05-debug: refresh db internal success
8-24-2026 00:30:05-debug: refresh db assets success
8-24-2026 00:30:05-debug: Run asset db hook engine-extends:afterRefresh ...
8-24-2026 00:30:05-debug: Run asset db hook engine-extends:afterRefresh success!
8-24-2026 00:30:05-debug: asset-db:worker-effect-data-processing (3ms)
8-24-2026 00:30:05-debug: asset-db:refresh-all-database (93ms)
8-24-2026 00:30:05-debug: asset-db-hook-engine-extends-afterRefresh (3ms)
8-24-2026 00:34:48-debug: refresh db internal success
8-24-2026 00:34:48-debug: %cImport%c: F:\Github\BattleGame\assets\scripts\LevelSettings.tsbackground: #aaff85; color: #000;color: #000;
8-24-2026 00:34:48-debug: refresh db assets success
8-24-2026 00:34:48-debug: Run asset db hook engine-extends:afterRefresh success!
8-24-2026 00:34:48-debug: Run asset db hook engine-extends:afterRefresh ...
8-24-2026 00:34:48-debug: asset-db:refresh-all-database (96ms)
8-24-2026 00:34:48-debug: asset-db:worker-effect-data-processing (2ms)
8-24-2026 00:34:48-debug: asset-db-hook-engine-extends-afterRefresh (2ms)
8-24-2026 00:34:54-debug: Query all assets info in project
8-24-2026 00:34:54-debug: init custom config: keepNodeUuid: false, useCache: true
8-24-2026 00:34:54-debug: Skip compress image, progress: 0%
8-24-2026 00:34:54-debug: Init all bundles start..., progress: 0%
8-24-2026 00:34:54-debug: // ---- build task Query asset bundle ----
8-24-2026 00:34:54-debug: Query asset bundle start, progress: 0%
8-24-2026 00:34:54-debug: Num of bundles: 2..., progress: 0%
8-24-2026 00:34:54-debug: Init bundle root assets start..., progress: 0%
8-24-2026 00:34:54-debug: Query preload assets/scripts from cc.config.json: 60f7195c-ec2a-45eb-ba94-8955f60e81d0,1c02ae6f-4492-4915-b8f8-7492a3b1e4cd,810e96e4-e456-4468-9b59-f4e8f39732c0,efe8e2a3-eace-427b-b4f1-cb8a937ec77d,e9aa9a3e-5b2b-4ac7-a2c7-073de2b2b24f,8bbdbcdd-5cd4-4100-b6d5-b7c9625b6107,50f4348b-c883-4e2f-8f11-ce233b859fa1,fda095cb-831d-4601-ad94-846013963de8,f92806d7-1768-443f-afe8-12bcde84d0f0,dd3a144d-ab7f-41f0-82b8-2e43a090d496,f0416e68-0200-4b77-a926-4f9d16e494da,511d2633-09a7-4bdd-ac42-f778032124b3,5d45aa00-e064-4938-b314-4265f0c2258c,9361fd90-ba52-4f84-aa93-6e878fd576ca,970b0598-bcb0-4714-91fb-2e81440dccd8,bcd64cc6-2dd9-43f6-abbe-66318d332032,d930590d-bb92-4cc8-8bd1-23cd027f9edf,a3cd009f-0ab0-420d-9278-b9fdab939bbc,6a2d0734-bd9e-4ddf-946e-caa52498cb75,d9937e59-61fe-4ec6-92ab-7ac5a19c89b0,d1346436-ac96-4271-b863-1f4fdead95b0,971bdb23-3ff6-43eb-b422-1c30165a3663,17debcc3-0a6b-4b8a-b00b-dc58b885581e,711ebe11-f673-4cd9-9a83-63c60ba54c5b,c0143906-9aed-447e-9436-2ae8512d1b6e,14da1725-c4c2-42b4-ab08-ee0aeb6898b3,081cab31-dccd-428e-8652-f2404cc81c47,78e0584a-4343-4727-8f37-e14e65c2a2db,871c3b6c-7379-419d-bda3-794b239ab90d,ff9b0199-ce04-4cfe-86cc-6c719f08d6e4,de1c2107-70c8-4021-8459-6399f24d01c6,cbf30902-517f-40dc-af90-a550bac27cf1,5c601d96-e4c7-4698-991b-7ee674b11079
8-24-2026 00:34:54-debug:   Number of all scripts: 42
8-24-2026 00:34:54-debug:   Number of other assets: 486
8-24-2026 00:34:54-debug: Init bundle root assets success..., progress: 0%
8-24-2026 00:34:54-debug:   Number of all scenes: 1
8-24-2026 00:34:54-debug: // ---- build task Query asset bundle ---- (26ms)
8-24-2026 00:34:54-log: run build task Query asset bundle success in 26 ms√, progress: 5%
8-24-2026 00:34:54-debug: Query asset bundle start, progress: 5%
8-24-2026 00:34:54-debug: // ---- build task Query asset bundle ----
8-24-2026 00:34:54-debug: [Build Memory track]: Query asset bundle start:232.73MB, end 232.51MB, increase: -225.99KB
8-24-2026 00:34:54-debug: // ---- build task Query asset bundle ---- (5ms)
8-24-2026 00:34:54-debug: [Build Memory track]: Query asset bundle start:232.55MB, end 232.68MB, increase: 140.15KB
8-24-2026 00:34:54-log: run build task Query asset bundle success in 5 ms√, progress: 10%
8-24-2026 00:34:54-debug: Sort some build options to settings.json start, progress: 10%
8-24-2026 00:34:54-debug: // ---- build task Sort some build options to settings.json ----
8-24-2026 00:34:54-debug: // ---- build task Sort some build options to settings.json ---- (1ms)
8-24-2026 00:34:54-log: run build task Sort some build options to settings.json success in 1 ms√, progress: 12%
8-24-2026 00:34:54-debug: [Build Memory track]: Sort some build options to settings.json start:232.71MB, end 232.74MB, increase: 27.14KB
8-24-2026 00:34:54-debug: Fill script data to settings start, progress: 12%
8-24-2026 00:34:54-debug: // ---- build task Fill script data to settings ----
8-24-2026 00:34:54-debug: // ---- build task Fill script data to settings ---- (1ms)
8-24-2026 00:34:54-log: run build task Fill script data to settings success in 1 ms√, progress: 13%
8-24-2026 00:34:54-debug: [Build Memory track]: Fill script data to settings start:232.77MB, end 232.79MB, increase: 26.98KB
8-24-2026 00:34:54-debug: // ---- build task Sort some build options to settings.json ----
8-24-2026 00:34:54-debug: Sort some build options to settings.json start, progress: 13%
8-24-2026 00:34:54-debug: // ---- build task Sort some build options to settings.json ---- (8ms)
8-24-2026 00:34:54-log: run build task Sort some build options to settings.json success in 8 ms√, progress: 15%
8-24-2026 00:34:54-debug: [Build Memory track]: Sort some build options to settings.json start:232.82MB, end 233.33MB, increase: 521.21KB
8-24-2026 00:34:57-debug: %cImport%c: F:\Github\BattleGame\assets\Battle.scenebackground: #aaff85; color: #000;color: #000;
8-24-2026 00:34:57-debug: asset-db:reimport-asset1effe86e-a401-4769-9dbc-62218c68834d (37ms)
8-24-2026 00:34:58-debug: Query all assets info in project
8-24-2026 00:34:58-debug: init custom config: keepNodeUuid: false, useCache: true
8-24-2026 00:34:58-debug: Skip compress image, progress: 0%
8-24-2026 00:34:58-debug: Init all bundles start..., progress: 0%
8-24-2026 00:34:58-debug: Num of bundles: 2..., progress: 0%
8-24-2026 00:34:58-debug: Query asset bundle start, progress: 0%
8-24-2026 00:34:58-debug: // ---- build task Query asset bundle ----
8-24-2026 00:34:58-debug: Init bundle root assets start..., progress: 0%
8-24-2026 00:34:58-debug: Query preload assets/scripts from cc.config.json: 60f7195c-ec2a-45eb-ba94-8955f60e81d0,1c02ae6f-4492-4915-b8f8-7492a3b1e4cd,810e96e4-e456-4468-9b59-f4e8f39732c0,efe8e2a3-eace-427b-b4f1-cb8a937ec77d,e9aa9a3e-5b2b-4ac7-a2c7-073de2b2b24f,8bbdbcdd-5cd4-4100-b6d5-b7c9625b6107,50f4348b-c883-4e2f-8f11-ce233b859fa1,fda095cb-831d-4601-ad94-846013963de8,f92806d7-1768-443f-afe8-12bcde84d0f0,dd3a144d-ab7f-41f0-82b8-2e43a090d496,f0416e68-0200-4b77-a926-4f9d16e494da,511d2633-09a7-4bdd-ac42-f778032124b3,5d45aa00-e064-4938-b314-4265f0c2258c,9361fd90-ba52-4f84-aa93-6e878fd576ca,970b0598-bcb0-4714-91fb-2e81440dccd8,bcd64cc6-2dd9-43f6-abbe-66318d332032,d930590d-bb92-4cc8-8bd1-23cd027f9edf,a3cd009f-0ab0-420d-9278-b9fdab939bbc,6a2d0734-bd9e-4ddf-946e-caa52498cb75,d9937e59-61fe-4ec6-92ab-7ac5a19c89b0,d1346436-ac96-4271-b863-1f4fdead95b0,971bdb23-3ff6-43eb-b422-1c30165a3663,17debcc3-0a6b-4b8a-b00b-dc58b885581e,711ebe11-f673-4cd9-9a83-63c60ba54c5b,c0143906-9aed-447e-9436-2ae8512d1b6e,14da1725-c4c2-42b4-ab08-ee0aeb6898b3,081cab31-dccd-428e-8652-f2404cc81c47,78e0584a-4343-4727-8f37-e14e65c2a2db,871c3b6c-7379-419d-bda3-794b239ab90d,ff9b0199-ce04-4cfe-86cc-6c719f08d6e4,de1c2107-70c8-4021-8459-6399f24d01c6,cbf30902-517f-40dc-af90-a550bac27cf1,5c601d96-e4c7-4698-991b-7ee674b11079
8-24-2026 00:34:58-debug:   Number of all scripts: 42
8-24-2026 00:34:58-debug: Init bundle root assets success..., progress: 0%
8-24-2026 00:34:58-debug:   Number of other assets: 486
8-24-2026 00:34:58-debug:   Number of all scenes: 1
8-24-2026 00:34:58-debug: // ---- build task Query asset bundle ---- (6ms)
8-24-2026 00:34:58-log: run build task Query asset bundle success in 6 ms√, progress: 5%
8-24-2026 00:34:58-debug: Query asset bundle start, progress: 5%
8-24-2026 00:34:58-debug: [Build Memory track]: Query asset bundle start:232.96MB, end 232.75MB, increase: -212.30KB
8-24-2026 00:34:58-debug: // ---- build task Query asset bundle ----
8-24-2026 00:34:58-debug: // ---- build task Query asset bundle ---- (2ms)
8-24-2026 00:34:58-log: run build task Query asset bundle success in 2 ms√, progress: 10%
8-24-2026 00:34:58-debug: [Build Memory track]: Query asset bundle start:232.78MB, end 232.91MB, increase: 139.41KB
8-24-2026 00:34:58-debug: Sort some build options to settings.json start, progress: 10%
8-24-2026 00:34:58-debug: // ---- build task Sort some build options to settings.json ----
8-24-2026 00:34:58-debug: // ---- build task Sort some build options to settings.json ---- (1ms)
8-24-2026 00:34:58-debug: [Build Memory track]: Sort some build options to settings.json start:232.94MB, end 232.97MB, increase: 26.29KB
8-24-2026 00:34:58-log: run build task Sort some build options to settings.json success in 1 ms√, progress: 12%
8-24-2026 00:34:58-debug: Fill script data to settings start, progress: 12%
8-24-2026 00:34:58-debug: // ---- build task Fill script data to settings ----
8-24-2026 00:34:58-debug: // ---- build task Fill script data to settings ---- (1ms)
8-24-2026 00:34:58-debug: // ---- build task Sort some build options to settings.json ----
8-24-2026 00:34:58-log: run build task Fill script data to settings success in 1 ms√, progress: 13%
8-24-2026 00:34:58-debug: [Build Memory track]: Fill script data to settings start:232.99MB, end 233.02MB, increase: 25.63KB
8-24-2026 00:34:58-debug: Sort some build options to settings.json start, progress: 13%
8-24-2026 00:34:58-debug: // ---- build task Sort some build options to settings.json ---- (5ms)
8-24-2026 00:34:58-log: run build task Sort some build options to settings.json success in 5 ms√, progress: 15%
8-24-2026 00:34:58-debug: [Build Memory track]: Sort some build options to settings.json start:233.05MB, end 233.17MB, increase: 127.27KB
8-24-2026 00:38:08-debug: refresh db internal success
8-24-2026 00:38:08-debug: refresh db assets success
8-24-2026 00:38:08-debug: Run asset db hook engine-extends:afterRefresh ...
8-24-2026 00:38:08-debug: Run asset db hook engine-extends:afterRefresh success!
8-24-2026 00:38:08-debug: asset-db:refresh-all-database (94ms)
8-24-2026 00:38:08-debug: asset-db:worker-effect-data-processing (2ms)
8-24-2026 00:38:08-debug: asset-db-hook-engine-extends-afterRefresh (2ms)
8-24-2026 00:40:32-debug: refresh db internal success
8-24-2026 00:40:32-debug: refresh db assets success
8-24-2026 00:40:32-debug: Run asset db hook engine-extends:afterRefresh ...
8-24-2026 00:40:32-debug: Run asset db hook engine-extends:afterRefresh success!
8-24-2026 00:40:32-debug: asset-db:refresh-all-database (241ms)
8-24-2026 00:40:32-debug: asset-db:worker-effect-data-processing (6ms)
8-24-2026 00:40:32-debug: asset-db-hook-engine-extends-afterRefresh (7ms)
8-24-2026 01:16:40-debug: refresh db internal success
8-24-2026 01:16:40-debug: %cImport%c: F:\Github\BattleGame\assets\Battle.scenebackground: #aaff85; color: #000;color: #000;
8-24-2026 01:16:40-debug: refresh db assets success
8-24-2026 01:16:40-debug: Run asset db hook engine-extends:afterRefresh ...
8-24-2026 01:16:40-debug: Run asset db hook engine-extends:afterRefresh success!
8-24-2026 01:16:40-debug: asset-db:refresh-all-database (101ms)
8-24-2026 01:16:40-debug: asset-db:worker-effect-data-processing (3ms)
8-24-2026 01:16:40-debug: asset-db-hook-engine-extends-afterRefresh (4ms)
8-24-2026 01:16:46-debug: %cImport%c: F:\Github\BattleGame\assets\Battle.scenebackground: #aaff85; color: #000;color: #000;
8-24-2026 01:16:46-debug: asset-db:reimport-asset1effe86e-a401-4769-9dbc-62218c68834d (34ms)
8-24-2026 01:16:47-debug: Query all assets info in project
8-24-2026 01:16:47-debug: init custom config: keepNodeUuid: false, useCache: true
8-24-2026 01:16:47-debug: Skip compress image, progress: 0%
8-24-2026 01:16:47-debug: Init all bundles start..., progress: 0%
8-24-2026 01:16:47-debug: Num of bundles: 2..., progress: 0%
8-24-2026 01:16:47-debug: // ---- build task Query asset bundle ----
8-24-2026 01:16:47-debug: Query asset bundle start, progress: 0%
8-24-2026 01:16:47-debug: Init bundle root assets start..., progress: 0%
8-24-2026 01:16:47-debug: Query preload assets/scripts from cc.config.json: 60f7195c-ec2a-45eb-ba94-8955f60e81d0,1c02ae6f-4492-4915-b8f8-7492a3b1e4cd,810e96e4-e456-4468-9b59-f4e8f39732c0,efe8e2a3-eace-427b-b4f1-cb8a937ec77d,e9aa9a3e-5b2b-4ac7-a2c7-073de2b2b24f,8bbdbcdd-5cd4-4100-b6d5-b7c9625b6107,50f4348b-c883-4e2f-8f11-ce233b859fa1,fda095cb-831d-4601-ad94-846013963de8,f92806d7-1768-443f-afe8-12bcde84d0f0,dd3a144d-ab7f-41f0-82b8-2e43a090d496,f0416e68-0200-4b77-a926-4f9d16e494da,511d2633-09a7-4bdd-ac42-f778032124b3,5d45aa00-e064-4938-b314-4265f0c2258c,9361fd90-ba52-4f84-aa93-6e878fd576ca,970b0598-bcb0-4714-91fb-2e81440dccd8,bcd64cc6-2dd9-43f6-abbe-66318d332032,d930590d-bb92-4cc8-8bd1-23cd027f9edf,a3cd009f-0ab0-420d-9278-b9fdab939bbc,6a2d0734-bd9e-4ddf-946e-caa52498cb75,d9937e59-61fe-4ec6-92ab-7ac5a19c89b0,d1346436-ac96-4271-b863-1f4fdead95b0,971bdb23-3ff6-43eb-b422-1c30165a3663,17debcc3-0a6b-4b8a-b00b-dc58b885581e,711ebe11-f673-4cd9-9a83-63c60ba54c5b,c0143906-9aed-447e-9436-2ae8512d1b6e,14da1725-c4c2-42b4-ab08-ee0aeb6898b3,081cab31-dccd-428e-8652-f2404cc81c47,78e0584a-4343-4727-8f37-e14e65c2a2db,871c3b6c-7379-419d-bda3-794b239ab90d,ff9b0199-ce04-4cfe-86cc-6c719f08d6e4,de1c2107-70c8-4021-8459-6399f24d01c6,cbf30902-517f-40dc-af90-a550bac27cf1,5c601d96-e4c7-4698-991b-7ee674b11079
8-24-2026 01:16:47-debug:   Number of all scenes: 1
8-24-2026 01:16:47-debug:   Number of all scripts: 42
8-24-2026 01:16:47-debug: Init bundle root assets success..., progress: 0%
8-24-2026 01:16:47-debug:   Number of other assets: 486
8-24-2026 01:16:47-debug: // ---- build task Query asset bundle ---- (8ms)
8-24-2026 01:16:47-debug: [Build Memory track]: Query asset bundle start:236.76MB, end 236.57MB, increase: -198.19KB
8-24-2026 01:16:47-debug: Query asset bundle start, progress: 5%
8-24-2026 01:16:47-log: run build task Query asset bundle success in 8 ms√, progress: 5%
8-24-2026 01:16:47-debug: // ---- build task Query asset bundle ----
8-24-2026 01:16:47-debug: // ---- build task Query asset bundle ---- (4ms)
8-24-2026 01:16:47-log: run build task Query asset bundle success in 4 ms√, progress: 10%
8-24-2026 01:16:47-debug: [Build Memory track]: Query asset bundle start:236.60MB, end 236.75MB, increase: 152.14KB
8-24-2026 01:16:47-debug: Sort some build options to settings.json start, progress: 10%
8-24-2026 01:16:47-debug: // ---- build task Sort some build options to settings.json ----
8-24-2026 01:16:47-debug: // ---- build task Sort some build options to settings.json ---- (2ms)
8-24-2026 01:16:47-log: run build task Sort some build options to settings.json success in 2 ms√, progress: 12%
8-24-2026 01:16:47-debug: [Build Memory track]: Sort some build options to settings.json start:236.78MB, end 236.80MB, increase: 26.41KB
8-24-2026 01:16:47-debug: Fill script data to settings start, progress: 12%
8-24-2026 01:16:47-debug: // ---- build task Fill script data to settings ----
8-24-2026 01:16:47-debug: // ---- build task Fill script data to settings ---- (2ms)
8-24-2026 01:16:47-debug: Sort some build options to settings.json start, progress: 13%
8-24-2026 01:16:47-log: run build task Fill script data to settings success in 2 ms√, progress: 13%
8-24-2026 01:16:47-debug: [Build Memory track]: Fill script data to settings start:236.83MB, end 236.86MB, increase: 26.01KB
8-24-2026 01:16:47-debug: // ---- build task Sort some build options to settings.json ----
8-24-2026 01:16:47-debug: [Build Memory track]: Sort some build options to settings.json start:236.89MB, end 237.02MB, increase: 133.24KB
8-24-2026 01:16:47-log: run build task Sort some build options to settings.json success in 6 ms√, progress: 15%
8-24-2026 01:16:47-debug: // ---- build task Sort some build options to settings.json ---- (6ms)
8-24-2026 01:16:56-debug: refresh db internal success
8-24-2026 01:16:56-debug: refresh db assets success
8-24-2026 01:16:56-debug: Run asset db hook engine-extends:afterRefresh ...
8-24-2026 01:16:56-debug: Run asset db hook engine-extends:afterRefresh success!
8-24-2026 01:16:56-debug: asset-db:refresh-all-database (95ms)
8-24-2026 01:16:56-debug: asset-db:worker-effect-data-processing (2ms)
8-24-2026 01:16:56-debug: asset-db-hook-engine-extends-afterRefresh (3ms)
8-24-2026 01:27:46-debug: refresh db internal success
8-24-2026 01:27:46-debug: refresh db assets success
8-24-2026 01:27:46-debug: Run asset db hook engine-extends:afterRefresh ...
8-24-2026 01:27:46-debug: Run asset db hook engine-extends:afterRefresh success!
8-24-2026 01:27:46-debug: asset-db:refresh-all-database (98ms)
8-24-2026 01:27:46-debug: asset-db:worker-effect-data-processing (4ms)
8-24-2026 01:27:46-debug: asset-db-hook-engine-extends-afterRefresh (5ms)
8-24-2026 01:44:27-debug: refresh db internal success
8-24-2026 01:44:27-debug: refresh db assets success
8-24-2026 01:44:27-debug: Run asset db hook engine-extends:afterRefresh success!
8-24-2026 01:44:27-debug: Run asset db hook engine-extends:afterRefresh ...
8-24-2026 01:44:27-debug: asset-db:refresh-all-database (89ms)
8-24-2026 01:44:27-debug: asset-db:worker-effect-data-processing (9ms)
8-24-2026 01:44:27-debug: asset-db-hook-engine-extends-afterRefresh (10ms)
