8-26-2026 13:37:54-log: Cannot access game frame or container.
8-26-2026 13:37:54-debug: asset-db:require-engine-code (493ms)
8-26-2026 13:37:55-log: meshopt wasm decoder initialized
8-26-2026 13:37:55-log: [bullet]:bullet wasm lib loaded.
8-26-2026 13:37:55-log: [box2d]:box2d wasm lib loaded.
8-26-2026 13:37:55-log: Cocos Creator v3.8.8
8-26-2026 13:37:55-debug: [Assets Memory track]: asset-db:worker-init: initEngine start:27.90MB, end 78.91MB, increase: 51.01MB
8-26-2026 13:37:55-log: Using legacy pipeline
8-26-2026 13:37:55-log: Forward render pipeline initialized.
8-26-2026 13:37:56-debug: [Assets Memory track]: asset-db:worker-init: initPlugin start:78.95MB, end 275.52MB, increase: 196.57MB
8-26-2026 13:37:56-debug: run package(mac) handler(enable) start
8-26-2026 13:37:56-debug: run package(mac) handler(enable) success!
8-26-2026 13:37:56-debug: run package(migu-mini-game) handler(enable) start
8-26-2026 13:37:56-debug: run package(migu-mini-game) handler(enable) success!
8-26-2026 13:37:56-debug: run package(ohos) handler(enable) start
8-26-2026 13:37:56-debug: run package(native) handler(enable) start
8-26-2026 13:37:56-debug: run package(oppo-mini-game) handler(enable) start
8-26-2026 13:37:56-debug: run package(ohos) handler(enable) success!
8-26-2026 13:37:56-debug: run package(native) handler(enable) success!
8-26-2026 13:37:56-debug: run package(oppo-mini-game) handler(enable) success!
8-26-2026 13:37:56-debug: run package(runtime-dev-tools) handler(enable) success!
8-26-2026 13:37:56-debug: run package(taobao-mini-game) handler(enable) start
8-26-2026 13:37:56-debug: run package(runtime-dev-tools) handler(enable) start
8-26-2026 13:37:56-debug: run package(taobao-mini-game) handler(enable) success!
8-26-2026 13:37:56-debug: run package(web-desktop) handler(enable) start
8-26-2026 13:37:56-debug: run package(vivo-mini-game) handler(enable) start
8-26-2026 13:37:56-debug: run package(vivo-mini-game) handler(enable) success!
8-26-2026 13:37:56-debug: run package(web-mobile) handler(enable) start
8-26-2026 13:37:56-debug: run package(web-desktop) handler(enable) success!
8-26-2026 13:37:56-debug: run package(web-mobile) handler(enable) success!
8-26-2026 13:37:56-debug: run package(wechatgame) handler(enable) start
8-26-2026 13:37:56-debug: run package(wechatgame) handler(enable) success!
8-26-2026 13:37:56-debug: run package(wechatprogram) handler(enable) success!
8-26-2026 13:37:56-debug: run package(windows) handler(enable) success!
8-26-2026 13:37:56-debug: run package(wechatprogram) handler(enable) start
8-26-2026 13:37:56-debug: run package(windows) handler(enable) start
8-26-2026 13:37:56-debug: run package(xiaomi-quick-game) handler(enable) start
8-26-2026 13:37:56-debug: run package(xiaomi-quick-game) handler(enable) success!
8-26-2026 13:37:56-debug: run package(cocos-service) handler(enable) success!
8-26-2026 13:37:56-debug: run package(cocos-service) handler(enable) start
8-26-2026 13:37:56-debug: run package(im-plugin) handler(enable) start
8-26-2026 13:37:56-debug: run package(im-plugin) handler(enable) success!
8-26-2026 13:37:56-debug: run package(placeholder) handler(enable) success!
8-26-2026 13:37:56-debug: run package(placeholder) handler(enable) start
8-26-2026 13:37:56-debug: asset-db:worker-init: initPlugin (1195ms)
8-26-2026 13:37:56-debug: [Assets Memory track]: asset-db:worker-init start:27.89MB, end 272.91MB, increase: 245.02MB
8-26-2026 13:37:56-debug: Run asset db hook programming:beforePreStart ...
8-26-2026 13:37:56-debug: Run asset db hook programming:beforePreStart success!
8-26-2026 13:37:56-debug: Run asset db hook engine-extends:beforePreStart ...
8-26-2026 13:37:56-debug: Run asset db hook engine-extends:beforePreStart success!
8-26-2026 13:37:58-debug: asset-db:worker-init (3756ms)
8-26-2026 13:37:58-debug: asset-db-hook-programming-beforePreStart (1914ms)
8-26-2026 13:37:58-debug: asset-db-hook-engine-extends-beforePreStart (1914ms)
8-26-2026 13:37:58-debug: Preimport db internal success
8-26-2026 13:37:59-debug: Preimport db assets success
8-26-2026 13:37:59-debug: Run asset db hook programming:afterPreStart ...
8-26-2026 13:37:59-debug: starting packer-driver...
8-26-2026 13:37:59-debug: initialize scripting environment...
8-26-2026 13:37:59-debug: [[Executor]] prepare before lock
8-26-2026 13:37:59-debug: Set detail map pack:///resolution-detail-map.json: {}
8-26-2026 13:37:59-debug: [[Executor]] prepare after unlock
8-26-2026 13:37:59-debug: Run asset db hook programming:afterPreStart success!
8-26-2026 13:37:59-debug: Run asset db hook engine-extends:afterPreStart success!
8-26-2026 13:38:00-debug: asset-db-hook-programming-afterPreStart (1661ms)
8-26-2026 13:37:59-debug: Start up the 'internal' database...
8-26-2026 13:38:00-debug: asset-db:worker-effect-data-processing (991ms)
8-26-2026 13:37:59-debug: Run asset db hook engine-extends:afterPreStart ...
8-26-2026 13:38:00-debug: asset-db-hook-engine-extends-afterPreStart (991ms)
8-26-2026 13:38:00-debug: Run asset db hook engine-extends:afterStartDB ...
8-26-2026 13:38:01-debug: recompile effect.bin success
8-26-2026 13:38:01-debug: Run asset db hook engine-extends:afterStartDB success!
8-26-2026 13:38:01-debug: Start up the 'assets' database...
8-26-2026 13:38:02-debug: asset-db:worker-effect-data-processing (1194ms)
8-26-2026 13:38:02-debug: asset-db-hook-engine-extends-afterStartDB (1195ms)
8-26-2026 13:38:02-debug: Run asset db hook engine-extends:afterStartDB ...
8-26-2026 13:38:02-debug: recompile effect.bin success
8-26-2026 13:38:02-debug: Run asset db hook engine-extends:afterStartDB success!
8-26-2026 13:38:02-debug: [Assets Memory track]: asset-db:worker-init: startup start:199.33MB, end 214.88MB, increase: 15.55MB
8-26-2026 13:38:02-debug: lazy register asset handler text
8-26-2026 13:38:02-debug: lazy register asset handler directory
8-26-2026 13:38:02-debug: lazy register asset handler spine-data
8-26-2026 13:38:02-debug: lazy register asset handler dragonbones
8-26-2026 13:38:02-debug: lazy register asset handler *
8-26-2026 13:38:02-debug: lazy register asset handler dragonbones-atlas
8-26-2026 13:38:02-debug: lazy register asset handler json
8-26-2026 13:38:02-debug: lazy register asset handler javascript
8-26-2026 13:38:02-debug: lazy register asset handler scene
8-26-2026 13:38:02-debug: lazy register asset handler typescript
8-26-2026 13:38:02-debug: lazy register asset handler sprite-frame
8-26-2026 13:38:02-debug: lazy register asset handler terrain
8-26-2026 13:38:02-debug: lazy register asset handler tiled-map
8-26-2026 13:38:02-debug: lazy register asset handler prefab
8-26-2026 13:38:02-debug: lazy register asset handler buffer
8-26-2026 13:38:02-debug: lazy register asset handler sign-image
8-26-2026 13:38:02-debug: lazy register asset handler alpha-image
8-26-2026 13:38:02-debug: lazy register asset handler texture-cube
8-26-2026 13:38:02-debug: lazy register asset handler render-texture
8-26-2026 13:38:02-debug: lazy register asset handler erp-texture-cube
8-26-2026 13:38:02-debug: lazy register asset handler texture-cube-face
8-26-2026 13:38:02-debug: lazy register asset handler image
8-26-2026 13:38:02-debug: lazy register asset handler texture
8-26-2026 13:38:02-debug: lazy register asset handler gltf-mesh
8-26-2026 13:38:02-debug: lazy register asset handler rt-sprite-frame
8-26-2026 13:38:02-debug: lazy register asset handler gltf-skeleton
8-26-2026 13:38:02-debug: lazy register asset handler gltf
8-26-2026 13:38:02-debug: lazy register asset handler gltf-animation
8-26-2026 13:38:02-debug: lazy register asset handler gltf-embeded-image
8-26-2026 13:38:02-debug: lazy register asset handler fbx
8-26-2026 13:38:02-debug: lazy register asset handler gltf-scene
8-26-2026 13:38:02-debug: lazy register asset handler gltf-material
8-26-2026 13:38:02-debug: lazy register asset handler physics-material
8-26-2026 13:38:02-debug: lazy register asset handler effect-header
8-26-2026 13:38:02-debug: lazy register asset handler audio-clip
8-26-2026 13:38:02-debug: lazy register asset handler material
8-26-2026 13:38:02-debug: lazy register asset handler animation-clip
8-26-2026 13:38:02-debug: lazy register asset handler animation-graph
8-26-2026 13:38:02-debug: lazy register asset handler animation-mask
8-26-2026 13:38:02-debug: lazy register asset handler animation-graph-variant
8-26-2026 13:38:02-debug: lazy register asset handler ttf-font
8-26-2026 13:38:02-debug: lazy register asset handler effect
8-26-2026 13:38:02-debug: lazy register asset handler bitmap-font
8-26-2026 13:38:02-debug: lazy register asset handler sprite-atlas
8-26-2026 13:38:02-debug: lazy register asset handler particle
8-26-2026 13:38:02-debug: lazy register asset handler auto-atlas
8-26-2026 13:38:02-debug: lazy register asset handler render-pipeline
8-26-2026 13:38:02-debug: lazy register asset handler label-atlas
8-26-2026 13:38:02-debug: lazy register asset handler render-stage
8-26-2026 13:38:02-debug: lazy register asset handler instantiation-material
8-26-2026 13:38:02-debug: lazy register asset handler render-flow
8-26-2026 13:38:02-debug: lazy register asset handler instantiation-mesh
8-26-2026 13:38:02-debug: lazy register asset handler instantiation-skeleton
8-26-2026 13:38:02-debug: lazy register asset handler instantiation-animation
8-26-2026 13:38:02-debug: lazy register asset handler video-clip
8-26-2026 13:38:02-debug: asset-db:worker-effect-data-processing (212ms)
8-26-2026 13:38:02-debug: asset-db-hook-engine-extends-afterStartDB (212ms)
8-26-2026 13:38:02-debug: asset-db:start-database (6065ms)
8-26-2026 13:38:02-debug: asset-db:ready (9978ms)
8-26-2026 13:38:02-debug: init worker message success
8-26-2026 13:38:02-debug: programming:execute-script (-5ms)
8-26-2026 13:38:02-debug: [Build Memory track]: builder:worker-init start:218.97MB, end 227.17MB, increase: 8.20MB
8-26-2026 13:38:02-debug: builder:worker-init (210ms)
8-26-2026 13:38:07-debug: Query all assets info in project
8-26-2026 13:38:07-debug: init custom config: keepNodeUuid: false, useCache: true
8-26-2026 13:38:07-debug: Skip compress image, progress: 0%
8-26-2026 13:38:07-debug: Init all bundles start..., progress: 0%
8-26-2026 13:38:07-debug: Num of bundles: 2..., progress: 0%
8-26-2026 13:38:07-debug: Query asset bundle start, progress: 0%
8-26-2026 13:38:07-debug: Init bundle root assets start..., progress: 0%
8-26-2026 13:38:07-debug: // ---- build task Query asset bundle ----
8-26-2026 13:38:07-debug: Query preload assets/scripts from cc.config.json: 60f7195c-ec2a-45eb-ba94-8955f60e81d0,1c02ae6f-4492-4915-b8f8-7492a3b1e4cd,810e96e4-e456-4468-9b59-f4e8f39732c0,efe8e2a3-eace-427b-b4f1-cb8a937ec77d,e9aa9a3e-5b2b-4ac7-a2c7-073de2b2b24f,8bbdbcdd-5cd4-4100-b6d5-b7c9625b6107,50f4348b-c883-4e2f-8f11-ce233b859fa1,fda095cb-831d-4601-ad94-846013963de8,f92806d7-1768-443f-afe8-12bcde84d0f0,dd3a144d-ab7f-41f0-82b8-2e43a090d496,f0416e68-0200-4b77-a926-4f9d16e494da,511d2633-09a7-4bdd-ac42-f778032124b3,5d45aa00-e064-4938-b314-4265f0c2258c,9361fd90-ba52-4f84-aa93-6e878fd576ca,970b0598-bcb0-4714-91fb-2e81440dccd8,bcd64cc6-2dd9-43f6-abbe-66318d332032,d930590d-bb92-4cc8-8bd1-23cd027f9edf,a3cd009f-0ab0-420d-9278-b9fdab939bbc,6a2d0734-bd9e-4ddf-946e-caa52498cb75,d9937e59-61fe-4ec6-92ab-7ac5a19c89b0,d1346436-ac96-4271-b863-1f4fdead95b0,971bdb23-3ff6-43eb-b422-1c30165a3663,17debcc3-0a6b-4b8a-b00b-dc58b885581e,711ebe11-f673-4cd9-9a83-63c60ba54c5b,c0143906-9aed-447e-9436-2ae8512d1b6e,14da1725-c4c2-42b4-ab08-ee0aeb6898b3,081cab31-dccd-428e-8652-f2404cc81c47,78e0584a-4343-4727-8f37-e14e65c2a2db,871c3b6c-7379-419d-bda3-794b239ab90d,ff9b0199-ce04-4cfe-86cc-6c719f08d6e4,de1c2107-70c8-4021-8459-6399f24d01c6,cbf30902-517f-40dc-af90-a550bac27cf1,5c601d96-e4c7-4698-991b-7ee674b11079
8-26-2026 13:38:07-debug:   Number of all scripts: 42
8-26-2026 13:38:07-debug:   Number of other assets: 486
8-26-2026 13:38:07-debug: Init bundle root assets success..., progress: 0%
8-26-2026 13:38:07-debug:   Number of all scenes: 1
8-26-2026 13:38:07-debug: // ---- build task Query asset bundle ---- (-2ms)
8-26-2026 13:38:07-debug: [Build Memory track]: Query asset bundle start:228.42MB, end 229.29MB, increase: 890.88KB
8-26-2026 13:38:07-log: run build task Query asset bundle success in -1 h -1 min -1 s√, progress: 5%
8-26-2026 13:38:07-debug: Query asset bundle start, progress: 5%
8-26-2026 13:38:07-debug: // ---- build task Query asset bundle ----
8-26-2026 13:38:07-log: run build task Query asset bundle success in -1 h -1 min -1 s√, progress: 10%
8-26-2026 13:38:07-debug: [Build Memory track]: Query asset bundle start:229.33MB, end 229.50MB, increase: 174.13KB
8-26-2026 13:38:07-debug: // ---- build task Query asset bundle ---- (-3ms)
8-26-2026 13:38:07-debug: Sort some build options to settings.json start, progress: 10%
8-26-2026 13:38:07-debug: // ---- build task Sort some build options to settings.json ----
8-26-2026 13:38:07-debug: // ---- build task Sort some build options to settings.json ---- (-8ms)
8-26-2026 13:38:07-log: run build task Sort some build options to settings.json success in -1 h -1 min -1 s√, progress: 12%
8-26-2026 13:38:07-debug: [Build Memory track]: Sort some build options to settings.json start:229.55MB, end 229.58MB, increase: 34.77KB
8-26-2026 13:38:07-debug: Fill script data to settings start, progress: 12%
8-26-2026 13:38:07-debug: // ---- build task Fill script data to settings ----
8-26-2026 13:38:07-debug: // ---- build task Fill script data to settings ---- (-7ms)
8-26-2026 13:38:07-log: run build task Fill script data to settings success in -1 h -1 min -1 s√, progress: 13%
8-26-2026 13:38:07-debug: // ---- build task Sort some build options to settings.json ----
8-26-2026 13:38:07-debug: Sort some build options to settings.json start, progress: 13%
8-26-2026 13:38:07-debug: [Build Memory track]: Fill script data to settings start:229.62MB, end 229.66MB, increase: 35.08KB
8-26-2026 13:38:07-log: run build task Sort some build options to settings.json success in √, progress: 15%
8-26-2026 13:38:07-debug: [Build Memory track]: Sort some build options to settings.json start:229.82MB, end 229.83MB, increase: 18.82KB
8-26-2026 13:38:14-debug: Query all assets info in project
8-26-2026 13:38:14-debug: init custom config: keepNodeUuid: false, useCache: true
8-26-2026 13:38:14-debug: Skip compress image, progress: 0%
8-26-2026 13:38:14-debug: Init all bundles start..., progress: 0%
8-26-2026 13:38:14-debug: Num of bundles: 2..., progress: 0%
8-26-2026 13:38:14-debug: Query asset bundle start, progress: 0%
8-26-2026 13:38:14-debug: // ---- build task Query asset bundle ----
8-26-2026 13:38:14-debug: Init bundle root assets start..., progress: 0%
8-26-2026 13:38:14-debug: Query preload assets/scripts from cc.config.json: 60f7195c-ec2a-45eb-ba94-8955f60e81d0,1c02ae6f-4492-4915-b8f8-7492a3b1e4cd,810e96e4-e456-4468-9b59-f4e8f39732c0,efe8e2a3-eace-427b-b4f1-cb8a937ec77d,e9aa9a3e-5b2b-4ac7-a2c7-073de2b2b24f,8bbdbcdd-5cd4-4100-b6d5-b7c9625b6107,50f4348b-c883-4e2f-8f11-ce233b859fa1,fda095cb-831d-4601-ad94-846013963de8,f92806d7-1768-443f-afe8-12bcde84d0f0,dd3a144d-ab7f-41f0-82b8-2e43a090d496,f0416e68-0200-4b77-a926-4f9d16e494da,511d2633-09a7-4bdd-ac42-f778032124b3,5d45aa00-e064-4938-b314-4265f0c2258c,9361fd90-ba52-4f84-aa93-6e878fd576ca,970b0598-bcb0-4714-91fb-2e81440dccd8,bcd64cc6-2dd9-43f6-abbe-66318d332032,d930590d-bb92-4cc8-8bd1-23cd027f9edf,a3cd009f-0ab0-420d-9278-b9fdab939bbc,6a2d0734-bd9e-4ddf-946e-caa52498cb75,d9937e59-61fe-4ec6-92ab-7ac5a19c89b0,d1346436-ac96-4271-b863-1f4fdead95b0,971bdb23-3ff6-43eb-b422-1c30165a3663,17debcc3-0a6b-4b8a-b00b-dc58b885581e,711ebe11-f673-4cd9-9a83-63c60ba54c5b,c0143906-9aed-447e-9436-2ae8512d1b6e,14da1725-c4c2-42b4-ab08-ee0aeb6898b3,081cab31-dccd-428e-8652-f2404cc81c47,78e0584a-4343-4727-8f37-e14e65c2a2db,871c3b6c-7379-419d-bda3-794b239ab90d,ff9b0199-ce04-4cfe-86cc-6c719f08d6e4,de1c2107-70c8-4021-8459-6399f24d01c6,cbf30902-517f-40dc-af90-a550bac27cf1,5c601d96-e4c7-4698-991b-7ee674b11079
8-26-2026 13:38:14-debug:   Number of all scripts: 42
8-26-2026 13:38:14-debug:   Number of other assets: 486
8-26-2026 13:38:14-debug: Init bundle root assets success..., progress: 0%
8-26-2026 13:38:14-debug:   Number of all scenes: 1
8-26-2026 13:38:14-debug: // ---- build task Query asset bundle ---- (-3ms)
8-26-2026 13:38:14-debug: Query asset bundle start, progress: 5%
8-26-2026 13:38:14-log: run build task Query asset bundle success in -1 h -1 min -1 s√, progress: 5%
8-26-2026 13:38:14-debug: [Build Memory track]: Query asset bundle start:231.23MB, end 225.53MB, increase: -5839.09KB
8-26-2026 13:38:14-debug: // ---- build task Query asset bundle ----
8-26-2026 13:38:14-debug: // ---- build task Query asset bundle ---- (-7ms)
8-26-2026 13:38:14-log: run build task Query asset bundle success in -1 h -1 min -1 s√, progress: 10%
8-26-2026 13:38:14-debug: [Build Memory track]: Query asset bundle start:225.57MB, end 225.72MB, increase: 150.80KB
8-26-2026 13:38:14-debug: Sort some build options to settings.json start, progress: 10%
8-26-2026 13:38:14-debug: // ---- build task Sort some build options to settings.json ----
8-26-2026 13:38:14-log: run build task Sort some build options to settings.json success in -1 h -1 min -1 s√, progress: 12%
8-26-2026 13:38:14-debug: // ---- build task Sort some build options to settings.json ---- (-9ms)
8-26-2026 13:38:14-debug: [Build Memory track]: Sort some build options to settings.json start:225.77MB, end 225.81MB, increase: 35.40KB
8-26-2026 13:38:14-debug: // ---- build task Fill script data to settings ----
8-26-2026 13:38:14-debug: Fill script data to settings start, progress: 12%
8-26-2026 13:38:14-debug: // ---- build task Fill script data to settings ---- (-8ms)
8-26-2026 13:38:14-log: run build task Fill script data to settings success in -1 h -1 min -1 s√, progress: 13%
8-26-2026 13:38:14-debug: [Build Memory track]: Fill script data to settings start:225.85MB, end 225.88MB, increase: 37.93KB
8-26-2026 13:38:14-debug: // ---- build task Sort some build options to settings.json ----
8-26-2026 13:38:14-debug: Sort some build options to settings.json start, progress: 13%
8-26-2026 13:38:14-debug: // ---- build task Sort some build options to settings.json ---- (-7ms)
8-26-2026 13:38:14-log: run build task Sort some build options to settings.json success in -1 h -1 min -1 s√, progress: 15%
8-26-2026 13:38:14-debug: [Build Memory track]: Sort some build options to settings.json start:225.92MB, end 226.06MB, increase: 135.72KB
8-26-2026 14:26:40-debug: refresh db internal success
8-26-2026 14:26:40-debug: %cImport%c: D:\Works\Github\BattleGame\assets\scripts\BattleTelemetry.tsbackground: #aaff85; color: #000;color: #000;
8-26-2026 14:26:40-debug: %cImport%c: D:\Works\Github\BattleGame\assets\scripts\BattleWave.tsbackground: #aaff85; color: #000;color: #000;
8-26-2026 14:26:40-debug: %cImport%c: D:\Works\Github\BattleGame\assets\scripts\GameManager.tsbackground: #aaff85; color: #000;color: #000;
8-26-2026 14:26:40-debug: refresh db assets success
8-26-2026 14:26:40-debug: Run asset db hook engine-extends:afterRefresh ...
8-26-2026 14:26:40-debug: Run asset db hook engine-extends:afterRefresh success!
8-26-2026 14:26:40-debug: asset-db:refresh-all-database (68ms)
8-26-2026 14:26:43-debug: Query all assets info in project
8-26-2026 14:26:43-debug: init custom config: keepNodeUuid: false, useCache: true
8-26-2026 14:26:43-debug: Skip compress image, progress: 0%
8-26-2026 14:26:43-debug: Init all bundles start..., progress: 0%
8-26-2026 14:26:43-debug: Num of bundles: 2..., progress: 0%
8-26-2026 14:26:43-debug: Query asset bundle start, progress: 0%
8-26-2026 14:26:43-debug: // ---- build task Query asset bundle ----
8-26-2026 14:26:43-debug: Init bundle root assets start..., progress: 0%
8-26-2026 14:26:43-debug: Query preload assets/scripts from cc.config.json: 60f7195c-ec2a-45eb-ba94-8955f60e81d0,1c02ae6f-4492-4915-b8f8-7492a3b1e4cd,810e96e4-e456-4468-9b59-f4e8f39732c0,efe8e2a3-eace-427b-b4f1-cb8a937ec77d,e9aa9a3e-5b2b-4ac7-a2c7-073de2b2b24f,8bbdbcdd-5cd4-4100-b6d5-b7c9625b6107,50f4348b-c883-4e2f-8f11-ce233b859fa1,fda095cb-831d-4601-ad94-846013963de8,f92806d7-1768-443f-afe8-12bcde84d0f0,dd3a144d-ab7f-41f0-82b8-2e43a090d496,f0416e68-0200-4b77-a926-4f9d16e494da,511d2633-09a7-4bdd-ac42-f778032124b3,5d45aa00-e064-4938-b314-4265f0c2258c,9361fd90-ba52-4f84-aa93-6e878fd576ca,970b0598-bcb0-4714-91fb-2e81440dccd8,bcd64cc6-2dd9-43f6-abbe-66318d332032,d930590d-bb92-4cc8-8bd1-23cd027f9edf,a3cd009f-0ab0-420d-9278-b9fdab939bbc,6a2d0734-bd9e-4ddf-946e-caa52498cb75,d9937e59-61fe-4ec6-92ab-7ac5a19c89b0,d1346436-ac96-4271-b863-1f4fdead95b0,971bdb23-3ff6-43eb-b422-1c30165a3663,17debcc3-0a6b-4b8a-b00b-dc58b885581e,711ebe11-f673-4cd9-9a83-63c60ba54c5b,c0143906-9aed-447e-9436-2ae8512d1b6e,14da1725-c4c2-42b4-ab08-ee0aeb6898b3,081cab31-dccd-428e-8652-f2404cc81c47,78e0584a-4343-4727-8f37-e14e65c2a2db,871c3b6c-7379-419d-bda3-794b239ab90d,ff9b0199-ce04-4cfe-86cc-6c719f08d6e4,de1c2107-70c8-4021-8459-6399f24d01c6,cbf30902-517f-40dc-af90-a550bac27cf1,5c601d96-e4c7-4698-991b-7ee674b11079
8-26-2026 14:26:43-debug:   Number of all scripts: 42
8-26-2026 14:26:43-debug:   Number of other assets: 486
8-26-2026 14:26:43-debug: Init bundle root assets success..., progress: 0%
8-26-2026 14:26:43-debug:   Number of all scenes: 1
8-26-2026 14:26:43-debug: // ---- build task Query asset bundle ---- (14ms)
8-26-2026 14:26:43-log: run build task Query asset bundle success in 14 ms√, progress: 5%
8-26-2026 14:26:43-debug: [Build Memory track]: Query asset bundle start:223.53MB, end 224.32MB, increase: 805.11KB
8-26-2026 14:26:43-debug: Query asset bundle start, progress: 5%
8-26-2026 14:26:43-debug: // ---- build task Query asset bundle ----
8-26-2026 14:26:43-debug: // ---- build task Query asset bundle ---- (6ms)
8-26-2026 14:26:43-log: run build task Query asset bundle success in 6 ms√, progress: 10%
8-26-2026 14:26:43-debug: [Build Memory track]: Query asset bundle start:224.36MB, end 224.50MB, increase: 147.55KB
8-26-2026 14:26:43-debug: // ---- build task Sort some build options to settings.json ----
8-26-2026 14:26:43-debug: Sort some build options to settings.json start, progress: 10%
8-26-2026 14:26:43-debug: // ---- build task Sort some build options to settings.json ---- (2ms)
8-26-2026 14:26:43-debug: Fill script data to settings start, progress: 12%
8-26-2026 14:26:43-log: run build task Sort some build options to settings.json success in 2 ms√, progress: 12%
8-26-2026 14:26:43-debug: [Build Memory track]: Sort some build options to settings.json start:224.54MB, end 223.06MB, increase: -1513.53KB
8-26-2026 14:26:43-debug: // ---- build task Fill script data to settings ----
8-26-2026 14:26:43-debug: // ---- build task Fill script data to settings ---- (1ms)
8-26-2026 14:26:43-log: run build task Fill script data to settings success in 1 ms√, progress: 13%
8-26-2026 14:26:43-debug: [Build Memory track]: Fill script data to settings start:223.55MB, end 223.15MB, increase: -401.39KB
8-26-2026 14:26:43-debug: // ---- build task Sort some build options to settings.json ----
8-26-2026 14:26:43-debug: Sort some build options to settings.json start, progress: 13%
8-26-2026 14:26:43-debug: // ---- build task Sort some build options to settings.json ---- (5ms)
8-26-2026 14:26:43-debug: [Build Memory track]: Sort some build options to settings.json start:223.30MB, end 223.33MB, increase: 28.04KB
8-26-2026 14:26:43-log: run build task Sort some build options to settings.json success in 5 ms√, progress: 15%
8-26-2026 14:47:56-debug: refresh db internal success
8-26-2026 14:47:56-debug: refresh db assets success
8-26-2026 14:47:56-debug: Run asset db hook engine-extends:afterRefresh ...
8-26-2026 14:47:56-debug: Run asset db hook engine-extends:afterRefresh success!
8-26-2026 14:47:56-debug: asset-db:refresh-all-database (56ms)
8-26-2026 14:47:56-debug: asset-db:worker-effect-data-processing (1ms)
8-26-2026 14:47:56-debug: asset-db-hook-engine-extends-afterRefresh (1ms)
8-26-2026 14:47:58-debug: %cImport%c: D:\Works\Github\BattleGame\assets\Battle.scenebackground: #aaff85; color: #000;color: #000;
8-26-2026 14:47:58-debug: asset-db:reimport-asset1effe86e-a401-4769-9dbc-62218c68834d (19ms)
8-26-2026 14:47:59-debug: Query all assets info in project
8-26-2026 14:47:59-debug: init custom config: keepNodeUuid: false, useCache: true
8-26-2026 14:47:59-debug: Skip compress image, progress: 0%
8-26-2026 14:47:59-debug: Init all bundles start..., progress: 0%
8-26-2026 14:47:59-debug: Init bundle root assets start..., progress: 0%
8-26-2026 14:47:59-debug: Query asset bundle start, progress: 0%
8-26-2026 14:47:59-debug: // ---- build task Query asset bundle ----
8-26-2026 14:47:59-debug: Num of bundles: 2..., progress: 0%
8-26-2026 14:47:59-debug: Query preload assets/scripts from cc.config.json: 60f7195c-ec2a-45eb-ba94-8955f60e81d0,1c02ae6f-4492-4915-b8f8-7492a3b1e4cd,810e96e4-e456-4468-9b59-f4e8f39732c0,efe8e2a3-eace-427b-b4f1-cb8a937ec77d,e9aa9a3e-5b2b-4ac7-a2c7-073de2b2b24f,8bbdbcdd-5cd4-4100-b6d5-b7c9625b6107,50f4348b-c883-4e2f-8f11-ce233b859fa1,fda095cb-831d-4601-ad94-846013963de8,f92806d7-1768-443f-afe8-12bcde84d0f0,dd3a144d-ab7f-41f0-82b8-2e43a090d496,f0416e68-0200-4b77-a926-4f9d16e494da,511d2633-09a7-4bdd-ac42-f778032124b3,5d45aa00-e064-4938-b314-4265f0c2258c,9361fd90-ba52-4f84-aa93-6e878fd576ca,970b0598-bcb0-4714-91fb-2e81440dccd8,bcd64cc6-2dd9-43f6-abbe-66318d332032,d930590d-bb92-4cc8-8bd1-23cd027f9edf,a3cd009f-0ab0-420d-9278-b9fdab939bbc,6a2d0734-bd9e-4ddf-946e-caa52498cb75,d9937e59-61fe-4ec6-92ab-7ac5a19c89b0,d1346436-ac96-4271-b863-1f4fdead95b0,971bdb23-3ff6-43eb-b422-1c30165a3663,17debcc3-0a6b-4b8a-b00b-dc58b885581e,711ebe11-f673-4cd9-9a83-63c60ba54c5b,c0143906-9aed-447e-9436-2ae8512d1b6e,14da1725-c4c2-42b4-ab08-ee0aeb6898b3,081cab31-dccd-428e-8652-f2404cc81c47,78e0584a-4343-4727-8f37-e14e65c2a2db,871c3b6c-7379-419d-bda3-794b239ab90d,ff9b0199-ce04-4cfe-86cc-6c719f08d6e4,de1c2107-70c8-4021-8459-6399f24d01c6,cbf30902-517f-40dc-af90-a550bac27cf1,5c601d96-e4c7-4698-991b-7ee674b11079
8-26-2026 14:47:59-debug:   Number of all scenes: 1
8-26-2026 14:47:59-debug: Init bundle root assets success..., progress: 0%
8-26-2026 14:47:59-debug:   Number of other assets: 486
8-26-2026 14:47:59-debug:   Number of all scripts: 42
8-26-2026 14:47:59-debug: // ---- build task Query asset bundle ---- (7ms)
8-26-2026 14:47:59-log: run build task Query asset bundle success in 7 ms√, progress: 5%
8-26-2026 14:47:59-debug: [Build Memory track]: Query asset bundle start:225.83MB, end 225.70MB, increase: -127.92KB
8-26-2026 14:47:59-debug: // ---- build task Query asset bundle ----
8-26-2026 14:47:59-debug: Query asset bundle start, progress: 5%
8-26-2026 14:47:59-debug: // ---- build task Query asset bundle ---- (5ms)
8-26-2026 14:47:59-debug: [Build Memory track]: Query asset bundle start:225.74MB, end 225.89MB, increase: 146.82KB
8-26-2026 14:47:59-debug: Sort some build options to settings.json start, progress: 10%
8-26-2026 14:47:59-debug: // ---- build task Sort some build options to settings.json ----
8-26-2026 14:47:59-log: run build task Query asset bundle success in 5 ms√, progress: 10%
8-26-2026 14:47:59-log: run build task Sort some build options to settings.json success in √, progress: 12%
8-26-2026 14:47:59-debug: Fill script data to settings start, progress: 12%
8-26-2026 14:47:59-debug: [Build Memory track]: Sort some build options to settings.json start:225.92MB, end 225.94MB, increase: 20.82KB
8-26-2026 14:47:59-debug: // ---- build task Fill script data to settings ----
8-26-2026 14:47:59-debug: // ---- build task Fill script data to settings ---- (1ms)
8-26-2026 14:47:59-log: run build task Fill script data to settings success in 1 ms√, progress: 13%
8-26-2026 14:47:59-debug: [Build Memory track]: Fill script data to settings start:225.98MB, end 226.02MB, increase: 34.96KB
8-26-2026 14:47:59-debug: // ---- build task Sort some build options to settings.json ----
8-26-2026 14:47:59-debug: Sort some build options to settings.json start, progress: 13%
8-26-2026 14:47:59-debug: // ---- build task Sort some build options to settings.json ---- (5ms)
8-26-2026 14:47:59-debug: [Build Memory track]: Sort some build options to settings.json start:226.06MB, end 226.19MB, increase: 139.68KB
8-26-2026 14:47:59-log: run build task Sort some build options to settings.json success in 5 ms√, progress: 15%
8-26-2026 15:54:24-debug: Query all assets info in project
8-26-2026 15:54:24-debug: init custom config: keepNodeUuid: false, useCache: true
8-26-2026 15:54:24-debug: Skip compress image, progress: 0%
8-26-2026 15:54:24-debug: Init all bundles start..., progress: 0%
8-26-2026 15:54:24-debug: Num of bundles: 2..., progress: 0%
8-26-2026 15:54:24-debug: // ---- build task Query asset bundle ----
8-26-2026 15:54:24-debug: Query asset bundle start, progress: 0%
8-26-2026 15:54:24-debug: Init bundle root assets start..., progress: 0%
8-26-2026 15:54:24-debug: Query preload assets/scripts from cc.config.json: 60f7195c-ec2a-45eb-ba94-8955f60e81d0,1c02ae6f-4492-4915-b8f8-7492a3b1e4cd,810e96e4-e456-4468-9b59-f4e8f39732c0,efe8e2a3-eace-427b-b4f1-cb8a937ec77d,e9aa9a3e-5b2b-4ac7-a2c7-073de2b2b24f,8bbdbcdd-5cd4-4100-b6d5-b7c9625b6107,50f4348b-c883-4e2f-8f11-ce233b859fa1,fda095cb-831d-4601-ad94-846013963de8,f92806d7-1768-443f-afe8-12bcde84d0f0,dd3a144d-ab7f-41f0-82b8-2e43a090d496,f0416e68-0200-4b77-a926-4f9d16e494da,511d2633-09a7-4bdd-ac42-f778032124b3,5d45aa00-e064-4938-b314-4265f0c2258c,9361fd90-ba52-4f84-aa93-6e878fd576ca,970b0598-bcb0-4714-91fb-2e81440dccd8,bcd64cc6-2dd9-43f6-abbe-66318d332032,d930590d-bb92-4cc8-8bd1-23cd027f9edf,a3cd009f-0ab0-420d-9278-b9fdab939bbc,6a2d0734-bd9e-4ddf-946e-caa52498cb75,d9937e59-61fe-4ec6-92ab-7ac5a19c89b0,d1346436-ac96-4271-b863-1f4fdead95b0,971bdb23-3ff6-43eb-b422-1c30165a3663,17debcc3-0a6b-4b8a-b00b-dc58b885581e,711ebe11-f673-4cd9-9a83-63c60ba54c5b,c0143906-9aed-447e-9436-2ae8512d1b6e,14da1725-c4c2-42b4-ab08-ee0aeb6898b3,081cab31-dccd-428e-8652-f2404cc81c47,78e0584a-4343-4727-8f37-e14e65c2a2db,871c3b6c-7379-419d-bda3-794b239ab90d,ff9b0199-ce04-4cfe-86cc-6c719f08d6e4,de1c2107-70c8-4021-8459-6399f24d01c6,cbf30902-517f-40dc-af90-a550bac27cf1,5c601d96-e4c7-4698-991b-7ee674b11079
8-26-2026 15:54:24-debug:   Number of all scenes: 1
8-26-2026 15:54:24-debug:   Number of all scripts: 42
8-26-2026 15:54:24-debug: Init bundle root assets success..., progress: 0%
8-26-2026 15:54:24-debug:   Number of other assets: 486
8-26-2026 15:54:24-debug: // ---- build task Query asset bundle ---- (5ms)
8-26-2026 15:54:24-log: run build task Query asset bundle success in 5 ms√, progress: 5%
8-26-2026 15:54:24-debug: // ---- build task Query asset bundle ----
8-26-2026 15:54:24-debug: [Build Memory track]: Query asset bundle start:226.14MB, end 226.00MB, increase: -146.52KB
8-26-2026 15:54:24-debug: Query asset bundle start, progress: 5%
8-26-2026 15:54:24-debug: // ---- build task Query asset bundle ---- (4ms)
8-26-2026 15:54:24-log: run build task Query asset bundle success in 4 ms√, progress: 10%
8-26-2026 15:54:24-debug: [Build Memory track]: Query asset bundle start:226.04MB, end 225.44MB, increase: -616.03KB
8-26-2026 15:54:24-debug: Sort some build options to settings.json start, progress: 10%
8-26-2026 15:54:24-debug: // ---- build task Sort some build options to settings.json ----
8-26-2026 15:54:24-log: run build task Sort some build options to settings.json success in √, progress: 12%
8-26-2026 15:54:24-debug: [Build Memory track]: Sort some build options to settings.json start:225.48MB, end 225.50MB, increase: 29.63KB
8-26-2026 15:54:24-debug: // ---- build task Fill script data to settings ----
8-26-2026 15:54:24-debug: Fill script data to settings start, progress: 12%
8-26-2026 15:54:24-debug: // ---- build task Fill script data to settings ---- (1ms)
8-26-2026 15:54:24-log: run build task Fill script data to settings success in 1 ms√, progress: 13%
8-26-2026 15:54:24-debug: // ---- build task Sort some build options to settings.json ----
8-26-2026 15:54:24-debug: [Build Memory track]: Fill script data to settings start:225.54MB, end 225.57MB, increase: 32.21KB
8-26-2026 15:54:24-debug: Sort some build options to settings.json start, progress: 13%
8-26-2026 15:54:24-debug: // ---- build task Sort some build options to settings.json ---- (6ms)
8-26-2026 15:54:24-log: run build task Sort some build options to settings.json success in 6 ms√, progress: 15%
8-26-2026 15:54:24-debug: [Build Memory track]: Sort some build options to settings.json start:225.61MB, end 225.74MB, increase: 133.82KB
8-26-2026 16:08:50-debug: refresh db internal success
8-26-2026 16:08:50-debug: %cImport%c: D:\Works\Github\BattleGame\assets\scripts\BattleTelemetry.tsbackground: #aaff85; color: #000;color: #000;
8-26-2026 16:08:50-debug: %cImport%c: D:\Works\Github\BattleGame\assets\scripts\BattleWave.tsbackground: #aaff85; color: #000;color: #000;
8-26-2026 16:08:50-debug: %cImport%c: D:\Works\Github\BattleGame\assets\scripts\GameManager.tsbackground: #aaff85; color: #000;color: #000;
8-26-2026 16:08:50-debug: %cImport%c: D:\Works\Github\BattleGame\assets\scripts\Unit.tsbackground: #aaff85; color: #000;color: #000;
8-26-2026 16:08:50-debug: refresh db assets success
8-26-2026 16:08:50-debug: Run asset db hook engine-extends:afterRefresh ...
8-26-2026 16:08:50-debug: Run asset db hook engine-extends:afterRefresh success!
8-26-2026 16:08:50-debug: asset-db:refresh-all-database (74ms)
8-26-2026 16:08:50-debug: asset-db:worker-effect-data-processing (2ms)
8-26-2026 16:08:50-debug: asset-db-hook-engine-extends-afterRefresh (2ms)
8-26-2026 16:08:54-debug: Query all assets info in project
8-26-2026 16:08:54-debug: init custom config: keepNodeUuid: false, useCache: true
8-26-2026 16:08:54-debug: Skip compress image, progress: 0%
8-26-2026 16:08:54-debug: Init all bundles start..., progress: 0%
8-26-2026 16:08:54-debug: Num of bundles: 2..., progress: 0%
8-26-2026 16:08:54-debug: Query asset bundle start, progress: 0%
8-26-2026 16:08:54-debug: Init bundle root assets start..., progress: 0%
8-26-2026 16:08:54-debug: // ---- build task Query asset bundle ----
8-26-2026 16:08:54-debug: Query preload assets/scripts from cc.config.json: 60f7195c-ec2a-45eb-ba94-8955f60e81d0,1c02ae6f-4492-4915-b8f8-7492a3b1e4cd,810e96e4-e456-4468-9b59-f4e8f39732c0,efe8e2a3-eace-427b-b4f1-cb8a937ec77d,e9aa9a3e-5b2b-4ac7-a2c7-073de2b2b24f,8bbdbcdd-5cd4-4100-b6d5-b7c9625b6107,50f4348b-c883-4e2f-8f11-ce233b859fa1,fda095cb-831d-4601-ad94-846013963de8,f92806d7-1768-443f-afe8-12bcde84d0f0,dd3a144d-ab7f-41f0-82b8-2e43a090d496,f0416e68-0200-4b77-a926-4f9d16e494da,511d2633-09a7-4bdd-ac42-f778032124b3,5d45aa00-e064-4938-b314-4265f0c2258c,9361fd90-ba52-4f84-aa93-6e878fd576ca,970b0598-bcb0-4714-91fb-2e81440dccd8,bcd64cc6-2dd9-43f6-abbe-66318d332032,d930590d-bb92-4cc8-8bd1-23cd027f9edf,a3cd009f-0ab0-420d-9278-b9fdab939bbc,6a2d0734-bd9e-4ddf-946e-caa52498cb75,d9937e59-61fe-4ec6-92ab-7ac5a19c89b0,d1346436-ac96-4271-b863-1f4fdead95b0,971bdb23-3ff6-43eb-b422-1c30165a3663,17debcc3-0a6b-4b8a-b00b-dc58b885581e,711ebe11-f673-4cd9-9a83-63c60ba54c5b,c0143906-9aed-447e-9436-2ae8512d1b6e,14da1725-c4c2-42b4-ab08-ee0aeb6898b3,081cab31-dccd-428e-8652-f2404cc81c47,78e0584a-4343-4727-8f37-e14e65c2a2db,871c3b6c-7379-419d-bda3-794b239ab90d,ff9b0199-ce04-4cfe-86cc-6c719f08d6e4,de1c2107-70c8-4021-8459-6399f24d01c6,cbf30902-517f-40dc-af90-a550bac27cf1,5c601d96-e4c7-4698-991b-7ee674b11079
8-26-2026 16:08:54-debug: Init bundle root assets success..., progress: 0%
8-26-2026 16:08:54-debug:   Number of other assets: 486
8-26-2026 16:08:54-debug:   Number of all scenes: 1
8-26-2026 16:08:54-debug:   Number of all scripts: 42
8-26-2026 16:08:54-debug: // ---- build task Query asset bundle ---- (5ms)
8-26-2026 16:08:54-log: run build task Query asset bundle success in 5 ms√, progress: 5%
8-26-2026 16:08:54-debug: [Build Memory track]: Query asset bundle start:227.82MB, end 227.60MB, increase: -219.54KB
8-26-2026 16:08:54-debug: Query asset bundle start, progress: 5%
8-26-2026 16:08:54-debug: // ---- build task Query asset bundle ----
8-26-2026 16:08:54-debug: // ---- build task Query asset bundle ---- (5ms)
8-26-2026 16:08:54-debug: Sort some build options to settings.json start, progress: 10%
8-26-2026 16:08:54-log: run build task Query asset bundle success in 5 ms√, progress: 10%
8-26-2026 16:08:54-debug: [Build Memory track]: Query asset bundle start:227.64MB, end 227.79MB, increase: 150.58KB
8-26-2026 16:08:54-debug: // ---- build task Sort some build options to settings.json ----
8-26-2026 16:08:54-log: run build task Sort some build options to settings.json success in √, progress: 12%
8-26-2026 16:08:54-debug: [Build Memory track]: Sort some build options to settings.json start:227.83MB, end 227.85MB, increase: 20.82KB
8-26-2026 16:08:54-debug: // ---- build task Fill script data to settings ----
8-26-2026 16:08:54-debug: Fill script data to settings start, progress: 12%
8-26-2026 16:08:54-debug: // ---- build task Fill script data to settings ---- (2ms)
8-26-2026 16:08:54-log: run build task Fill script data to settings success in 2 ms√, progress: 13%
8-26-2026 16:08:54-debug: [Build Memory track]: Fill script data to settings start:227.89MB, end 227.19MB, increase: -717.28KB
8-26-2026 16:08:54-debug: Sort some build options to settings.json start, progress: 13%
8-26-2026 16:08:54-debug: // ---- build task Sort some build options to settings.json ----
8-26-2026 16:08:54-debug: // ---- build task Sort some build options to settings.json ---- (3ms)
8-26-2026 16:08:54-log: run build task Sort some build options to settings.json success in 3 ms√, progress: 15%
8-26-2026 16:08:54-debug: [Build Memory track]: Sort some build options to settings.json start:227.23MB, end 227.40MB, increase: 180.21KB
8-26-2026 16:08:56-debug: %cImport%c: D:\Works\Github\BattleGame\assets\Battle.scenebackground: #aaff85; color: #000;color: #000;
8-26-2026 16:08:57-debug: asset-db:reimport-asset1effe86e-a401-4769-9dbc-62218c68834d (16ms)
8-26-2026 16:08:57-debug: Query all assets info in project
8-26-2026 16:08:57-debug: init custom config: keepNodeUuid: false, useCache: true
8-26-2026 16:08:57-debug: Skip compress image, progress: 0%
8-26-2026 16:08:57-debug: Init all bundles start..., progress: 0%
8-26-2026 16:08:57-debug: Num of bundles: 2..., progress: 0%
8-26-2026 16:08:57-debug: Query asset bundle start, progress: 0%
8-26-2026 16:08:57-debug: Init bundle root assets start..., progress: 0%
8-26-2026 16:08:57-debug: // ---- build task Query asset bundle ----
8-26-2026 16:08:57-debug: Query preload assets/scripts from cc.config.json: 60f7195c-ec2a-45eb-ba94-8955f60e81d0,1c02ae6f-4492-4915-b8f8-7492a3b1e4cd,810e96e4-e456-4468-9b59-f4e8f39732c0,efe8e2a3-eace-427b-b4f1-cb8a937ec77d,e9aa9a3e-5b2b-4ac7-a2c7-073de2b2b24f,8bbdbcdd-5cd4-4100-b6d5-b7c9625b6107,50f4348b-c883-4e2f-8f11-ce233b859fa1,fda095cb-831d-4601-ad94-846013963de8,f92806d7-1768-443f-afe8-12bcde84d0f0,dd3a144d-ab7f-41f0-82b8-2e43a090d496,f0416e68-0200-4b77-a926-4f9d16e494da,511d2633-09a7-4bdd-ac42-f778032124b3,5d45aa00-e064-4938-b314-4265f0c2258c,9361fd90-ba52-4f84-aa93-6e878fd576ca,970b0598-bcb0-4714-91fb-2e81440dccd8,bcd64cc6-2dd9-43f6-abbe-66318d332032,d930590d-bb92-4cc8-8bd1-23cd027f9edf,a3cd009f-0ab0-420d-9278-b9fdab939bbc,6a2d0734-bd9e-4ddf-946e-caa52498cb75,d9937e59-61fe-4ec6-92ab-7ac5a19c89b0,d1346436-ac96-4271-b863-1f4fdead95b0,971bdb23-3ff6-43eb-b422-1c30165a3663,17debcc3-0a6b-4b8a-b00b-dc58b885581e,711ebe11-f673-4cd9-9a83-63c60ba54c5b,c0143906-9aed-447e-9436-2ae8512d1b6e,14da1725-c4c2-42b4-ab08-ee0aeb6898b3,081cab31-dccd-428e-8652-f2404cc81c47,78e0584a-4343-4727-8f37-e14e65c2a2db,871c3b6c-7379-419d-bda3-794b239ab90d,ff9b0199-ce04-4cfe-86cc-6c719f08d6e4,de1c2107-70c8-4021-8459-6399f24d01c6,cbf30902-517f-40dc-af90-a550bac27cf1,5c601d96-e4c7-4698-991b-7ee674b11079
8-26-2026 16:08:57-debug:   Number of all scripts: 42
8-26-2026 16:08:57-debug: Init bundle root assets success..., progress: 0%
8-26-2026 16:08:57-debug:   Number of other assets: 486
8-26-2026 16:08:57-debug:   Number of all scenes: 1
8-26-2026 16:08:57-debug: // ---- build task Query asset bundle ---- (8ms)
8-26-2026 16:08:57-log: run build task Query asset bundle success in 8 ms√, progress: 5%
8-26-2026 16:08:57-debug: [Build Memory track]: Query asset bundle start:229.55MB, end 228.36MB, increase: -1223.95KB
8-26-2026 16:08:57-debug: Query asset bundle start, progress: 5%
8-26-2026 16:08:57-debug: // ---- build task Query asset bundle ----
8-26-2026 16:08:57-log: run build task Query asset bundle success in 4 ms√, progress: 10%
8-26-2026 16:08:57-debug: Sort some build options to settings.json start, progress: 10%
8-26-2026 16:08:57-debug: [Build Memory track]: Query asset bundle start:228.38MB, end 228.52MB, increase: 139.82KB
8-26-2026 16:08:57-debug: // ---- build task Sort some build options to settings.json ----
8-26-2026 16:08:57-debug: // ---- build task Query asset bundle ---- (4ms)
8-26-2026 16:08:57-debug: // ---- build task Sort some build options to settings.json ---- (1ms)
8-26-2026 16:08:57-log: run build task Sort some build options to settings.json success in 1 ms√, progress: 12%
8-26-2026 16:08:57-debug: [Build Memory track]: Sort some build options to settings.json start:227.66MB, end 227.69MB, increase: 30.94KB
8-26-2026 16:08:57-debug: Fill script data to settings start, progress: 12%
8-26-2026 16:08:57-debug: // ---- build task Fill script data to settings ----
8-26-2026 16:08:57-debug: // ---- build task Fill script data to settings ---- (4ms)
8-26-2026 16:08:57-log: run build task Fill script data to settings success in 4 ms√, progress: 13%
8-26-2026 16:08:57-debug: [Build Memory track]: Fill script data to settings start:227.72MB, end 227.75MB, increase: 29.45KB
8-26-2026 16:08:57-debug: Sort some build options to settings.json start, progress: 13%
8-26-2026 16:08:57-debug: // ---- build task Sort some build options to settings.json ----
8-26-2026 16:08:57-debug: // ---- build task Sort some build options to settings.json ---- (5ms)
8-26-2026 16:08:57-log: run build task Sort some build options to settings.json success in 5 ms√, progress: 15%
8-26-2026 16:08:57-debug: [Build Memory track]: Sort some build options to settings.json start:227.78MB, end 227.90MB, increase: 129.10KB
8-26-2026 16:34:37-debug: refresh db internal success
8-26-2026 16:34:37-debug: %cImport%c: D:\Works\Github\BattleGame\assets\scripts\BattleWave.tsbackground: #aaff85; color: #000;color: #000;
8-26-2026 16:34:37-debug: %cImport%c: D:\Works\Github\BattleGame\assets\scripts\Unit.tsbackground: #aaff85; color: #000;color: #000;
8-26-2026 16:34:37-debug: refresh db assets success
8-26-2026 16:34:37-debug: Run asset db hook engine-extends:afterRefresh success!
8-26-2026 16:34:37-debug: Run asset db hook engine-extends:afterRefresh ...
8-26-2026 16:34:37-debug: asset-db:refresh-all-database (87ms)
8-26-2026 16:34:37-debug: asset-db:worker-effect-data-processing (1ms)
8-26-2026 16:34:37-debug: asset-db-hook-engine-extends-afterRefresh (1ms)
8-26-2026 16:34:39-debug: Query all assets info in project
8-26-2026 16:34:39-debug: init custom config: keepNodeUuid: false, useCache: true
8-26-2026 16:34:39-debug: Skip compress image, progress: 0%
8-26-2026 16:34:39-debug: Init all bundles start..., progress: 0%
8-26-2026 16:34:39-debug: // ---- build task Query asset bundle ----
8-26-2026 16:34:39-debug: Init bundle root assets start..., progress: 0%
8-26-2026 16:34:39-debug: Query asset bundle start, progress: 0%
8-26-2026 16:34:39-debug: Num of bundles: 2..., progress: 0%
8-26-2026 16:34:39-debug: Query preload assets/scripts from cc.config.json: 60f7195c-ec2a-45eb-ba94-8955f60e81d0,1c02ae6f-4492-4915-b8f8-7492a3b1e4cd,810e96e4-e456-4468-9b59-f4e8f39732c0,efe8e2a3-eace-427b-b4f1-cb8a937ec77d,e9aa9a3e-5b2b-4ac7-a2c7-073de2b2b24f,8bbdbcdd-5cd4-4100-b6d5-b7c9625b6107,50f4348b-c883-4e2f-8f11-ce233b859fa1,fda095cb-831d-4601-ad94-846013963de8,f92806d7-1768-443f-afe8-12bcde84d0f0,dd3a144d-ab7f-41f0-82b8-2e43a090d496,f0416e68-0200-4b77-a926-4f9d16e494da,511d2633-09a7-4bdd-ac42-f778032124b3,5d45aa00-e064-4938-b314-4265f0c2258c,9361fd90-ba52-4f84-aa93-6e878fd576ca,970b0598-bcb0-4714-91fb-2e81440dccd8,bcd64cc6-2dd9-43f6-abbe-66318d332032,d930590d-bb92-4cc8-8bd1-23cd027f9edf,a3cd009f-0ab0-420d-9278-b9fdab939bbc,6a2d0734-bd9e-4ddf-946e-caa52498cb75,d9937e59-61fe-4ec6-92ab-7ac5a19c89b0,d1346436-ac96-4271-b863-1f4fdead95b0,971bdb23-3ff6-43eb-b422-1c30165a3663,17debcc3-0a6b-4b8a-b00b-dc58b885581e,711ebe11-f673-4cd9-9a83-63c60ba54c5b,c0143906-9aed-447e-9436-2ae8512d1b6e,14da1725-c4c2-42b4-ab08-ee0aeb6898b3,081cab31-dccd-428e-8652-f2404cc81c47,78e0584a-4343-4727-8f37-e14e65c2a2db,871c3b6c-7379-419d-bda3-794b239ab90d,ff9b0199-ce04-4cfe-86cc-6c719f08d6e4,de1c2107-70c8-4021-8459-6399f24d01c6,cbf30902-517f-40dc-af90-a550bac27cf1,5c601d96-e4c7-4698-991b-7ee674b11079
8-26-2026 16:34:39-debug:   Number of other assets: 486
8-26-2026 16:34:39-debug: Init bundle root assets success..., progress: 0%
8-26-2026 16:34:39-debug:   Number of all scenes: 1
8-26-2026 16:34:39-debug:   Number of all scripts: 42
8-26-2026 16:34:39-debug: // ---- build task Query asset bundle ---- (10ms)
8-26-2026 16:34:39-log: run build task Query asset bundle success in 10 ms√, progress: 5%
8-26-2026 16:34:39-debug: [Build Memory track]: Query asset bundle start:230.89MB, end 229.70MB, increase: -1218.03KB
8-26-2026 16:34:39-debug: // ---- build task Query asset bundle ----
8-26-2026 16:34:39-debug: Query asset bundle start, progress: 5%
8-26-2026 16:34:39-debug: // ---- build task Query asset bundle ---- (6ms)
8-26-2026 16:34:39-log: run build task Query asset bundle success in 6 ms√, progress: 10%
8-26-2026 16:34:39-debug: [Build Memory track]: Query asset bundle start:229.73MB, end 229.87MB, increase: 139.75KB
8-26-2026 16:34:39-debug: // ---- build task Sort some build options to settings.json ----
8-26-2026 16:34:39-debug: Sort some build options to settings.json start, progress: 10%
8-26-2026 16:34:39-debug: // ---- build task Sort some build options to settings.json ---- (2ms)
8-26-2026 16:34:39-log: run build task Sort some build options to settings.json success in 2 ms√, progress: 12%
8-26-2026 16:34:39-debug: [Build Memory track]: Sort some build options to settings.json start:229.90MB, end 229.92MB, increase: 27.54KB
8-26-2026 16:34:39-debug: Fill script data to settings start, progress: 12%
8-26-2026 16:34:39-debug: // ---- build task Fill script data to settings ----
8-26-2026 16:34:39-debug: // ---- build task Fill script data to settings ---- (2ms)
8-26-2026 16:34:39-log: run build task Fill script data to settings success in 2 ms√, progress: 13%
8-26-2026 16:34:39-debug: Sort some build options to settings.json start, progress: 13%
8-26-2026 16:34:39-debug: [Build Memory track]: Fill script data to settings start:229.95MB, end 229.98MB, increase: 25.98KB
8-26-2026 16:34:39-debug: // ---- build task Sort some build options to settings.json ----
8-26-2026 16:34:39-debug: // ---- build task Sort some build options to settings.json ---- (7ms)
8-26-2026 16:34:39-log: run build task Sort some build options to settings.json success in 7 ms√, progress: 15%
8-26-2026 16:34:39-debug: [Build Memory track]: Sort some build options to settings.json start:230.01MB, end 230.13MB, increase: 126.27KB
8-26-2026 16:34:44-debug: %cImport%c: D:\Works\Github\BattleGame\assets\Battle.scenebackground: #aaff85; color: #000;color: #000;
8-26-2026 16:34:44-debug: asset-db:reimport-asset1effe86e-a401-4769-9dbc-62218c68834d (16ms)
8-26-2026 16:34:45-debug: Query all assets info in project
8-26-2026 16:34:45-debug: init custom config: keepNodeUuid: false, useCache: true
8-26-2026 16:34:45-debug: Skip compress image, progress: 0%
8-26-2026 16:34:45-debug: Init all bundles start..., progress: 0%
8-26-2026 16:34:45-debug: Num of bundles: 2..., progress: 0%
8-26-2026 16:34:45-debug: Query asset bundle start, progress: 0%
8-26-2026 16:34:45-debug: // ---- build task Query asset bundle ----
8-26-2026 16:34:45-debug: Init bundle root assets start..., progress: 0%
8-26-2026 16:34:45-debug: Query preload assets/scripts from cc.config.json: 60f7195c-ec2a-45eb-ba94-8955f60e81d0,1c02ae6f-4492-4915-b8f8-7492a3b1e4cd,810e96e4-e456-4468-9b59-f4e8f39732c0,efe8e2a3-eace-427b-b4f1-cb8a937ec77d,e9aa9a3e-5b2b-4ac7-a2c7-073de2b2b24f,8bbdbcdd-5cd4-4100-b6d5-b7c9625b6107,50f4348b-c883-4e2f-8f11-ce233b859fa1,fda095cb-831d-4601-ad94-846013963de8,f92806d7-1768-443f-afe8-12bcde84d0f0,dd3a144d-ab7f-41f0-82b8-2e43a090d496,f0416e68-0200-4b77-a926-4f9d16e494da,511d2633-09a7-4bdd-ac42-f778032124b3,5d45aa00-e064-4938-b314-4265f0c2258c,9361fd90-ba52-4f84-aa93-6e878fd576ca,970b0598-bcb0-4714-91fb-2e81440dccd8,bcd64cc6-2dd9-43f6-abbe-66318d332032,d930590d-bb92-4cc8-8bd1-23cd027f9edf,a3cd009f-0ab0-420d-9278-b9fdab939bbc,6a2d0734-bd9e-4ddf-946e-caa52498cb75,d9937e59-61fe-4ec6-92ab-7ac5a19c89b0,d1346436-ac96-4271-b863-1f4fdead95b0,971bdb23-3ff6-43eb-b422-1c30165a3663,17debcc3-0a6b-4b8a-b00b-dc58b885581e,711ebe11-f673-4cd9-9a83-63c60ba54c5b,c0143906-9aed-447e-9436-2ae8512d1b6e,14da1725-c4c2-42b4-ab08-ee0aeb6898b3,081cab31-dccd-428e-8652-f2404cc81c47,78e0584a-4343-4727-8f37-e14e65c2a2db,871c3b6c-7379-419d-bda3-794b239ab90d,ff9b0199-ce04-4cfe-86cc-6c719f08d6e4,de1c2107-70c8-4021-8459-6399f24d01c6,cbf30902-517f-40dc-af90-a550bac27cf1,5c601d96-e4c7-4698-991b-7ee674b11079
8-26-2026 16:34:45-debug:   Number of all scenes: 1
8-26-2026 16:34:45-debug:   Number of all scripts: 42
8-26-2026 16:34:45-debug: Init bundle root assets success..., progress: 0%
8-26-2026 16:34:45-debug:   Number of other assets: 486
8-26-2026 16:34:45-debug: // ---- build task Query asset bundle ---- (6ms)
8-26-2026 16:34:45-log: run build task Query asset bundle success in 6 ms√, progress: 5%
8-26-2026 16:34:45-debug: [Build Memory track]: Query asset bundle start:231.76MB, end 230.22MB, increase: -1575.91KB
8-26-2026 16:34:45-debug: Query asset bundle start, progress: 5%
8-26-2026 16:34:45-debug: // ---- build task Query asset bundle ----
8-26-2026 16:34:45-debug: // ---- build task Query asset bundle ---- (2ms)
8-26-2026 16:34:45-debug: [Build Memory track]: Query asset bundle start:230.25MB, end 230.40MB, increase: 147.59KB
8-26-2026 16:34:45-log: run build task Query asset bundle success in 2 ms√, progress: 10%
8-26-2026 16:34:45-debug: Sort some build options to settings.json start, progress: 10%
8-26-2026 16:34:45-debug: // ---- build task Sort some build options to settings.json ----
8-26-2026 16:34:45-debug: // ---- build task Sort some build options to settings.json ---- (1ms)
8-26-2026 16:34:45-log: run build task Sort some build options to settings.json success in 1 ms√, progress: 12%
8-26-2026 16:34:45-debug: Fill script data to settings start, progress: 12%
8-26-2026 16:34:45-debug: [Build Memory track]: Sort some build options to settings.json start:230.42MB, end 230.46MB, increase: 32.23KB
8-26-2026 16:34:45-debug: // ---- build task Fill script data to settings ----
8-26-2026 16:34:45-debug: // ---- build task Fill script data to settings ---- (1ms)
8-26-2026 16:34:45-log: run build task Fill script data to settings success in 1 ms√, progress: 13%
8-26-2026 16:34:45-debug: [Build Memory track]: Fill script data to settings start:230.48MB, end 230.51MB, increase: 25.96KB
8-26-2026 16:34:45-debug: Sort some build options to settings.json start, progress: 13%
8-26-2026 16:34:45-debug: // ---- build task Sort some build options to settings.json ----
8-26-2026 16:34:45-debug: // ---- build task Sort some build options to settings.json ---- (3ms)
8-26-2026 16:34:45-log: run build task Sort some build options to settings.json success in 3 ms√, progress: 15%
8-26-2026 16:34:45-debug: [Build Memory track]: Sort some build options to settings.json start:230.54MB, end 230.67MB, increase: 131.23KB
8-26-2026 16:36:36-debug: refresh db internal success
8-26-2026 16:36:36-debug: refresh db assets success
8-26-2026 16:36:36-debug: Run asset db hook engine-extends:afterRefresh ...
8-26-2026 16:36:36-debug: Run asset db hook engine-extends:afterRefresh success!
8-26-2026 16:36:36-debug: asset-db:refresh-all-database (52ms)
8-26-2026 16:36:36-debug: asset-db-hook-engine-extends-afterRefresh (1ms)
8-26-2026 16:43:11-debug: refresh db internal success
8-26-2026 16:43:11-debug: %cImport%c: D:\Works\Github\BattleGame\assets\scripts\GameManager.tsbackground: #aaff85; color: #000;color: #000;
8-26-2026 16:43:11-debug: refresh db assets success
8-26-2026 16:43:11-debug: Run asset db hook engine-extends:afterRefresh success!
8-26-2026 16:43:11-debug: Run asset db hook engine-extends:afterRefresh ...
8-26-2026 16:43:11-debug: asset-db:refresh-all-database (55ms)
8-26-2026 16:43:11-debug: asset-db:worker-effect-data-processing (1ms)
8-26-2026 16:43:11-debug: asset-db-hook-engine-extends-afterRefresh (1ms)
8-26-2026 16:43:13-debug: Query all assets info in project
8-26-2026 16:43:13-debug: init custom config: keepNodeUuid: false, useCache: true
8-26-2026 16:43:13-debug: Skip compress image, progress: 0%
8-26-2026 16:43:13-debug: Num of bundles: 2..., progress: 0%
8-26-2026 16:43:13-debug: Init all bundles start..., progress: 0%
8-26-2026 16:43:13-debug: Query asset bundle start, progress: 0%
8-26-2026 16:43:13-debug: Init bundle root assets start..., progress: 0%
8-26-2026 16:43:13-debug: // ---- build task Query asset bundle ----
8-26-2026 16:43:13-debug: Query preload assets/scripts from cc.config.json: 60f7195c-ec2a-45eb-ba94-8955f60e81d0,1c02ae6f-4492-4915-b8f8-7492a3b1e4cd,810e96e4-e456-4468-9b59-f4e8f39732c0,efe8e2a3-eace-427b-b4f1-cb8a937ec77d,e9aa9a3e-5b2b-4ac7-a2c7-073de2b2b24f,8bbdbcdd-5cd4-4100-b6d5-b7c9625b6107,50f4348b-c883-4e2f-8f11-ce233b859fa1,fda095cb-831d-4601-ad94-846013963de8,f92806d7-1768-443f-afe8-12bcde84d0f0,dd3a144d-ab7f-41f0-82b8-2e43a090d496,f0416e68-0200-4b77-a926-4f9d16e494da,511d2633-09a7-4bdd-ac42-f778032124b3,5d45aa00-e064-4938-b314-4265f0c2258c,9361fd90-ba52-4f84-aa93-6e878fd576ca,970b0598-bcb0-4714-91fb-2e81440dccd8,bcd64cc6-2dd9-43f6-abbe-66318d332032,d930590d-bb92-4cc8-8bd1-23cd027f9edf,a3cd009f-0ab0-420d-9278-b9fdab939bbc,6a2d0734-bd9e-4ddf-946e-caa52498cb75,d9937e59-61fe-4ec6-92ab-7ac5a19c89b0,d1346436-ac96-4271-b863-1f4fdead95b0,971bdb23-3ff6-43eb-b422-1c30165a3663,17debcc3-0a6b-4b8a-b00b-dc58b885581e,711ebe11-f673-4cd9-9a83-63c60ba54c5b,c0143906-9aed-447e-9436-2ae8512d1b6e,14da1725-c4c2-42b4-ab08-ee0aeb6898b3,081cab31-dccd-428e-8652-f2404cc81c47,78e0584a-4343-4727-8f37-e14e65c2a2db,871c3b6c-7379-419d-bda3-794b239ab90d,ff9b0199-ce04-4cfe-86cc-6c719f08d6e4,de1c2107-70c8-4021-8459-6399f24d01c6,cbf30902-517f-40dc-af90-a550bac27cf1,5c601d96-e4c7-4698-991b-7ee674b11079
8-26-2026 16:43:13-debug:   Number of all scenes: 1
8-26-2026 16:43:13-debug:   Number of all scripts: 42
8-26-2026 16:43:13-debug:   Number of other assets: 486
8-26-2026 16:43:13-debug: Init bundle root assets success..., progress: 0%
8-26-2026 16:43:13-debug: // ---- build task Query asset bundle ---- (8ms)
8-26-2026 16:43:13-debug: [Build Memory track]: Query asset bundle start:232.95MB, end 232.75MB, increase: -213.77KB
8-26-2026 16:43:13-debug: Query asset bundle start, progress: 5%
8-26-2026 16:43:13-debug: // ---- build task Query asset bundle ----
8-26-2026 16:43:13-log: run build task Query asset bundle success in 8 ms√, progress: 5%
8-26-2026 16:43:13-debug: // ---- build task Query asset bundle ---- (5ms)
8-26-2026 16:43:13-debug: [Build Memory track]: Query asset bundle start:232.77MB, end 232.91MB, increase: 139.86KB
8-26-2026 16:43:13-debug: Sort some build options to settings.json start, progress: 10%
8-26-2026 16:43:13-log: run build task Query asset bundle success in 5 ms√, progress: 10%
8-26-2026 16:43:13-debug: // ---- build task Sort some build options to settings.json ----
8-26-2026 16:43:13-log: run build task Sort some build options to settings.json success in √, progress: 12%
8-26-2026 16:43:13-debug: [Build Memory track]: Sort some build options to settings.json start:232.94MB, end 232.96MB, increase: 16.30KB
8-26-2026 16:43:13-debug: Fill script data to settings start, progress: 12%
8-26-2026 16:43:13-debug: // ---- build task Fill script data to settings ----
8-26-2026 16:43:13-debug: // ---- build task Fill script data to settings ---- (1ms)
8-26-2026 16:43:13-log: run build task Fill script data to settings success in 1 ms√, progress: 13%
8-26-2026 16:43:13-debug: [Build Memory track]: Fill script data to settings start:232.98MB, end 233.01MB, increase: 28.22KB
8-26-2026 16:43:13-debug: // ---- build task Sort some build options to settings.json ----
8-26-2026 16:43:13-debug: Sort some build options to settings.json start, progress: 13%
8-26-2026 16:43:13-debug: // ---- build task Sort some build options to settings.json ---- (7ms)
8-26-2026 16:43:13-log: run build task Sort some build options to settings.json success in 7 ms√, progress: 15%
8-26-2026 16:43:13-debug: [Build Memory track]: Sort some build options to settings.json start:233.04MB, end 233.17MB, increase: 131.91KB
8-26-2026 16:43:17-debug: %cImport%c: D:\Works\Github\BattleGame\assets\Battle.scenebackground: #aaff85; color: #000;color: #000;
8-26-2026 16:43:17-debug: asset-db:reimport-asset1effe86e-a401-4769-9dbc-62218c68834d (10ms)
8-26-2026 16:43:18-debug: Query all assets info in project
8-26-2026 16:43:18-debug: Skip compress image, progress: 0%
8-26-2026 16:43:18-debug: init custom config: keepNodeUuid: false, useCache: true
8-26-2026 16:43:18-debug: Init all bundles start..., progress: 0%
8-26-2026 16:43:18-debug: // ---- build task Query asset bundle ----
8-26-2026 16:43:18-debug: Init bundle root assets start..., progress: 0%
8-26-2026 16:43:18-debug: Num of bundles: 2..., progress: 0%
8-26-2026 16:43:18-debug: Query asset bundle start, progress: 0%
8-26-2026 16:43:18-debug: Query preload assets/scripts from cc.config.json: 60f7195c-ec2a-45eb-ba94-8955f60e81d0,1c02ae6f-4492-4915-b8f8-7492a3b1e4cd,810e96e4-e456-4468-9b59-f4e8f39732c0,efe8e2a3-eace-427b-b4f1-cb8a937ec77d,e9aa9a3e-5b2b-4ac7-a2c7-073de2b2b24f,8bbdbcdd-5cd4-4100-b6d5-b7c9625b6107,50f4348b-c883-4e2f-8f11-ce233b859fa1,fda095cb-831d-4601-ad94-846013963de8,f92806d7-1768-443f-afe8-12bcde84d0f0,dd3a144d-ab7f-41f0-82b8-2e43a090d496,f0416e68-0200-4b77-a926-4f9d16e494da,511d2633-09a7-4bdd-ac42-f778032124b3,5d45aa00-e064-4938-b314-4265f0c2258c,9361fd90-ba52-4f84-aa93-6e878fd576ca,970b0598-bcb0-4714-91fb-2e81440dccd8,bcd64cc6-2dd9-43f6-abbe-66318d332032,d930590d-bb92-4cc8-8bd1-23cd027f9edf,a3cd009f-0ab0-420d-9278-b9fdab939bbc,6a2d0734-bd9e-4ddf-946e-caa52498cb75,d9937e59-61fe-4ec6-92ab-7ac5a19c89b0,d1346436-ac96-4271-b863-1f4fdead95b0,971bdb23-3ff6-43eb-b422-1c30165a3663,17debcc3-0a6b-4b8a-b00b-dc58b885581e,711ebe11-f673-4cd9-9a83-63c60ba54c5b,c0143906-9aed-447e-9436-2ae8512d1b6e,14da1725-c4c2-42b4-ab08-ee0aeb6898b3,081cab31-dccd-428e-8652-f2404cc81c47,78e0584a-4343-4727-8f37-e14e65c2a2db,871c3b6c-7379-419d-bda3-794b239ab90d,ff9b0199-ce04-4cfe-86cc-6c719f08d6e4,de1c2107-70c8-4021-8459-6399f24d01c6,cbf30902-517f-40dc-af90-a550bac27cf1,5c601d96-e4c7-4698-991b-7ee674b11079
8-26-2026 16:43:18-debug:   Number of other assets: 486
8-26-2026 16:43:18-debug:   Number of all scenes: 1
8-26-2026 16:43:18-debug:   Number of all scripts: 42
8-26-2026 16:43:18-debug: Init bundle root assets success..., progress: 0%
8-26-2026 16:43:18-debug: // ---- build task Query asset bundle ---- (9ms)
8-26-2026 16:43:18-debug: Query asset bundle start, progress: 5%
8-26-2026 16:43:18-log: run build task Query asset bundle success in 9 ms√, progress: 5%
8-26-2026 16:43:18-debug: [Build Memory track]: Query asset bundle start:233.21MB, end 233.02MB, increase: -190.49KB
8-26-2026 16:43:18-debug: // ---- build task Query asset bundle ----
8-26-2026 16:43:18-debug: // ---- build task Query asset bundle ---- (5ms)
8-26-2026 16:43:18-debug: [Build Memory track]: Query asset bundle start:233.05MB, end 233.19MB, increase: 141.53KB
8-26-2026 16:43:18-debug: Sort some build options to settings.json start, progress: 10%
8-26-2026 16:43:18-log: run build task Query asset bundle success in 5 ms√, progress: 10%
8-26-2026 16:43:18-debug: // ---- build task Sort some build options to settings.json ----
8-26-2026 16:43:18-debug: // ---- build task Sort some build options to settings.json ---- (4ms)
8-26-2026 16:43:18-log: run build task Sort some build options to settings.json success in 4 ms√, progress: 12%
8-26-2026 16:43:18-debug: [Build Memory track]: Sort some build options to settings.json start:233.22MB, end 233.25MB, increase: 30.75KB
8-26-2026 16:43:18-debug: Fill script data to settings start, progress: 12%
8-26-2026 16:43:18-debug: // ---- build task Fill script data to settings ----
8-26-2026 16:43:18-debug: // ---- build task Fill script data to settings ---- (3ms)
8-26-2026 16:43:18-log: run build task Fill script data to settings success in 3 ms√, progress: 13%
8-26-2026 16:43:18-debug: [Build Memory track]: Fill script data to settings start:233.28MB, end 233.31MB, increase: 28.82KB
8-26-2026 16:43:18-debug: // ---- build task Sort some build options to settings.json ----
8-26-2026 16:43:18-debug: Sort some build options to settings.json start, progress: 13%
8-26-2026 16:43:18-debug: // ---- build task Sort some build options to settings.json ---- (6ms)
8-26-2026 16:43:18-log: run build task Sort some build options to settings.json success in 6 ms√, progress: 15%
8-26-2026 16:43:18-debug: [Build Memory track]: Sort some build options to settings.json start:233.33MB, end 233.46MB, increase: 126.71KB
8-26-2026 16:52:47-debug: refresh db internal success
8-26-2026 16:52:47-debug: %cImport%c: D:\Works\Github\BattleGame\assets\scripts\GameManager.tsbackground: #aaff85; color: #000;color: #000;
8-26-2026 16:52:47-debug: %cImport%c: D:\Works\Github\BattleGame\assets\scripts\Unit.tsbackground: #aaff85; color: #000;color: #000;
8-26-2026 16:52:47-debug: refresh db assets success
8-26-2026 16:52:47-debug: Run asset db hook engine-extends:afterRefresh ...
8-26-2026 16:52:47-debug: Run asset db hook engine-extends:afterRefresh success!
8-26-2026 16:52:47-debug: asset-db:refresh-all-database (56ms)
8-26-2026 16:52:47-debug: asset-db:worker-effect-data-processing (1ms)
8-26-2026 16:52:47-debug: asset-db-hook-engine-extends-afterRefresh (1ms)
8-26-2026 16:52:50-debug: Query all assets info in project
8-26-2026 16:52:50-debug: init custom config: keepNodeUuid: false, useCache: true
8-26-2026 16:52:50-debug: Skip compress image, progress: 0%
8-26-2026 16:52:50-debug: Init all bundles start..., progress: 0%
8-26-2026 16:52:50-debug: Query asset bundle start, progress: 0%
8-26-2026 16:52:50-debug: // ---- build task Query asset bundle ----
8-26-2026 16:52:50-debug: Init bundle root assets start..., progress: 0%
8-26-2026 16:52:50-debug: Num of bundles: 2..., progress: 0%
8-26-2026 16:52:50-debug: Query preload assets/scripts from cc.config.json: 60f7195c-ec2a-45eb-ba94-8955f60e81d0,1c02ae6f-4492-4915-b8f8-7492a3b1e4cd,810e96e4-e456-4468-9b59-f4e8f39732c0,efe8e2a3-eace-427b-b4f1-cb8a937ec77d,e9aa9a3e-5b2b-4ac7-a2c7-073de2b2b24f,8bbdbcdd-5cd4-4100-b6d5-b7c9625b6107,50f4348b-c883-4e2f-8f11-ce233b859fa1,fda095cb-831d-4601-ad94-846013963de8,f92806d7-1768-443f-afe8-12bcde84d0f0,dd3a144d-ab7f-41f0-82b8-2e43a090d496,f0416e68-0200-4b77-a926-4f9d16e494da,511d2633-09a7-4bdd-ac42-f778032124b3,5d45aa00-e064-4938-b314-4265f0c2258c,9361fd90-ba52-4f84-aa93-6e878fd576ca,970b0598-bcb0-4714-91fb-2e81440dccd8,bcd64cc6-2dd9-43f6-abbe-66318d332032,d930590d-bb92-4cc8-8bd1-23cd027f9edf,a3cd009f-0ab0-420d-9278-b9fdab939bbc,6a2d0734-bd9e-4ddf-946e-caa52498cb75,d9937e59-61fe-4ec6-92ab-7ac5a19c89b0,d1346436-ac96-4271-b863-1f4fdead95b0,971bdb23-3ff6-43eb-b422-1c30165a3663,17debcc3-0a6b-4b8a-b00b-dc58b885581e,711ebe11-f673-4cd9-9a83-63c60ba54c5b,c0143906-9aed-447e-9436-2ae8512d1b6e,14da1725-c4c2-42b4-ab08-ee0aeb6898b3,081cab31-dccd-428e-8652-f2404cc81c47,78e0584a-4343-4727-8f37-e14e65c2a2db,871c3b6c-7379-419d-bda3-794b239ab90d,ff9b0199-ce04-4cfe-86cc-6c719f08d6e4,de1c2107-70c8-4021-8459-6399f24d01c6,cbf30902-517f-40dc-af90-a550bac27cf1,5c601d96-e4c7-4698-991b-7ee674b11079
8-26-2026 16:52:50-debug:   Number of all scenes: 1
8-26-2026 16:52:50-debug:   Number of all scripts: 42
8-26-2026 16:52:50-debug:   Number of other assets: 486
8-26-2026 16:52:50-debug: Init bundle root assets success..., progress: 0%
8-26-2026 16:52:50-debug: // ---- build task Query asset bundle ---- (4ms)
8-26-2026 16:52:50-log: run build task Query asset bundle success in 4 ms√, progress: 5%
8-26-2026 16:52:50-debug: [Build Memory track]: Query asset bundle start:234.16MB, end 234.07MB, increase: -89.25KB
8-26-2026 16:52:50-debug: Query asset bundle start, progress: 5%
8-26-2026 16:52:50-debug: // ---- build task Query asset bundle ----
8-26-2026 16:52:50-debug: // ---- build task Query asset bundle ---- (4ms)
8-26-2026 16:52:50-log: run build task Query asset bundle success in 4 ms√, progress: 10%
8-26-2026 16:52:50-debug: [Build Memory track]: Query asset bundle start:234.10MB, end 234.24MB, increase: 142.03KB
8-26-2026 16:52:50-debug: Sort some build options to settings.json start, progress: 10%
8-26-2026 16:52:50-debug: // ---- build task Sort some build options to settings.json ----
8-26-2026 16:52:50-log: run build task Sort some build options to settings.json success in √, progress: 12%
8-26-2026 16:52:50-debug: [Build Memory track]: Sort some build options to settings.json start:234.26MB, end 234.28MB, increase: 16.59KB
8-26-2026 16:52:50-debug: // ---- build task Fill script data to settings ----
8-26-2026 16:52:50-debug: Fill script data to settings start, progress: 12%
8-26-2026 16:52:50-debug: // ---- build task Fill script data to settings ---- (1ms)
8-26-2026 16:52:50-log: run build task Fill script data to settings success in 1 ms√, progress: 13%
8-26-2026 16:52:50-debug: [Build Memory track]: Fill script data to settings start:234.31MB, end 234.34MB, increase: 28.17KB
8-26-2026 16:52:50-debug: // ---- build task Sort some build options to settings.json ----
8-26-2026 16:52:50-debug: Sort some build options to settings.json start, progress: 13%
8-26-2026 16:52:50-debug: // ---- build task Sort some build options to settings.json ---- (3ms)
8-26-2026 16:52:50-log: run build task Sort some build options to settings.json success in 3 ms√, progress: 15%
8-26-2026 16:52:50-debug: [Build Memory track]: Sort some build options to settings.json start:234.36MB, end 234.49MB, increase: 126.46KB
8-26-2026 16:52:52-debug: %cImport%c: D:\Works\Github\BattleGame\assets\Battle.scenebackground: #aaff85; color: #000;color: #000;
8-26-2026 16:52:52-debug: asset-db:reimport-asset1effe86e-a401-4769-9dbc-62218c68834d (14ms)
8-26-2026 16:52:53-debug: Query all assets info in project
8-26-2026 16:52:53-debug: init custom config: keepNodeUuid: false, useCache: true
8-26-2026 16:52:53-debug: Skip compress image, progress: 0%
8-26-2026 16:52:53-debug: Init all bundles start..., progress: 0%
8-26-2026 16:52:53-debug: Num of bundles: 2..., progress: 0%
8-26-2026 16:52:53-debug: Query asset bundle start, progress: 0%
8-26-2026 16:52:53-debug: // ---- build task Query asset bundle ----
8-26-2026 16:52:53-debug: Init bundle root assets start..., progress: 0%
8-26-2026 16:52:53-debug: Query preload assets/scripts from cc.config.json: 60f7195c-ec2a-45eb-ba94-8955f60e81d0,1c02ae6f-4492-4915-b8f8-7492a3b1e4cd,810e96e4-e456-4468-9b59-f4e8f39732c0,efe8e2a3-eace-427b-b4f1-cb8a937ec77d,e9aa9a3e-5b2b-4ac7-a2c7-073de2b2b24f,8bbdbcdd-5cd4-4100-b6d5-b7c9625b6107,50f4348b-c883-4e2f-8f11-ce233b859fa1,fda095cb-831d-4601-ad94-846013963de8,f92806d7-1768-443f-afe8-12bcde84d0f0,dd3a144d-ab7f-41f0-82b8-2e43a090d496,f0416e68-0200-4b77-a926-4f9d16e494da,511d2633-09a7-4bdd-ac42-f778032124b3,5d45aa00-e064-4938-b314-4265f0c2258c,9361fd90-ba52-4f84-aa93-6e878fd576ca,970b0598-bcb0-4714-91fb-2e81440dccd8,bcd64cc6-2dd9-43f6-abbe-66318d332032,d930590d-bb92-4cc8-8bd1-23cd027f9edf,a3cd009f-0ab0-420d-9278-b9fdab939bbc,6a2d0734-bd9e-4ddf-946e-caa52498cb75,d9937e59-61fe-4ec6-92ab-7ac5a19c89b0,d1346436-ac96-4271-b863-1f4fdead95b0,971bdb23-3ff6-43eb-b422-1c30165a3663,17debcc3-0a6b-4b8a-b00b-dc58b885581e,711ebe11-f673-4cd9-9a83-63c60ba54c5b,c0143906-9aed-447e-9436-2ae8512d1b6e,14da1725-c4c2-42b4-ab08-ee0aeb6898b3,081cab31-dccd-428e-8652-f2404cc81c47,78e0584a-4343-4727-8f37-e14e65c2a2db,871c3b6c-7379-419d-bda3-794b239ab90d,ff9b0199-ce04-4cfe-86cc-6c719f08d6e4,de1c2107-70c8-4021-8459-6399f24d01c6,cbf30902-517f-40dc-af90-a550bac27cf1,5c601d96-e4c7-4698-991b-7ee674b11079
8-26-2026 16:52:53-debug:   Number of all scenes: 1
8-26-2026 16:52:53-debug:   Number of all scripts: 42
8-26-2026 16:52:53-debug: Init bundle root assets success..., progress: 0%
8-26-2026 16:52:53-debug:   Number of other assets: 486
8-26-2026 16:52:53-debug: // ---- build task Query asset bundle ---- (6ms)
8-26-2026 16:52:53-log: run build task Query asset bundle success in 6 ms√, progress: 5%
8-26-2026 16:52:53-debug: [Build Memory track]: Query asset bundle start:234.63MB, end 234.44MB, increase: -195.54KB
8-26-2026 16:52:53-debug: Query asset bundle start, progress: 5%
8-26-2026 16:52:53-debug: // ---- build task Query asset bundle ----
8-26-2026 16:52:53-debug: // ---- build task Query asset bundle ---- (4ms)
8-26-2026 16:52:53-debug: Sort some build options to settings.json start, progress: 10%
8-26-2026 16:52:53-debug: [Build Memory track]: Query asset bundle start:234.47MB, end 234.60MB, increase: 139.78KB
8-26-2026 16:52:53-log: run build task Query asset bundle success in 4 ms√, progress: 10%
8-26-2026 16:52:53-debug: // ---- build task Sort some build options to settings.json ----
8-26-2026 16:52:53-debug: // ---- build task Sort some build options to settings.json ---- (1ms)
8-26-2026 16:52:53-log: run build task Sort some build options to settings.json success in 1 ms√, progress: 12%
8-26-2026 16:52:53-debug: [Build Memory track]: Sort some build options to settings.json start:234.63MB, end 234.66MB, increase: 29.03KB
8-26-2026 16:52:53-debug: Fill script data to settings start, progress: 12%
8-26-2026 16:52:53-debug: // ---- build task Fill script data to settings ----
8-26-2026 16:52:53-debug: // ---- build task Fill script data to settings ---- (1ms)
8-26-2026 16:52:53-log: run build task Fill script data to settings success in 1 ms√, progress: 13%
8-26-2026 16:52:53-debug: [Build Memory track]: Fill script data to settings start:234.69MB, end 234.71MB, increase: 25.86KB
8-26-2026 16:52:53-debug: Sort some build options to settings.json start, progress: 13%
8-26-2026 16:52:53-debug: // ---- build task Sort some build options to settings.json ----
8-26-2026 16:52:53-debug: // ---- build task Sort some build options to settings.json ---- (5ms)
8-26-2026 16:52:53-log: run build task Sort some build options to settings.json success in 5 ms√, progress: 15%
8-26-2026 16:52:53-debug: [Build Memory track]: Sort some build options to settings.json start:234.74MB, end 234.86MB, increase: 126.48KB
8-26-2026 18:37:20-debug: refresh db internal success
8-26-2026 18:37:20-debug: %cImport%c: D:\Works\Github\BattleGame\assets\scripts\BattleWave.tsbackground: #aaff85; color: #000;color: #000;
8-26-2026 18:37:20-debug: %cImport%c: D:\Works\Github\BattleGame\assets\scripts\GameManager.tsbackground: #aaff85; color: #000;color: #000;
8-26-2026 18:37:20-debug: refresh db assets success
8-26-2026 18:37:20-debug: Run asset db hook engine-extends:afterRefresh ...
8-26-2026 18:37:20-debug: Run asset db hook engine-extends:afterRefresh success!
8-26-2026 18:37:20-debug: asset-db:refresh-all-database (86ms)
8-26-2026 18:37:20-debug: asset-db-hook-engine-extends-afterRefresh (1ms)
8-26-2026 18:37:20-debug: asset-db:worker-effect-data-processing (1ms)
8-26-2026 18:37:22-debug: Query all assets info in project
8-26-2026 18:37:22-debug: init custom config: keepNodeUuid: false, useCache: true
8-26-2026 18:37:22-debug: Skip compress image, progress: 0%
8-26-2026 18:37:22-debug: Init all bundles start..., progress: 0%
8-26-2026 18:37:22-debug: Num of bundles: 2..., progress: 0%
8-26-2026 18:37:22-debug: Query asset bundle start, progress: 0%
8-26-2026 18:37:22-debug: // ---- build task Query asset bundle ----
8-26-2026 18:37:22-debug: Init bundle root assets start..., progress: 0%
8-26-2026 18:37:22-debug: Query preload assets/scripts from cc.config.json: 60f7195c-ec2a-45eb-ba94-8955f60e81d0,1c02ae6f-4492-4915-b8f8-7492a3b1e4cd,810e96e4-e456-4468-9b59-f4e8f39732c0,efe8e2a3-eace-427b-b4f1-cb8a937ec77d,e9aa9a3e-5b2b-4ac7-a2c7-073de2b2b24f,8bbdbcdd-5cd4-4100-b6d5-b7c9625b6107,50f4348b-c883-4e2f-8f11-ce233b859fa1,fda095cb-831d-4601-ad94-846013963de8,f92806d7-1768-443f-afe8-12bcde84d0f0,dd3a144d-ab7f-41f0-82b8-2e43a090d496,f0416e68-0200-4b77-a926-4f9d16e494da,511d2633-09a7-4bdd-ac42-f778032124b3,5d45aa00-e064-4938-b314-4265f0c2258c,9361fd90-ba52-4f84-aa93-6e878fd576ca,970b0598-bcb0-4714-91fb-2e81440dccd8,bcd64cc6-2dd9-43f6-abbe-66318d332032,d930590d-bb92-4cc8-8bd1-23cd027f9edf,a3cd009f-0ab0-420d-9278-b9fdab939bbc,6a2d0734-bd9e-4ddf-946e-caa52498cb75,d9937e59-61fe-4ec6-92ab-7ac5a19c89b0,d1346436-ac96-4271-b863-1f4fdead95b0,971bdb23-3ff6-43eb-b422-1c30165a3663,17debcc3-0a6b-4b8a-b00b-dc58b885581e,711ebe11-f673-4cd9-9a83-63c60ba54c5b,c0143906-9aed-447e-9436-2ae8512d1b6e,14da1725-c4c2-42b4-ab08-ee0aeb6898b3,081cab31-dccd-428e-8652-f2404cc81c47,78e0584a-4343-4727-8f37-e14e65c2a2db,871c3b6c-7379-419d-bda3-794b239ab90d,ff9b0199-ce04-4cfe-86cc-6c719f08d6e4,de1c2107-70c8-4021-8459-6399f24d01c6,cbf30902-517f-40dc-af90-a550bac27cf1,5c601d96-e4c7-4698-991b-7ee674b11079
8-26-2026 18:37:22-debug:   Number of all scenes: 1
8-26-2026 18:37:22-debug:   Number of all scripts: 42
8-26-2026 18:37:22-debug:   Number of other assets: 486
8-26-2026 18:37:22-debug: Init bundle root assets success..., progress: 0%
8-26-2026 18:37:22-debug: // ---- build task Query asset bundle ---- (6ms)
8-26-2026 18:37:22-log: run build task Query asset bundle success in 6 ms√, progress: 5%
8-26-2026 18:37:22-debug: [Build Memory track]: Query asset bundle start:236.17MB, end 235.94MB, increase: -230.88KB
8-26-2026 18:37:22-debug: Query asset bundle start, progress: 5%
8-26-2026 18:37:22-debug: // ---- build task Query asset bundle ----
8-26-2026 18:37:22-debug: // ---- build task Query asset bundle ---- (3ms)
8-26-2026 18:37:22-log: run build task Query asset bundle success in 3 ms√, progress: 10%
8-26-2026 18:37:22-debug: Sort some build options to settings.json start, progress: 10%
8-26-2026 18:37:22-debug: [Build Memory track]: Query asset bundle start:235.97MB, end 236.11MB, increase: 140.53KB
8-26-2026 18:37:22-debug: // ---- build task Sort some build options to settings.json ----
8-26-2026 18:37:22-debug: // ---- build task Sort some build options to settings.json ---- (1ms)
8-26-2026 18:37:22-log: run build task Sort some build options to settings.json success in 1 ms√, progress: 12%
8-26-2026 18:37:22-debug: [Build Memory track]: Sort some build options to settings.json start:236.17MB, end 236.20MB, increase: 26.05KB
8-26-2026 18:37:22-debug: // ---- build task Fill script data to settings ----
8-26-2026 18:37:22-debug: Fill script data to settings start, progress: 12%
8-26-2026 18:37:22-log: run build task Fill script data to settings success in √, progress: 13%
8-26-2026 18:37:22-debug: [Build Memory track]: Fill script data to settings start:236.23MB, end 236.24MB, increase: 17.21KB
8-26-2026 18:37:22-debug: // ---- build task Sort some build options to settings.json ----
8-26-2026 18:37:22-debug: Sort some build options to settings.json start, progress: 13%
8-26-2026 18:37:22-debug: // ---- build task Sort some build options to settings.json ---- (8ms)
8-26-2026 18:37:22-log: run build task Sort some build options to settings.json success in 8 ms√, progress: 15%
8-26-2026 18:37:22-debug: [Build Memory track]: Sort some build options to settings.json start:236.27MB, end 236.40MB, increase: 125.80KB
8-26-2026 18:37:24-debug: %cImport%c: D:\Works\Github\BattleGame\assets\Battle.scenebackground: #aaff85; color: #000;color: #000;
8-26-2026 18:37:24-debug: asset-db:reimport-asset1effe86e-a401-4769-9dbc-62218c68834d (15ms)
8-26-2026 18:37:25-debug: Query all assets info in project
8-26-2026 18:37:25-debug: init custom config: keepNodeUuid: false, useCache: true
8-26-2026 18:37:25-debug: Skip compress image, progress: 0%
8-26-2026 18:37:25-debug: Init all bundles start..., progress: 0%
8-26-2026 18:37:25-debug: Num of bundles: 2..., progress: 0%
8-26-2026 18:37:25-debug: Query asset bundle start, progress: 0%
8-26-2026 18:37:25-debug: // ---- build task Query asset bundle ----
8-26-2026 18:37:25-debug: Init bundle root assets start..., progress: 0%
8-26-2026 18:37:25-debug: Query preload assets/scripts from cc.config.json: 60f7195c-ec2a-45eb-ba94-8955f60e81d0,1c02ae6f-4492-4915-b8f8-7492a3b1e4cd,810e96e4-e456-4468-9b59-f4e8f39732c0,efe8e2a3-eace-427b-b4f1-cb8a937ec77d,e9aa9a3e-5b2b-4ac7-a2c7-073de2b2b24f,8bbdbcdd-5cd4-4100-b6d5-b7c9625b6107,50f4348b-c883-4e2f-8f11-ce233b859fa1,fda095cb-831d-4601-ad94-846013963de8,f92806d7-1768-443f-afe8-12bcde84d0f0,dd3a144d-ab7f-41f0-82b8-2e43a090d496,f0416e68-0200-4b77-a926-4f9d16e494da,511d2633-09a7-4bdd-ac42-f778032124b3,5d45aa00-e064-4938-b314-4265f0c2258c,9361fd90-ba52-4f84-aa93-6e878fd576ca,970b0598-bcb0-4714-91fb-2e81440dccd8,bcd64cc6-2dd9-43f6-abbe-66318d332032,d930590d-bb92-4cc8-8bd1-23cd027f9edf,a3cd009f-0ab0-420d-9278-b9fdab939bbc,6a2d0734-bd9e-4ddf-946e-caa52498cb75,d9937e59-61fe-4ec6-92ab-7ac5a19c89b0,d1346436-ac96-4271-b863-1f4fdead95b0,971bdb23-3ff6-43eb-b422-1c30165a3663,17debcc3-0a6b-4b8a-b00b-dc58b885581e,711ebe11-f673-4cd9-9a83-63c60ba54c5b,c0143906-9aed-447e-9436-2ae8512d1b6e,14da1725-c4c2-42b4-ab08-ee0aeb6898b3,081cab31-dccd-428e-8652-f2404cc81c47,78e0584a-4343-4727-8f37-e14e65c2a2db,871c3b6c-7379-419d-bda3-794b239ab90d,ff9b0199-ce04-4cfe-86cc-6c719f08d6e4,de1c2107-70c8-4021-8459-6399f24d01c6,cbf30902-517f-40dc-af90-a550bac27cf1,5c601d96-e4c7-4698-991b-7ee674b11079
8-26-2026 18:37:25-debug: Init bundle root assets success..., progress: 0%
8-26-2026 18:37:25-debug: // ---- build task Query asset bundle ---- (8ms)
8-26-2026 18:37:25-log: run build task Query asset bundle success in 8 ms√, progress: 5%
8-26-2026 18:37:25-debug: [Build Memory track]: Query asset bundle start:236.43MB, end 236.21MB, increase: -223.16KB
8-26-2026 18:37:25-debug: Query asset bundle start, progress: 5%
8-26-2026 18:37:25-debug:   Number of all scenes: 1
8-26-2026 18:37:25-debug: // ---- build task Query asset bundle ----
8-26-2026 18:37:25-debug:   Number of all scripts: 42
8-26-2026 18:37:25-debug:   Number of other assets: 486
8-26-2026 18:37:25-log: run build task Query asset bundle success in 4 ms√, progress: 10%
8-26-2026 18:37:25-debug: [Build Memory track]: Query asset bundle start:236.24MB, end 236.39MB, increase: 151.73KB
8-26-2026 18:37:25-debug: // ---- build task Sort some build options to settings.json ----
8-26-2026 18:37:25-debug: // ---- build task Query asset bundle ---- (4ms)
8-26-2026 18:37:25-debug: Sort some build options to settings.json start, progress: 10%
8-26-2026 18:37:25-debug: // ---- build task Sort some build options to settings.json ---- (1ms)
8-26-2026 18:37:25-log: run build task Sort some build options to settings.json success in 1 ms√, progress: 12%
8-26-2026 18:37:25-debug: Fill script data to settings start, progress: 12%
8-26-2026 18:37:25-debug: [Build Memory track]: Sort some build options to settings.json start:236.42MB, end 236.44MB, increase: 26.74KB
8-26-2026 18:37:25-debug: // ---- build task Fill script data to settings ----
8-26-2026 18:37:25-debug: // ---- build task Fill script data to settings ---- (1ms)
8-26-2026 18:37:25-log: run build task Fill script data to settings success in 1 ms√, progress: 13%
8-26-2026 18:37:25-debug: [Build Memory track]: Fill script data to settings start:236.47MB, end 236.50MB, increase: 26.05KB
8-26-2026 18:37:25-debug: // ---- build task Sort some build options to settings.json ----
8-26-2026 18:37:25-debug: Sort some build options to settings.json start, progress: 13%
8-26-2026 18:37:25-debug: // ---- build task Sort some build options to settings.json ---- (6ms)
8-26-2026 18:37:25-log: run build task Sort some build options to settings.json success in 6 ms√, progress: 15%
8-26-2026 18:37:25-debug: [Build Memory track]: Sort some build options to settings.json start:236.52MB, end 236.65MB, increase: 126.67KB
8-26-2026 18:39:23-debug: refresh db internal success
8-26-2026 18:39:23-debug: refresh db assets success
8-26-2026 18:39:23-debug: Run asset db hook engine-extends:afterRefresh success!
8-26-2026 18:39:23-debug: Run asset db hook engine-extends:afterRefresh ...
8-26-2026 18:39:23-debug: asset-db:refresh-all-database (49ms)
8-26-2026 18:39:23-debug: asset-db:worker-effect-data-processing (1ms)
8-26-2026 18:39:23-debug: asset-db-hook-engine-extends-afterRefresh (1ms)
