8-27-2026 16:03:27-log: Cannot access game frame or container.
8-27-2026 16:03:27-debug: asset-db:require-engine-code (446ms)
8-27-2026 16:03:27-log: meshopt wasm decoder initialized
8-27-2026 16:03:27-log: [box2d]:box2d wasm lib loaded.
8-27-2026 16:03:27-log: [bullet]:bullet wasm lib loaded.
8-27-2026 16:03:27-log: Using legacy pipeline
8-27-2026 16:03:27-log: Forward render pipeline initialized.
8-27-2026 16:03:27-debug: [Assets Memory track]: asset-db:worker-init: initEngine start:27.73MB, end 79.16MB, increase: 51.43MB
8-27-2026 16:03:27-log: Cocos Creator v3.8.8
8-27-2026 16:03:28-debug: [Assets Memory track]: asset-db:worker-init: initPlugin start:79.20MB, end 340.72MB, increase: 261.52MB
8-27-2026 16:03:28-debug: run package(fb-instant-games) handler(enable) success!
8-27-2026 16:03:28-debug: run package(fb-instant-games) handler(enable) start
8-27-2026 16:03:28-debug: run package(google-play) handler(enable) success!
8-27-2026 16:03:28-debug: run package(harmonyos-next) handler(enable) start
8-27-2026 16:03:28-debug: run package(harmonyos-next) handler(enable) success!
8-27-2026 16:03:28-debug: run package(honor-mini-game) handler(enable) success!
8-27-2026 16:03:28-debug: run package(google-play) handler(enable) start
8-27-2026 16:03:28-debug: run package(honor-mini-game) handler(enable) start
8-27-2026 16:03:28-debug: run package(huawei-agc) handler(enable) start
8-27-2026 16:03:28-debug: run package(huawei-agc) handler(enable) success!
8-27-2026 16:03:28-debug: run package(ios) handler(enable) success!
8-27-2026 16:03:28-debug: run package(huawei-quick-game) handler(enable) success!
8-27-2026 16:03:28-debug: run package(huawei-quick-game) handler(enable) start
8-27-2026 16:03:28-debug: run package(linux) handler(enable) start
8-27-2026 16:03:28-debug: run package(linux) handler(enable) success!
8-27-2026 16:03:28-debug: run package(mac) handler(enable) success!
8-27-2026 16:03:28-debug: run package(mac) handler(enable) start
8-27-2026 16:03:28-debug: run package(migu-mini-game) handler(enable) start
8-27-2026 16:03:28-debug: run package(migu-mini-game) handler(enable) success!
8-27-2026 16:03:28-debug: run package(ios) handler(enable) start
8-27-2026 16:03:28-debug: run package(native) handler(enable) success!
8-27-2026 16:03:28-debug: run package(native) handler(enable) start
8-27-2026 16:03:28-debug: run package(oppo-mini-game) handler(enable) start
8-27-2026 16:03:28-debug: run package(ohos) handler(enable) start
8-27-2026 16:03:28-debug: run package(ohos) handler(enable) success!
8-27-2026 16:03:28-debug: run package(runtime-dev-tools) handler(enable) start
8-27-2026 16:03:28-debug: run package(runtime-dev-tools) handler(enable) success!
8-27-2026 16:03:28-debug: run package(taobao-mini-game) handler(enable) success!
8-27-2026 16:03:28-debug: run package(oppo-mini-game) handler(enable) success!
8-27-2026 16:03:28-debug: run package(taobao-mini-game) handler(enable) start
8-27-2026 16:03:28-debug: run package(vivo-mini-game) handler(enable) success!
8-27-2026 16:03:28-debug: run package(web-desktop) handler(enable) success!
8-27-2026 16:03:28-debug: run package(vivo-mini-game) handler(enable) start
8-27-2026 16:03:28-debug: run package(web-mobile) handler(enable) success!
8-27-2026 16:03:28-debug: run package(web-desktop) handler(enable) start
8-27-2026 16:03:28-debug: run package(wechatgame) handler(enable) start
8-27-2026 16:03:28-debug: run package(wechatgame) handler(enable) success!
8-27-2026 16:03:28-debug: run package(wechatprogram) handler(enable) success!
8-27-2026 16:03:28-debug: run package(web-mobile) handler(enable) start
8-27-2026 16:03:28-debug: run package(windows) handler(enable) start
8-27-2026 16:03:28-debug: run package(windows) handler(enable) success!
8-27-2026 16:03:28-debug: run package(wechatprogram) handler(enable) start
8-27-2026 16:03:28-debug: run package(xiaomi-quick-game) handler(enable) start
8-27-2026 16:03:28-debug: run package(xiaomi-quick-game) handler(enable) success!
8-27-2026 16:03:28-debug: run package(cocos-service) handler(enable) start
8-27-2026 16:03:28-debug: run package(cocos-service) handler(enable) success!
8-27-2026 16:03:28-debug: run package(im-plugin) handler(enable) start
8-27-2026 16:03:28-debug: run package(placeholder) handler(enable) start
8-27-2026 16:03:28-debug: run package(placeholder) handler(enable) success!
8-27-2026 16:03:28-debug: run package(im-plugin) handler(enable) success!
8-27-2026 16:03:28-debug: asset-db:worker-init: initPlugin (1241ms)
8-27-2026 16:03:28-debug: [Assets Memory track]: asset-db:worker-init start:27.72MB, end 342.96MB, increase: 315.24MB
8-27-2026 16:03:28-debug: Run asset db hook programming:beforePreStart ...
8-27-2026 16:03:28-debug: Run asset db hook engine-extends:beforePreStart success!
8-27-2026 16:03:28-debug: Run asset db hook engine-extends:beforePreStart ...
8-27-2026 16:03:28-debug: Run asset db hook programming:beforePreStart success!
8-27-2026 16:03:28-debug: asset-db-hook-programming-beforePreStart (58ms)
8-27-2026 16:03:28-debug: asset-db:worker-init (1817ms)
8-27-2026 16:03:28-debug: asset-db-hook-engine-extends-beforePreStart (58ms)
8-27-2026 16:03:28-debug: Preimport db internal success
8-27-2026 16:03:28-debug: Preimport db assets success
8-27-2026 16:03:28-debug: starting packer-driver...
8-27-2026 16:03:28-debug: Run asset db hook programming:afterPreStart ...
8-27-2026 16:03:29-debug: initialize scripting environment...
8-27-2026 16:03:29-debug: [[Executor]] prepare before lock
8-27-2026 16:03:29-debug: Set detail map pack:///resolution-detail-map.json: {}
8-27-2026 16:03:29-debug: [[Executor]] prepare after unlock
8-27-2026 16:03:29-debug: Run asset db hook engine-extends:afterPreStart ...
8-27-2026 16:03:29-debug: Run asset db hook engine-extends:afterPreStart success!
8-27-2026 16:03:29-debug: [Assets Memory track]: asset-db:worker-init: preStart start:342.97MB, end 344.94MB, increase: 1.97MB
8-27-2026 16:03:29-debug: Start up the 'internal' database...
8-27-2026 16:03:29-debug: Run asset db hook programming:afterPreStart success!
8-27-2026 16:03:30-debug: asset-db-hook-programming-afterPreStart (1377ms)
8-27-2026 16:03:30-debug: asset-db:worker-effect-data-processing (205ms)
8-27-2026 16:03:30-debug: asset-db-hook-engine-extends-afterPreStart (205ms)
8-27-2026 16:03:30-debug: Run asset db hook engine-extends:afterStartDB ...
8-27-2026 16:03:30-debug: recompile effect.bin success
8-27-2026 16:03:30-debug: Run asset db hook engine-extends:afterStartDB success!
8-27-2026 16:03:30-debug: Start up the 'assets' database...
8-27-2026 16:03:30-debug: asset-db:worker-effect-data-processing (233ms)
8-27-2026 16:03:30-debug: asset-db-hook-engine-extends-afterStartDB (234ms)
8-27-2026 16:03:30-debug: Run asset db hook engine-extends:afterStartDB ...
8-27-2026 16:03:30-debug: recompile effect.bin success
8-27-2026 16:03:30-debug: Run asset db hook engine-extends:afterStartDB success!
8-27-2026 16:03:30-debug: lazy register asset handler *
8-27-2026 16:03:30-debug: lazy register asset handler directory
8-27-2026 16:03:30-debug: [Assets Memory track]: asset-db:worker-init: startup start:344.96MB, end 387.35MB, increase: 42.40MB
8-27-2026 16:03:30-debug: lazy register asset handler spine-data
8-27-2026 16:03:30-debug: lazy register asset handler dragonbones
8-27-2026 16:03:30-debug: lazy register asset handler json
8-27-2026 16:03:30-debug: lazy register asset handler terrain
8-27-2026 16:03:30-debug: lazy register asset handler dragonbones-atlas
8-27-2026 16:03:30-debug: lazy register asset handler javascript
8-27-2026 16:03:30-debug: lazy register asset handler scene
8-27-2026 16:03:30-debug: lazy register asset handler typescript
8-27-2026 16:03:30-debug: lazy register asset handler sprite-frame
8-27-2026 16:03:30-debug: lazy register asset handler tiled-map
8-27-2026 16:03:30-debug: lazy register asset handler prefab
8-27-2026 16:03:30-debug: lazy register asset handler text
8-27-2026 16:03:30-debug: lazy register asset handler image
8-27-2026 16:03:30-debug: lazy register asset handler sign-image
8-27-2026 16:03:30-debug: lazy register asset handler alpha-image
8-27-2026 16:03:30-debug: lazy register asset handler texture-cube
8-27-2026 16:03:30-debug: lazy register asset handler erp-texture-cube
8-27-2026 16:03:30-debug: lazy register asset handler texture
8-27-2026 16:03:30-debug: lazy register asset handler render-texture
8-27-2026 16:03:30-debug: lazy register asset handler texture-cube-face
8-27-2026 16:03:30-debug: lazy register asset handler gltf
8-27-2026 16:03:30-debug: lazy register asset handler rt-sprite-frame
8-27-2026 16:03:30-debug: lazy register asset handler gltf-animation
8-27-2026 16:03:30-debug: lazy register asset handler buffer
8-27-2026 16:03:30-debug: lazy register asset handler gltf-mesh
8-27-2026 16:03:30-debug: lazy register asset handler gltf-skeleton
8-27-2026 16:03:30-debug: lazy register asset handler gltf-embeded-image
8-27-2026 16:03:30-debug: lazy register asset handler gltf-material
8-27-2026 16:03:30-debug: lazy register asset handler material
8-27-2026 16:03:30-debug: lazy register asset handler gltf-scene
8-27-2026 16:03:30-debug: lazy register asset handler physics-material
8-27-2026 16:03:30-debug: lazy register asset handler fbx
8-27-2026 16:03:30-debug: lazy register asset handler effect-header
8-27-2026 16:03:30-debug: lazy register asset handler animation-clip
8-27-2026 16:03:30-debug: lazy register asset handler animation-graph
8-27-2026 16:03:30-debug: lazy register asset handler audio-clip
8-27-2026 16:03:30-debug: lazy register asset handler animation-mask
8-27-2026 16:03:30-debug: lazy register asset handler effect
8-27-2026 16:03:30-debug: lazy register asset handler bitmap-font
8-27-2026 16:03:30-debug: lazy register asset handler animation-graph-variant
8-27-2026 16:03:30-debug: lazy register asset handler ttf-font
8-27-2026 16:03:30-debug: lazy register asset handler sprite-atlas
8-27-2026 16:03:30-debug: lazy register asset handler label-atlas
8-27-2026 16:03:30-debug: lazy register asset handler particle
8-27-2026 16:03:30-debug: lazy register asset handler render-pipeline
8-27-2026 16:03:30-debug: lazy register asset handler auto-atlas
8-27-2026 16:03:30-debug: lazy register asset handler render-stage
8-27-2026 16:03:30-debug: lazy register asset handler instantiation-mesh
8-27-2026 16:03:30-debug: lazy register asset handler instantiation-material
8-27-2026 16:03:30-debug: lazy register asset handler instantiation-animation
8-27-2026 16:03:30-debug: lazy register asset handler instantiation-skeleton
8-27-2026 16:03:30-debug: lazy register asset handler render-flow
8-27-2026 16:03:30-debug: lazy register asset handler video-clip
8-27-2026 16:03:31-debug: asset-db-hook-engine-extends-afterStartDB (688ms)
8-27-2026 16:03:31-debug: asset-db:start-database (2455ms)
8-27-2026 16:03:31-debug: asset-db:ready (5741ms)
8-27-2026 16:03:31-debug: asset-db:worker-effect-data-processing (688ms)
8-27-2026 16:03:31-debug: init worker message success
8-27-2026 16:03:31-debug: programming:execute-script (1ms)
8-27-2026 16:03:31-debug: [Build Memory track]: builder:worker-init start:382.10MB, end 392.98MB, increase: 10.88MB
8-27-2026 16:03:31-debug: builder:worker-init (247ms)
8-27-2026 16:03:31-debug: Query all assets info in project
8-27-2026 16:03:31-debug: init custom config: keepNodeUuid: false, useCache: true
8-27-2026 16:03:31-debug: Skip compress image, progress: 0%
8-27-2026 16:03:31-debug: Init all bundles start..., progress: 0%
8-27-2026 16:03:31-debug: // ---- build task Query asset bundle ----
8-27-2026 16:03:31-debug: Query asset bundle start, progress: 0%
8-27-2026 16:03:31-debug: Init bundle root assets start..., progress: 0%
8-27-2026 16:03:31-debug: Num of bundles: 2..., progress: 0%
8-27-2026 16:03:31-debug: Query preload assets/scripts from cc.config.json: 60f7195c-ec2a-45eb-ba94-8955f60e81d0,1c02ae6f-4492-4915-b8f8-7492a3b1e4cd,810e96e4-e456-4468-9b59-f4e8f39732c0,efe8e2a3-eace-427b-b4f1-cb8a937ec77d,e9aa9a3e-5b2b-4ac7-a2c7-073de2b2b24f,8bbdbcdd-5cd4-4100-b6d5-b7c9625b6107,50f4348b-c883-4e2f-8f11-ce233b859fa1,fda095cb-831d-4601-ad94-846013963de8,f92806d7-1768-443f-afe8-12bcde84d0f0,dd3a144d-ab7f-41f0-82b8-2e43a090d496,f0416e68-0200-4b77-a926-4f9d16e494da,511d2633-09a7-4bdd-ac42-f778032124b3,5d45aa00-e064-4938-b314-4265f0c2258c,9361fd90-ba52-4f84-aa93-6e878fd576ca,970b0598-bcb0-4714-91fb-2e81440dccd8,bcd64cc6-2dd9-43f6-abbe-66318d332032,d930590d-bb92-4cc8-8bd1-23cd027f9edf,a3cd009f-0ab0-420d-9278-b9fdab939bbc,6a2d0734-bd9e-4ddf-946e-caa52498cb75,d9937e59-61fe-4ec6-92ab-7ac5a19c89b0,d1346436-ac96-4271-b863-1f4fdead95b0,971bdb23-3ff6-43eb-b422-1c30165a3663,17debcc3-0a6b-4b8a-b00b-dc58b885581e,711ebe11-f673-4cd9-9a83-63c60ba54c5b,c0143906-9aed-447e-9436-2ae8512d1b6e,14da1725-c4c2-42b4-ab08-ee0aeb6898b3,081cab31-dccd-428e-8652-f2404cc81c47,78e0584a-4343-4727-8f37-e14e65c2a2db,871c3b6c-7379-419d-bda3-794b239ab90d,ff9b0199-ce04-4cfe-86cc-6c719f08d6e4,de1c2107-70c8-4021-8459-6399f24d01c6,cbf30902-517f-40dc-af90-a550bac27cf1,5c601d96-e4c7-4698-991b-7ee674b11079
8-27-2026 16:03:31-debug:   Number of all scenes: 1
8-27-2026 16:03:31-debug:   Number of all scripts: 42
8-27-2026 16:03:31-debug: Init bundle root assets success..., progress: 0%
8-27-2026 16:03:31-debug:   Number of other assets: 486
8-27-2026 16:03:31-debug: // ---- build task Query asset bundle ---- (6ms)
8-27-2026 16:03:31-log: run build task Query asset bundle success in 6 ms√, progress: 5%
8-27-2026 16:03:31-debug: [Build Memory track]: Query asset bundle start:392.27MB, end 393.16MB, increase: 909.20KB
8-27-2026 16:03:31-debug: Query asset bundle start, progress: 5%
8-27-2026 16:03:31-debug: // ---- build task Query asset bundle ----
8-27-2026 16:03:31-debug: // ---- build task Query asset bundle ---- (3ms)
8-27-2026 16:03:31-log: run build task Query asset bundle success in 3 ms√, progress: 10%
8-27-2026 16:03:31-debug: // ---- build task Sort some build options to settings.json ----
8-27-2026 16:03:31-debug: [Build Memory track]: Query asset bundle start:393.20MB, end 393.37MB, increase: 174.15KB
8-27-2026 16:03:31-debug: Sort some build options to settings.json start, progress: 10%
8-27-2026 16:03:31-debug: // ---- build task Sort some build options to settings.json ---- (1ms)
8-27-2026 16:03:31-log: run build task Sort some build options to settings.json success in 1 ms√, progress: 12%
8-27-2026 16:03:31-debug: [Build Memory track]: Sort some build options to settings.json start:393.42MB, end 393.47MB, increase: 49.52KB
8-27-2026 16:03:31-debug: Fill script data to settings start, progress: 12%
8-27-2026 16:03:31-debug: // ---- build task Fill script data to settings ----
8-27-2026 16:03:31-debug: // ---- build task Fill script data to settings ---- (1ms)
8-27-2026 16:03:31-log: run build task Fill script data to settings success in 1 ms√, progress: 13%
8-27-2026 16:03:31-debug: // ---- build task Sort some build options to settings.json ----
8-27-2026 16:03:31-debug: [Build Memory track]: Fill script data to settings start:393.51MB, end 393.55MB, increase: 36.61KB
8-27-2026 16:03:31-debug: Sort some build options to settings.json start, progress: 13%
8-27-2026 16:03:31-debug: // ---- build task Sort some build options to settings.json ---- (4ms)
8-27-2026 16:03:31-debug: [Build Memory track]: Sort some build options to settings.json start:393.59MB, end 393.74MB, increase: 158.55KB
8-27-2026 16:03:31-log: run build task Sort some build options to settings.json success in 4 ms√, progress: 15%
8-27-2026 16:03:32-debug: Query all assets info in project
8-27-2026 16:03:32-debug: init custom config: keepNodeUuid: false, useCache: true
8-27-2026 16:03:32-debug: Skip compress image, progress: 0%
8-27-2026 16:03:32-debug: Init all bundles start..., progress: 0%
8-27-2026 16:03:32-debug: Num of bundles: 2..., progress: 0%
8-27-2026 16:03:32-debug: Query asset bundle start, progress: 0%
8-27-2026 16:03:32-debug: // ---- build task Query asset bundle ----
8-27-2026 16:03:32-debug: Init bundle root assets start..., progress: 0%
8-27-2026 16:03:32-debug: Query preload assets/scripts from cc.config.json: 60f7195c-ec2a-45eb-ba94-8955f60e81d0,1c02ae6f-4492-4915-b8f8-7492a3b1e4cd,810e96e4-e456-4468-9b59-f4e8f39732c0,efe8e2a3-eace-427b-b4f1-cb8a937ec77d,e9aa9a3e-5b2b-4ac7-a2c7-073de2b2b24f,8bbdbcdd-5cd4-4100-b6d5-b7c9625b6107,50f4348b-c883-4e2f-8f11-ce233b859fa1,fda095cb-831d-4601-ad94-846013963de8,f92806d7-1768-443f-afe8-12bcde84d0f0,dd3a144d-ab7f-41f0-82b8-2e43a090d496,f0416e68-0200-4b77-a926-4f9d16e494da,511d2633-09a7-4bdd-ac42-f778032124b3,5d45aa00-e064-4938-b314-4265f0c2258c,9361fd90-ba52-4f84-aa93-6e878fd576ca,970b0598-bcb0-4714-91fb-2e81440dccd8,bcd64cc6-2dd9-43f6-abbe-66318d332032,d930590d-bb92-4cc8-8bd1-23cd027f9edf,a3cd009f-0ab0-420d-9278-b9fdab939bbc,6a2d0734-bd9e-4ddf-946e-caa52498cb75,d9937e59-61fe-4ec6-92ab-7ac5a19c89b0,d1346436-ac96-4271-b863-1f4fdead95b0,971bdb23-3ff6-43eb-b422-1c30165a3663,17debcc3-0a6b-4b8a-b00b-dc58b885581e,711ebe11-f673-4cd9-9a83-63c60ba54c5b,c0143906-9aed-447e-9436-2ae8512d1b6e,14da1725-c4c2-42b4-ab08-ee0aeb6898b3,081cab31-dccd-428e-8652-f2404cc81c47,78e0584a-4343-4727-8f37-e14e65c2a2db,871c3b6c-7379-419d-bda3-794b239ab90d,ff9b0199-ce04-4cfe-86cc-6c719f08d6e4,de1c2107-70c8-4021-8459-6399f24d01c6,cbf30902-517f-40dc-af90-a550bac27cf1,5c601d96-e4c7-4698-991b-7ee674b11079
8-27-2026 16:03:32-debug:   Number of all scenes: 1
8-27-2026 16:03:32-debug:   Number of all scripts: 42
8-27-2026 16:03:32-debug:   Number of other assets: 486
8-27-2026 16:03:32-debug: Init bundle root assets success..., progress: 0%
8-27-2026 16:03:32-debug: // ---- build task Query asset bundle ---- (7ms)
8-27-2026 16:03:32-log: run build task Query asset bundle success in 7 ms√, progress: 5%
8-27-2026 16:03:32-debug: [Build Memory track]: Query asset bundle start:395.71MB, end 396.47MB, increase: 776.45KB
8-27-2026 16:03:32-debug: Query asset bundle start, progress: 5%
8-27-2026 16:03:32-debug: // ---- build task Query asset bundle ----
8-27-2026 16:03:32-debug: // ---- build task Query asset bundle ---- (8ms)
8-27-2026 16:03:32-log: run build task Query asset bundle success in 8 ms√, progress: 10%
8-27-2026 16:03:32-debug: [Build Memory track]: Query asset bundle start:396.51MB, end 396.66MB, increase: 151.68KB
8-27-2026 16:03:32-debug: Sort some build options to settings.json start, progress: 10%
8-27-2026 16:03:32-debug: // ---- build task Sort some build options to settings.json ----
8-27-2026 16:03:32-debug: // ---- build task Sort some build options to settings.json ---- (1ms)
8-27-2026 16:03:32-log: run build task Sort some build options to settings.json success in 1 ms√, progress: 12%
8-27-2026 16:03:32-debug: Fill script data to settings start, progress: 12%
8-27-2026 16:03:32-debug: [Build Memory track]: Sort some build options to settings.json start:396.71MB, end 396.75MB, increase: 35.93KB
8-27-2026 16:03:32-debug: // ---- build task Fill script data to settings ----
8-27-2026 16:03:32-debug: // ---- build task Fill script data to settings ---- (1ms)
8-27-2026 16:03:32-log: run build task Fill script data to settings success in 1 ms√, progress: 13%
8-27-2026 16:03:32-debug: Sort some build options to settings.json start, progress: 13%
8-27-2026 16:03:32-debug: [Build Memory track]: Fill script data to settings start:396.79MB, end 396.83MB, increase: 39.64KB
8-27-2026 16:03:32-debug: // ---- build task Sort some build options to settings.json ----
8-27-2026 16:03:32-debug: // ---- build task Sort some build options to settings.json ---- (6ms)
8-27-2026 16:03:32-log: run build task Sort some build options to settings.json success in 6 ms√, progress: 15%
8-27-2026 16:03:32-debug: [Build Memory track]: Sort some build options to settings.json start:396.87MB, end 390.77MB, increase: -6243.11KB
8-27-2026 16:03:43-debug: %cImport%c: D:\Works\Github\BattleGame\assets\Battle.scenebackground: #aaff85; color: #000;color: #000;
8-27-2026 16:03:43-debug: asset-db:reimport-asset1effe86e-a401-4769-9dbc-62218c68834d (14ms)
8-27-2026 16:03:44-debug: Query all assets info in project
8-27-2026 16:03:44-debug: init custom config: keepNodeUuid: false, useCache: true
8-27-2026 16:03:44-debug: Skip compress image, progress: 0%
8-27-2026 16:03:44-debug: Init all bundles start..., progress: 0%
8-27-2026 16:03:44-debug: Num of bundles: 2..., progress: 0%
8-27-2026 16:03:44-debug: Query asset bundle start, progress: 0%
8-27-2026 16:03:44-debug: // ---- build task Query asset bundle ----
8-27-2026 16:03:44-debug: Init bundle root assets start..., progress: 0%
8-27-2026 16:03:44-debug: Query preload assets/scripts from cc.config.json: 60f7195c-ec2a-45eb-ba94-8955f60e81d0,1c02ae6f-4492-4915-b8f8-7492a3b1e4cd,810e96e4-e456-4468-9b59-f4e8f39732c0,efe8e2a3-eace-427b-b4f1-cb8a937ec77d,e9aa9a3e-5b2b-4ac7-a2c7-073de2b2b24f,8bbdbcdd-5cd4-4100-b6d5-b7c9625b6107,50f4348b-c883-4e2f-8f11-ce233b859fa1,fda095cb-831d-4601-ad94-846013963de8,f92806d7-1768-443f-afe8-12bcde84d0f0,dd3a144d-ab7f-41f0-82b8-2e43a090d496,f0416e68-0200-4b77-a926-4f9d16e494da,511d2633-09a7-4bdd-ac42-f778032124b3,5d45aa00-e064-4938-b314-4265f0c2258c,9361fd90-ba52-4f84-aa93-6e878fd576ca,970b0598-bcb0-4714-91fb-2e81440dccd8,bcd64cc6-2dd9-43f6-abbe-66318d332032,d930590d-bb92-4cc8-8bd1-23cd027f9edf,a3cd009f-0ab0-420d-9278-b9fdab939bbc,6a2d0734-bd9e-4ddf-946e-caa52498cb75,d9937e59-61fe-4ec6-92ab-7ac5a19c89b0,d1346436-ac96-4271-b863-1f4fdead95b0,971bdb23-3ff6-43eb-b422-1c30165a3663,17debcc3-0a6b-4b8a-b00b-dc58b885581e,711ebe11-f673-4cd9-9a83-63c60ba54c5b,c0143906-9aed-447e-9436-2ae8512d1b6e,14da1725-c4c2-42b4-ab08-ee0aeb6898b3,081cab31-dccd-428e-8652-f2404cc81c47,78e0584a-4343-4727-8f37-e14e65c2a2db,871c3b6c-7379-419d-bda3-794b239ab90d,ff9b0199-ce04-4cfe-86cc-6c719f08d6e4,de1c2107-70c8-4021-8459-6399f24d01c6,cbf30902-517f-40dc-af90-a550bac27cf1,5c601d96-e4c7-4698-991b-7ee674b11079
8-27-2026 16:03:44-debug:   Number of all scripts: 42
8-27-2026 16:03:44-debug:   Number of other assets: 486
8-27-2026 16:03:44-debug: Init bundle root assets success..., progress: 0%
8-27-2026 16:03:44-debug:   Number of all scenes: 1
8-27-2026 16:03:44-debug: // ---- build task Query asset bundle ---- (7ms)
8-27-2026 16:03:44-log: run build task Query asset bundle success in 7 ms√, progress: 5%
8-27-2026 16:03:44-debug: [Build Memory track]: Query asset bundle start:225.80MB, end 226.58MB, increase: 792.50KB
8-27-2026 16:03:44-debug: // ---- build task Query asset bundle ----
8-27-2026 16:03:44-debug: Query asset bundle start, progress: 5%
8-27-2026 16:03:44-debug: // ---- build task Query asset bundle ---- (3ms)
8-27-2026 16:03:44-log: run build task Query asset bundle success in 3 ms√, progress: 10%
8-27-2026 16:03:44-debug: Sort some build options to settings.json start, progress: 10%
8-27-2026 16:03:44-debug: [Build Memory track]: Query asset bundle start:226.63MB, end 226.77MB, increase: 147.82KB
8-27-2026 16:03:44-debug: // ---- build task Sort some build options to settings.json ----
8-27-2026 16:03:44-debug: // ---- build task Sort some build options to settings.json ---- (1ms)
8-27-2026 16:03:44-debug: [Build Memory track]: Sort some build options to settings.json start:226.81MB, end 226.84MB, increase: 33.00KB
8-27-2026 16:03:44-log: run build task Sort some build options to settings.json success in 1 ms√, progress: 12%
8-27-2026 16:03:44-debug: Fill script data to settings start, progress: 12%
8-27-2026 16:03:44-debug: // ---- build task Fill script data to settings ----
8-27-2026 16:03:44-debug: // ---- build task Fill script data to settings ---- (2ms)
8-27-2026 16:03:44-log: run build task Fill script data to settings success in 2 ms√, progress: 13%
8-27-2026 16:03:44-debug: Sort some build options to settings.json start, progress: 13%
8-27-2026 16:03:44-debug: // ---- build task Sort some build options to settings.json ----
8-27-2026 16:03:44-debug: [Build Memory track]: Fill script data to settings start:226.88MB, end 226.92MB, increase: 37.12KB
8-27-2026 16:03:44-debug: // ---- build task Sort some build options to settings.json ---- (4ms)
8-27-2026 16:03:44-log: run build task Sort some build options to settings.json success in 4 ms√, progress: 15%
8-27-2026 16:03:44-debug: [Build Memory track]: Sort some build options to settings.json start:226.96MB, end 227.10MB, increase: 144.27KB
8-27-2026 16:04:10-debug: refresh db internal success
8-27-2026 16:04:10-debug: refresh db assets success
8-27-2026 16:04:10-debug: Run asset db hook engine-extends:afterRefresh ...
8-27-2026 16:04:10-debug: Run asset db hook engine-extends:afterRefresh success!
8-27-2026 16:04:10-debug: asset-db:refresh-all-database (76ms)
8-27-2026 16:04:10-debug: asset-db:worker-effect-data-processing (1ms)
8-27-2026 16:04:10-debug: asset-db-hook-engine-extends-afterRefresh (2ms)
8-27-2026 16:04:15-debug: %cImport%c: D:\Works\Github\BattleGame\assets\Battle.scenebackground: #aaff85; color: #000;color: #000;
8-27-2026 16:04:15-debug: asset-db:reimport-asset1effe86e-a401-4769-9dbc-62218c68834d (18ms)
8-27-2026 16:04:16-debug: Query all assets info in project
8-27-2026 16:04:16-debug: init custom config: keepNodeUuid: false, useCache: true
8-27-2026 16:04:16-debug: Skip compress image, progress: 0%
8-27-2026 16:04:16-debug: Init all bundles start..., progress: 0%
8-27-2026 16:04:16-debug: Num of bundles: 2..., progress: 0%
8-27-2026 16:04:16-debug: // ---- build task Query asset bundle ----
8-27-2026 16:04:16-debug: Init bundle root assets start..., progress: 0%
8-27-2026 16:04:16-debug: Query asset bundle start, progress: 0%
8-27-2026 16:04:16-debug: Query preload assets/scripts from cc.config.json: 60f7195c-ec2a-45eb-ba94-8955f60e81d0,1c02ae6f-4492-4915-b8f8-7492a3b1e4cd,810e96e4-e456-4468-9b59-f4e8f39732c0,efe8e2a3-eace-427b-b4f1-cb8a937ec77d,e9aa9a3e-5b2b-4ac7-a2c7-073de2b2b24f,8bbdbcdd-5cd4-4100-b6d5-b7c9625b6107,50f4348b-c883-4e2f-8f11-ce233b859fa1,fda095cb-831d-4601-ad94-846013963de8,f92806d7-1768-443f-afe8-12bcde84d0f0,dd3a144d-ab7f-41f0-82b8-2e43a090d496,f0416e68-0200-4b77-a926-4f9d16e494da,511d2633-09a7-4bdd-ac42-f778032124b3,5d45aa00-e064-4938-b314-4265f0c2258c,9361fd90-ba52-4f84-aa93-6e878fd576ca,970b0598-bcb0-4714-91fb-2e81440dccd8,bcd64cc6-2dd9-43f6-abbe-66318d332032,d930590d-bb92-4cc8-8bd1-23cd027f9edf,a3cd009f-0ab0-420d-9278-b9fdab939bbc,6a2d0734-bd9e-4ddf-946e-caa52498cb75,d9937e59-61fe-4ec6-92ab-7ac5a19c89b0,d1346436-ac96-4271-b863-1f4fdead95b0,971bdb23-3ff6-43eb-b422-1c30165a3663,17debcc3-0a6b-4b8a-b00b-dc58b885581e,711ebe11-f673-4cd9-9a83-63c60ba54c5b,c0143906-9aed-447e-9436-2ae8512d1b6e,14da1725-c4c2-42b4-ab08-ee0aeb6898b3,081cab31-dccd-428e-8652-f2404cc81c47,78e0584a-4343-4727-8f37-e14e65c2a2db,871c3b6c-7379-419d-bda3-794b239ab90d,ff9b0199-ce04-4cfe-86cc-6c719f08d6e4,de1c2107-70c8-4021-8459-6399f24d01c6,cbf30902-517f-40dc-af90-a550bac27cf1,5c601d96-e4c7-4698-991b-7ee674b11079
8-27-2026 16:04:16-debug:   Number of all scripts: 42
8-27-2026 16:04:16-debug:   Number of other assets: 486
8-27-2026 16:04:16-debug: Init bundle root assets success..., progress: 0%
8-27-2026 16:04:16-debug:   Number of all scenes: 1
8-27-2026 16:04:16-debug: // ---- build task Query asset bundle ---- (8ms)
8-27-2026 16:04:16-log: run build task Query asset bundle success in 8 ms√, progress: 5%
8-27-2026 16:04:16-debug: [Build Memory track]: Query asset bundle start:224.25MB, end 225.02MB, increase: 784.86KB
8-27-2026 16:04:16-debug: Query asset bundle start, progress: 5%
8-27-2026 16:04:16-debug: // ---- build task Query asset bundle ----
8-27-2026 16:04:16-debug: // ---- build task Query asset bundle ---- (5ms)
8-27-2026 16:04:16-log: run build task Query asset bundle success in 5 ms√, progress: 10%
8-27-2026 16:04:16-debug: [Build Memory track]: Query asset bundle start:225.06MB, end 225.20MB, increase: 147.09KB
8-27-2026 16:04:16-debug: Sort some build options to settings.json start, progress: 10%
8-27-2026 16:04:16-debug: // ---- build task Sort some build options to settings.json ----
8-27-2026 16:04:16-debug: // ---- build task Sort some build options to settings.json ---- (2ms)
8-27-2026 16:04:16-debug: [Build Memory track]: Sort some build options to settings.json start:225.24MB, end 225.28MB, increase: 33.60KB
8-27-2026 16:04:16-log: run build task Sort some build options to settings.json success in 2 ms√, progress: 12%
8-27-2026 16:04:16-debug: Fill script data to settings start, progress: 12%
8-27-2026 16:04:16-debug: // ---- build task Fill script data to settings ----
8-27-2026 16:04:16-debug: // ---- build task Fill script data to settings ---- (1ms)
8-27-2026 16:04:16-log: run build task Fill script data to settings success in 1 ms√, progress: 13%
8-27-2026 16:04:16-debug: [Build Memory track]: Fill script data to settings start:225.31MB, end 225.35MB, increase: 32.77KB
8-27-2026 16:04:16-debug: // ---- build task Sort some build options to settings.json ----
8-27-2026 16:04:16-debug: Sort some build options to settings.json start, progress: 13%
8-27-2026 16:04:16-log: run build task Sort some build options to settings.json success in 5 ms√, progress: 15%
8-27-2026 16:04:16-debug: [Build Memory track]: Sort some build options to settings.json start:225.39MB, end 223.98MB, increase: -1446.34KB
8-27-2026 16:04:16-debug: // ---- build task Sort some build options to settings.json ---- (5ms)
8-27-2026 16:10:27-debug: refresh db internal success
8-27-2026 16:10:27-debug: refresh db assets success
8-27-2026 16:10:27-debug: Run asset db hook engine-extends:afterRefresh ...
8-27-2026 16:10:27-debug: Run asset db hook engine-extends:afterRefresh success!
8-27-2026 16:10:27-debug: asset-db:refresh-all-database (54ms)
8-27-2026 16:10:27-debug: asset-db-hook-engine-extends-afterRefresh (2ms)
8-27-2026 16:10:27-debug: asset-db:worker-effect-data-processing (2ms)
8-27-2026 16:10:31-debug: %cImport%c: D:\Works\Github\BattleGame\assets\Battle.scenebackground: #aaff85; color: #000;color: #000;
8-27-2026 16:10:31-debug: asset-db:reimport-asset1effe86e-a401-4769-9dbc-62218c68834d (17ms)
8-27-2026 16:10:32-debug: Query all assets info in project
8-27-2026 16:10:32-debug: init custom config: keepNodeUuid: false, useCache: true
8-27-2026 16:10:32-debug: Skip compress image, progress: 0%
8-27-2026 16:10:32-debug: Init all bundles start..., progress: 0%
8-27-2026 16:10:32-debug: Num of bundles: 2..., progress: 0%
8-27-2026 16:10:32-debug: Query asset bundle start, progress: 0%
8-27-2026 16:10:32-debug: Init bundle root assets start..., progress: 0%
8-27-2026 16:10:32-debug: // ---- build task Query asset bundle ----
8-27-2026 16:10:32-debug: Query preload assets/scripts from cc.config.json: 60f7195c-ec2a-45eb-ba94-8955f60e81d0,1c02ae6f-4492-4915-b8f8-7492a3b1e4cd,810e96e4-e456-4468-9b59-f4e8f39732c0,efe8e2a3-eace-427b-b4f1-cb8a937ec77d,e9aa9a3e-5b2b-4ac7-a2c7-073de2b2b24f,8bbdbcdd-5cd4-4100-b6d5-b7c9625b6107,50f4348b-c883-4e2f-8f11-ce233b859fa1,fda095cb-831d-4601-ad94-846013963de8,f92806d7-1768-443f-afe8-12bcde84d0f0,dd3a144d-ab7f-41f0-82b8-2e43a090d496,f0416e68-0200-4b77-a926-4f9d16e494da,511d2633-09a7-4bdd-ac42-f778032124b3,5d45aa00-e064-4938-b314-4265f0c2258c,9361fd90-ba52-4f84-aa93-6e878fd576ca,970b0598-bcb0-4714-91fb-2e81440dccd8,bcd64cc6-2dd9-43f6-abbe-66318d332032,d930590d-bb92-4cc8-8bd1-23cd027f9edf,a3cd009f-0ab0-420d-9278-b9fdab939bbc,6a2d0734-bd9e-4ddf-946e-caa52498cb75,d9937e59-61fe-4ec6-92ab-7ac5a19c89b0,d1346436-ac96-4271-b863-1f4fdead95b0,971bdb23-3ff6-43eb-b422-1c30165a3663,17debcc3-0a6b-4b8a-b00b-dc58b885581e,711ebe11-f673-4cd9-9a83-63c60ba54c5b,c0143906-9aed-447e-9436-2ae8512d1b6e,14da1725-c4c2-42b4-ab08-ee0aeb6898b3,081cab31-dccd-428e-8652-f2404cc81c47,78e0584a-4343-4727-8f37-e14e65c2a2db,871c3b6c-7379-419d-bda3-794b239ab90d,ff9b0199-ce04-4cfe-86cc-6c719f08d6e4,de1c2107-70c8-4021-8459-6399f24d01c6,cbf30902-517f-40dc-af90-a550bac27cf1,5c601d96-e4c7-4698-991b-7ee674b11079
8-27-2026 16:10:32-debug:   Number of all scripts: 42
8-27-2026 16:10:32-debug:   Number of other assets: 486
8-27-2026 16:10:32-debug:   Number of all scenes: 1
8-27-2026 16:10:32-debug: Init bundle root assets success..., progress: 0%
8-27-2026 16:10:32-debug: // ---- build task Query asset bundle ---- (13ms)
8-27-2026 16:10:32-log: run build task Query asset bundle success in 13 ms√, progress: 5%
8-27-2026 16:10:32-debug: [Build Memory track]: Query asset bundle start:226.48MB, end 227.24MB, increase: 781.82KB
8-27-2026 16:10:32-debug: // ---- build task Query asset bundle ----
8-27-2026 16:10:32-debug: Query asset bundle start, progress: 5%
8-27-2026 16:10:32-debug: // ---- build task Query asset bundle ---- (10ms)
8-27-2026 16:10:32-log: run build task Query asset bundle success in 10 ms√, progress: 10%
8-27-2026 16:10:32-debug: [Build Memory track]: Query asset bundle start:227.28MB, end 227.43MB, increase: 149.61KB
8-27-2026 16:10:32-debug: // ---- build task Sort some build options to settings.json ----
8-27-2026 16:10:32-debug: Sort some build options to settings.json start, progress: 10%
8-27-2026 16:10:32-debug: // ---- build task Sort some build options to settings.json ---- (3ms)
8-27-2026 16:10:32-log: run build task Sort some build options to settings.json success in 3 ms√, progress: 12%
8-27-2026 16:10:32-debug: [Build Memory track]: Sort some build options to settings.json start:227.47MB, end 227.51MB, increase: 42.46KB
8-27-2026 16:10:32-debug: // ---- build task Fill script data to settings ----
8-27-2026 16:10:32-debug: Fill script data to settings start, progress: 12%
8-27-2026 16:10:32-debug: // ---- build task Fill script data to settings ---- (2ms)
8-27-2026 16:10:32-log: run build task Fill script data to settings success in 2 ms√, progress: 13%
8-27-2026 16:10:32-debug: [Build Memory track]: Fill script data to settings start:227.55MB, end 227.58MB, increase: 32.94KB
8-27-2026 16:10:32-debug: Sort some build options to settings.json start, progress: 13%
8-27-2026 16:10:32-debug: // ---- build task Sort some build options to settings.json ----
8-27-2026 16:10:32-debug: // ---- build task Sort some build options to settings.json ---- (8ms)
8-27-2026 16:10:32-log: run build task Sort some build options to settings.json success in 8 ms√, progress: 15%
8-27-2026 16:10:32-debug: [Build Memory track]: Sort some build options to settings.json start:227.62MB, end 226.25MB, increase: -1403.38KB
8-27-2026 16:26:41-debug: refresh db internal success
8-27-2026 16:26:41-debug: %cImport%c: D:\Works\Github\BattleGame\assets\scripts\BattleWave.tsbackground: #aaff85; color: #000;color: #000;
8-27-2026 16:26:41-debug: %cImport%c: D:\Works\Github\BattleGame\assets\scripts\GameManager.tsbackground: #aaff85; color: #000;color: #000;
8-27-2026 16:26:41-debug: refresh db assets success
8-27-2026 16:26:41-debug: Run asset db hook engine-extends:afterRefresh ...
8-27-2026 16:26:41-debug: Run asset db hook engine-extends:afterRefresh success!
8-27-2026 16:26:41-debug: asset-db:refresh-all-database (55ms)
8-27-2026 16:26:41-debug: asset-db:worker-effect-data-processing (1ms)
8-27-2026 16:26:41-debug: asset-db-hook-engine-extends-afterRefresh (2ms)
8-27-2026 16:26:44-debug: Query all assets info in project
8-27-2026 16:26:44-debug: init custom config: keepNodeUuid: false, useCache: true
8-27-2026 16:26:44-debug: Skip compress image, progress: 0%
8-27-2026 16:26:44-debug: Init all bundles start..., progress: 0%
8-27-2026 16:26:44-debug: Query asset bundle start, progress: 0%
8-27-2026 16:26:44-debug: // ---- build task Query asset bundle ----
8-27-2026 16:26:44-debug: Init bundle root assets start..., progress: 0%
8-27-2026 16:26:44-debug: Num of bundles: 2..., progress: 0%
8-27-2026 16:26:44-debug:   Number of all scenes: 1
8-27-2026 16:26:44-debug:   Number of all scripts: 42
8-27-2026 16:26:44-debug: Query preload assets/scripts from cc.config.json: 60f7195c-ec2a-45eb-ba94-8955f60e81d0,1c02ae6f-4492-4915-b8f8-7492a3b1e4cd,810e96e4-e456-4468-9b59-f4e8f39732c0,efe8e2a3-eace-427b-b4f1-cb8a937ec77d,e9aa9a3e-5b2b-4ac7-a2c7-073de2b2b24f,8bbdbcdd-5cd4-4100-b6d5-b7c9625b6107,50f4348b-c883-4e2f-8f11-ce233b859fa1,fda095cb-831d-4601-ad94-846013963de8,f92806d7-1768-443f-afe8-12bcde84d0f0,dd3a144d-ab7f-41f0-82b8-2e43a090d496,f0416e68-0200-4b77-a926-4f9d16e494da,511d2633-09a7-4bdd-ac42-f778032124b3,5d45aa00-e064-4938-b314-4265f0c2258c,9361fd90-ba52-4f84-aa93-6e878fd576ca,970b0598-bcb0-4714-91fb-2e81440dccd8,bcd64cc6-2dd9-43f6-abbe-66318d332032,d930590d-bb92-4cc8-8bd1-23cd027f9edf,a3cd009f-0ab0-420d-9278-b9fdab939bbc,6a2d0734-bd9e-4ddf-946e-caa52498cb75,d9937e59-61fe-4ec6-92ab-7ac5a19c89b0,d1346436-ac96-4271-b863-1f4fdead95b0,971bdb23-3ff6-43eb-b422-1c30165a3663,17debcc3-0a6b-4b8a-b00b-dc58b885581e,711ebe11-f673-4cd9-9a83-63c60ba54c5b,c0143906-9aed-447e-9436-2ae8512d1b6e,14da1725-c4c2-42b4-ab08-ee0aeb6898b3,081cab31-dccd-428e-8652-f2404cc81c47,78e0584a-4343-4727-8f37-e14e65c2a2db,871c3b6c-7379-419d-bda3-794b239ab90d,ff9b0199-ce04-4cfe-86cc-6c719f08d6e4,de1c2107-70c8-4021-8459-6399f24d01c6,cbf30902-517f-40dc-af90-a550bac27cf1,5c601d96-e4c7-4698-991b-7ee674b11079
8-27-2026 16:26:44-debug: Init bundle root assets success..., progress: 0%
8-27-2026 16:26:44-debug:   Number of other assets: 486
8-27-2026 16:26:44-debug: // ---- build task Query asset bundle ---- (5ms)
8-27-2026 16:26:44-log: run build task Query asset bundle success in 5 ms√, progress: 5%
8-27-2026 16:26:44-debug: [Build Memory track]: Query asset bundle start:228.21MB, end 228.94MB, increase: 751.48KB
8-27-2026 16:26:44-debug: // ---- build task Query asset bundle ----
8-27-2026 16:26:44-debug: Query asset bundle start, progress: 5%
8-27-2026 16:26:44-debug: // ---- build task Query asset bundle ---- (4ms)
8-27-2026 16:26:44-log: run build task Query asset bundle success in 4 ms√, progress: 10%
8-27-2026 16:26:44-debug: Sort some build options to settings.json start, progress: 10%
8-27-2026 16:26:44-debug: [Build Memory track]: Query asset bundle start:228.97MB, end 229.11MB, increase: 142.30KB
8-27-2026 16:26:44-debug: // ---- build task Sort some build options to settings.json ----
8-27-2026 16:26:44-debug: // ---- build task Sort some build options to settings.json ---- (1ms)
8-27-2026 16:26:44-log: run build task Sort some build options to settings.json success in 1 ms√, progress: 12%
8-27-2026 16:26:44-debug: [Build Memory track]: Sort some build options to settings.json start:229.14MB, end 229.17MB, increase: 27.31KB
8-27-2026 16:26:44-debug: Fill script data to settings start, progress: 12%
8-27-2026 16:26:44-debug: // ---- build task Fill script data to settings ----
8-27-2026 16:26:44-log: run build task Fill script data to settings success in √, progress: 13%
8-27-2026 16:26:44-debug: [Build Memory track]: Fill script data to settings start:229.20MB, end 229.21MB, increase: 15.81KB
8-27-2026 16:26:44-debug: Sort some build options to settings.json start, progress: 13%
8-27-2026 16:26:44-debug: // ---- build task Sort some build options to settings.json ----
8-27-2026 16:26:44-debug: // ---- build task Sort some build options to settings.json ---- (3ms)
8-27-2026 16:26:44-log: run build task Sort some build options to settings.json success in 3 ms√, progress: 15%
8-27-2026 16:26:44-debug: [Build Memory track]: Sort some build options to settings.json start:229.24MB, end 227.87MB, increase: -1404.85KB
8-27-2026 16:26:45-debug: %cImport%c: D:\Works\Github\BattleGame\assets\Battle.scenebackground: #aaff85; color: #000;color: #000;
8-27-2026 16:26:45-debug: asset-db:reimport-asset1effe86e-a401-4769-9dbc-62218c68834d (11ms)
8-27-2026 16:26:45-debug: Query all assets info in project
8-27-2026 16:26:45-debug: init custom config: keepNodeUuid: false, useCache: true
8-27-2026 16:26:45-debug: Skip compress image, progress: 0%
8-27-2026 16:26:45-debug: Init all bundles start..., progress: 0%
8-27-2026 16:26:45-debug: // ---- build task Query asset bundle ----
8-27-2026 16:26:45-debug: Query asset bundle start, progress: 0%
8-27-2026 16:26:45-debug: Num of bundles: 2..., progress: 0%
8-27-2026 16:26:45-debug: Init bundle root assets start..., progress: 0%
8-27-2026 16:26:45-debug: Query preload assets/scripts from cc.config.json: 60f7195c-ec2a-45eb-ba94-8955f60e81d0,1c02ae6f-4492-4915-b8f8-7492a3b1e4cd,810e96e4-e456-4468-9b59-f4e8f39732c0,efe8e2a3-eace-427b-b4f1-cb8a937ec77d,e9aa9a3e-5b2b-4ac7-a2c7-073de2b2b24f,8bbdbcdd-5cd4-4100-b6d5-b7c9625b6107,50f4348b-c883-4e2f-8f11-ce233b859fa1,fda095cb-831d-4601-ad94-846013963de8,f92806d7-1768-443f-afe8-12bcde84d0f0,dd3a144d-ab7f-41f0-82b8-2e43a090d496,f0416e68-0200-4b77-a926-4f9d16e494da,511d2633-09a7-4bdd-ac42-f778032124b3,5d45aa00-e064-4938-b314-4265f0c2258c,9361fd90-ba52-4f84-aa93-6e878fd576ca,970b0598-bcb0-4714-91fb-2e81440dccd8,bcd64cc6-2dd9-43f6-abbe-66318d332032,d930590d-bb92-4cc8-8bd1-23cd027f9edf,a3cd009f-0ab0-420d-9278-b9fdab939bbc,6a2d0734-bd9e-4ddf-946e-caa52498cb75,d9937e59-61fe-4ec6-92ab-7ac5a19c89b0,d1346436-ac96-4271-b863-1f4fdead95b0,971bdb23-3ff6-43eb-b422-1c30165a3663,17debcc3-0a6b-4b8a-b00b-dc58b885581e,711ebe11-f673-4cd9-9a83-63c60ba54c5b,c0143906-9aed-447e-9436-2ae8512d1b6e,14da1725-c4c2-42b4-ab08-ee0aeb6898b3,081cab31-dccd-428e-8652-f2404cc81c47,78e0584a-4343-4727-8f37-e14e65c2a2db,871c3b6c-7379-419d-bda3-794b239ab90d,ff9b0199-ce04-4cfe-86cc-6c719f08d6e4,de1c2107-70c8-4021-8459-6399f24d01c6,cbf30902-517f-40dc-af90-a550bac27cf1,5c601d96-e4c7-4698-991b-7ee674b11079
8-27-2026 16:26:45-debug:   Number of all scenes: 1
8-27-2026 16:26:45-debug:   Number of all scripts: 42
8-27-2026 16:26:45-debug:   Number of other assets: 486
8-27-2026 16:26:45-debug: Init bundle root assets success..., progress: 0%
8-27-2026 16:26:45-debug: // ---- build task Query asset bundle ---- (5ms)
8-27-2026 16:26:45-log: run build task Query asset bundle success in 5 ms√, progress: 5%
8-27-2026 16:26:45-debug: [Build Memory track]: Query asset bundle start:230.06MB, end 228.49MB, increase: -1604.32KB
8-27-2026 16:26:45-debug: Query asset bundle start, progress: 5%
8-27-2026 16:26:45-debug: // ---- build task Query asset bundle ----
8-27-2026 16:26:45-debug: // ---- build task Query asset bundle ---- (2ms)
8-27-2026 16:26:45-log: run build task Query asset bundle success in 2 ms√, progress: 10%
8-27-2026 16:26:45-debug: [Build Memory track]: Query asset bundle start:228.52MB, end 228.66MB, increase: 142.23KB
8-27-2026 16:26:45-debug: Sort some build options to settings.json start, progress: 10%
8-27-2026 16:26:45-debug: // ---- build task Sort some build options to settings.json ----
8-27-2026 16:26:45-log: run build task Sort some build options to settings.json success in √, progress: 12%
8-27-2026 16:26:45-debug: [Build Memory track]: Sort some build options to settings.json start:228.69MB, end 228.71MB, increase: 17.33KB
8-27-2026 16:26:45-debug: Fill script data to settings start, progress: 12%
8-27-2026 16:26:45-debug: // ---- build task Fill script data to settings ----
8-27-2026 16:26:45-log: run build task Fill script data to settings success in √, progress: 13%
8-27-2026 16:26:45-debug: Sort some build options to settings.json start, progress: 13%
8-27-2026 16:26:45-debug: [Build Memory track]: Fill script data to settings start:228.74MB, end 228.76MB, increase: 20.84KB
8-27-2026 16:26:45-debug: // ---- build task Sort some build options to settings.json ----
8-27-2026 16:26:46-debug: // ---- build task Sort some build options to settings.json ---- (3ms)
8-27-2026 16:26:46-log: run build task Sort some build options to settings.json success in 3 ms√, progress: 15%
8-27-2026 16:26:46-debug: [Build Memory track]: Sort some build options to settings.json start:228.79MB, end 228.91MB, increase: 125.83KB
8-27-2026 16:38:51-debug: refresh db internal success
8-27-2026 16:38:51-debug: refresh db assets success
8-27-2026 16:38:51-debug: Run asset db hook engine-extends:afterRefresh ...
8-27-2026 16:38:51-debug: Run asset db hook engine-extends:afterRefresh success!
8-27-2026 16:38:51-debug: asset-db:refresh-all-database (60ms)
8-27-2026 16:38:51-debug: asset-db:worker-effect-data-processing (2ms)
8-27-2026 16:38:51-debug: asset-db-hook-engine-extends-afterRefresh (2ms)
8-27-2026 16:39:41-debug: %cImport%c: D:\Works\Github\BattleGame\assets\Battle.scenebackground: #aaff85; color: #000;color: #000;
8-27-2026 16:39:41-debug: asset-db:reimport-asset1effe86e-a401-4769-9dbc-62218c68834d (12ms)
8-27-2026 16:39:41-debug: Query all assets info in project
8-27-2026 16:39:42-debug: init custom config: keepNodeUuid: false, useCache: true
8-27-2026 16:39:42-debug: Skip compress image, progress: 0%
8-27-2026 16:39:42-debug: Init all bundles start..., progress: 0%
8-27-2026 16:39:42-debug: Init bundle root assets start..., progress: 0%
8-27-2026 16:39:42-debug: Num of bundles: 2..., progress: 0%
8-27-2026 16:39:42-debug: // ---- build task Query asset bundle ----
8-27-2026 16:39:42-debug: Query asset bundle start, progress: 0%
8-27-2026 16:39:42-debug: Query preload assets/scripts from cc.config.json: 60f7195c-ec2a-45eb-ba94-8955f60e81d0,1c02ae6f-4492-4915-b8f8-7492a3b1e4cd,810e96e4-e456-4468-9b59-f4e8f39732c0,efe8e2a3-eace-427b-b4f1-cb8a937ec77d,e9aa9a3e-5b2b-4ac7-a2c7-073de2b2b24f,8bbdbcdd-5cd4-4100-b6d5-b7c9625b6107,50f4348b-c883-4e2f-8f11-ce233b859fa1,fda095cb-831d-4601-ad94-846013963de8,f92806d7-1768-443f-afe8-12bcde84d0f0,dd3a144d-ab7f-41f0-82b8-2e43a090d496,f0416e68-0200-4b77-a926-4f9d16e494da,511d2633-09a7-4bdd-ac42-f778032124b3,5d45aa00-e064-4938-b314-4265f0c2258c,9361fd90-ba52-4f84-aa93-6e878fd576ca,970b0598-bcb0-4714-91fb-2e81440dccd8,bcd64cc6-2dd9-43f6-abbe-66318d332032,d930590d-bb92-4cc8-8bd1-23cd027f9edf,a3cd009f-0ab0-420d-9278-b9fdab939bbc,6a2d0734-bd9e-4ddf-946e-caa52498cb75,d9937e59-61fe-4ec6-92ab-7ac5a19c89b0,d1346436-ac96-4271-b863-1f4fdead95b0,971bdb23-3ff6-43eb-b422-1c30165a3663,17debcc3-0a6b-4b8a-b00b-dc58b885581e,711ebe11-f673-4cd9-9a83-63c60ba54c5b,c0143906-9aed-447e-9436-2ae8512d1b6e,14da1725-c4c2-42b4-ab08-ee0aeb6898b3,081cab31-dccd-428e-8652-f2404cc81c47,78e0584a-4343-4727-8f37-e14e65c2a2db,871c3b6c-7379-419d-bda3-794b239ab90d,ff9b0199-ce04-4cfe-86cc-6c719f08d6e4,de1c2107-70c8-4021-8459-6399f24d01c6,cbf30902-517f-40dc-af90-a550bac27cf1,5c601d96-e4c7-4698-991b-7ee674b11079
8-27-2026 16:39:42-debug:   Number of all scenes: 1
8-27-2026 16:39:42-debug:   Number of all scripts: 42
8-27-2026 16:39:42-debug:   Number of other assets: 486
8-27-2026 16:39:42-debug: Init bundle root assets success..., progress: 0%
8-27-2026 16:39:42-debug: // ---- build task Query asset bundle ---- (9ms)
8-27-2026 16:39:42-log: run build task Query asset bundle success in 9 ms√, progress: 5%
8-27-2026 16:39:42-debug: Query asset bundle start, progress: 5%
8-27-2026 16:39:42-debug: // ---- build task Query asset bundle ----
8-27-2026 16:39:42-debug: [Build Memory track]: Query asset bundle start:230.62MB, end 230.43MB, increase: -195.22KB
8-27-2026 16:39:42-debug: // ---- build task Query asset bundle ---- (3ms)
8-27-2026 16:39:42-log: run build task Query asset bundle success in 3 ms√, progress: 10%
8-27-2026 16:39:42-debug: [Build Memory track]: Query asset bundle start:230.46MB, end 230.59MB, increase: 142.07KB
8-27-2026 16:39:42-debug: // ---- build task Sort some build options to settings.json ----
8-27-2026 16:39:42-debug: Sort some build options to settings.json start, progress: 10%
8-27-2026 16:39:42-debug: // ---- build task Sort some build options to settings.json ---- (1ms)
8-27-2026 16:39:42-log: run build task Sort some build options to settings.json success in 1 ms√, progress: 12%
8-27-2026 16:39:42-debug: [Build Memory track]: Sort some build options to settings.json start:230.62MB, end 230.65MB, increase: 26.75KB
8-27-2026 16:39:42-debug: Fill script data to settings start, progress: 12%
8-27-2026 16:39:42-debug: // ---- build task Fill script data to settings ----
8-27-2026 16:39:42-debug: // ---- build task Fill script data to settings ---- (2ms)
8-27-2026 16:39:42-log: run build task Fill script data to settings success in 2 ms√, progress: 13%
8-27-2026 16:39:42-debug: [Build Memory track]: Fill script data to settings start:230.68MB, end 230.70MB, increase: 26.79KB
8-27-2026 16:39:42-debug: // ---- build task Sort some build options to settings.json ----
8-27-2026 16:39:42-debug: Sort some build options to settings.json start, progress: 13%
8-27-2026 16:39:42-debug: // ---- build task Sort some build options to settings.json ---- (7ms)
8-27-2026 16:39:42-log: run build task Sort some build options to settings.json success in 7 ms√, progress: 15%
8-27-2026 16:39:42-debug: [Build Memory track]: Sort some build options to settings.json start:230.73MB, end 230.86MB, increase: 129.36KB
8-27-2026 16:40:15-debug: refresh db internal success
8-27-2026 16:40:15-debug: refresh db assets success
8-27-2026 16:40:15-debug: Run asset db hook engine-extends:afterRefresh ...
8-27-2026 16:40:15-debug: Run asset db hook engine-extends:afterRefresh success!
8-27-2026 16:40:15-debug: asset-db:refresh-all-database (56ms)
8-27-2026 16:40:15-debug: asset-db:worker-effect-data-processing (2ms)
8-27-2026 16:40:15-debug: asset-db-hook-engine-extends-afterRefresh (2ms)
8-27-2026 16:40:25-debug: %cImport%c: D:\Works\Github\BattleGame\assets\Battle.scenebackground: #aaff85; color: #000;color: #000;
8-27-2026 16:40:25-debug: asset-db:reimport-asset1effe86e-a401-4769-9dbc-62218c68834d (16ms)
8-27-2026 16:40:25-debug: Query all assets info in project
8-27-2026 16:40:25-debug: init custom config: keepNodeUuid: false, useCache: true
8-27-2026 16:40:25-debug: Skip compress image, progress: 0%
8-27-2026 16:40:25-debug: Init all bundles start..., progress: 0%
8-27-2026 16:40:25-debug: Num of bundles: 2..., progress: 0%
8-27-2026 16:40:25-debug: Query asset bundle start, progress: 0%
8-27-2026 16:40:25-debug: // ---- build task Query asset bundle ----
8-27-2026 16:40:25-debug: Init bundle root assets start..., progress: 0%
8-27-2026 16:40:25-debug: Query preload assets/scripts from cc.config.json: 60f7195c-ec2a-45eb-ba94-8955f60e81d0,1c02ae6f-4492-4915-b8f8-7492a3b1e4cd,810e96e4-e456-4468-9b59-f4e8f39732c0,efe8e2a3-eace-427b-b4f1-cb8a937ec77d,e9aa9a3e-5b2b-4ac7-a2c7-073de2b2b24f,8bbdbcdd-5cd4-4100-b6d5-b7c9625b6107,50f4348b-c883-4e2f-8f11-ce233b859fa1,fda095cb-831d-4601-ad94-846013963de8,f92806d7-1768-443f-afe8-12bcde84d0f0,dd3a144d-ab7f-41f0-82b8-2e43a090d496,f0416e68-0200-4b77-a926-4f9d16e494da,511d2633-09a7-4bdd-ac42-f778032124b3,5d45aa00-e064-4938-b314-4265f0c2258c,9361fd90-ba52-4f84-aa93-6e878fd576ca,970b0598-bcb0-4714-91fb-2e81440dccd8,bcd64cc6-2dd9-43f6-abbe-66318d332032,d930590d-bb92-4cc8-8bd1-23cd027f9edf,a3cd009f-0ab0-420d-9278-b9fdab939bbc,6a2d0734-bd9e-4ddf-946e-caa52498cb75,d9937e59-61fe-4ec6-92ab-7ac5a19c89b0,d1346436-ac96-4271-b863-1f4fdead95b0,971bdb23-3ff6-43eb-b422-1c30165a3663,17debcc3-0a6b-4b8a-b00b-dc58b885581e,711ebe11-f673-4cd9-9a83-63c60ba54c5b,c0143906-9aed-447e-9436-2ae8512d1b6e,14da1725-c4c2-42b4-ab08-ee0aeb6898b3,081cab31-dccd-428e-8652-f2404cc81c47,78e0584a-4343-4727-8f37-e14e65c2a2db,871c3b6c-7379-419d-bda3-794b239ab90d,ff9b0199-ce04-4cfe-86cc-6c719f08d6e4,de1c2107-70c8-4021-8459-6399f24d01c6,cbf30902-517f-40dc-af90-a550bac27cf1,5c601d96-e4c7-4698-991b-7ee674b11079
8-27-2026 16:40:25-debug:   Number of all scenes: 1
8-27-2026 16:40:25-debug:   Number of all scripts: 42
8-27-2026 16:40:25-debug: Init bundle root assets success..., progress: 0%
8-27-2026 16:40:25-debug:   Number of other assets: 486
8-27-2026 16:40:25-debug: // ---- build task Query asset bundle ---- (6ms)
8-27-2026 16:40:25-log: run build task Query asset bundle success in 6 ms√, progress: 5%
8-27-2026 16:40:25-debug: [Build Memory track]: Query asset bundle start:232.03MB, end 232.74MB, increase: 731.76KB
8-27-2026 16:40:25-debug: // ---- build task Query asset bundle ----
8-27-2026 16:40:25-debug: Query asset bundle start, progress: 5%
8-27-2026 16:40:25-debug: // ---- build task Query asset bundle ---- (4ms)
8-27-2026 16:40:25-log: run build task Query asset bundle success in 4 ms√, progress: 10%
8-27-2026 16:40:25-debug: [Build Memory track]: Query asset bundle start:232.78MB, end 232.01MB, increase: -783.53KB
8-27-2026 16:40:25-debug: // ---- build task Sort some build options to settings.json ----
8-27-2026 16:40:25-debug: Sort some build options to settings.json start, progress: 10%
8-27-2026 16:40:26-log: run build task Sort some build options to settings.json success in √, progress: 12%
8-27-2026 16:40:26-debug: [Build Memory track]: Sort some build options to settings.json start:232.04MB, end 232.06MB, increase: 17.24KB
8-27-2026 16:40:26-debug: Fill script data to settings start, progress: 12%
8-27-2026 16:40:26-debug: // ---- build task Fill script data to settings ----
8-27-2026 16:40:26-debug: // ---- build task Fill script data to settings ---- (1ms)
8-27-2026 16:40:26-log: run build task Fill script data to settings success in 1 ms√, progress: 13%
8-27-2026 16:40:26-debug: [Build Memory track]: Fill script data to settings start:232.09MB, end 232.11MB, increase: 25.19KB
8-27-2026 16:40:26-debug: Sort some build options to settings.json start, progress: 13%
8-27-2026 16:40:26-debug: // ---- build task Sort some build options to settings.json ----
8-27-2026 16:40:26-debug: // ---- build task Sort some build options to settings.json ---- (7ms)
8-27-2026 16:40:26-log: run build task Sort some build options to settings.json success in 7 ms√, progress: 15%
8-27-2026 16:40:26-debug: [Build Memory track]: Sort some build options to settings.json start:232.14MB, end 232.27MB, increase: 131.23KB
8-27-2026 16:44:08-debug: refresh db internal success
8-27-2026 16:44:08-debug: refresh db assets success
8-27-2026 16:44:08-debug: Run asset db hook engine-extends:afterRefresh ...
8-27-2026 16:44:08-debug: Run asset db hook engine-extends:afterRefresh success!
8-27-2026 16:44:08-debug: asset-db:refresh-all-database (57ms)
8-27-2026 16:44:08-debug: asset-db-hook-engine-extends-afterRefresh (2ms)
8-27-2026 16:44:08-debug: asset-db:worker-effect-data-processing (2ms)
8-27-2026 16:56:49-debug: refresh db internal success
8-27-2026 16:56:49-debug: refresh db assets success
8-27-2026 16:56:49-debug: Run asset db hook engine-extends:afterRefresh ...
8-27-2026 16:56:49-debug: Run asset db hook engine-extends:afterRefresh success!
8-27-2026 16:56:49-debug: asset-db:refresh-all-database (54ms)
8-27-2026 16:56:49-debug: asset-db:worker-effect-data-processing (1ms)
8-27-2026 16:56:49-debug: asset-db-hook-engine-extends-afterRefresh (1ms)
8-27-2026 16:57:09-debug: %cImport%c: D:\Works\Github\BattleGame\assets\Battle.scenebackground: #aaff85; color: #000;color: #000;
8-27-2026 16:57:09-debug: asset-db:reimport-asset1effe86e-a401-4769-9dbc-62218c68834d (11ms)
8-27-2026 16:57:10-debug: Query all assets info in project
8-27-2026 16:57:10-debug: init custom config: keepNodeUuid: false, useCache: true
8-27-2026 16:57:10-debug: Skip compress image, progress: 0%
8-27-2026 16:57:10-debug: Init all bundles start..., progress: 0%
8-27-2026 16:57:10-debug: Num of bundles: 2..., progress: 0%
8-27-2026 16:57:10-debug: Query asset bundle start, progress: 0%
8-27-2026 16:57:10-debug: // ---- build task Query asset bundle ----
8-27-2026 16:57:10-debug: Init bundle root assets start..., progress: 0%
8-27-2026 16:57:10-debug: Query preload assets/scripts from cc.config.json: 60f7195c-ec2a-45eb-ba94-8955f60e81d0,1c02ae6f-4492-4915-b8f8-7492a3b1e4cd,810e96e4-e456-4468-9b59-f4e8f39732c0,efe8e2a3-eace-427b-b4f1-cb8a937ec77d,e9aa9a3e-5b2b-4ac7-a2c7-073de2b2b24f,8bbdbcdd-5cd4-4100-b6d5-b7c9625b6107,50f4348b-c883-4e2f-8f11-ce233b859fa1,fda095cb-831d-4601-ad94-846013963de8,f92806d7-1768-443f-afe8-12bcde84d0f0,dd3a144d-ab7f-41f0-82b8-2e43a090d496,f0416e68-0200-4b77-a926-4f9d16e494da,511d2633-09a7-4bdd-ac42-f778032124b3,5d45aa00-e064-4938-b314-4265f0c2258c,9361fd90-ba52-4f84-aa93-6e878fd576ca,970b0598-bcb0-4714-91fb-2e81440dccd8,bcd64cc6-2dd9-43f6-abbe-66318d332032,d930590d-bb92-4cc8-8bd1-23cd027f9edf,a3cd009f-0ab0-420d-9278-b9fdab939bbc,6a2d0734-bd9e-4ddf-946e-caa52498cb75,d9937e59-61fe-4ec6-92ab-7ac5a19c89b0,d1346436-ac96-4271-b863-1f4fdead95b0,971bdb23-3ff6-43eb-b422-1c30165a3663,17debcc3-0a6b-4b8a-b00b-dc58b885581e,711ebe11-f673-4cd9-9a83-63c60ba54c5b,c0143906-9aed-447e-9436-2ae8512d1b6e,14da1725-c4c2-42b4-ab08-ee0aeb6898b3,081cab31-dccd-428e-8652-f2404cc81c47,78e0584a-4343-4727-8f37-e14e65c2a2db,871c3b6c-7379-419d-bda3-794b239ab90d,ff9b0199-ce04-4cfe-86cc-6c719f08d6e4,de1c2107-70c8-4021-8459-6399f24d01c6,cbf30902-517f-40dc-af90-a550bac27cf1,5c601d96-e4c7-4698-991b-7ee674b11079
8-27-2026 16:57:10-debug:   Number of all scripts: 42
8-27-2026 16:57:10-debug:   Number of other assets: 486
8-27-2026 16:57:10-debug: Init bundle root assets success..., progress: 0%
8-27-2026 16:57:10-debug:   Number of all scenes: 1
8-27-2026 16:57:10-debug: // ---- build task Query asset bundle ---- (5ms)
8-27-2026 16:57:10-log: run build task Query asset bundle success in 5 ms√, progress: 5%
8-27-2026 16:57:10-debug: Query asset bundle start, progress: 5%
8-27-2026 16:57:10-debug: [Build Memory track]: Query asset bundle start:235.26MB, end 235.06MB, increase: -206.77KB
8-27-2026 16:57:10-debug: // ---- build task Query asset bundle ----
8-27-2026 16:57:10-debug: // ---- build task Query asset bundle ---- (5ms)
8-27-2026 16:57:10-log: run build task Query asset bundle success in 5 ms√, progress: 10%
8-27-2026 16:57:10-debug: [Build Memory track]: Query asset bundle start:235.09MB, end 235.23MB, increase: 146.85KB
8-27-2026 16:57:10-debug: Sort some build options to settings.json start, progress: 10%
8-27-2026 16:57:10-debug: // ---- build task Sort some build options to settings.json ----
8-27-2026 16:57:10-log: run build task Sort some build options to settings.json success in √, progress: 12%
8-27-2026 16:57:10-debug: [Build Memory track]: Sort some build options to settings.json start:235.26MB, end 235.27MB, increase: 16.29KB
8-27-2026 16:57:10-debug: Fill script data to settings start, progress: 12%
8-27-2026 16:57:10-debug: // ---- build task Fill script data to settings ----
8-27-2026 16:57:10-debug: // ---- build task Fill script data to settings ---- (1ms)
8-27-2026 16:57:10-log: run build task Fill script data to settings success in 1 ms√, progress: 13%
8-27-2026 16:57:10-debug: [Build Memory track]: Fill script data to settings start:235.30MB, end 235.33MB, increase: 27.41KB
8-27-2026 16:57:10-debug: Sort some build options to settings.json start, progress: 13%
8-27-2026 16:57:10-debug: // ---- build task Sort some build options to settings.json ----
8-27-2026 16:57:10-debug: // ---- build task Sort some build options to settings.json ---- (5ms)
8-27-2026 16:57:10-log: run build task Sort some build options to settings.json success in 5 ms√, progress: 15%
8-27-2026 16:57:10-debug: [Build Memory track]: Sort some build options to settings.json start:235.36MB, end 235.49MB, increase: 132.57KB
8-27-2026 17:58:49-debug: refresh db internal success
8-27-2026 17:58:49-debug: refresh db assets success
8-27-2026 17:58:49-debug: Run asset db hook engine-extends:afterRefresh ...
8-27-2026 17:58:49-debug: Run asset db hook engine-extends:afterRefresh success!
8-27-2026 17:58:49-debug: asset-db:refresh-all-database (57ms)
8-27-2026 17:58:49-debug: asset-db:worker-effect-data-processing (1ms)
8-27-2026 17:58:49-debug: asset-db-hook-engine-extends-afterRefresh (1ms)
8-27-2026 17:59:12-debug: refresh db internal success
8-27-2026 17:59:12-debug: refresh db assets success
8-27-2026 17:59:12-debug: Run asset db hook engine-extends:afterRefresh ...
8-27-2026 17:59:12-debug: Run asset db hook engine-extends:afterRefresh success!
8-27-2026 17:59:12-debug: asset-db-hook-engine-extends-afterRefresh (1ms)
8-27-2026 17:59:12-debug: asset-db:refresh-all-database (49ms)
8-27-2026 18:06:23-debug: refresh db internal success
8-27-2026 18:06:23-debug: refresh db assets success
8-27-2026 18:06:23-debug: Run asset db hook engine-extends:afterRefresh ...
8-27-2026 18:06:23-debug: Run asset db hook engine-extends:afterRefresh success!
8-27-2026 18:06:23-debug: asset-db:refresh-all-database (51ms)
8-27-2026 18:06:23-debug: asset-db:worker-effect-data-processing (2ms)
8-27-2026 18:06:23-debug: asset-db-hook-engine-extends-afterRefresh (2ms)
8-27-2026 18:31:54-debug: refresh db internal success
8-27-2026 18:31:54-debug: refresh db assets success
8-27-2026 18:31:54-debug: Run asset db hook engine-extends:afterRefresh ...
8-27-2026 18:31:54-debug: Run asset db hook engine-extends:afterRefresh success!
8-27-2026 18:31:54-debug: asset-db:refresh-all-database (50ms)
8-27-2026 18:31:54-debug: asset-db:worker-effect-data-processing (1ms)
8-27-2026 18:31:54-debug: asset-db-hook-engine-extends-afterRefresh (2ms)
8-27-2026 18:50:26-debug: refresh db internal success
8-27-2026 18:50:26-debug: refresh db assets success
8-27-2026 18:50:26-debug: Run asset db hook engine-extends:afterRefresh ...
8-27-2026 18:50:26-debug: Run asset db hook engine-extends:afterRefresh success!
8-27-2026 18:50:26-debug: asset-db:refresh-all-database (50ms)
8-27-2026 18:50:26-debug: asset-db:worker-effect-data-processing (2ms)
8-27-2026 18:50:26-debug: asset-db-hook-engine-extends-afterRefresh (2ms)
