8-27-2026 10:44:46-log: Cannot access game frame or container.
8-27-2026 10:44:46-debug: asset-db:require-engine-code (504ms)
8-27-2026 10:44:46-log: meshopt wasm decoder initialized
8-27-2026 10:44:46-log: [bullet]:bullet wasm lib loaded.
8-27-2026 10:44:46-log: [box2d]:box2d wasm lib loaded.
8-27-2026 10:44:46-log: Cocos Creator v3.8.8
8-27-2026 10:44:46-log: Using legacy pipeline
8-27-2026 10:44:46-log: Forward render pipeline initialized.
8-27-2026 10:44:46-debug: [Assets Memory track]: asset-db:worker-init: initEngine start:30.67MB, end 79.14MB, increase: 48.47MB
8-27-2026 10:44:48-debug: [Assets Memory track]: asset-db:worker-init: initPlugin start:79.21MB, end 340.82MB, increase: 261.61MB
8-27-2026 10:44:48-debug: run package(taobao-mini-game) handler(enable) start
8-27-2026 10:44:48-debug: run package(vivo-mini-game) handler(enable) success!
8-27-2026 10:44:48-debug: run package(vivo-mini-game) handler(enable) start
8-27-2026 10:44:48-debug: run package(taobao-mini-game) handler(enable) success!
8-27-2026 10:44:48-debug: run package(web-mobile) handler(enable) start
8-27-2026 10:44:48-debug: run package(web-mobile) handler(enable) success!
8-27-2026 10:44:48-debug: run package(web-desktop) handler(enable) success!
8-27-2026 10:44:48-debug: run package(wechatgame) handler(enable) start
8-27-2026 10:44:48-debug: run package(web-desktop) handler(enable) start
8-27-2026 10:44:48-debug: run package(wechatprogram) handler(enable) start
8-27-2026 10:44:48-debug: run package(wechatprogram) handler(enable) success!
8-27-2026 10:44:48-debug: run package(windows) handler(enable) start
8-27-2026 10:44:48-debug: run package(wechatgame) handler(enable) success!
8-27-2026 10:44:48-debug: run package(xiaomi-quick-game) handler(enable) start
8-27-2026 10:44:48-debug: run package(xiaomi-quick-game) handler(enable) success!
8-27-2026 10:44:48-debug: run package(windows) handler(enable) success!
8-27-2026 10:44:48-debug: run package(cocos-service) handler(enable) success!
8-27-2026 10:44:48-debug: run package(im-plugin) handler(enable) success!
8-27-2026 10:44:48-debug: run package(cocos-service) handler(enable) start
8-27-2026 10:44:48-debug: run package(placeholder) handler(enable) success!
8-27-2026 10:44:48-debug: run package(im-plugin) handler(enable) start
8-27-2026 10:44:48-debug: run package(placeholder) handler(enable) start
8-27-2026 10:44:48-debug: asset-db:worker-init: initPlugin (1488ms)
8-27-2026 10:44:48-debug: [Assets Memory track]: asset-db:worker-init start:30.66MB, end 341.95MB, increase: 311.29MB
8-27-2026 10:44:48-debug: Run asset db hook engine-extends:beforePreStart ...
8-27-2026 10:44:48-debug: Run asset db hook programming:beforePreStart success!
8-27-2026 10:44:48-debug: Run asset db hook engine-extends:beforePreStart success!
8-27-2026 10:44:48-debug: Run asset db hook programming:beforePreStart ...
8-27-2026 10:44:49-debug: asset-db:worker-init (3833ms)
8-27-2026 10:44:49-debug: asset-db-hook-programming-beforePreStart (1657ms)
8-27-2026 10:44:49-debug: asset-db-hook-engine-extends-beforePreStart (1657ms)
8-27-2026 10:44:50-debug: Preimport db internal success
8-27-2026 10:44:51-debug: Preimport db assets success
8-27-2026 10:44:51-debug: Run asset db hook programming:afterPreStart ...
8-27-2026 10:44:51-debug: starting packer-driver...
8-27-2026 10:44:51-debug: initialize scripting environment...
8-27-2026 10:44:51-debug: [[Executor]] prepare before lock
8-27-2026 10:44:51-debug: Set detail map pack:///resolution-detail-map.json: {}
8-27-2026 10:44:51-debug: [[Executor]] prepare after unlock
8-27-2026 10:44:51-debug: Run asset db hook programming:afterPreStart success!
8-27-2026 10:44:51-debug: Run asset db hook engine-extends:afterPreStart ...
8-27-2026 10:44:51-debug: Run asset db hook engine-extends:afterPreStart success!
8-27-2026 10:44:51-debug: Start up the 'internal' database...
8-27-2026 10:44:52-debug: asset-db-hook-programming-afterPreStart (1623ms)
8-27-2026 10:44:52-debug: asset-db:worker-effect-data-processing (995ms)
8-27-2026 10:44:52-debug: asset-db-hook-engine-extends-afterPreStart (995ms)
8-27-2026 10:44:52-debug: Run asset db hook engine-extends:afterStartDB ...
8-27-2026 10:44:53-debug: recompile effect.bin success
8-27-2026 10:44:53-debug: Run asset db hook engine-extends:afterStartDB success!
8-27-2026 10:44:53-debug: Start up the 'assets' database...
8-27-2026 10:44:53-debug: asset-db:worker-effect-data-processing (1169ms)
8-27-2026 10:44:53-debug: asset-db-hook-engine-extends-afterStartDB (1170ms)
8-27-2026 10:44:53-debug: Run asset db hook engine-extends:afterStartDB ...
8-27-2026 10:44:54-debug: recompile effect.bin success
8-27-2026 10:44:54-debug: Run asset db hook engine-extends:afterStartDB success!
8-27-2026 10:44:54-debug: [Assets Memory track]: asset-db:worker-init: startup start:200.06MB, end 215.39MB, increase: 15.33MB
8-27-2026 10:44:54-debug: lazy register asset handler *
8-27-2026 10:44:54-debug: lazy register asset handler directory
8-27-2026 10:44:54-debug: lazy register asset handler spine-data
8-27-2026 10:44:54-debug: lazy register asset handler text
8-27-2026 10:44:54-debug: lazy register asset handler dragonbones-atlas
8-27-2026 10:44:54-debug: lazy register asset handler terrain
8-27-2026 10:44:54-debug: lazy register asset handler dragonbones
8-27-2026 10:44:54-debug: lazy register asset handler typescript
8-27-2026 10:44:54-debug: lazy register asset handler javascript
8-27-2026 10:44:54-debug: lazy register asset handler prefab
8-27-2026 10:44:54-debug: lazy register asset handler scene
8-27-2026 10:44:54-debug: lazy register asset handler sprite-frame
8-27-2026 10:44:54-debug: lazy register asset handler buffer
8-27-2026 10:44:54-debug: lazy register asset handler json
8-27-2026 10:44:54-debug: lazy register asset handler tiled-map
8-27-2026 10:44:54-debug: lazy register asset handler sign-image
8-27-2026 10:44:54-debug: lazy register asset handler alpha-image
8-27-2026 10:44:54-debug: lazy register asset handler texture
8-27-2026 10:44:54-debug: lazy register asset handler texture-cube
8-27-2026 10:44:54-debug: lazy register asset handler erp-texture-cube
8-27-2026 10:44:54-debug: lazy register asset handler texture-cube-face
8-27-2026 10:44:54-debug: lazy register asset handler image
8-27-2026 10:44:54-debug: lazy register asset handler render-texture
8-27-2026 10:44:54-debug: lazy register asset handler rt-sprite-frame
8-27-2026 10:44:54-debug: lazy register asset handler gltf
8-27-2026 10:44:54-debug: lazy register asset handler gltf-mesh
8-27-2026 10:44:54-debug: lazy register asset handler gltf-skeleton
8-27-2026 10:44:54-debug: lazy register asset handler gltf-material
8-27-2026 10:44:54-debug: lazy register asset handler gltf-embeded-image
8-27-2026 10:44:54-debug: lazy register asset handler material
8-27-2026 10:44:54-debug: lazy register asset handler physics-material
8-27-2026 10:44:54-debug: lazy register asset handler gltf-animation
8-27-2026 10:44:54-debug: lazy register asset handler effect
8-27-2026 10:44:54-debug: lazy register asset handler effect-header
8-27-2026 10:44:54-debug: lazy register asset handler audio-clip
8-27-2026 10:44:54-debug: lazy register asset handler gltf-scene
8-27-2026 10:44:54-debug: lazy register asset handler fbx
8-27-2026 10:44:54-debug: lazy register asset handler animation-clip
8-27-2026 10:44:54-debug: lazy register asset handler animation-graph-variant
8-27-2026 10:44:54-debug: lazy register asset handler ttf-font
8-27-2026 10:44:54-debug: lazy register asset handler animation-mask
8-27-2026 10:44:54-debug: lazy register asset handler bitmap-font
8-27-2026 10:44:54-debug: lazy register asset handler animation-graph
8-27-2026 10:44:54-debug: lazy register asset handler sprite-atlas
8-27-2026 10:44:54-debug: lazy register asset handler auto-atlas
8-27-2026 10:44:54-debug: lazy register asset handler label-atlas
8-27-2026 10:44:54-debug: lazy register asset handler render-pipeline
8-27-2026 10:44:54-debug: lazy register asset handler render-stage
8-27-2026 10:44:54-debug: lazy register asset handler instantiation-material
8-27-2026 10:44:54-debug: lazy register asset handler render-flow
8-27-2026 10:44:54-debug: lazy register asset handler instantiation-mesh
8-27-2026 10:44:54-debug: lazy register asset handler instantiation-animation
8-27-2026 10:44:54-debug: lazy register asset handler particle
8-27-2026 10:44:54-debug: lazy register asset handler instantiation-skeleton
8-27-2026 10:44:54-debug: lazy register asset handler video-clip
8-27-2026 10:44:54-debug: asset-db:worker-effect-data-processing (220ms)
8-27-2026 10:44:54-debug: asset-db-hook-engine-extends-afterStartDB (220ms)
8-27-2026 10:44:54-debug: asset-db:start-database (5853ms)
8-27-2026 10:44:54-debug: asset-db:ready (10179ms)
8-27-2026 10:44:54-debug: init worker message success
8-27-2026 10:44:54-debug: programming:execute-script (1ms)
8-27-2026 10:44:54-debug: [Build Memory track]: builder:worker-init start:219.50MB, end 227.49MB, increase: 7.99MB
8-27-2026 10:44:54-debug: builder:worker-init (221ms)
8-27-2026 10:45:00-debug: Query all assets info in project
8-27-2026 10:45:00-debug: init custom config: keepNodeUuid: false, useCache: true
8-27-2026 10:45:00-debug: Skip compress image, progress: 0%
8-27-2026 10:45:00-debug: Init all bundles start..., progress: 0%
8-27-2026 10:45:00-debug: Query asset bundle start, progress: 0%
8-27-2026 10:45:00-debug: Num of bundles: 2..., progress: 0%
8-27-2026 10:45:00-debug: // ---- build task Query asset bundle ----
8-27-2026 10:45:00-debug: Init bundle root assets start..., progress: 0%
8-27-2026 10:45:00-debug:   Number of all scripts: 42
8-27-2026 10:45:00-debug: Query preload assets/scripts from cc.config.json: 60f7195c-ec2a-45eb-ba94-8955f60e81d0,1c02ae6f-4492-4915-b8f8-7492a3b1e4cd,810e96e4-e456-4468-9b59-f4e8f39732c0,efe8e2a3-eace-427b-b4f1-cb8a937ec77d,e9aa9a3e-5b2b-4ac7-a2c7-073de2b2b24f,8bbdbcdd-5cd4-4100-b6d5-b7c9625b6107,50f4348b-c883-4e2f-8f11-ce233b859fa1,fda095cb-831d-4601-ad94-846013963de8,f92806d7-1768-443f-afe8-12bcde84d0f0,dd3a144d-ab7f-41f0-82b8-2e43a090d496,f0416e68-0200-4b77-a926-4f9d16e494da,511d2633-09a7-4bdd-ac42-f778032124b3,5d45aa00-e064-4938-b314-4265f0c2258c,9361fd90-ba52-4f84-aa93-6e878fd576ca,970b0598-bcb0-4714-91fb-2e81440dccd8,bcd64cc6-2dd9-43f6-abbe-66318d332032,d930590d-bb92-4cc8-8bd1-23cd027f9edf,a3cd009f-0ab0-420d-9278-b9fdab939bbc,6a2d0734-bd9e-4ddf-946e-caa52498cb75,d9937e59-61fe-4ec6-92ab-7ac5a19c89b0,d1346436-ac96-4271-b863-1f4fdead95b0,971bdb23-3ff6-43eb-b422-1c30165a3663,17debcc3-0a6b-4b8a-b00b-dc58b885581e,711ebe11-f673-4cd9-9a83-63c60ba54c5b,c0143906-9aed-447e-9436-2ae8512d1b6e,14da1725-c4c2-42b4-ab08-ee0aeb6898b3,081cab31-dccd-428e-8652-f2404cc81c47,78e0584a-4343-4727-8f37-e14e65c2a2db,871c3b6c-7379-419d-bda3-794b239ab90d,ff9b0199-ce04-4cfe-86cc-6c719f08d6e4,de1c2107-70c8-4021-8459-6399f24d01c6,cbf30902-517f-40dc-af90-a550bac27cf1,5c601d96-e4c7-4698-991b-7ee674b11079
8-27-2026 10:45:00-debug:   Number of other assets: 486
8-27-2026 10:45:00-debug: Init bundle root assets success..., progress: 0%
8-27-2026 10:45:00-debug:   Number of all scenes: 1
8-27-2026 10:45:00-debug: // ---- build task Query asset bundle ---- (4ms)
8-27-2026 10:45:00-log: run build task Query asset bundle success in 4 ms√, progress: 5%
8-27-2026 10:45:00-debug: [Build Memory track]: Query asset bundle start:228.96MB, end 229.83MB, increase: 894.76KB
8-27-2026 10:45:00-debug: // ---- build task Query asset bundle ----
8-27-2026 10:45:00-debug: Query asset bundle start, progress: 5%
8-27-2026 10:45:00-debug: // ---- build task Query asset bundle ---- (1ms)
8-27-2026 10:45:00-log: run build task Query asset bundle success in 1 ms√, progress: 10%
8-27-2026 10:45:00-debug: [Build Memory track]: Query asset bundle start:229.87MB, end 230.04MB, increase: 173.84KB
8-27-2026 10:45:00-debug: // ---- build task Sort some build options to settings.json ----
8-27-2026 10:45:00-debug: Sort some build options to settings.json start, progress: 10%
8-27-2026 10:45:00-log: run build task Sort some build options to settings.json success in √, progress: 12%
8-27-2026 10:45:00-debug: [Build Memory track]: Sort some build options to settings.json start:230.08MB, end 230.10MB, increase: 21.32KB
8-27-2026 10:45:00-debug: Fill script data to settings start, progress: 12%
8-27-2026 10:45:00-debug: // ---- build task Fill script data to settings ----
8-27-2026 10:45:00-debug: // ---- build task Fill script data to settings ---- (1ms)
8-27-2026 10:45:00-log: run build task Fill script data to settings success in 1 ms√, progress: 13%
8-27-2026 10:45:00-debug: [Build Memory track]: Fill script data to settings start:230.14MB, end 230.18MB, increase: 33.23KB
8-27-2026 10:45:00-debug: // ---- build task Sort some build options to settings.json ----
8-27-2026 10:45:00-debug: Sort some build options to settings.json start, progress: 13%
8-27-2026 10:45:00-debug: // ---- build task Sort some build options to settings.json ---- (3ms)
8-27-2026 10:45:00-log: run build task Sort some build options to settings.json success in 3 ms√, progress: 15%
8-27-2026 10:45:00-debug: [Build Memory track]: Sort some build options to settings.json start:230.22MB, end 230.38MB, increase: 158.86KB
8-27-2026 10:45:07-debug: Query all assets info in project
8-27-2026 10:45:07-debug: init custom config: keepNodeUuid: false, useCache: true
8-27-2026 10:45:07-debug: Skip compress image, progress: 0%
8-27-2026 10:45:07-debug: Init all bundles start..., progress: 0%
8-27-2026 10:45:07-debug: Num of bundles: 2..., progress: 0%
8-27-2026 10:45:07-debug: Query asset bundle start, progress: 0%
8-27-2026 10:45:07-debug: Init bundle root assets start..., progress: 0%
8-27-2026 10:45:07-debug: // ---- build task Query asset bundle ----
8-27-2026 10:45:07-debug: Query preload assets/scripts from cc.config.json: 60f7195c-ec2a-45eb-ba94-8955f60e81d0,1c02ae6f-4492-4915-b8f8-7492a3b1e4cd,810e96e4-e456-4468-9b59-f4e8f39732c0,efe8e2a3-eace-427b-b4f1-cb8a937ec77d,e9aa9a3e-5b2b-4ac7-a2c7-073de2b2b24f,8bbdbcdd-5cd4-4100-b6d5-b7c9625b6107,50f4348b-c883-4e2f-8f11-ce233b859fa1,fda095cb-831d-4601-ad94-846013963de8,f92806d7-1768-443f-afe8-12bcde84d0f0,dd3a144d-ab7f-41f0-82b8-2e43a090d496,f0416e68-0200-4b77-a926-4f9d16e494da,511d2633-09a7-4bdd-ac42-f778032124b3,5d45aa00-e064-4938-b314-4265f0c2258c,9361fd90-ba52-4f84-aa93-6e878fd576ca,970b0598-bcb0-4714-91fb-2e81440dccd8,bcd64cc6-2dd9-43f6-abbe-66318d332032,d930590d-bb92-4cc8-8bd1-23cd027f9edf,a3cd009f-0ab0-420d-9278-b9fdab939bbc,6a2d0734-bd9e-4ddf-946e-caa52498cb75,d9937e59-61fe-4ec6-92ab-7ac5a19c89b0,d1346436-ac96-4271-b863-1f4fdead95b0,971bdb23-3ff6-43eb-b422-1c30165a3663,17debcc3-0a6b-4b8a-b00b-dc58b885581e,711ebe11-f673-4cd9-9a83-63c60ba54c5b,c0143906-9aed-447e-9436-2ae8512d1b6e,14da1725-c4c2-42b4-ab08-ee0aeb6898b3,081cab31-dccd-428e-8652-f2404cc81c47,78e0584a-4343-4727-8f37-e14e65c2a2db,871c3b6c-7379-419d-bda3-794b239ab90d,ff9b0199-ce04-4cfe-86cc-6c719f08d6e4,de1c2107-70c8-4021-8459-6399f24d01c6,cbf30902-517f-40dc-af90-a550bac27cf1,5c601d96-e4c7-4698-991b-7ee674b11079
8-27-2026 10:45:07-debug:   Number of all scripts: 42
8-27-2026 10:45:07-debug:   Number of other assets: 486
8-27-2026 10:45:07-debug: Init bundle root assets success..., progress: 0%
8-27-2026 10:45:07-debug:   Number of all scenes: 1
8-27-2026 10:45:07-log: run build task Query asset bundle success in 4 ms√, progress: 5%
8-27-2026 10:45:07-debug: // ---- build task Query asset bundle ---- (4ms)
8-27-2026 10:45:07-debug: [Build Memory track]: Query asset bundle start:231.79MB, end 225.84MB, increase: -6093.97KB
8-27-2026 10:45:07-debug: Query asset bundle start, progress: 5%
8-27-2026 10:45:07-debug: // ---- build task Query asset bundle ----
8-27-2026 10:45:07-debug: // ---- build task Query asset bundle ---- (2ms)
8-27-2026 10:45:07-debug: Sort some build options to settings.json start, progress: 10%
8-27-2026 10:45:07-log: run build task Query asset bundle success in 2 ms√, progress: 10%
8-27-2026 10:45:07-debug: [Build Memory track]: Query asset bundle start:225.88MB, end 226.03MB, increase: 153.63KB
8-27-2026 10:45:07-debug: // ---- build task Sort some build options to settings.json ----
8-27-2026 10:45:07-debug: // ---- build task Sort some build options to settings.json ---- (-1ms)
8-27-2026 10:45:07-log: run build task Sort some build options to settings.json success in -1 h -1 min -1 s√, progress: 12%
8-27-2026 10:45:07-debug: [Build Memory track]: Sort some build options to settings.json start:226.08MB, end 226.11MB, increase: 34.55KB
8-27-2026 10:45:07-debug: // ---- build task Fill script data to settings ----
8-27-2026 10:45:07-debug: Fill script data to settings start, progress: 12%
8-27-2026 10:45:07-debug: // ---- build task Fill script data to settings ---- (-1ms)
8-27-2026 10:45:07-log: run build task Fill script data to settings success in -1 h -1 min -1 s√, progress: 13%
8-27-2026 10:45:07-debug: [Build Memory track]: Fill script data to settings start:226.15MB, end 226.19MB, increase: 38.22KB
8-27-2026 10:45:07-debug: Sort some build options to settings.json start, progress: 13%
8-27-2026 10:45:07-debug: // ---- build task Sort some build options to settings.json ----
8-27-2026 10:45:07-debug: // ---- build task Sort some build options to settings.json ---- (1ms)
8-27-2026 10:45:07-log: run build task Sort some build options to settings.json success in 1 ms√, progress: 15%
8-27-2026 10:45:07-debug: [Build Memory track]: Sort some build options to settings.json start:226.23MB, end 226.38MB, increase: 159.60KB
8-27-2026 10:48:14-debug: refresh db internal success
8-27-2026 10:48:14-debug: refresh db assets success
8-27-2026 10:48:14-debug: Run asset db hook engine-extends:afterRefresh ...
8-27-2026 10:48:14-debug: Run asset db hook engine-extends:afterRefresh success!
8-27-2026 10:48:14-debug: asset-db:refresh-all-database (61ms)
8-27-2026 10:48:14-debug: asset-db:worker-effect-data-processing (2ms)
8-27-2026 10:48:14-debug: asset-db-hook-engine-extends-afterRefresh (2ms)
8-27-2026 10:51:19-debug: refresh db internal success
8-27-2026 10:51:19-debug: refresh db assets success
8-27-2026 10:51:19-debug: Run asset db hook engine-extends:afterRefresh success!
8-27-2026 10:51:19-debug: Run asset db hook engine-extends:afterRefresh ...
8-27-2026 10:51:19-debug: asset-db:refresh-all-database (57ms)
8-27-2026 10:51:19-debug: asset-db:worker-effect-data-processing (-2ms)
8-27-2026 10:51:19-debug: asset-db-hook-engine-extends-afterRefresh (-1ms)
8-27-2026 11:45:58-debug: refresh db internal success
8-27-2026 11:45:58-debug: refresh db assets success
8-27-2026 11:45:58-debug: Run asset db hook engine-extends:afterRefresh ...
8-27-2026 11:45:58-debug: Run asset db hook engine-extends:afterRefresh success!
8-27-2026 11:45:58-debug: asset-db:refresh-all-database (55ms)
8-27-2026 11:45:58-debug: asset-db:worker-effect-data-processing (1ms)
8-27-2026 11:45:58-debug: asset-db-hook-engine-extends-afterRefresh (1ms)
8-27-2026 11:51:31-debug: refresh db internal success
8-27-2026 11:51:31-debug: %cImport%c: D:\Works\Github\BattleGame\assets\scripts\BattleTelemetry.tsbackground: #aaff85; color: #000;color: #000;
8-27-2026 11:51:31-debug: %cImport%c: D:\Works\Github\BattleGame\assets\scripts\GameManager.tsbackground: #aaff85; color: #000;color: #000;
8-27-2026 11:51:31-debug: %cImport%c: D:\Works\Github\BattleGame\assets\scripts\Unit.tsbackground: #aaff85; color: #000;color: #000;
8-27-2026 11:51:31-debug: refresh db assets success
8-27-2026 11:51:31-debug: Run asset db hook engine-extends:afterRefresh ...
8-27-2026 11:51:31-debug: Run asset db hook engine-extends:afterRefresh success!
8-27-2026 11:51:31-debug: asset-db:refresh-all-database (83ms)
8-27-2026 11:51:34-debug: Query all assets info in project
8-27-2026 11:51:34-debug: init custom config: keepNodeUuid: false, useCache: true
8-27-2026 11:51:34-debug: Skip compress image, progress: 0%
8-27-2026 11:51:34-debug: Init all bundles start..., progress: 0%
8-27-2026 11:51:34-debug: Query asset bundle start, progress: 0%
8-27-2026 11:51:34-debug: // ---- build task Query asset bundle ----
8-27-2026 11:51:34-debug: Init bundle root assets start..., progress: 0%
8-27-2026 11:51:34-debug: Num of bundles: 2..., progress: 0%
8-27-2026 11:51:34-debug: Query preload assets/scripts from cc.config.json: 60f7195c-ec2a-45eb-ba94-8955f60e81d0,1c02ae6f-4492-4915-b8f8-7492a3b1e4cd,810e96e4-e456-4468-9b59-f4e8f39732c0,efe8e2a3-eace-427b-b4f1-cb8a937ec77d,e9aa9a3e-5b2b-4ac7-a2c7-073de2b2b24f,8bbdbcdd-5cd4-4100-b6d5-b7c9625b6107,50f4348b-c883-4e2f-8f11-ce233b859fa1,fda095cb-831d-4601-ad94-846013963de8,f92806d7-1768-443f-afe8-12bcde84d0f0,dd3a144d-ab7f-41f0-82b8-2e43a090d496,f0416e68-0200-4b77-a926-4f9d16e494da,511d2633-09a7-4bdd-ac42-f778032124b3,5d45aa00-e064-4938-b314-4265f0c2258c,9361fd90-ba52-4f84-aa93-6e878fd576ca,970b0598-bcb0-4714-91fb-2e81440dccd8,bcd64cc6-2dd9-43f6-abbe-66318d332032,d930590d-bb92-4cc8-8bd1-23cd027f9edf,a3cd009f-0ab0-420d-9278-b9fdab939bbc,6a2d0734-bd9e-4ddf-946e-caa52498cb75,d9937e59-61fe-4ec6-92ab-7ac5a19c89b0,d1346436-ac96-4271-b863-1f4fdead95b0,971bdb23-3ff6-43eb-b422-1c30165a3663,17debcc3-0a6b-4b8a-b00b-dc58b885581e,711ebe11-f673-4cd9-9a83-63c60ba54c5b,c0143906-9aed-447e-9436-2ae8512d1b6e,14da1725-c4c2-42b4-ab08-ee0aeb6898b3,081cab31-dccd-428e-8652-f2404cc81c47,78e0584a-4343-4727-8f37-e14e65c2a2db,871c3b6c-7379-419d-bda3-794b239ab90d,ff9b0199-ce04-4cfe-86cc-6c719f08d6e4,de1c2107-70c8-4021-8459-6399f24d01c6,cbf30902-517f-40dc-af90-a550bac27cf1,5c601d96-e4c7-4698-991b-7ee674b11079
8-27-2026 11:51:34-debug:   Number of other assets: 486
8-27-2026 11:51:34-debug:   Number of all scripts: 42
8-27-2026 11:51:34-debug: Init bundle root assets success..., progress: 0%
8-27-2026 11:51:34-debug:   Number of all scenes: 1
8-27-2026 11:51:34-debug: // ---- build task Query asset bundle ---- (7ms)
8-27-2026 11:51:34-log: run build task Query asset bundle success in 7 ms√, progress: 5%
8-27-2026 11:51:34-debug: Query asset bundle start, progress: 5%
8-27-2026 11:51:34-debug: [Build Memory track]: Query asset bundle start:228.41MB, end 228.44MB, increase: 31.54KB
8-27-2026 11:51:34-debug: // ---- build task Query asset bundle ----
8-27-2026 11:51:34-debug: // ---- build task Query asset bundle ---- (5ms)
8-27-2026 11:51:34-log: run build task Query asset bundle success in 5 ms√, progress: 10%
8-27-2026 11:51:34-debug: [Build Memory track]: Query asset bundle start:228.48MB, end 227.87MB, increase: -625.81KB
8-27-2026 11:51:34-debug: Sort some build options to settings.json start, progress: 10%
8-27-2026 11:51:34-debug: // ---- build task Sort some build options to settings.json ----
8-27-2026 11:51:34-log: run build task Sort some build options to settings.json success in √, progress: 12%
8-27-2026 11:51:34-debug: [Build Memory track]: Sort some build options to settings.json start:227.91MB, end 227.93MB, increase: 22.64KB
8-27-2026 11:51:34-debug: Fill script data to settings start, progress: 12%
8-27-2026 11:51:34-debug: // ---- build task Fill script data to settings ----
8-27-2026 11:51:34-debug: // ---- build task Fill script data to settings ---- (1ms)
8-27-2026 11:51:34-log: run build task Fill script data to settings success in 1 ms√, progress: 13%
8-27-2026 11:51:34-debug: [Build Memory track]: Fill script data to settings start:227.97MB, end 228.00MB, increase: 32.31KB
8-27-2026 11:51:34-debug: // ---- build task Sort some build options to settings.json ----
8-27-2026 11:51:34-debug: Sort some build options to settings.json start, progress: 13%
8-27-2026 11:51:34-debug: // ---- build task Sort some build options to settings.json ---- (4ms)
8-27-2026 11:51:34-log: run build task Sort some build options to settings.json success in 4 ms√, progress: 15%
8-27-2026 11:51:34-debug: [Build Memory track]: Sort some build options to settings.json start:228.04MB, end 228.18MB, increase: 137.89KB
8-27-2026 11:51:37-debug: refresh db internal success
8-27-2026 11:51:37-debug: refresh db assets success
8-27-2026 11:51:37-debug: Run asset db hook engine-extends:afterRefresh success!
8-27-2026 11:51:37-debug: Run asset db hook engine-extends:afterRefresh ...
8-27-2026 11:51:37-debug: asset-db:refresh-all-database (57ms)
8-27-2026 11:51:37-debug: asset-db-hook-engine-extends-afterRefresh (1ms)
8-27-2026 11:51:37-debug: asset-db:worker-effect-data-processing (1ms)
8-27-2026 11:51:39-debug: %cImport%c: D:\Works\Github\BattleGame\assets\Battle.scenebackground: #aaff85; color: #000;color: #000;
8-27-2026 11:51:39-debug: asset-db:reimport-asset1effe86e-a401-4769-9dbc-62218c68834d (17ms)
8-27-2026 11:51:40-debug: Query all assets info in project
8-27-2026 11:51:40-debug: init custom config: keepNodeUuid: false, useCache: true
8-27-2026 11:51:40-debug: Skip compress image, progress: 0%
8-27-2026 11:51:40-debug: Init all bundles start..., progress: 0%
8-27-2026 11:51:40-debug: // ---- build task Query asset bundle ----
8-27-2026 11:51:40-debug: Init bundle root assets start..., progress: 0%
8-27-2026 11:51:40-debug: Num of bundles: 2..., progress: 0%
8-27-2026 11:51:40-debug: Query asset bundle start, progress: 0%
8-27-2026 11:51:40-debug:   Number of all scenes: 1
8-27-2026 11:51:40-debug: Query preload assets/scripts from cc.config.json: 60f7195c-ec2a-45eb-ba94-8955f60e81d0,1c02ae6f-4492-4915-b8f8-7492a3b1e4cd,810e96e4-e456-4468-9b59-f4e8f39732c0,efe8e2a3-eace-427b-b4f1-cb8a937ec77d,e9aa9a3e-5b2b-4ac7-a2c7-073de2b2b24f,8bbdbcdd-5cd4-4100-b6d5-b7c9625b6107,50f4348b-c883-4e2f-8f11-ce233b859fa1,fda095cb-831d-4601-ad94-846013963de8,f92806d7-1768-443f-afe8-12bcde84d0f0,dd3a144d-ab7f-41f0-82b8-2e43a090d496,f0416e68-0200-4b77-a926-4f9d16e494da,511d2633-09a7-4bdd-ac42-f778032124b3,5d45aa00-e064-4938-b314-4265f0c2258c,9361fd90-ba52-4f84-aa93-6e878fd576ca,970b0598-bcb0-4714-91fb-2e81440dccd8,bcd64cc6-2dd9-43f6-abbe-66318d332032,d930590d-bb92-4cc8-8bd1-23cd027f9edf,a3cd009f-0ab0-420d-9278-b9fdab939bbc,6a2d0734-bd9e-4ddf-946e-caa52498cb75,d9937e59-61fe-4ec6-92ab-7ac5a19c89b0,d1346436-ac96-4271-b863-1f4fdead95b0,971bdb23-3ff6-43eb-b422-1c30165a3663,17debcc3-0a6b-4b8a-b00b-dc58b885581e,711ebe11-f673-4cd9-9a83-63c60ba54c5b,c0143906-9aed-447e-9436-2ae8512d1b6e,14da1725-c4c2-42b4-ab08-ee0aeb6898b3,081cab31-dccd-428e-8652-f2404cc81c47,78e0584a-4343-4727-8f37-e14e65c2a2db,871c3b6c-7379-419d-bda3-794b239ab90d,ff9b0199-ce04-4cfe-86cc-6c719f08d6e4,de1c2107-70c8-4021-8459-6399f24d01c6,cbf30902-517f-40dc-af90-a550bac27cf1,5c601d96-e4c7-4698-991b-7ee674b11079
8-27-2026 11:51:40-debug: Init bundle root assets success..., progress: 0%
8-27-2026 11:51:40-debug:   Number of all scripts: 42
8-27-2026 11:51:40-debug:   Number of other assets: 486
8-27-2026 11:51:40-debug: // ---- build task Query asset bundle ---- (8ms)
8-27-2026 11:51:40-log: run build task Query asset bundle success in 8 ms√, progress: 5%
8-27-2026 11:51:40-debug: [Build Memory track]: Query asset bundle start:230.04MB, end 230.80MB, increase: 776.15KB
8-27-2026 11:51:40-debug: Query asset bundle start, progress: 5%
8-27-2026 11:51:40-debug: // ---- build task Query asset bundle ----
8-27-2026 11:51:40-debug: // ---- build task Query asset bundle ---- (5ms)
8-27-2026 11:51:40-debug: [Build Memory track]: Query asset bundle start:230.84MB, end 230.98MB, increase: 147.71KB
8-27-2026 11:51:40-log: run build task Query asset bundle success in 5 ms√, progress: 10%
8-27-2026 11:51:40-debug: // ---- build task Sort some build options to settings.json ----
8-27-2026 11:51:40-debug: Sort some build options to settings.json start, progress: 10%
8-27-2026 11:51:40-log: run build task Sort some build options to settings.json success in √, progress: 12%
8-27-2026 11:51:40-debug: [Build Memory track]: Sort some build options to settings.json start:231.02MB, end 231.04MB, increase: 20.33KB
8-27-2026 11:51:40-debug: Fill script data to settings start, progress: 12%
8-27-2026 11:51:40-debug: // ---- build task Fill script data to settings ----
8-27-2026 11:51:40-log: run build task Fill script data to settings success in √, progress: 13%
8-27-2026 11:51:40-debug: Sort some build options to settings.json start, progress: 13%
8-27-2026 11:51:40-debug: [Build Memory track]: Fill script data to settings start:231.08MB, end 231.10MB, increase: 19.87KB
8-27-2026 11:51:40-debug: // ---- build task Sort some build options to settings.json ----
8-27-2026 11:51:40-debug: // ---- build task Sort some build options to settings.json ---- (4ms)
8-27-2026 11:51:40-log: run build task Sort some build options to settings.json success in 4 ms√, progress: 15%
8-27-2026 11:51:40-debug: [Build Memory track]: Sort some build options to settings.json start:231.14MB, end 229.78MB, increase: -1389.84KB
8-27-2026 13:42:46-debug: refresh db internal success
8-27-2026 13:42:46-debug: refresh db assets success
8-27-2026 13:42:46-debug: Run asset db hook engine-extends:afterRefresh ...
8-27-2026 13:42:46-debug: Run asset db hook engine-extends:afterRefresh success!
8-27-2026 13:42:46-debug: asset-db:refresh-all-database (54ms)
8-27-2026 13:42:46-debug: asset-db:worker-effect-data-processing (1ms)
8-27-2026 13:42:46-debug: asset-db-hook-engine-extends-afterRefresh (2ms)
8-27-2026 13:42:49-debug: %cImport%c: D:\Works\Github\BattleGame\assets\Battle.scenebackground: #aaff85; color: #000;color: #000;
8-27-2026 13:42:49-debug: asset-db:reimport-asset1effe86e-a401-4769-9dbc-62218c68834d (15ms)
8-27-2026 13:42:49-debug: Query all assets info in project
8-27-2026 13:42:49-debug: init custom config: keepNodeUuid: false, useCache: true
8-27-2026 13:42:49-debug: Skip compress image, progress: 0%
8-27-2026 13:42:49-debug: Init all bundles start..., progress: 0%
8-27-2026 13:42:49-debug: Query asset bundle start, progress: 0%
8-27-2026 13:42:49-debug: // ---- build task Query asset bundle ----
8-27-2026 13:42:49-debug: Init bundle root assets start..., progress: 0%
8-27-2026 13:42:49-debug: Num of bundles: 2..., progress: 0%
8-27-2026 13:42:49-debug: Query preload assets/scripts from cc.config.json: 60f7195c-ec2a-45eb-ba94-8955f60e81d0,1c02ae6f-4492-4915-b8f8-7492a3b1e4cd,810e96e4-e456-4468-9b59-f4e8f39732c0,efe8e2a3-eace-427b-b4f1-cb8a937ec77d,e9aa9a3e-5b2b-4ac7-a2c7-073de2b2b24f,8bbdbcdd-5cd4-4100-b6d5-b7c9625b6107,50f4348b-c883-4e2f-8f11-ce233b859fa1,fda095cb-831d-4601-ad94-846013963de8,f92806d7-1768-443f-afe8-12bcde84d0f0,dd3a144d-ab7f-41f0-82b8-2e43a090d496,f0416e68-0200-4b77-a926-4f9d16e494da,511d2633-09a7-4bdd-ac42-f778032124b3,5d45aa00-e064-4938-b314-4265f0c2258c,9361fd90-ba52-4f84-aa93-6e878fd576ca,970b0598-bcb0-4714-91fb-2e81440dccd8,bcd64cc6-2dd9-43f6-abbe-66318d332032,d930590d-bb92-4cc8-8bd1-23cd027f9edf,a3cd009f-0ab0-420d-9278-b9fdab939bbc,6a2d0734-bd9e-4ddf-946e-caa52498cb75,d9937e59-61fe-4ec6-92ab-7ac5a19c89b0,d1346436-ac96-4271-b863-1f4fdead95b0,971bdb23-3ff6-43eb-b422-1c30165a3663,17debcc3-0a6b-4b8a-b00b-dc58b885581e,711ebe11-f673-4cd9-9a83-63c60ba54c5b,c0143906-9aed-447e-9436-2ae8512d1b6e,14da1725-c4c2-42b4-ab08-ee0aeb6898b3,081cab31-dccd-428e-8652-f2404cc81c47,78e0584a-4343-4727-8f37-e14e65c2a2db,871c3b6c-7379-419d-bda3-794b239ab90d,ff9b0199-ce04-4cfe-86cc-6c719f08d6e4,de1c2107-70c8-4021-8459-6399f24d01c6,cbf30902-517f-40dc-af90-a550bac27cf1,5c601d96-e4c7-4698-991b-7ee674b11079
8-27-2026 13:42:49-debug:   Number of all scenes: 1
8-27-2026 13:42:49-debug:   Number of other assets: 486
8-27-2026 13:42:49-debug: Init bundle root assets success..., progress: 0%
8-27-2026 13:42:49-debug:   Number of all scripts: 42
8-27-2026 13:42:49-log: run build task Query asset bundle success in 7 ms√, progress: 5%
8-27-2026 13:42:49-debug: Query asset bundle start, progress: 5%
8-27-2026 13:42:49-debug: [Build Memory track]: Query asset bundle start:232.03MB, end 232.79MB, increase: 783.57KB
8-27-2026 13:42:49-debug: // ---- build task Query asset bundle ----
8-27-2026 13:42:49-debug: // ---- build task Query asset bundle ---- (7ms)
8-27-2026 13:42:49-debug: // ---- build task Query asset bundle ---- (4ms)
8-27-2026 13:42:49-log: run build task Query asset bundle success in 4 ms√, progress: 10%
8-27-2026 13:42:49-debug: [Build Memory track]: Query asset bundle start:232.84MB, end 232.98MB, increase: 146.83KB
8-27-2026 13:42:49-debug: // ---- build task Sort some build options to settings.json ----
8-27-2026 13:42:49-debug: Sort some build options to settings.json start, progress: 10%
8-27-2026 13:42:49-debug: // ---- build task Sort some build options to settings.json ---- (2ms)
8-27-2026 13:42:49-debug: [Build Memory track]: Sort some build options to settings.json start:233.02MB, end 233.06MB, increase: 42.41KB
8-27-2026 13:42:49-debug: // ---- build task Fill script data to settings ----
8-27-2026 13:42:49-log: run build task Sort some build options to settings.json success in 2 ms√, progress: 12%
8-27-2026 13:42:49-debug: Fill script data to settings start, progress: 12%
8-27-2026 13:42:49-debug: // ---- build task Fill script data to settings ---- (2ms)
8-27-2026 13:42:49-log: run build task Fill script data to settings success in 2 ms√, progress: 13%
8-27-2026 13:42:49-debug: [Build Memory track]: Fill script data to settings start:233.10MB, end 233.13MB, increase: 33.02KB
8-27-2026 13:42:49-debug: // ---- build task Sort some build options to settings.json ----
8-27-2026 13:42:49-debug: Sort some build options to settings.json start, progress: 13%
8-27-2026 13:42:50-debug: // ---- build task Sort some build options to settings.json ---- (4ms)
8-27-2026 13:42:50-log: run build task Sort some build options to settings.json success in 4 ms√, progress: 15%
8-27-2026 13:42:50-debug: [Build Memory track]: Sort some build options to settings.json start:233.17MB, end 231.85MB, increase: -1352.70KB
8-27-2026 13:45:32-debug: refresh db internal success
8-27-2026 13:45:32-debug: refresh db assets success
8-27-2026 13:45:32-debug: Run asset db hook engine-extends:afterRefresh success!
8-27-2026 13:45:32-debug: Run asset db hook engine-extends:afterRefresh ...
8-27-2026 13:45:32-debug: asset-db:refresh-all-database (55ms)
8-27-2026 13:45:32-debug: asset-db:worker-effect-data-processing (2ms)
8-27-2026 13:45:32-debug: asset-db-hook-engine-extends-afterRefresh (2ms)
8-27-2026 13:49:23-debug: refresh db internal success
8-27-2026 13:49:23-debug: refresh db assets success
8-27-2026 13:49:23-debug: Run asset db hook engine-extends:afterRefresh ...
8-27-2026 13:49:23-debug: Run asset db hook engine-extends:afterRefresh success!
8-27-2026 13:49:23-debug: asset-db:worker-effect-data-processing (2ms)
8-27-2026 13:49:23-debug: asset-db:refresh-all-database (55ms)
8-27-2026 13:49:23-debug: asset-db-hook-engine-extends-afterRefresh (3ms)
8-27-2026 14:01:21-debug: refresh db internal success
8-27-2026 14:01:21-debug: %cImport%c: D:\Works\Github\BattleGame\assets\scripts\Unit.tsbackground: #aaff85; color: #000;color: #000;
8-27-2026 14:01:21-debug: refresh db assets success
8-27-2026 14:01:21-debug: Run asset db hook engine-extends:afterRefresh ...
8-27-2026 14:01:21-debug: Run asset db hook engine-extends:afterRefresh success!
8-27-2026 14:01:21-debug: asset-db:worker-effect-data-processing (1ms)
8-27-2026 14:01:21-debug: asset-db:refresh-all-database (54ms)
8-27-2026 14:01:21-debug: asset-db-hook-engine-extends-afterRefresh (2ms)
8-27-2026 14:01:23-debug: Query all assets info in project
8-27-2026 14:01:23-debug: init custom config: keepNodeUuid: false, useCache: true
8-27-2026 14:01:23-debug: Skip compress image, progress: 0%
8-27-2026 14:01:23-debug: Init all bundles start..., progress: 0%
8-27-2026 14:01:23-debug: Num of bundles: 2..., progress: 0%
8-27-2026 14:01:23-debug: Query asset bundle start, progress: 0%
8-27-2026 14:01:23-debug: Init bundle root assets start..., progress: 0%
8-27-2026 14:01:23-debug: // ---- build task Query asset bundle ----
8-27-2026 14:01:23-debug:   Number of all scenes: 1
8-27-2026 14:01:23-debug: Query preload assets/scripts from cc.config.json: 60f7195c-ec2a-45eb-ba94-8955f60e81d0,1c02ae6f-4492-4915-b8f8-7492a3b1e4cd,810e96e4-e456-4468-9b59-f4e8f39732c0,efe8e2a3-eace-427b-b4f1-cb8a937ec77d,e9aa9a3e-5b2b-4ac7-a2c7-073de2b2b24f,8bbdbcdd-5cd4-4100-b6d5-b7c9625b6107,50f4348b-c883-4e2f-8f11-ce233b859fa1,fda095cb-831d-4601-ad94-846013963de8,f92806d7-1768-443f-afe8-12bcde84d0f0,dd3a144d-ab7f-41f0-82b8-2e43a090d496,f0416e68-0200-4b77-a926-4f9d16e494da,511d2633-09a7-4bdd-ac42-f778032124b3,5d45aa00-e064-4938-b314-4265f0c2258c,9361fd90-ba52-4f84-aa93-6e878fd576ca,970b0598-bcb0-4714-91fb-2e81440dccd8,bcd64cc6-2dd9-43f6-abbe-66318d332032,d930590d-bb92-4cc8-8bd1-23cd027f9edf,a3cd009f-0ab0-420d-9278-b9fdab939bbc,6a2d0734-bd9e-4ddf-946e-caa52498cb75,d9937e59-61fe-4ec6-92ab-7ac5a19c89b0,d1346436-ac96-4271-b863-1f4fdead95b0,971bdb23-3ff6-43eb-b422-1c30165a3663,17debcc3-0a6b-4b8a-b00b-dc58b885581e,711ebe11-f673-4cd9-9a83-63c60ba54c5b,c0143906-9aed-447e-9436-2ae8512d1b6e,14da1725-c4c2-42b4-ab08-ee0aeb6898b3,081cab31-dccd-428e-8652-f2404cc81c47,78e0584a-4343-4727-8f37-e14e65c2a2db,871c3b6c-7379-419d-bda3-794b239ab90d,ff9b0199-ce04-4cfe-86cc-6c719f08d6e4,de1c2107-70c8-4021-8459-6399f24d01c6,cbf30902-517f-40dc-af90-a550bac27cf1,5c601d96-e4c7-4698-991b-7ee674b11079
8-27-2026 14:01:23-debug:   Number of all scripts: 42
8-27-2026 14:01:23-debug:   Number of other assets: 486
8-27-2026 14:01:23-debug: Init bundle root assets success..., progress: 0%
8-27-2026 14:01:23-debug: // ---- build task Query asset bundle ---- (4ms)
8-27-2026 14:01:23-log: run build task Query asset bundle success in 4 ms√, progress: 5%
8-27-2026 14:01:23-debug: [Build Memory track]: Query asset bundle start:237.23MB, end 237.05MB, increase: -189.12KB
8-27-2026 14:01:23-debug: Query asset bundle start, progress: 5%
8-27-2026 14:01:23-debug: // ---- build task Query asset bundle ----
8-27-2026 14:01:23-debug: // ---- build task Query asset bundle ---- (4ms)
8-27-2026 14:01:23-log: run build task Query asset bundle success in 4 ms√, progress: 10%
8-27-2026 14:01:23-debug: [Build Memory track]: Query asset bundle start:237.08MB, end 236.44MB, increase: -657.60KB
8-27-2026 14:01:23-debug: // ---- build task Sort some build options to settings.json ----
8-27-2026 14:01:23-debug: Sort some build options to settings.json start, progress: 10%
8-27-2026 14:01:23-debug: // ---- build task Sort some build options to settings.json ---- (1ms)
8-27-2026 14:01:23-debug: Fill script data to settings start, progress: 12%
8-27-2026 14:01:23-log: run build task Sort some build options to settings.json success in 1 ms√, progress: 12%
8-27-2026 14:01:23-debug: [Build Memory track]: Sort some build options to settings.json start:236.47MB, end 236.49MB, increase: 26.64KB
8-27-2026 14:01:23-debug: // ---- build task Fill script data to settings ----
8-27-2026 14:01:23-log: run build task Fill script data to settings success in √, progress: 13%
8-27-2026 14:01:23-debug: [Build Memory track]: Fill script data to settings start:236.52MB, end 236.54MB, increase: 16.41KB
8-27-2026 14:01:23-debug: Sort some build options to settings.json start, progress: 13%
8-27-2026 14:01:23-debug: // ---- build task Sort some build options to settings.json ----
8-27-2026 14:01:23-debug: // ---- build task Sort some build options to settings.json ---- (5ms)
8-27-2026 14:01:23-debug: [Build Memory track]: Sort some build options to settings.json start:236.57MB, end 236.69MB, increase: 132.21KB
8-27-2026 14:01:23-log: run build task Sort some build options to settings.json success in 5 ms√, progress: 15%
8-27-2026 14:01:24-debug: %cImport%c: D:\Works\Github\BattleGame\assets\Battle.scenebackground: #aaff85; color: #000;color: #000;
8-27-2026 14:01:24-debug: asset-db:reimport-asset1effe86e-a401-4769-9dbc-62218c68834d (15ms)
8-27-2026 14:01:25-debug: Query all assets info in project
8-27-2026 14:01:25-debug: init custom config: keepNodeUuid: false, useCache: true
8-27-2026 14:01:25-debug: Skip compress image, progress: 0%
8-27-2026 14:01:25-debug: Init all bundles start..., progress: 0%
8-27-2026 14:01:25-debug: Query asset bundle start, progress: 0%
8-27-2026 14:01:25-debug: // ---- build task Query asset bundle ----
8-27-2026 14:01:25-debug: Init bundle root assets start..., progress: 0%
8-27-2026 14:01:25-debug: Num of bundles: 2..., progress: 0%
8-27-2026 14:01:25-debug:   Number of all scenes: 1
8-27-2026 14:01:25-debug: Query preload assets/scripts from cc.config.json: 60f7195c-ec2a-45eb-ba94-8955f60e81d0,1c02ae6f-4492-4915-b8f8-7492a3b1e4cd,810e96e4-e456-4468-9b59-f4e8f39732c0,efe8e2a3-eace-427b-b4f1-cb8a937ec77d,e9aa9a3e-5b2b-4ac7-a2c7-073de2b2b24f,8bbdbcdd-5cd4-4100-b6d5-b7c9625b6107,50f4348b-c883-4e2f-8f11-ce233b859fa1,fda095cb-831d-4601-ad94-846013963de8,f92806d7-1768-443f-afe8-12bcde84d0f0,dd3a144d-ab7f-41f0-82b8-2e43a090d496,f0416e68-0200-4b77-a926-4f9d16e494da,511d2633-09a7-4bdd-ac42-f778032124b3,5d45aa00-e064-4938-b314-4265f0c2258c,9361fd90-ba52-4f84-aa93-6e878fd576ca,970b0598-bcb0-4714-91fb-2e81440dccd8,bcd64cc6-2dd9-43f6-abbe-66318d332032,d930590d-bb92-4cc8-8bd1-23cd027f9edf,a3cd009f-0ab0-420d-9278-b9fdab939bbc,6a2d0734-bd9e-4ddf-946e-caa52498cb75,d9937e59-61fe-4ec6-92ab-7ac5a19c89b0,d1346436-ac96-4271-b863-1f4fdead95b0,971bdb23-3ff6-43eb-b422-1c30165a3663,17debcc3-0a6b-4b8a-b00b-dc58b885581e,711ebe11-f673-4cd9-9a83-63c60ba54c5b,c0143906-9aed-447e-9436-2ae8512d1b6e,14da1725-c4c2-42b4-ab08-ee0aeb6898b3,081cab31-dccd-428e-8652-f2404cc81c47,78e0584a-4343-4727-8f37-e14e65c2a2db,871c3b6c-7379-419d-bda3-794b239ab90d,ff9b0199-ce04-4cfe-86cc-6c719f08d6e4,de1c2107-70c8-4021-8459-6399f24d01c6,cbf30902-517f-40dc-af90-a550bac27cf1,5c601d96-e4c7-4698-991b-7ee674b11079
8-27-2026 14:01:25-debug:   Number of all scripts: 42
8-27-2026 14:01:25-debug: Init bundle root assets success..., progress: 0%
8-27-2026 14:01:25-debug:   Number of other assets: 486
8-27-2026 14:01:25-debug: Query asset bundle start, progress: 5%
8-27-2026 14:01:25-debug: // ---- build task Query asset bundle ----
8-27-2026 14:01:25-debug: // ---- build task Query asset bundle ---- (5ms)
8-27-2026 14:01:25-log: run build task Query asset bundle success in 5 ms√, progress: 5%
8-27-2026 14:01:25-debug: [Build Memory track]: Query asset bundle start:237.65MB, end 237.61MB, increase: -41.37KB
8-27-2026 14:01:25-debug: // ---- build task Query asset bundle ---- (4ms)
8-27-2026 14:01:25-log: run build task Query asset bundle success in 4 ms√, progress: 10%
8-27-2026 14:01:25-debug: [Build Memory track]: Query asset bundle start:237.64MB, end 237.78MB, increase: 141.25KB
8-27-2026 14:01:25-debug: // ---- build task Sort some build options to settings.json ----
8-27-2026 14:01:25-debug: Sort some build options to settings.json start, progress: 10%
8-27-2026 14:01:25-debug: // ---- build task Sort some build options to settings.json ---- (1ms)
8-27-2026 14:01:25-log: run build task Sort some build options to settings.json success in 1 ms√, progress: 12%
8-27-2026 14:01:25-debug: [Build Memory track]: Sort some build options to settings.json start:237.81MB, end 237.84MB, increase: 27.74KB
8-27-2026 14:01:25-debug: // ---- build task Fill script data to settings ----
8-27-2026 14:01:25-debug: Fill script data to settings start, progress: 12%
8-27-2026 14:01:25-debug: // ---- build task Fill script data to settings ---- (1ms)
8-27-2026 14:01:25-debug: [Build Memory track]: Fill script data to settings start:237.86MB, end 237.89MB, increase: 25.97KB
8-27-2026 14:01:25-log: run build task Fill script data to settings success in 1 ms√, progress: 13%
8-27-2026 14:01:25-debug: // ---- build task Sort some build options to settings.json ----
8-27-2026 14:01:25-debug: Sort some build options to settings.json start, progress: 13%
8-27-2026 14:01:25-debug: // ---- build task Sort some build options to settings.json ---- (5ms)
8-27-2026 14:01:25-log: run build task Sort some build options to settings.json success in 5 ms√, progress: 15%
8-27-2026 14:01:25-debug: [Build Memory track]: Sort some build options to settings.json start:237.92MB, end 238.04MB, increase: 126.64KB
8-27-2026 14:16:08-debug: refresh db internal success
8-27-2026 14:16:08-debug: %cImport%c: D:\Works\Github\BattleGame\assets\Battle.scenebackground: #aaff85; color: #000;color: #000;
8-27-2026 14:16:08-debug: %cImport%c: D:\Works\Github\BattleGame\assets\scripts\BattleUnitDatabase.tsbackground: #aaff85; color: #000;color: #000;
8-27-2026 14:16:08-debug: %cImport%c: D:\Works\Github\BattleGame\assets\scripts\GameManager.tsbackground: #aaff85; color: #000;color: #000;
8-27-2026 14:16:08-debug: %cImport%c: D:\Works\Github\BattleGame\assets\scripts\Unit.tsbackground: #aaff85; color: #000;color: #000;
8-27-2026 14:16:08-debug: refresh db assets success
8-27-2026 14:16:08-debug: Run asset db hook engine-extends:afterRefresh ...
8-27-2026 14:16:08-debug: Run asset db hook engine-extends:afterRefresh success!
8-27-2026 14:16:08-debug: asset-db:refresh-all-database (102ms)
8-27-2026 14:16:08-debug: asset-db:worker-effect-data-processing (1ms)
8-27-2026 14:16:08-debug: asset-db-hook-engine-extends-afterRefresh (1ms)
8-27-2026 14:16:12-debug: Query all assets info in project
8-27-2026 14:16:12-debug: init custom config: keepNodeUuid: false, useCache: true
8-27-2026 14:16:12-debug: Skip compress image, progress: 0%
8-27-2026 14:16:12-debug: Init all bundles start..., progress: 0%
8-27-2026 14:16:12-debug: Num of bundles: 2..., progress: 0%
8-27-2026 14:16:12-debug: // ---- build task Query asset bundle ----
8-27-2026 14:16:12-debug: Init bundle root assets start..., progress: 0%
8-27-2026 14:16:12-debug: Query asset bundle start, progress: 0%
8-27-2026 14:16:12-debug: Query preload assets/scripts from cc.config.json: 60f7195c-ec2a-45eb-ba94-8955f60e81d0,1c02ae6f-4492-4915-b8f8-7492a3b1e4cd,810e96e4-e456-4468-9b59-f4e8f39732c0,efe8e2a3-eace-427b-b4f1-cb8a937ec77d,e9aa9a3e-5b2b-4ac7-a2c7-073de2b2b24f,8bbdbcdd-5cd4-4100-b6d5-b7c9625b6107,50f4348b-c883-4e2f-8f11-ce233b859fa1,fda095cb-831d-4601-ad94-846013963de8,f92806d7-1768-443f-afe8-12bcde84d0f0,dd3a144d-ab7f-41f0-82b8-2e43a090d496,f0416e68-0200-4b77-a926-4f9d16e494da,511d2633-09a7-4bdd-ac42-f778032124b3,5d45aa00-e064-4938-b314-4265f0c2258c,9361fd90-ba52-4f84-aa93-6e878fd576ca,970b0598-bcb0-4714-91fb-2e81440dccd8,bcd64cc6-2dd9-43f6-abbe-66318d332032,d930590d-bb92-4cc8-8bd1-23cd027f9edf,a3cd009f-0ab0-420d-9278-b9fdab939bbc,6a2d0734-bd9e-4ddf-946e-caa52498cb75,d9937e59-61fe-4ec6-92ab-7ac5a19c89b0,d1346436-ac96-4271-b863-1f4fdead95b0,971bdb23-3ff6-43eb-b422-1c30165a3663,17debcc3-0a6b-4b8a-b00b-dc58b885581e,711ebe11-f673-4cd9-9a83-63c60ba54c5b,c0143906-9aed-447e-9436-2ae8512d1b6e,14da1725-c4c2-42b4-ab08-ee0aeb6898b3,081cab31-dccd-428e-8652-f2404cc81c47,78e0584a-4343-4727-8f37-e14e65c2a2db,871c3b6c-7379-419d-bda3-794b239ab90d,ff9b0199-ce04-4cfe-86cc-6c719f08d6e4,de1c2107-70c8-4021-8459-6399f24d01c6,cbf30902-517f-40dc-af90-a550bac27cf1,5c601d96-e4c7-4698-991b-7ee674b11079
8-27-2026 14:16:12-debug:   Number of all scenes: 1
8-27-2026 14:16:12-debug:   Number of other assets: 486
8-27-2026 14:16:12-debug:   Number of all scripts: 42
8-27-2026 14:16:12-debug: Init bundle root assets success..., progress: 0%
8-27-2026 14:16:12-debug: // ---- build task Query asset bundle ---- (8ms)
8-27-2026 14:16:12-log: run build task Query asset bundle success in 8 ms√, progress: 5%
8-27-2026 14:16:12-debug: [Build Memory track]: Query asset bundle start:238.79MB, end 238.57MB, increase: -220.08KB
8-27-2026 14:16:12-debug: // ---- build task Query asset bundle ----
8-27-2026 14:16:12-debug: Query asset bundle start, progress: 5%
8-27-2026 14:16:12-debug: // ---- build task Query asset bundle ---- (5ms)
8-27-2026 14:16:12-log: run build task Query asset bundle success in 5 ms√, progress: 10%
8-27-2026 14:16:12-debug: [Build Memory track]: Query asset bundle start:238.60MB, end 238.75MB, increase: 151.15KB
8-27-2026 14:16:12-debug: Sort some build options to settings.json start, progress: 10%
8-27-2026 14:16:12-debug: // ---- build task Sort some build options to settings.json ----
8-27-2026 14:16:12-log: run build task Sort some build options to settings.json success in √, progress: 12%
8-27-2026 14:16:12-debug: [Build Memory track]: Sort some build options to settings.json start:238.78MB, end 238.79MB, increase: 16.16KB
8-27-2026 14:16:12-debug: Fill script data to settings start, progress: 12%
8-27-2026 14:16:12-debug: // ---- build task Fill script data to settings ----
8-27-2026 14:16:12-log: run build task Fill script data to settings success in √, progress: 13%
8-27-2026 14:16:12-debug: [Build Memory track]: Fill script data to settings start:238.82MB, end 238.84MB, increase: 17.16KB
8-27-2026 14:16:12-debug: // ---- build task Sort some build options to settings.json ----
8-27-2026 14:16:12-debug: Sort some build options to settings.json start, progress: 13%
8-27-2026 14:16:12-debug: // ---- build task Sort some build options to settings.json ---- (5ms)
8-27-2026 14:16:12-log: run build task Sort some build options to settings.json success in 5 ms√, progress: 15%
8-27-2026 14:16:12-debug: [Build Memory track]: Sort some build options to settings.json start:238.87MB, end 238.99MB, increase: 125.86KB
8-27-2026 14:16:14-debug: %cImport%c: D:\Works\Github\BattleGame\assets\Battle.scenebackground: #aaff85; color: #000;color: #000;
8-27-2026 14:16:14-debug: asset-db:reimport-asset1effe86e-a401-4769-9dbc-62218c68834d (14ms)
8-27-2026 14:16:15-debug: Query all assets info in project
8-27-2026 14:16:15-debug: init custom config: keepNodeUuid: false, useCache: true
8-27-2026 14:16:15-debug: Skip compress image, progress: 0%
8-27-2026 14:16:15-debug: Init all bundles start..., progress: 0%
8-27-2026 14:16:15-debug: // ---- build task Query asset bundle ----
8-27-2026 14:16:15-debug: Query asset bundle start, progress: 0%
8-27-2026 14:16:15-debug: Init bundle root assets start..., progress: 0%
8-27-2026 14:16:15-debug: Num of bundles: 2..., progress: 0%
8-27-2026 14:16:15-debug: Query preload assets/scripts from cc.config.json: 60f7195c-ec2a-45eb-ba94-8955f60e81d0,1c02ae6f-4492-4915-b8f8-7492a3b1e4cd,810e96e4-e456-4468-9b59-f4e8f39732c0,efe8e2a3-eace-427b-b4f1-cb8a937ec77d,e9aa9a3e-5b2b-4ac7-a2c7-073de2b2b24f,8bbdbcdd-5cd4-4100-b6d5-b7c9625b6107,50f4348b-c883-4e2f-8f11-ce233b859fa1,fda095cb-831d-4601-ad94-846013963de8,f92806d7-1768-443f-afe8-12bcde84d0f0,dd3a144d-ab7f-41f0-82b8-2e43a090d496,f0416e68-0200-4b77-a926-4f9d16e494da,511d2633-09a7-4bdd-ac42-f778032124b3,5d45aa00-e064-4938-b314-4265f0c2258c,9361fd90-ba52-4f84-aa93-6e878fd576ca,970b0598-bcb0-4714-91fb-2e81440dccd8,bcd64cc6-2dd9-43f6-abbe-66318d332032,d930590d-bb92-4cc8-8bd1-23cd027f9edf,a3cd009f-0ab0-420d-9278-b9fdab939bbc,6a2d0734-bd9e-4ddf-946e-caa52498cb75,d9937e59-61fe-4ec6-92ab-7ac5a19c89b0,d1346436-ac96-4271-b863-1f4fdead95b0,971bdb23-3ff6-43eb-b422-1c30165a3663,17debcc3-0a6b-4b8a-b00b-dc58b885581e,711ebe11-f673-4cd9-9a83-63c60ba54c5b,c0143906-9aed-447e-9436-2ae8512d1b6e,14da1725-c4c2-42b4-ab08-ee0aeb6898b3,081cab31-dccd-428e-8652-f2404cc81c47,78e0584a-4343-4727-8f37-e14e65c2a2db,871c3b6c-7379-419d-bda3-794b239ab90d,ff9b0199-ce04-4cfe-86cc-6c719f08d6e4,de1c2107-70c8-4021-8459-6399f24d01c6,cbf30902-517f-40dc-af90-a550bac27cf1,5c601d96-e4c7-4698-991b-7ee674b11079
8-27-2026 14:16:15-debug:   Number of all scenes: 1
8-27-2026 14:16:15-debug:   Number of all scripts: 42
8-27-2026 14:16:15-debug: Init bundle root assets success..., progress: 0%
8-27-2026 14:16:15-debug:   Number of other assets: 486
8-27-2026 14:16:15-log: run build task Query asset bundle success in 6 ms√, progress: 5%
8-27-2026 14:16:15-debug: // ---- build task Query asset bundle ---- (6ms)
8-27-2026 14:16:15-debug: [Build Memory track]: Query asset bundle start:239.00MB, end 238.82MB, increase: -189.58KB
8-27-2026 14:16:15-debug: Query asset bundle start, progress: 5%
8-27-2026 14:16:15-debug: // ---- build task Query asset bundle ----
8-27-2026 14:16:15-debug: // ---- build task Query asset bundle ---- (3ms)
8-27-2026 14:16:15-log: run build task Query asset bundle success in 3 ms√, progress: 10%
8-27-2026 14:16:15-debug: [Build Memory track]: Query asset bundle start:238.85MB, end 239.00MB, increase: 154.97KB
8-27-2026 14:16:15-debug: Sort some build options to settings.json start, progress: 10%
8-27-2026 14:16:15-debug: // ---- build task Sort some build options to settings.json ----
8-27-2026 14:16:15-debug: // ---- build task Sort some build options to settings.json ---- (1ms)
8-27-2026 14:16:15-log: run build task Sort some build options to settings.json success in 1 ms√, progress: 12%
8-27-2026 14:16:15-debug: [Build Memory track]: Sort some build options to settings.json start:239.03MB, end 239.05MB, increase: 26.59KB
8-27-2026 14:16:15-debug: Fill script data to settings start, progress: 12%
8-27-2026 14:16:15-debug: // ---- build task Fill script data to settings ----
8-27-2026 14:16:15-log: run build task Fill script data to settings success in √, progress: 13%
8-27-2026 14:16:15-debug: Sort some build options to settings.json start, progress: 13%
8-27-2026 14:16:15-debug: [Build Memory track]: Fill script data to settings start:239.08MB, end 239.10MB, increase: 15.87KB
8-27-2026 14:16:15-debug: // ---- build task Sort some build options to settings.json ----
8-27-2026 14:16:15-debug: // ---- build task Sort some build options to settings.json ---- (4ms)
8-27-2026 14:16:15-log: run build task Sort some build options to settings.json success in 4 ms√, progress: 15%
8-27-2026 14:16:15-debug: [Build Memory track]: Sort some build options to settings.json start:239.13MB, end 239.26MB, increase: 133.61KB
8-27-2026 14:18:54-debug: refresh db internal success
8-27-2026 14:18:54-debug: refresh db assets success
8-27-2026 14:18:54-debug: Run asset db hook engine-extends:afterRefresh ...
8-27-2026 14:18:54-debug: Run asset db hook engine-extends:afterRefresh success!
8-27-2026 14:18:54-debug: asset-db:refresh-all-database (54ms)
8-27-2026 14:18:54-debug: asset-db:worker-effect-data-processing (1ms)
8-27-2026 14:18:54-debug: asset-db-hook-engine-extends-afterRefresh (2ms)
8-27-2026 15:47:32-debug: refresh db internal success
8-27-2026 15:47:32-debug: %cImport%c: D:\Works\Github\BattleGame\assets\scripts\BattleWave.tsbackground: #aaff85; color: #000;color: #000;
8-27-2026 15:47:32-debug: %cImport%c: D:\Works\Github\BattleGame\assets\scripts\GameManager.tsbackground: #aaff85; color: #000;color: #000;
8-27-2026 15:47:32-debug: %cImport%c: D:\Works\Github\BattleGame\assets\scripts\Unit.tsbackground: #aaff85; color: #000;color: #000;
8-27-2026 15:47:32-debug: refresh db assets success
8-27-2026 15:47:32-debug: Run asset db hook engine-extends:afterRefresh ...
8-27-2026 15:47:32-debug: Run asset db hook engine-extends:afterRefresh success!
8-27-2026 15:47:32-debug: asset-db-hook-engine-extends-afterRefresh (1ms)
8-27-2026 15:47:32-debug: asset-db:worker-effect-data-processing (1ms)
8-27-2026 15:47:32-debug: asset-db:refresh-all-database (75ms)
8-27-2026 15:47:35-debug: Query all assets info in project
8-27-2026 15:47:35-debug: init custom config: keepNodeUuid: false, useCache: true
8-27-2026 15:47:35-debug: Skip compress image, progress: 0%
8-27-2026 15:47:35-debug: Init all bundles start..., progress: 0%
8-27-2026 15:47:35-debug: Num of bundles: 2..., progress: 0%
8-27-2026 15:47:35-debug: Query asset bundle start, progress: 0%
8-27-2026 15:47:35-debug: // ---- build task Query asset bundle ----
8-27-2026 15:47:35-debug: Init bundle root assets start..., progress: 0%
8-27-2026 15:47:35-debug: Query preload assets/scripts from cc.config.json: 60f7195c-ec2a-45eb-ba94-8955f60e81d0,1c02ae6f-4492-4915-b8f8-7492a3b1e4cd,810e96e4-e456-4468-9b59-f4e8f39732c0,efe8e2a3-eace-427b-b4f1-cb8a937ec77d,e9aa9a3e-5b2b-4ac7-a2c7-073de2b2b24f,8bbdbcdd-5cd4-4100-b6d5-b7c9625b6107,50f4348b-c883-4e2f-8f11-ce233b859fa1,fda095cb-831d-4601-ad94-846013963de8,f92806d7-1768-443f-afe8-12bcde84d0f0,dd3a144d-ab7f-41f0-82b8-2e43a090d496,f0416e68-0200-4b77-a926-4f9d16e494da,511d2633-09a7-4bdd-ac42-f778032124b3,5d45aa00-e064-4938-b314-4265f0c2258c,9361fd90-ba52-4f84-aa93-6e878fd576ca,970b0598-bcb0-4714-91fb-2e81440dccd8,bcd64cc6-2dd9-43f6-abbe-66318d332032,d930590d-bb92-4cc8-8bd1-23cd027f9edf,a3cd009f-0ab0-420d-9278-b9fdab939bbc,6a2d0734-bd9e-4ddf-946e-caa52498cb75,d9937e59-61fe-4ec6-92ab-7ac5a19c89b0,d1346436-ac96-4271-b863-1f4fdead95b0,971bdb23-3ff6-43eb-b422-1c30165a3663,17debcc3-0a6b-4b8a-b00b-dc58b885581e,711ebe11-f673-4cd9-9a83-63c60ba54c5b,c0143906-9aed-447e-9436-2ae8512d1b6e,14da1725-c4c2-42b4-ab08-ee0aeb6898b3,081cab31-dccd-428e-8652-f2404cc81c47,78e0584a-4343-4727-8f37-e14e65c2a2db,871c3b6c-7379-419d-bda3-794b239ab90d,ff9b0199-ce04-4cfe-86cc-6c719f08d6e4,de1c2107-70c8-4021-8459-6399f24d01c6,cbf30902-517f-40dc-af90-a550bac27cf1,5c601d96-e4c7-4698-991b-7ee674b11079
8-27-2026 15:47:35-debug:   Number of all scenes: 1
8-27-2026 15:47:35-debug:   Number of other assets: 486
8-27-2026 15:47:35-debug: Init bundle root assets success..., progress: 0%
8-27-2026 15:47:35-debug:   Number of all scripts: 42
8-27-2026 15:47:35-debug: // ---- build task Query asset bundle ---- (6ms)
8-27-2026 15:47:35-log: run build task Query asset bundle success in 6 ms√, progress: 5%
8-27-2026 15:47:35-debug: [Build Memory track]: Query asset bundle start:241.20MB, end 241.09MB, increase: -113.45KB
8-27-2026 15:47:35-debug: Query asset bundle start, progress: 5%
8-27-2026 15:47:35-debug: // ---- build task Query asset bundle ----
8-27-2026 15:47:35-debug: // ---- build task Query asset bundle ---- (4ms)
8-27-2026 15:47:35-debug: [Build Memory track]: Query asset bundle start:241.12MB, end 241.25MB, increase: 139.86KB
8-27-2026 15:47:35-debug: Sort some build options to settings.json start, progress: 10%
8-27-2026 15:47:35-log: run build task Query asset bundle success in 4 ms√, progress: 10%
8-27-2026 15:47:35-debug: // ---- build task Sort some build options to settings.json ----
8-27-2026 15:47:35-debug: // ---- build task Sort some build options to settings.json ---- (2ms)
8-27-2026 15:47:35-log: run build task Sort some build options to settings.json success in 2 ms√, progress: 12%
8-27-2026 15:47:35-debug: [Build Memory track]: Sort some build options to settings.json start:241.28MB, end 241.31MB, increase: 26.49KB
8-27-2026 15:47:35-debug: Fill script data to settings start, progress: 12%
8-27-2026 15:47:35-debug: // ---- build task Fill script data to settings ----
8-27-2026 15:47:35-debug: // ---- build task Fill script data to settings ---- (2ms)
8-27-2026 15:47:35-debug: [Build Memory track]: Fill script data to settings start:241.34MB, end 241.36MB, increase: 26.14KB
8-27-2026 15:47:35-log: run build task Fill script data to settings success in 2 ms√, progress: 13%
8-27-2026 15:47:35-debug: // ---- build task Sort some build options to settings.json ----
8-27-2026 15:47:35-debug: Sort some build options to settings.json start, progress: 13%
8-27-2026 15:47:35-debug: // ---- build task Sort some build options to settings.json ---- (5ms)
8-27-2026 15:47:35-log: run build task Sort some build options to settings.json success in 5 ms√, progress: 15%
8-27-2026 15:47:35-debug: [Build Memory track]: Sort some build options to settings.json start:241.39MB, end 241.53MB, increase: 138.79KB
8-27-2026 15:47:38-debug: %cImport%c: D:\Works\Github\BattleGame\assets\Battle.scenebackground: #aaff85; color: #000;color: #000;
8-27-2026 15:47:38-debug: asset-db:reimport-asset1effe86e-a401-4769-9dbc-62218c68834d (15ms)
8-27-2026 15:47:39-debug: Query all assets info in project
8-27-2026 15:47:39-debug: init custom config: keepNodeUuid: false, useCache: true
8-27-2026 15:47:39-debug: Skip compress image, progress: 0%
8-27-2026 15:47:39-debug: Init all bundles start..., progress: 0%
8-27-2026 15:47:39-debug: Num of bundles: 2..., progress: 0%
8-27-2026 15:47:39-debug: Query asset bundle start, progress: 0%
8-27-2026 15:47:39-debug: // ---- build task Query asset bundle ----
8-27-2026 15:47:39-debug: Init bundle root assets start..., progress: 0%
8-27-2026 15:47:39-debug: Query preload assets/scripts from cc.config.json: 60f7195c-ec2a-45eb-ba94-8955f60e81d0,1c02ae6f-4492-4915-b8f8-7492a3b1e4cd,810e96e4-e456-4468-9b59-f4e8f39732c0,efe8e2a3-eace-427b-b4f1-cb8a937ec77d,e9aa9a3e-5b2b-4ac7-a2c7-073de2b2b24f,8bbdbcdd-5cd4-4100-b6d5-b7c9625b6107,50f4348b-c883-4e2f-8f11-ce233b859fa1,fda095cb-831d-4601-ad94-846013963de8,f92806d7-1768-443f-afe8-12bcde84d0f0,dd3a144d-ab7f-41f0-82b8-2e43a090d496,f0416e68-0200-4b77-a926-4f9d16e494da,511d2633-09a7-4bdd-ac42-f778032124b3,5d45aa00-e064-4938-b314-4265f0c2258c,9361fd90-ba52-4f84-aa93-6e878fd576ca,970b0598-bcb0-4714-91fb-2e81440dccd8,bcd64cc6-2dd9-43f6-abbe-66318d332032,d930590d-bb92-4cc8-8bd1-23cd027f9edf,a3cd009f-0ab0-420d-9278-b9fdab939bbc,6a2d0734-bd9e-4ddf-946e-caa52498cb75,d9937e59-61fe-4ec6-92ab-7ac5a19c89b0,d1346436-ac96-4271-b863-1f4fdead95b0,971bdb23-3ff6-43eb-b422-1c30165a3663,17debcc3-0a6b-4b8a-b00b-dc58b885581e,711ebe11-f673-4cd9-9a83-63c60ba54c5b,c0143906-9aed-447e-9436-2ae8512d1b6e,14da1725-c4c2-42b4-ab08-ee0aeb6898b3,081cab31-dccd-428e-8652-f2404cc81c47,78e0584a-4343-4727-8f37-e14e65c2a2db,871c3b6c-7379-419d-bda3-794b239ab90d,ff9b0199-ce04-4cfe-86cc-6c719f08d6e4,de1c2107-70c8-4021-8459-6399f24d01c6,cbf30902-517f-40dc-af90-a550bac27cf1,5c601d96-e4c7-4698-991b-7ee674b11079
8-27-2026 15:47:39-debug:   Number of all scenes: 1
8-27-2026 15:47:39-debug:   Number of all scripts: 42
8-27-2026 15:47:39-debug: Init bundle root assets success..., progress: 0%
8-27-2026 15:47:39-debug:   Number of other assets: 486
8-27-2026 15:47:39-debug: // ---- build task Query asset bundle ---- (10ms)
8-27-2026 15:47:39-log: run build task Query asset bundle success in 10 ms√, progress: 5%
8-27-2026 15:47:39-debug: [Build Memory track]: Query asset bundle start:241.69MB, end 241.48MB, increase: -218.79KB
8-27-2026 15:47:39-debug: // ---- build task Query asset bundle ----
8-27-2026 15:47:39-debug: Query asset bundle start, progress: 5%
8-27-2026 15:47:39-debug: // ---- build task Query asset bundle ---- (12ms)
8-27-2026 15:47:39-log: run build task Query asset bundle success in 12 ms√, progress: 10%
8-27-2026 15:47:39-debug: Sort some build options to settings.json start, progress: 10%
8-27-2026 15:47:39-debug: [Build Memory track]: Query asset bundle start:241.50MB, end 241.66MB, increase: 161.49KB
8-27-2026 15:47:39-debug: // ---- build task Sort some build options to settings.json ----
8-27-2026 15:47:39-debug: // ---- build task Sort some build options to settings.json ---- (3ms)
8-27-2026 15:47:39-log: run build task Sort some build options to settings.json success in 3 ms√, progress: 12%
8-27-2026 15:47:39-debug: [Build Memory track]: Sort some build options to settings.json start:241.69MB, end 241.72MB, increase: 28.98KB
8-27-2026 15:47:39-debug: Fill script data to settings start, progress: 12%
8-27-2026 15:47:39-debug: // ---- build task Fill script data to settings ----
8-27-2026 15:47:39-debug: // ---- build task Fill script data to settings ---- (2ms)
8-27-2026 15:47:39-log: run build task Fill script data to settings success in 2 ms√, progress: 13%
8-27-2026 15:47:39-debug: [Build Memory track]: Fill script data to settings start:241.75MB, end 241.77MB, increase: 25.98KB
8-27-2026 15:47:39-debug: Sort some build options to settings.json start, progress: 13%
8-27-2026 15:47:39-debug: // ---- build task Sort some build options to settings.json ----
8-27-2026 15:47:39-debug: // ---- build task Sort some build options to settings.json ---- (10ms)
8-27-2026 15:47:39-log: run build task Sort some build options to settings.json success in 10 ms√, progress: 15%
8-27-2026 15:47:39-debug: [Build Memory track]: Sort some build options to settings.json start:241.80MB, end 241.94MB, increase: 142.57KB
8-27-2026 16:02:50-debug: refresh db internal success
8-27-2026 16:02:50-debug: %cImport%c: D:\Works\Github\BattleGame\assets\scripts\BattleWave.tsbackground: #aaff85; color: #000;color: #000;
8-27-2026 16:02:50-debug: %cImport%c: D:\Works\Github\BattleGame\assets\scripts\GameManager.tsbackground: #aaff85; color: #000;color: #000;
8-27-2026 16:02:50-debug: %cImport%c: D:\Works\Github\BattleGame\assets\scripts\Unit.tsbackground: #aaff85; color: #000;color: #000;
8-27-2026 16:02:50-debug: refresh db assets success
8-27-2026 16:02:50-debug: Run asset db hook engine-extends:afterRefresh ...
8-27-2026 16:02:50-debug: Run asset db hook engine-extends:afterRefresh success!
8-27-2026 16:02:50-debug: asset-db:refresh-all-database (65ms)
8-27-2026 16:02:50-debug: asset-db:worker-effect-data-processing (1ms)
8-27-2026 16:02:50-debug: asset-db-hook-engine-extends-afterRefresh (2ms)
8-27-2026 16:02:54-debug: Query all assets info in project
8-27-2026 16:02:54-debug: init custom config: keepNodeUuid: false, useCache: true
8-27-2026 16:02:54-debug: Skip compress image, progress: 0%
8-27-2026 16:02:54-debug: Init all bundles start..., progress: 0%
8-27-2026 16:02:54-debug: // ---- build task Query asset bundle ----
8-27-2026 16:02:54-debug: Init bundle root assets start..., progress: 0%
8-27-2026 16:02:54-debug: Num of bundles: 2..., progress: 0%
8-27-2026 16:02:54-debug: Query asset bundle start, progress: 0%
8-27-2026 16:02:54-debug:   Number of all scenes: 1
8-27-2026 16:02:54-debug: Query preload assets/scripts from cc.config.json: 60f7195c-ec2a-45eb-ba94-8955f60e81d0,1c02ae6f-4492-4915-b8f8-7492a3b1e4cd,810e96e4-e456-4468-9b59-f4e8f39732c0,efe8e2a3-eace-427b-b4f1-cb8a937ec77d,e9aa9a3e-5b2b-4ac7-a2c7-073de2b2b24f,8bbdbcdd-5cd4-4100-b6d5-b7c9625b6107,50f4348b-c883-4e2f-8f11-ce233b859fa1,fda095cb-831d-4601-ad94-846013963de8,f92806d7-1768-443f-afe8-12bcde84d0f0,dd3a144d-ab7f-41f0-82b8-2e43a090d496,f0416e68-0200-4b77-a926-4f9d16e494da,511d2633-09a7-4bdd-ac42-f778032124b3,5d45aa00-e064-4938-b314-4265f0c2258c,9361fd90-ba52-4f84-aa93-6e878fd576ca,970b0598-bcb0-4714-91fb-2e81440dccd8,bcd64cc6-2dd9-43f6-abbe-66318d332032,d930590d-bb92-4cc8-8bd1-23cd027f9edf,a3cd009f-0ab0-420d-9278-b9fdab939bbc,6a2d0734-bd9e-4ddf-946e-caa52498cb75,d9937e59-61fe-4ec6-92ab-7ac5a19c89b0,d1346436-ac96-4271-b863-1f4fdead95b0,971bdb23-3ff6-43eb-b422-1c30165a3663,17debcc3-0a6b-4b8a-b00b-dc58b885581e,711ebe11-f673-4cd9-9a83-63c60ba54c5b,c0143906-9aed-447e-9436-2ae8512d1b6e,14da1725-c4c2-42b4-ab08-ee0aeb6898b3,081cab31-dccd-428e-8652-f2404cc81c47,78e0584a-4343-4727-8f37-e14e65c2a2db,871c3b6c-7379-419d-bda3-794b239ab90d,ff9b0199-ce04-4cfe-86cc-6c719f08d6e4,de1c2107-70c8-4021-8459-6399f24d01c6,cbf30902-517f-40dc-af90-a550bac27cf1,5c601d96-e4c7-4698-991b-7ee674b11079
8-27-2026 16:02:54-debug:   Number of other assets: 486
8-27-2026 16:02:54-debug: // ---- build task Query asset bundle ---- (6ms)
8-27-2026 16:02:54-log: run build task Query asset bundle success in 6 ms√, progress: 5%
8-27-2026 16:02:54-debug: Init bundle root assets success..., progress: 0%
8-27-2026 16:02:54-debug: [Build Memory track]: Query asset bundle start:243.24MB, end 243.02MB, increase: -228.76KB
8-27-2026 16:02:54-debug:   Number of all scripts: 42
8-27-2026 16:02:54-debug: // ---- build task Query asset bundle ----
8-27-2026 16:02:54-debug: Query asset bundle start, progress: 5%
8-27-2026 16:02:54-debug: // ---- build task Query asset bundle ---- (9ms)
8-27-2026 16:02:54-log: run build task Query asset bundle success in 9 ms√, progress: 10%
8-27-2026 16:02:54-debug: [Build Memory track]: Query asset bundle start:243.05MB, end 243.19MB, increase: 140.80KB
8-27-2026 16:02:54-debug: Sort some build options to settings.json start, progress: 10%
8-27-2026 16:02:54-debug: // ---- build task Sort some build options to settings.json ----
8-27-2026 16:02:54-debug: // ---- build task Sort some build options to settings.json ---- (1ms)
8-27-2026 16:02:54-log: run build task Sort some build options to settings.json success in 1 ms√, progress: 12%
8-27-2026 16:02:54-debug: [Build Memory track]: Sort some build options to settings.json start:243.22MB, end 243.24MB, increase: 25.58KB
8-27-2026 16:02:54-debug: Fill script data to settings start, progress: 12%
8-27-2026 16:02:54-debug: // ---- build task Fill script data to settings ----
8-27-2026 16:02:54-debug: // ---- build task Fill script data to settings ---- (2ms)
8-27-2026 16:02:54-debug: [Build Memory track]: Fill script data to settings start:243.27MB, end 243.30MB, increase: 24.45KB
8-27-2026 16:02:54-log: run build task Fill script data to settings success in 2 ms√, progress: 13%
8-27-2026 16:02:54-debug: Sort some build options to settings.json start, progress: 13%
8-27-2026 16:02:54-debug: // ---- build task Sort some build options to settings.json ----
8-27-2026 16:02:54-debug: // ---- build task Sort some build options to settings.json ---- (18ms)
8-27-2026 16:02:54-log: run build task Sort some build options to settings.json success in 18 ms√, progress: 15%
8-27-2026 16:02:54-debug: [Build Memory track]: Sort some build options to settings.json start:243.32MB, end 222.51MB, increase: -21316.73KB
8-27-2026 16:03:00-debug: start refresh asset from D:\Works\Github\BattleGame\assets\prefabs\RedUnit.prefab...
8-27-2026 16:03:00-debug: %cImport%c: D:\Works\Github\BattleGame\assets\prefabs\RedUnit.prefabbackground: #aaff85; color: #000;color: #000;
8-27-2026 16:03:00-debug: refresh asset D:\Works\Github\BattleGame\assets\prefabs success
8-27-2026 16:03:00-debug: start refresh asset from D:\Works\Github\BattleGame\assets\prefabs\BlueUnit.prefab...
8-27-2026 16:03:00-debug: %cImport%c: D:\Works\Github\BattleGame\assets\prefabs\BlueUnit.prefabbackground: #aaff85; color: #000;color: #000;
8-27-2026 16:03:00-debug: refresh asset D:\Works\Github\BattleGame\assets\prefabs success
8-27-2026 16:03:07-debug: %cImport%c: D:\Works\Github\BattleGame\assets\Battle.scenebackground: #aaff85; color: #000;color: #000;
8-27-2026 16:03:07-debug: asset-db:reimport-asset1effe86e-a401-4769-9dbc-62218c68834d (23ms)
8-27-2026 16:03:07-debug: Query all assets info in project
8-27-2026 16:03:07-debug: init custom config: keepNodeUuid: false, useCache: true
8-27-2026 16:03:07-debug: Skip compress image, progress: 0%
8-27-2026 16:03:07-debug: Init all bundles start..., progress: 0%
8-27-2026 16:03:07-debug: // ---- build task Query asset bundle ----
8-27-2026 16:03:07-debug: Query asset bundle start, progress: 0%
8-27-2026 16:03:07-debug: Init bundle root assets start..., progress: 0%
8-27-2026 16:03:07-debug: Num of bundles: 2..., progress: 0%
8-27-2026 16:03:07-debug: Query preload assets/scripts from cc.config.json: 60f7195c-ec2a-45eb-ba94-8955f60e81d0,1c02ae6f-4492-4915-b8f8-7492a3b1e4cd,810e96e4-e456-4468-9b59-f4e8f39732c0,efe8e2a3-eace-427b-b4f1-cb8a937ec77d,e9aa9a3e-5b2b-4ac7-a2c7-073de2b2b24f,8bbdbcdd-5cd4-4100-b6d5-b7c9625b6107,50f4348b-c883-4e2f-8f11-ce233b859fa1,fda095cb-831d-4601-ad94-846013963de8,f92806d7-1768-443f-afe8-12bcde84d0f0,dd3a144d-ab7f-41f0-82b8-2e43a090d496,f0416e68-0200-4b77-a926-4f9d16e494da,511d2633-09a7-4bdd-ac42-f778032124b3,5d45aa00-e064-4938-b314-4265f0c2258c,9361fd90-ba52-4f84-aa93-6e878fd576ca,970b0598-bcb0-4714-91fb-2e81440dccd8,bcd64cc6-2dd9-43f6-abbe-66318d332032,d930590d-bb92-4cc8-8bd1-23cd027f9edf,a3cd009f-0ab0-420d-9278-b9fdab939bbc,6a2d0734-bd9e-4ddf-946e-caa52498cb75,d9937e59-61fe-4ec6-92ab-7ac5a19c89b0,d1346436-ac96-4271-b863-1f4fdead95b0,971bdb23-3ff6-43eb-b422-1c30165a3663,17debcc3-0a6b-4b8a-b00b-dc58b885581e,711ebe11-f673-4cd9-9a83-63c60ba54c5b,c0143906-9aed-447e-9436-2ae8512d1b6e,14da1725-c4c2-42b4-ab08-ee0aeb6898b3,081cab31-dccd-428e-8652-f2404cc81c47,78e0584a-4343-4727-8f37-e14e65c2a2db,871c3b6c-7379-419d-bda3-794b239ab90d,ff9b0199-ce04-4cfe-86cc-6c719f08d6e4,de1c2107-70c8-4021-8459-6399f24d01c6,cbf30902-517f-40dc-af90-a550bac27cf1,5c601d96-e4c7-4698-991b-7ee674b11079
8-27-2026 16:03:07-debug:   Number of other assets: 486
8-27-2026 16:03:07-debug:   Number of all scripts: 42
8-27-2026 16:03:07-debug: Init bundle root assets success..., progress: 0%
8-27-2026 16:03:07-debug:   Number of all scenes: 1
8-27-2026 16:03:07-debug: // ---- build task Query asset bundle ---- (9ms)
8-27-2026 16:03:07-debug: Query asset bundle start, progress: 5%
8-27-2026 16:03:07-debug: [Build Memory track]: Query asset bundle start:223.45MB, end 223.29MB, increase: -166.16KB
8-27-2026 16:03:07-log: run build task Query asset bundle success in 9 ms√, progress: 5%
8-27-2026 16:03:07-debug: // ---- build task Query asset bundle ----
8-27-2026 16:03:07-debug: // ---- build task Query asset bundle ---- (6ms)
8-27-2026 16:03:07-log: run build task Query asset bundle success in 6 ms√, progress: 10%
8-27-2026 16:03:07-debug: [Build Memory track]: Query asset bundle start:223.31MB, end 223.45MB, increase: 139.90KB
8-27-2026 16:03:07-debug: // ---- build task Sort some build options to settings.json ----
8-27-2026 16:03:07-debug: Sort some build options to settings.json start, progress: 10%
8-27-2026 16:03:07-debug: // ---- build task Sort some build options to settings.json ---- (2ms)
8-27-2026 16:03:07-log: run build task Sort some build options to settings.json success in 2 ms√, progress: 12%
8-27-2026 16:03:07-debug: // ---- build task Fill script data to settings ----
8-27-2026 16:03:07-debug: [Build Memory track]: Sort some build options to settings.json start:223.48MB, end 223.51MB, increase: 26.58KB
8-27-2026 16:03:07-debug: Fill script data to settings start, progress: 12%
8-27-2026 16:03:07-debug: // ---- build task Fill script data to settings ---- (7ms)
8-27-2026 16:03:07-debug: // ---- build task Sort some build options to settings.json ----
8-27-2026 16:03:07-debug: Sort some build options to settings.json start, progress: 13%
8-27-2026 16:03:07-log: run build task Fill script data to settings success in 7 ms√, progress: 13%
8-27-2026 16:03:07-debug: [Build Memory track]: Fill script data to settings start:223.53MB, end 223.57MB, increase: 33.30KB
8-27-2026 16:03:07-debug: // ---- build task Sort some build options to settings.json ---- (6ms)
8-27-2026 16:03:07-log: run build task Sort some build options to settings.json success in 6 ms√, progress: 15%
8-27-2026 16:03:07-debug: [Build Memory track]: Sort some build options to settings.json start:223.60MB, end 223.02MB, increase: -591.43KB
8-27-2026 16:03:14-debug: refresh db internal success
8-27-2026 16:03:14-debug: refresh db assets success
8-27-2026 16:03:14-debug: Run asset db hook engine-extends:afterRefresh ...
8-27-2026 16:03:14-debug: Run asset db hook engine-extends:afterRefresh success!
8-27-2026 16:03:14-debug: asset-db:refresh-all-database (102ms)
8-27-2026 16:03:14-debug: asset-db:worker-effect-data-processing (5ms)
8-27-2026 16:03:14-debug: asset-db-hook-engine-extends-afterRefresh (5ms)
