8-28-2026 16:46:00-log: Cannot access game frame or container.
8-28-2026 16:46:01-debug: asset-db:require-engine-code (548ms)
8-28-2026 16:46:01-log: meshopt wasm decoder initialized
8-28-2026 16:46:01-log: [bullet]:bullet wasm lib loaded.
8-28-2026 16:46:01-log: [box2d]:box2d wasm lib loaded.
8-28-2026 16:46:01-log: Using legacy pipeline
8-28-2026 16:46:01-log: Forward render pipeline initialized.
8-28-2026 16:46:01-debug: [Assets Memory track]: asset-db:worker-init: initEngine start:28.28MB, end 79.07MB, increase: 50.79MB
8-28-2026 16:46:01-log: Cocos Creator v3.8.8
8-28-2026 16:46:02-debug: [Assets Memory track]: asset-db:worker-init: initPlugin start:79.17MB, end 340.52MB, increase: 261.35MB
8-28-2026 16:46:02-debug: run package(ohos) handler(enable) start
8-28-2026 16:46:02-debug: run package(oppo-mini-game) handler(enable) start
8-28-2026 16:46:02-debug: run package(oppo-mini-game) handler(enable) success!
8-28-2026 16:46:02-debug: run package(runtime-dev-tools) handler(enable) success!
8-28-2026 16:46:02-debug: run package(runtime-dev-tools) handler(enable) start
8-28-2026 16:46:02-debug: run package(taobao-mini-game) handler(enable) start
8-28-2026 16:46:02-debug: run package(taobao-mini-game) handler(enable) success!
8-28-2026 16:46:02-debug: run package(ohos) handler(enable) success!
8-28-2026 16:46:02-debug: run package(vivo-mini-game) handler(enable) success!
8-28-2026 16:46:02-debug: run package(vivo-mini-game) handler(enable) start
8-28-2026 16:46:02-debug: run package(web-mobile) handler(enable) start
8-28-2026 16:46:02-debug: run package(web-desktop) handler(enable) success!
8-28-2026 16:46:02-debug: run package(web-mobile) handler(enable) success!
8-28-2026 16:46:02-debug: run package(wechatgame) handler(enable) success!
8-28-2026 16:46:02-debug: run package(wechatprogram) handler(enable) start
8-28-2026 16:46:02-debug: run package(wechatprogram) handler(enable) success!
8-28-2026 16:46:02-debug: run package(wechatgame) handler(enable) start
8-28-2026 16:46:02-debug: run package(web-desktop) handler(enable) start
8-28-2026 16:46:02-debug: run package(windows) handler(enable) success!
8-28-2026 16:46:02-debug: run package(xiaomi-quick-game) handler(enable) start
8-28-2026 16:46:02-debug: run package(xiaomi-quick-game) handler(enable) success!
8-28-2026 16:46:02-debug: run package(cocos-service) handler(enable) success!
8-28-2026 16:46:02-debug: run package(cocos-service) handler(enable) start
8-28-2026 16:46:02-debug: run package(im-plugin) handler(enable) success!
8-28-2026 16:46:02-debug: run package(im-plugin) handler(enable) start
8-28-2026 16:46:02-debug: run package(placeholder) handler(enable) start
8-28-2026 16:46:02-debug: run package(windows) handler(enable) start
8-28-2026 16:46:02-debug: run package(placeholder) handler(enable) success!
8-28-2026 16:46:02-debug: asset-db:worker-init: initPlugin (1228ms)
8-28-2026 16:46:02-debug: [Assets Memory track]: asset-db:worker-init start:28.27MB, end 341.86MB, increase: 313.59MB
8-28-2026 16:46:02-debug: Run asset db hook programming:beforePreStart ...
8-28-2026 16:46:02-debug: Run asset db hook programming:beforePreStart success!
8-28-2026 16:46:02-debug: Run asset db hook engine-extends:beforePreStart ...
8-28-2026 16:46:02-debug: Run asset db hook engine-extends:beforePreStart success!
8-28-2026 16:46:04-debug: asset-db:worker-init (3704ms)
8-28-2026 16:46:04-debug: asset-db-hook-programming-beforePreStart (1727ms)
8-28-2026 16:46:04-debug: asset-db-hook-engine-extends-beforePreStart (1726ms)
8-28-2026 16:46:05-debug: Preimport db internal success
8-28-2026 16:46:05-debug: Preimport db assets success
8-28-2026 16:46:05-debug: Run asset db hook programming:afterPreStart ...
8-28-2026 16:46:05-debug: starting packer-driver...
8-28-2026 16:46:05-debug: initialize scripting environment...
8-28-2026 16:46:05-debug: [[Executor]] prepare before lock
8-28-2026 16:46:06-debug: Set detail map pack:///resolution-detail-map.json: {}
8-28-2026 16:46:06-debug: Run asset db hook programming:afterPreStart success!
8-28-2026 16:46:06-debug: Run asset db hook engine-extends:afterPreStart success!
8-28-2026 16:46:06-debug: Run asset db hook engine-extends:afterPreStart ...
8-28-2026 16:46:06-debug: Start up the 'internal' database...
8-28-2026 16:46:06-debug: [[Executor]] prepare after unlock
8-28-2026 16:46:07-debug: asset-db-hook-programming-afterPreStart (1647ms)
8-28-2026 16:46:07-debug: asset-db:worker-effect-data-processing (1015ms)
8-28-2026 16:46:07-debug: asset-db-hook-engine-extends-afterPreStart (1015ms)
8-28-2026 16:46:07-debug: Run asset db hook engine-extends:afterStartDB ...
8-28-2026 16:46:07-debug: Run asset db hook engine-extends:afterStartDB success!
8-28-2026 16:46:07-debug: Start up the 'assets' database...
8-28-2026 16:46:07-debug: recompile effect.bin success
8-28-2026 16:46:08-debug: asset-db:worker-effect-data-processing (1224ms)
8-28-2026 16:46:08-debug: asset-db-hook-engine-extends-afterStartDB (1224ms)
8-28-2026 16:46:08-debug: Run asset db hook engine-extends:afterStartDB ...
8-28-2026 16:46:08-debug: recompile effect.bin success
8-28-2026 16:46:08-debug: Run asset db hook engine-extends:afterStartDB success!
8-28-2026 16:46:08-debug: [Assets Memory track]: asset-db:worker-init: startup start:199.47MB, end 218.04MB, increase: 18.57MB
8-28-2026 16:46:08-debug: lazy register asset handler text
8-28-2026 16:46:08-debug: lazy register asset handler directory
8-28-2026 16:46:08-debug: lazy register asset handler spine-data
8-28-2026 16:46:08-debug: lazy register asset handler json
8-28-2026 16:46:08-debug: lazy register asset handler dragonbones
8-28-2026 16:46:08-debug: lazy register asset handler *
8-28-2026 16:46:08-debug: lazy register asset handler dragonbones-atlas
8-28-2026 16:46:08-debug: lazy register asset handler javascript
8-28-2026 16:46:08-debug: lazy register asset handler terrain
8-28-2026 16:46:08-debug: lazy register asset handler prefab
8-28-2026 16:46:08-debug: lazy register asset handler typescript
8-28-2026 16:46:08-debug: lazy register asset handler sprite-frame
8-28-2026 16:46:08-debug: lazy register asset handler image
8-28-2026 16:46:08-debug: lazy register asset handler sign-image
8-28-2026 16:46:08-debug: lazy register asset handler tiled-map
8-28-2026 16:46:08-debug: lazy register asset handler scene
8-28-2026 16:46:08-debug: lazy register asset handler buffer
8-28-2026 16:46:08-debug: lazy register asset handler alpha-image
8-28-2026 16:46:08-debug: lazy register asset handler erp-texture-cube
8-28-2026 16:46:08-debug: lazy register asset handler texture-cube
8-28-2026 16:46:08-debug: lazy register asset handler render-texture
8-28-2026 16:46:08-debug: lazy register asset handler texture-cube-face
8-28-2026 16:46:08-debug: lazy register asset handler rt-sprite-frame
8-28-2026 16:46:08-debug: lazy register asset handler texture
8-28-2026 16:46:08-debug: lazy register asset handler gltf-animation
8-28-2026 16:46:08-debug: lazy register asset handler gltf
8-28-2026 16:46:08-debug: lazy register asset handler gltf-mesh
8-28-2026 16:46:08-debug: lazy register asset handler gltf-skeleton
8-28-2026 16:46:08-debug: lazy register asset handler gltf-scene
8-28-2026 16:46:08-debug: lazy register asset handler gltf-material
8-28-2026 16:46:08-debug: lazy register asset handler gltf-embeded-image
8-28-2026 16:46:08-debug: lazy register asset handler fbx
8-28-2026 16:46:08-debug: lazy register asset handler material
8-28-2026 16:46:08-debug: lazy register asset handler physics-material
8-28-2026 16:46:08-debug: lazy register asset handler audio-clip
8-28-2026 16:46:08-debug: lazy register asset handler effect
8-28-2026 16:46:08-debug: lazy register asset handler effect-header
8-28-2026 16:46:08-debug: lazy register asset handler animation-clip
8-28-2026 16:46:08-debug: lazy register asset handler animation-mask
8-28-2026 16:46:08-debug: lazy register asset handler animation-graph
8-28-2026 16:46:08-debug: lazy register asset handler animation-graph-variant
8-28-2026 16:46:08-debug: lazy register asset handler particle
8-28-2026 16:46:08-debug: lazy register asset handler bitmap-font
8-28-2026 16:46:08-debug: lazy register asset handler sprite-atlas
8-28-2026 16:46:08-debug: lazy register asset handler ttf-font
8-28-2026 16:46:08-debug: lazy register asset handler auto-atlas
8-28-2026 16:46:08-debug: lazy register asset handler label-atlas
8-28-2026 16:46:08-debug: lazy register asset handler render-pipeline
8-28-2026 16:46:08-debug: lazy register asset handler instantiation-material
8-28-2026 16:46:08-debug: lazy register asset handler instantiation-mesh
8-28-2026 16:46:08-debug: lazy register asset handler render-flow
8-28-2026 16:46:08-debug: lazy register asset handler instantiation-skeleton
8-28-2026 16:46:08-debug: lazy register asset handler render-stage
8-28-2026 16:46:08-debug: lazy register asset handler instantiation-animation
8-28-2026 16:46:08-debug: lazy register asset handler video-clip
8-28-2026 16:46:08-debug: asset-db:worker-effect-data-processing (222ms)
8-28-2026 16:46:08-debug: asset-db-hook-engine-extends-afterStartDB (222ms)
8-28-2026 16:46:08-debug: asset-db:start-database (5992ms)
8-28-2026 16:46:08-debug: asset-db:ready (10014ms)
8-28-2026 16:46:08-debug: init worker message success
8-28-2026 16:46:08-debug: programming:execute-script (3ms)
8-28-2026 16:46:08-debug: [Build Memory track]: builder:worker-init start:222.15MB, end 230.05MB, increase: 7.90MB
8-28-2026 16:46:08-debug: builder:worker-init (221ms)
8-28-2026 16:46:15-debug: Query all assets info in project
8-28-2026 16:46:15-debug: init custom config: keepNodeUuid: false, useCache: true
8-28-2026 16:46:15-debug: Skip compress image, progress: 0%
8-28-2026 16:46:15-debug: Init all bundles start..., progress: 0%
8-28-2026 16:46:15-debug: Query asset bundle start, progress: 0%
8-28-2026 16:46:15-debug: // ---- build task Query asset bundle ----
8-28-2026 16:46:15-debug: Init bundle root assets start..., progress: 0%
8-28-2026 16:46:15-debug: Num of bundles: 2..., progress: 0%
8-28-2026 16:46:15-debug:   Number of all scripts: 42
8-28-2026 16:46:15-debug: Query preload assets/scripts from cc.config.json: 60f7195c-ec2a-45eb-ba94-8955f60e81d0,1c02ae6f-4492-4915-b8f8-7492a3b1e4cd,810e96e4-e456-4468-9b59-f4e8f39732c0,efe8e2a3-eace-427b-b4f1-cb8a937ec77d,e9aa9a3e-5b2b-4ac7-a2c7-073de2b2b24f,8bbdbcdd-5cd4-4100-b6d5-b7c9625b6107,50f4348b-c883-4e2f-8f11-ce233b859fa1,fda095cb-831d-4601-ad94-846013963de8,f92806d7-1768-443f-afe8-12bcde84d0f0,dd3a144d-ab7f-41f0-82b8-2e43a090d496,f0416e68-0200-4b77-a926-4f9d16e494da,511d2633-09a7-4bdd-ac42-f778032124b3,5d45aa00-e064-4938-b314-4265f0c2258c,9361fd90-ba52-4f84-aa93-6e878fd576ca,970b0598-bcb0-4714-91fb-2e81440dccd8,bcd64cc6-2dd9-43f6-abbe-66318d332032,d930590d-bb92-4cc8-8bd1-23cd027f9edf,a3cd009f-0ab0-420d-9278-b9fdab939bbc,6a2d0734-bd9e-4ddf-946e-caa52498cb75,d9937e59-61fe-4ec6-92ab-7ac5a19c89b0,d1346436-ac96-4271-b863-1f4fdead95b0,971bdb23-3ff6-43eb-b422-1c30165a3663,17debcc3-0a6b-4b8a-b00b-dc58b885581e,711ebe11-f673-4cd9-9a83-63c60ba54c5b,c0143906-9aed-447e-9436-2ae8512d1b6e,14da1725-c4c2-42b4-ab08-ee0aeb6898b3,081cab31-dccd-428e-8652-f2404cc81c47,78e0584a-4343-4727-8f37-e14e65c2a2db,871c3b6c-7379-419d-bda3-794b239ab90d,ff9b0199-ce04-4cfe-86cc-6c719f08d6e4,de1c2107-70c8-4021-8459-6399f24d01c6,cbf30902-517f-40dc-af90-a550bac27cf1,5c601d96-e4c7-4698-991b-7ee674b11079
8-28-2026 16:46:15-debug: Init bundle root assets success..., progress: 0%
8-28-2026 16:46:15-debug:   Number of all scenes: 1
8-28-2026 16:46:15-debug:   Number of other assets: 486
8-28-2026 16:46:15-debug: // ---- build task Query asset bundle ---- (7ms)
8-28-2026 16:46:15-log: run build task Query asset bundle success in 7 ms√, progress: 5%
8-28-2026 16:46:15-debug: [Build Memory track]: Query asset bundle start:231.81MB, end 232.68MB, increase: 890.41KB
8-28-2026 16:46:15-debug: Query asset bundle start, progress: 5%
8-28-2026 16:46:15-debug: // ---- build task Query asset bundle ----
8-28-2026 16:46:15-debug: // ---- build task Query asset bundle ---- (4ms)
8-28-2026 16:46:15-log: run build task Query asset bundle success in 4 ms√, progress: 10%
8-28-2026 16:46:15-debug: [Build Memory track]: Query asset bundle start:232.72MB, end 232.89MB, increase: 173.81KB
8-28-2026 16:46:15-debug: // ---- build task Sort some build options to settings.json ----
8-28-2026 16:46:15-debug: Sort some build options to settings.json start, progress: 10%
8-28-2026 16:46:15-debug: // ---- build task Sort some build options to settings.json ---- (1ms)
8-28-2026 16:46:15-log: run build task Sort some build options to settings.json success in 1 ms√, progress: 12%
8-28-2026 16:46:15-debug: [Build Memory track]: Sort some build options to settings.json start:232.93MB, end 232.96MB, increase: 34.59KB
8-28-2026 16:46:15-debug: Fill script data to settings start, progress: 12%
8-28-2026 16:46:15-debug: // ---- build task Fill script data to settings ----
8-28-2026 16:46:15-debug: // ---- build task Fill script data to settings ---- (2ms)
8-28-2026 16:46:15-log: run build task Fill script data to settings success in 2 ms√, progress: 13%
8-28-2026 16:46:15-debug: // ---- build task Sort some build options to settings.json ----
8-28-2026 16:46:15-debug: [Build Memory track]: Fill script data to settings start:233.00MB, end 233.03MB, increase: 33.96KB
8-28-2026 16:46:15-debug: Sort some build options to settings.json start, progress: 13%
8-28-2026 16:46:15-debug: // ---- build task Sort some build options to settings.json ---- (6ms)
8-28-2026 16:46:15-log: run build task Sort some build options to settings.json success in 6 ms√, progress: 15%
8-28-2026 16:46:15-debug: [Build Memory track]: Sort some build options to settings.json start:233.08MB, end 226.93MB, increase: -6298.77KB
8-28-2026 16:46:20-debug: Query all assets info in project
8-28-2026 16:46:20-debug: init custom config: keepNodeUuid: false, useCache: true
8-28-2026 16:46:20-debug: Skip compress image, progress: 0%
8-28-2026 16:46:20-debug: Init all bundles start..., progress: 0%
8-28-2026 16:46:20-debug: Query asset bundle start, progress: 0%
8-28-2026 16:46:20-debug: // ---- build task Query asset bundle ----
8-28-2026 16:46:20-debug: Init bundle root assets start..., progress: 0%
8-28-2026 16:46:20-debug: Num of bundles: 2..., progress: 0%
8-28-2026 16:46:20-debug: Query preload assets/scripts from cc.config.json: 60f7195c-ec2a-45eb-ba94-8955f60e81d0,1c02ae6f-4492-4915-b8f8-7492a3b1e4cd,810e96e4-e456-4468-9b59-f4e8f39732c0,efe8e2a3-eace-427b-b4f1-cb8a937ec77d,e9aa9a3e-5b2b-4ac7-a2c7-073de2b2b24f,8bbdbcdd-5cd4-4100-b6d5-b7c9625b6107,50f4348b-c883-4e2f-8f11-ce233b859fa1,fda095cb-831d-4601-ad94-846013963de8,f92806d7-1768-443f-afe8-12bcde84d0f0,dd3a144d-ab7f-41f0-82b8-2e43a090d496,f0416e68-0200-4b77-a926-4f9d16e494da,511d2633-09a7-4bdd-ac42-f778032124b3,5d45aa00-e064-4938-b314-4265f0c2258c,9361fd90-ba52-4f84-aa93-6e878fd576ca,970b0598-bcb0-4714-91fb-2e81440dccd8,bcd64cc6-2dd9-43f6-abbe-66318d332032,d930590d-bb92-4cc8-8bd1-23cd027f9edf,a3cd009f-0ab0-420d-9278-b9fdab939bbc,6a2d0734-bd9e-4ddf-946e-caa52498cb75,d9937e59-61fe-4ec6-92ab-7ac5a19c89b0,d1346436-ac96-4271-b863-1f4fdead95b0,971bdb23-3ff6-43eb-b422-1c30165a3663,17debcc3-0a6b-4b8a-b00b-dc58b885581e,711ebe11-f673-4cd9-9a83-63c60ba54c5b,c0143906-9aed-447e-9436-2ae8512d1b6e,14da1725-c4c2-42b4-ab08-ee0aeb6898b3,081cab31-dccd-428e-8652-f2404cc81c47,78e0584a-4343-4727-8f37-e14e65c2a2db,871c3b6c-7379-419d-bda3-794b239ab90d,ff9b0199-ce04-4cfe-86cc-6c719f08d6e4,de1c2107-70c8-4021-8459-6399f24d01c6,cbf30902-517f-40dc-af90-a550bac27cf1,5c601d96-e4c7-4698-991b-7ee674b11079
8-28-2026 16:46:20-debug:   Number of all scripts: 42
8-28-2026 16:46:20-debug:   Number of other assets: 486
8-28-2026 16:46:20-debug: Init bundle root assets success..., progress: 0%
8-28-2026 16:46:20-debug:   Number of all scenes: 1
8-28-2026 16:46:20-debug: // ---- build task Query asset bundle ---- (5ms)
8-28-2026 16:46:20-log: run build task Query asset bundle success in 5 ms√, progress: 5%
8-28-2026 16:46:20-debug: [Build Memory track]: Query asset bundle start:228.37MB, end 229.11MB, increase: 765.41KB
8-28-2026 16:46:20-debug: // ---- build task Query asset bundle ----
8-28-2026 16:46:20-debug: Query asset bundle start, progress: 5%
8-28-2026 16:46:20-debug: // ---- build task Query asset bundle ---- (3ms)
8-28-2026 16:46:20-log: run build task Query asset bundle success in 3 ms√, progress: 10%
8-28-2026 16:46:20-debug: [Build Memory track]: Query asset bundle start:229.15MB, end 229.30MB, increase: 149.46KB
8-28-2026 16:46:20-debug: Sort some build options to settings.json start, progress: 10%
8-28-2026 16:46:20-debug: // ---- build task Sort some build options to settings.json ----
8-28-2026 16:46:20-debug: // ---- build task Sort some build options to settings.json ---- (1ms)
8-28-2026 16:46:20-log: run build task Sort some build options to settings.json success in 1 ms√, progress: 12%
8-28-2026 16:46:20-debug: Fill script data to settings start, progress: 12%
8-28-2026 16:46:20-debug: [Build Memory track]: Sort some build options to settings.json start:229.35MB, end 229.38MB, increase: 34.45KB
8-28-2026 16:46:20-debug: // ---- build task Fill script data to settings ----
8-28-2026 16:46:20-debug: // ---- build task Fill script data to settings ---- (2ms)
8-28-2026 16:46:20-log: run build task Fill script data to settings success in 2 ms√, progress: 13%
8-28-2026 16:46:20-debug: [Build Memory track]: Fill script data to settings start:229.42MB, end 229.47MB, increase: 49.53KB
8-28-2026 16:46:20-debug: // ---- build task Sort some build options to settings.json ----
8-28-2026 16:46:20-debug: Sort some build options to settings.json start, progress: 13%
8-28-2026 16:46:20-debug: // ---- build task Sort some build options to settings.json ---- (3ms)
8-28-2026 16:46:20-log: run build task Sort some build options to settings.json success in 3 ms√, progress: 15%
8-28-2026 16:46:20-debug: [Build Memory track]: Sort some build options to settings.json start:229.51MB, end 229.64MB, increase: 135.48KB
8-28-2026 16:47:03-debug: refresh db internal success
8-28-2026 16:47:03-debug: Run asset db hook engine-extends:afterRefresh ...
8-28-2026 16:47:03-debug: refresh db assets success
8-28-2026 16:47:03-debug: Run asset db hook engine-extends:afterRefresh success!
8-28-2026 16:47:03-debug: asset-db:refresh-all-database (86ms)
8-28-2026 16:47:03-debug: asset-db:worker-effect-data-processing (2ms)
8-28-2026 16:47:03-debug: asset-db-hook-engine-extends-afterRefresh (2ms)
8-28-2026 17:00:58-debug: refresh db internal success
8-28-2026 17:00:58-debug: %cImport%c: D:\Works\Github\BattleGame\assets\scripts\BattleWave.tsbackground: #aaff85; color: #000;color: #000;
8-28-2026 17:00:58-debug: %cImport%c: D:\Works\Github\BattleGame\assets\scripts\GameManager.tsbackground: #aaff85; color: #000;color: #000;
8-28-2026 17:00:58-debug: %cImport%c: D:\Works\Github\BattleGame\assets\scripts\Unit.tsbackground: #aaff85; color: #000;color: #000;
8-28-2026 17:00:58-debug: refresh db assets success
8-28-2026 17:00:58-debug: Run asset db hook engine-extends:afterRefresh ...
8-28-2026 17:00:58-debug: Run asset db hook engine-extends:afterRefresh success!
8-28-2026 17:00:58-debug: asset-db:refresh-all-database (57ms)
8-28-2026 17:00:58-debug: asset-db-hook-engine-extends-afterRefresh (1ms)
8-28-2026 17:01:02-debug: Query all assets info in project
8-28-2026 17:01:02-debug: init custom config: keepNodeUuid: false, useCache: true
8-28-2026 17:01:02-debug: Skip compress image, progress: 0%
8-28-2026 17:01:02-debug: Init all bundles start..., progress: 0%
8-28-2026 17:01:02-debug: Num of bundles: 2..., progress: 0%
8-28-2026 17:01:02-debug: Query asset bundle start, progress: 0%
8-28-2026 17:01:02-debug: // ---- build task Query asset bundle ----
8-28-2026 17:01:02-debug: Init bundle root assets start..., progress: 0%
8-28-2026 17:01:02-debug: Query preload assets/scripts from cc.config.json: 60f7195c-ec2a-45eb-ba94-8955f60e81d0,1c02ae6f-4492-4915-b8f8-7492a3b1e4cd,810e96e4-e456-4468-9b59-f4e8f39732c0,efe8e2a3-eace-427b-b4f1-cb8a937ec77d,e9aa9a3e-5b2b-4ac7-a2c7-073de2b2b24f,8bbdbcdd-5cd4-4100-b6d5-b7c9625b6107,50f4348b-c883-4e2f-8f11-ce233b859fa1,fda095cb-831d-4601-ad94-846013963de8,f92806d7-1768-443f-afe8-12bcde84d0f0,dd3a144d-ab7f-41f0-82b8-2e43a090d496,f0416e68-0200-4b77-a926-4f9d16e494da,511d2633-09a7-4bdd-ac42-f778032124b3,5d45aa00-e064-4938-b314-4265f0c2258c,9361fd90-ba52-4f84-aa93-6e878fd576ca,970b0598-bcb0-4714-91fb-2e81440dccd8,bcd64cc6-2dd9-43f6-abbe-66318d332032,d930590d-bb92-4cc8-8bd1-23cd027f9edf,a3cd009f-0ab0-420d-9278-b9fdab939bbc,6a2d0734-bd9e-4ddf-946e-caa52498cb75,d9937e59-61fe-4ec6-92ab-7ac5a19c89b0,d1346436-ac96-4271-b863-1f4fdead95b0,971bdb23-3ff6-43eb-b422-1c30165a3663,17debcc3-0a6b-4b8a-b00b-dc58b885581e,711ebe11-f673-4cd9-9a83-63c60ba54c5b,c0143906-9aed-447e-9436-2ae8512d1b6e,14da1725-c4c2-42b4-ab08-ee0aeb6898b3,081cab31-dccd-428e-8652-f2404cc81c47,78e0584a-4343-4727-8f37-e14e65c2a2db,871c3b6c-7379-419d-bda3-794b239ab90d,ff9b0199-ce04-4cfe-86cc-6c719f08d6e4,de1c2107-70c8-4021-8459-6399f24d01c6,cbf30902-517f-40dc-af90-a550bac27cf1,5c601d96-e4c7-4698-991b-7ee674b11079
8-28-2026 17:01:02-debug:   Number of all scenes: 1
8-28-2026 17:01:02-debug:   Number of all scripts: 42
8-28-2026 17:01:02-debug:   Number of other assets: 486
8-28-2026 17:01:02-debug: Init bundle root assets success..., progress: 0%
8-28-2026 17:01:02-debug: // ---- build task Query asset bundle ---- (5ms)
8-28-2026 17:01:02-log: run build task Query asset bundle success in 5 ms√, progress: 5%
8-28-2026 17:01:02-debug: [Build Memory track]: Query asset bundle start:224.80MB, end 225.57MB, increase: 784.51KB
8-28-2026 17:01:02-debug: // ---- build task Query asset bundle ----
8-28-2026 17:01:02-debug: Query asset bundle start, progress: 5%
8-28-2026 17:01:02-debug: // ---- build task Query asset bundle ---- (4ms)
8-28-2026 17:01:02-log: run build task Query asset bundle success in 4 ms√, progress: 10%
8-28-2026 17:01:02-debug: [Build Memory track]: Query asset bundle start:225.60MB, end 225.75MB, increase: 146.80KB
8-28-2026 17:01:02-debug: // ---- build task Sort some build options to settings.json ----
8-28-2026 17:01:02-debug: Sort some build options to settings.json start, progress: 10%
8-28-2026 17:01:02-log: run build task Sort some build options to settings.json success in √, progress: 12%
8-28-2026 17:01:02-debug: [Build Memory track]: Sort some build options to settings.json start:225.79MB, end 225.81MB, increase: 26.99KB
8-28-2026 17:01:02-debug: // ---- build task Fill script data to settings ----
8-28-2026 17:01:02-debug: Fill script data to settings start, progress: 12%
8-28-2026 17:01:02-log: run build task Fill script data to settings success in √, progress: 13%
8-28-2026 17:01:02-debug: [Build Memory track]: Fill script data to settings start:225.86MB, end 225.88MB, increase: 20.68KB
8-28-2026 17:01:02-debug: Sort some build options to settings.json start, progress: 13%
8-28-2026 17:01:02-debug: // ---- build task Sort some build options to settings.json ----
8-28-2026 17:01:02-debug: // ---- build task Sort some build options to settings.json ---- (5ms)
8-28-2026 17:01:02-log: run build task Sort some build options to settings.json success in 5 ms√, progress: 15%
8-28-2026 17:01:02-debug: [Build Memory track]: Sort some build options to settings.json start:225.92MB, end 226.06MB, increase: 139.16KB
8-28-2026 17:01:04-debug: %cImport%c: D:\Works\Github\BattleGame\assets\Battle.scenebackground: #aaff85; color: #000;color: #000;
8-28-2026 17:01:04-debug: asset-db:reimport-asset1effe86e-a401-4769-9dbc-62218c68834d (17ms)
8-28-2026 17:01:05-debug: Query all assets info in project
8-28-2026 17:01:05-debug: init custom config: keepNodeUuid: false, useCache: true
8-28-2026 17:01:05-debug: Skip compress image, progress: 0%
8-28-2026 17:01:05-debug: Init all bundles start..., progress: 0%
8-28-2026 17:01:05-debug: Num of bundles: 2..., progress: 0%
8-28-2026 17:01:05-debug: Query asset bundle start, progress: 0%
8-28-2026 17:01:05-debug: Init bundle root assets start..., progress: 0%
8-28-2026 17:01:05-debug: // ---- build task Query asset bundle ----
8-28-2026 17:01:05-debug: Query preload assets/scripts from cc.config.json: 60f7195c-ec2a-45eb-ba94-8955f60e81d0,1c02ae6f-4492-4915-b8f8-7492a3b1e4cd,810e96e4-e456-4468-9b59-f4e8f39732c0,efe8e2a3-eace-427b-b4f1-cb8a937ec77d,e9aa9a3e-5b2b-4ac7-a2c7-073de2b2b24f,8bbdbcdd-5cd4-4100-b6d5-b7c9625b6107,50f4348b-c883-4e2f-8f11-ce233b859fa1,fda095cb-831d-4601-ad94-846013963de8,f92806d7-1768-443f-afe8-12bcde84d0f0,dd3a144d-ab7f-41f0-82b8-2e43a090d496,f0416e68-0200-4b77-a926-4f9d16e494da,511d2633-09a7-4bdd-ac42-f778032124b3,5d45aa00-e064-4938-b314-4265f0c2258c,9361fd90-ba52-4f84-aa93-6e878fd576ca,970b0598-bcb0-4714-91fb-2e81440dccd8,bcd64cc6-2dd9-43f6-abbe-66318d332032,d930590d-bb92-4cc8-8bd1-23cd027f9edf,a3cd009f-0ab0-420d-9278-b9fdab939bbc,6a2d0734-bd9e-4ddf-946e-caa52498cb75,d9937e59-61fe-4ec6-92ab-7ac5a19c89b0,d1346436-ac96-4271-b863-1f4fdead95b0,971bdb23-3ff6-43eb-b422-1c30165a3663,17debcc3-0a6b-4b8a-b00b-dc58b885581e,711ebe11-f673-4cd9-9a83-63c60ba54c5b,c0143906-9aed-447e-9436-2ae8512d1b6e,14da1725-c4c2-42b4-ab08-ee0aeb6898b3,081cab31-dccd-428e-8652-f2404cc81c47,78e0584a-4343-4727-8f37-e14e65c2a2db,871c3b6c-7379-419d-bda3-794b239ab90d,ff9b0199-ce04-4cfe-86cc-6c719f08d6e4,de1c2107-70c8-4021-8459-6399f24d01c6,cbf30902-517f-40dc-af90-a550bac27cf1,5c601d96-e4c7-4698-991b-7ee674b11079
8-28-2026 17:01:05-debug:   Number of all scenes: 1
8-28-2026 17:01:05-debug:   Number of all scripts: 42
8-28-2026 17:01:05-debug:   Number of other assets: 486
8-28-2026 17:01:05-debug: Init bundle root assets success..., progress: 0%
8-28-2026 17:01:05-debug: // ---- build task Query asset bundle ---- (6ms)
8-28-2026 17:01:05-log: run build task Query asset bundle success in 6 ms√, progress: 5%
8-28-2026 17:01:05-debug: [Build Memory track]: Query asset bundle start:225.75MB, end 225.60MB, increase: -152.98KB
8-28-2026 17:01:05-debug: Query asset bundle start, progress: 5%
8-28-2026 17:01:05-debug: // ---- build task Query asset bundle ----
8-28-2026 17:01:05-debug: // ---- build task Query asset bundle ---- (5ms)
8-28-2026 17:01:05-log: run build task Query asset bundle success in 5 ms√, progress: 10%
8-28-2026 17:01:05-debug: // ---- build task Sort some build options to settings.json ----
8-28-2026 17:01:05-debug: [Build Memory track]: Query asset bundle start:225.64MB, end 225.79MB, increase: 152.14KB
8-28-2026 17:01:05-debug: Sort some build options to settings.json start, progress: 10%
8-28-2026 17:01:05-log: run build task Sort some build options to settings.json success in 2 ms√, progress: 12%
8-28-2026 17:01:05-debug: [Build Memory track]: Sort some build options to settings.json start:225.83MB, end 225.86MB, increase: 33.58KB
8-28-2026 17:01:05-debug: // ---- build task Sort some build options to settings.json ---- (2ms)
8-28-2026 17:01:05-debug: Fill script data to settings start, progress: 12%
8-28-2026 17:01:05-debug: // ---- build task Fill script data to settings ----
8-28-2026 17:01:05-debug: // ---- build task Fill script data to settings ---- (1ms)
8-28-2026 17:01:05-log: run build task Fill script data to settings success in 1 ms√, progress: 13%
8-28-2026 17:01:05-debug: Sort some build options to settings.json start, progress: 13%
8-28-2026 17:01:05-debug: [Build Memory track]: Fill script data to settings start:225.90MB, end 225.93MB, increase: 32.90KB
8-28-2026 17:01:05-debug: // ---- build task Sort some build options to settings.json ----
8-28-2026 17:01:05-debug: // ---- build task Sort some build options to settings.json ---- (3ms)
8-28-2026 17:01:05-log: run build task Sort some build options to settings.json success in 3 ms√, progress: 15%
8-28-2026 17:01:05-debug: [Build Memory track]: Sort some build options to settings.json start:225.97MB, end 225.39MB, increase: -593.52KB
8-28-2026 17:46:35-debug: refresh db internal success
8-28-2026 17:46:35-debug: refresh db assets success
8-28-2026 17:46:35-debug: Run asset db hook engine-extends:afterRefresh ...
8-28-2026 17:46:35-debug: Run asset db hook engine-extends:afterRefresh success!
8-28-2026 17:46:35-debug: asset-db:refresh-all-database (63ms)
8-28-2026 17:46:35-debug: asset-db:worker-effect-data-processing (1ms)
8-28-2026 17:46:35-debug: asset-db-hook-engine-extends-afterRefresh (1ms)
8-28-2026 17:46:46-debug: start refresh asset from D:\Works\Github\BattleGame\assets\prefabs\BlueUnit.prefab...
8-28-2026 17:46:46-debug: %cImport%c: D:\Works\Github\BattleGame\assets\prefabs\BlueUnit.prefabbackground: #aaff85; color: #000;color: #000;
8-28-2026 17:46:46-debug: refresh asset D:\Works\Github\BattleGame\assets\prefabs success
8-28-2026 17:46:46-debug: start refresh asset from D:\Works\Github\BattleGame\assets\prefabs\RedUnit.prefab...
8-28-2026 17:46:46-debug: %cImport%c: D:\Works\Github\BattleGame\assets\prefabs\RedUnit.prefabbackground: #aaff85; color: #000;color: #000;
8-28-2026 17:46:46-debug: refresh asset D:\Works\Github\BattleGame\assets\prefabs success
8-28-2026 17:46:50-debug: %cImport%c: D:\Works\Github\BattleGame\assets\Battle.scenebackground: #aaff85; color: #000;color: #000;
8-28-2026 17:46:50-debug: asset-db:reimport-asset1effe86e-a401-4769-9dbc-62218c68834d (18ms)
8-28-2026 17:46:51-debug: Query all assets info in project
8-28-2026 17:46:51-debug: init custom config: keepNodeUuid: false, useCache: true
8-28-2026 17:46:51-debug: Skip compress image, progress: 0%
8-28-2026 17:46:51-debug: Init all bundles start..., progress: 0%
8-28-2026 17:46:51-debug: Query asset bundle start, progress: 0%
8-28-2026 17:46:51-debug: Num of bundles: 2..., progress: 0%
8-28-2026 17:46:51-debug: Init bundle root assets start..., progress: 0%
8-28-2026 17:46:51-debug: // ---- build task Query asset bundle ----
8-28-2026 17:46:51-debug: Query preload assets/scripts from cc.config.json: 60f7195c-ec2a-45eb-ba94-8955f60e81d0,1c02ae6f-4492-4915-b8f8-7492a3b1e4cd,810e96e4-e456-4468-9b59-f4e8f39732c0,efe8e2a3-eace-427b-b4f1-cb8a937ec77d,e9aa9a3e-5b2b-4ac7-a2c7-073de2b2b24f,8bbdbcdd-5cd4-4100-b6d5-b7c9625b6107,50f4348b-c883-4e2f-8f11-ce233b859fa1,fda095cb-831d-4601-ad94-846013963de8,f92806d7-1768-443f-afe8-12bcde84d0f0,dd3a144d-ab7f-41f0-82b8-2e43a090d496,f0416e68-0200-4b77-a926-4f9d16e494da,511d2633-09a7-4bdd-ac42-f778032124b3,5d45aa00-e064-4938-b314-4265f0c2258c,9361fd90-ba52-4f84-aa93-6e878fd576ca,970b0598-bcb0-4714-91fb-2e81440dccd8,bcd64cc6-2dd9-43f6-abbe-66318d332032,d930590d-bb92-4cc8-8bd1-23cd027f9edf,a3cd009f-0ab0-420d-9278-b9fdab939bbc,6a2d0734-bd9e-4ddf-946e-caa52498cb75,d9937e59-61fe-4ec6-92ab-7ac5a19c89b0,d1346436-ac96-4271-b863-1f4fdead95b0,971bdb23-3ff6-43eb-b422-1c30165a3663,17debcc3-0a6b-4b8a-b00b-dc58b885581e,711ebe11-f673-4cd9-9a83-63c60ba54c5b,c0143906-9aed-447e-9436-2ae8512d1b6e,14da1725-c4c2-42b4-ab08-ee0aeb6898b3,081cab31-dccd-428e-8652-f2404cc81c47,78e0584a-4343-4727-8f37-e14e65c2a2db,871c3b6c-7379-419d-bda3-794b239ab90d,ff9b0199-ce04-4cfe-86cc-6c719f08d6e4,de1c2107-70c8-4021-8459-6399f24d01c6,cbf30902-517f-40dc-af90-a550bac27cf1,5c601d96-e4c7-4698-991b-7ee674b11079
8-28-2026 17:46:51-debug:   Number of all scenes: 1
8-28-2026 17:46:51-debug: Init bundle root assets success..., progress: 0%
8-28-2026 17:46:51-debug:   Number of other assets: 486
8-28-2026 17:46:51-debug:   Number of all scripts: 42
8-28-2026 17:46:51-debug: // ---- build task Query asset bundle ---- (8ms)
8-28-2026 17:46:51-log: run build task Query asset bundle success in 8 ms√, progress: 5%
8-28-2026 17:46:51-debug: Query asset bundle start, progress: 5%
8-28-2026 17:46:51-debug: [Build Memory track]: Query asset bundle start:228.14MB, end 227.99MB, increase: -154.63KB
8-28-2026 17:46:51-debug: // ---- build task Query asset bundle ----
8-28-2026 17:46:51-debug: // ---- build task Query asset bundle ---- (2ms)
8-28-2026 17:46:51-log: run build task Query asset bundle success in 2 ms√, progress: 10%
8-28-2026 17:46:51-debug: [Build Memory track]: Query asset bundle start:228.03MB, end 228.17MB, increase: 146.76KB
8-28-2026 17:46:51-debug: // ---- build task Sort some build options to settings.json ----
8-28-2026 17:46:51-debug: Sort some build options to settings.json start, progress: 10%
8-28-2026 17:46:51-log: run build task Sort some build options to settings.json success in √, progress: 12%
8-28-2026 17:46:51-debug: [Build Memory track]: Sort some build options to settings.json start:228.21MB, end 228.24MB, increase: 29.02KB
8-28-2026 17:46:51-debug: Fill script data to settings start, progress: 12%
8-28-2026 17:46:51-debug: // ---- build task Fill script data to settings ----
8-28-2026 17:46:51-log: run build task Fill script data to settings success in 2 ms√, progress: 13%
8-28-2026 17:46:51-debug: [Build Memory track]: Fill script data to settings start:228.28MB, end 228.31MB, increase: 32.95KB
8-28-2026 17:46:51-debug: // ---- build task Sort some build options to settings.json ----
8-28-2026 17:46:51-debug: Sort some build options to settings.json start, progress: 13%
8-28-2026 17:46:51-debug: // ---- build task Fill script data to settings ---- (2ms)
8-28-2026 17:46:51-debug: // ---- build task Sort some build options to settings.json ---- (9ms)
8-28-2026 17:46:51-log: run build task Sort some build options to settings.json success in 9 ms√, progress: 15%
8-28-2026 17:46:51-debug: [Build Memory track]: Sort some build options to settings.json start:228.35MB, end 227.80MB, increase: -560.36KB
8-28-2026 17:47:12-debug: refresh db internal success
8-28-2026 17:47:12-debug: refresh db assets success
8-28-2026 17:47:12-debug: Run asset db hook engine-extends:afterRefresh ...
8-28-2026 17:47:12-debug: Run asset db hook engine-extends:afterRefresh success!
8-28-2026 17:47:12-debug: asset-db:refresh-all-database (81ms)
8-28-2026 17:47:12-debug: asset-db:worker-effect-data-processing (3ms)
8-28-2026 17:47:12-debug: asset-db-hook-engine-extends-afterRefresh (3ms)
8-28-2026 17:47:17-debug: %cImport%c: D:\Works\Github\BattleGame\assets\Battle.scenebackground: #aaff85; color: #000;color: #000;
8-28-2026 17:47:17-debug: asset-db:reimport-asset1effe86e-a401-4769-9dbc-62218c68834d (19ms)
8-28-2026 17:47:17-debug: Query all assets info in project
8-28-2026 17:47:17-debug: init custom config: keepNodeUuid: false, useCache: true
8-28-2026 17:47:17-debug: Skip compress image, progress: 0%
8-28-2026 17:47:17-debug: Init all bundles start..., progress: 0%
8-28-2026 17:47:17-debug: Num of bundles: 2..., progress: 0%
8-28-2026 17:47:17-debug: Query asset bundle start, progress: 0%
8-28-2026 17:47:17-debug: Init bundle root assets start..., progress: 0%
8-28-2026 17:47:17-debug: // ---- build task Query asset bundle ----
8-28-2026 17:47:17-debug: Query preload assets/scripts from cc.config.json: 60f7195c-ec2a-45eb-ba94-8955f60e81d0,1c02ae6f-4492-4915-b8f8-7492a3b1e4cd,810e96e4-e456-4468-9b59-f4e8f39732c0,efe8e2a3-eace-427b-b4f1-cb8a937ec77d,e9aa9a3e-5b2b-4ac7-a2c7-073de2b2b24f,8bbdbcdd-5cd4-4100-b6d5-b7c9625b6107,50f4348b-c883-4e2f-8f11-ce233b859fa1,fda095cb-831d-4601-ad94-846013963de8,f92806d7-1768-443f-afe8-12bcde84d0f0,dd3a144d-ab7f-41f0-82b8-2e43a090d496,f0416e68-0200-4b77-a926-4f9d16e494da,511d2633-09a7-4bdd-ac42-f778032124b3,5d45aa00-e064-4938-b314-4265f0c2258c,9361fd90-ba52-4f84-aa93-6e878fd576ca,970b0598-bcb0-4714-91fb-2e81440dccd8,bcd64cc6-2dd9-43f6-abbe-66318d332032,d930590d-bb92-4cc8-8bd1-23cd027f9edf,a3cd009f-0ab0-420d-9278-b9fdab939bbc,6a2d0734-bd9e-4ddf-946e-caa52498cb75,d9937e59-61fe-4ec6-92ab-7ac5a19c89b0,d1346436-ac96-4271-b863-1f4fdead95b0,971bdb23-3ff6-43eb-b422-1c30165a3663,17debcc3-0a6b-4b8a-b00b-dc58b885581e,711ebe11-f673-4cd9-9a83-63c60ba54c5b,c0143906-9aed-447e-9436-2ae8512d1b6e,14da1725-c4c2-42b4-ab08-ee0aeb6898b3,081cab31-dccd-428e-8652-f2404cc81c47,78e0584a-4343-4727-8f37-e14e65c2a2db,871c3b6c-7379-419d-bda3-794b239ab90d,ff9b0199-ce04-4cfe-86cc-6c719f08d6e4,de1c2107-70c8-4021-8459-6399f24d01c6,cbf30902-517f-40dc-af90-a550bac27cf1,5c601d96-e4c7-4698-991b-7ee674b11079
8-28-2026 17:47:17-debug:   Number of all scripts: 42
8-28-2026 17:47:17-debug:   Number of other assets: 486
8-28-2026 17:47:17-debug: Init bundle root assets success..., progress: 0%
8-28-2026 17:47:17-debug:   Number of all scenes: 1
8-28-2026 17:47:17-debug: // ---- build task Query asset bundle ---- (8ms)
8-28-2026 17:47:17-debug: [Build Memory track]: Query asset bundle start:230.30MB, end 230.11MB, increase: -192.23KB
8-28-2026 17:47:17-log: run build task Query asset bundle success in 8 ms√, progress: 5%
8-28-2026 17:47:17-debug: // ---- build task Query asset bundle ----
8-28-2026 17:47:17-debug: Query asset bundle start, progress: 5%
8-28-2026 17:47:17-debug: // ---- build task Query asset bundle ---- (4ms)
8-28-2026 17:47:17-log: run build task Query asset bundle success in 4 ms√, progress: 10%
8-28-2026 17:47:17-debug: [Build Memory track]: Query asset bundle start:230.15MB, end 230.29MB, increase: 148.33KB
8-28-2026 17:47:17-debug: Sort some build options to settings.json start, progress: 10%
8-28-2026 17:47:17-debug: // ---- build task Sort some build options to settings.json ----
8-28-2026 17:47:17-debug: // ---- build task Sort some build options to settings.json ---- (1ms)
8-28-2026 17:47:17-log: run build task Sort some build options to settings.json success in 1 ms√, progress: 12%
8-28-2026 17:47:17-debug: [Build Memory track]: Sort some build options to settings.json start:230.33MB, end 230.49MB, increase: 161.34KB
8-28-2026 17:47:17-debug: Fill script data to settings start, progress: 12%
8-28-2026 17:47:17-debug: // ---- build task Fill script data to settings ----
8-28-2026 17:47:17-log: run build task Fill script data to settings success in √, progress: 13%
8-28-2026 17:47:17-debug: [Build Memory track]: Fill script data to settings start:230.53MB, end 230.55MB, increase: 21.23KB
8-28-2026 17:47:17-debug: // ---- build task Sort some build options to settings.json ----
8-28-2026 17:47:17-debug: Sort some build options to settings.json start, progress: 13%
8-28-2026 17:47:17-debug: // ---- build task Sort some build options to settings.json ---- (6ms)
8-28-2026 17:47:17-log: run build task Sort some build options to settings.json success in 6 ms√, progress: 15%
8-28-2026 17:47:17-debug: [Build Memory track]: Sort some build options to settings.json start:230.59MB, end 229.93MB, increase: -680.53KB
8-28-2026 17:48:04-debug: refresh db internal success
8-28-2026 17:48:04-debug: refresh db assets success
8-28-2026 17:48:04-debug: Run asset db hook engine-extends:afterRefresh ...
8-28-2026 17:48:04-debug: Run asset db hook engine-extends:afterRefresh success!
8-28-2026 17:48:04-debug: asset-db:refresh-all-database (51ms)
8-28-2026 17:48:04-debug: asset-db:worker-effect-data-processing (2ms)
8-28-2026 17:48:04-debug: asset-db-hook-engine-extends-afterRefresh (2ms)
8-28-2026 17:48:53-debug: %cImport%c: D:\Works\Github\BattleGame\assets\3D\Victory.fbxbackground: #aaff85; color: #000;color: #000;
8-28-2026 17:48:53-debug: Frame rate: 30 [{asset(ed6bccd1-5a22-4f6b-a3ab-1ca604e1f035)}]
8-28-2026 17:48:53-debug: Local time: [0.016667, 2.216667] [{asset(ed6bccd1-5a22-4f6b-a3ab-1ca604e1f035)}]
8-28-2026 17:48:53-debug: Reference time: [0.016667, 2.216667] [{asset(ed6bccd1-5a22-4f6b-a3ab-1ca604e1f035)}]
8-28-2026 17:48:53-debug: Take Scene: 2.1666666666666665s [{asset(ed6bccd1-5a22-4f6b-a3ab-1ca604e1f035)}]
8-28-2026 17:48:53-debug: Frame rate: 30 [{asset(ed6bccd1-5a22-4f6b-a3ab-1ca604e1f035)}]
8-28-2026 17:48:53-debug: %cReImport%c: D:\Works\Github\BattleGame\assets\3D\Victory.fbx@c6e33background: #aaff85; color: #000;color: #000;
8-28-2026 17:48:53-error: Error: color doesn't allow set 1.    at getGfxAttributeName (C:\ProgramData\cocos\editors\Creator\3.8.8\resources\app.asar\modules\engine-extensions\extensions\engine-extends\dist\handler\assets\utils\pp-geometry.ccc:1:10615)    at interleaveVertices (C:\ProgramData\cocos\editors\Creator\3.8.8\resources\app.asar\modules\engine-extensions\extensions\engine-extends\dist\handler\assets\utils\gltf-converter.ccc:1:52812)    at C:\ProgramData\cocos\editors\Creator\3.8.8\resources\app.asar\modules\engine-extensions\extensions\engine-extends\dist\handler\assets\utils\gltf-converter.ccc:1:6376    at Array.map (<anonymous>)    at GltfConverter.createMesh (C:\ProgramData\cocos\editors\Creator\3.8.8\resources\app.asar\modules\engine-extensions\extensions\engine-extends\dist\handler\assets\utils\gltf-converter.ccc:1:6305)    at import (C:\ProgramData\cocos\editors\Creator\3.8.8\resources\app.asar\modules\engine-extensions\extensions\engine-extends\dist\handler\assets\gltf\mesh.ccc:1:1133)    at CustomImporter.import (C:\ProgramData\cocos\editors\Creator\3.8.8\resources\app.asar\builtin\asset-db\dist\worker\manager\asset-handler-manager.ccc:1:1249)
8-28-2026 17:48:53-log: MeshOpt init success
8-28-2026 17:48:53-warn: Attribute a_joints has different format from origin, quantization may not work.
8-28-2026 17:48:53-debug: %cReImport%c: D:\Works\Github\BattleGame\assets\3D\Victory.fbx@cbc2bbackground: #aaff85; color: #000;color: #000;
8-28-2026 17:48:53-debug: %cReImport%c: D:\Works\Github\BattleGame\assets\3D\Victory.fbx@438febackground: #aaff85; color: #000;color: #000;
8-28-2026 17:48:53-debug: %cReImport%c: D:\Works\Github\BattleGame\assets\3D\Victory.fbx@3253fbackground: #aaff85; color: #000;color: #000;
8-28-2026 17:48:53-debug: %cReImport%c: D:\Works\Github\BattleGame\assets\3D\Victory.fbx@a1a5abackground: #aaff85; color: #000;color: #000;
8-28-2026 17:48:53-debug: asset-db:reimport-asseted6bccd1-5a22-4f6b-a3ab-1ca604e1f035 (279ms)
8-28-2026 17:48:58-debug: %cImport%c: D:\Works\Github\BattleGame\assets\Battle.scenebackground: #aaff85; color: #000;color: #000;
8-28-2026 17:48:58-debug: asset-db:reimport-asset1effe86e-a401-4769-9dbc-62218c68834d (15ms)
8-28-2026 17:48:59-debug: Query all assets info in project
8-28-2026 17:48:59-debug: init custom config: keepNodeUuid: false, useCache: true
8-28-2026 17:48:59-debug: Skip compress image, progress: 0%
8-28-2026 17:48:59-debug: Init all bundles start..., progress: 0%
8-28-2026 17:48:59-debug: Num of bundles: 2..., progress: 0%
8-28-2026 17:48:59-debug: // ---- build task Query asset bundle ----
8-28-2026 17:48:59-debug: Query asset bundle start, progress: 0%
8-28-2026 17:48:59-debug: Init bundle root assets start..., progress: 0%
8-28-2026 17:48:59-debug: Query preload assets/scripts from cc.config.json: 60f7195c-ec2a-45eb-ba94-8955f60e81d0,1c02ae6f-4492-4915-b8f8-7492a3b1e4cd,810e96e4-e456-4468-9b59-f4e8f39732c0,efe8e2a3-eace-427b-b4f1-cb8a937ec77d,e9aa9a3e-5b2b-4ac7-a2c7-073de2b2b24f,8bbdbcdd-5cd4-4100-b6d5-b7c9625b6107,50f4348b-c883-4e2f-8f11-ce233b859fa1,fda095cb-831d-4601-ad94-846013963de8,f92806d7-1768-443f-afe8-12bcde84d0f0,dd3a144d-ab7f-41f0-82b8-2e43a090d496,f0416e68-0200-4b77-a926-4f9d16e494da,511d2633-09a7-4bdd-ac42-f778032124b3,5d45aa00-e064-4938-b314-4265f0c2258c,9361fd90-ba52-4f84-aa93-6e878fd576ca,970b0598-bcb0-4714-91fb-2e81440dccd8,bcd64cc6-2dd9-43f6-abbe-66318d332032,d930590d-bb92-4cc8-8bd1-23cd027f9edf,a3cd009f-0ab0-420d-9278-b9fdab939bbc,6a2d0734-bd9e-4ddf-946e-caa52498cb75,d9937e59-61fe-4ec6-92ab-7ac5a19c89b0,d1346436-ac96-4271-b863-1f4fdead95b0,971bdb23-3ff6-43eb-b422-1c30165a3663,17debcc3-0a6b-4b8a-b00b-dc58b885581e,711ebe11-f673-4cd9-9a83-63c60ba54c5b,c0143906-9aed-447e-9436-2ae8512d1b6e,14da1725-c4c2-42b4-ab08-ee0aeb6898b3,081cab31-dccd-428e-8652-f2404cc81c47,78e0584a-4343-4727-8f37-e14e65c2a2db,871c3b6c-7379-419d-bda3-794b239ab90d,ff9b0199-ce04-4cfe-86cc-6c719f08d6e4,de1c2107-70c8-4021-8459-6399f24d01c6,cbf30902-517f-40dc-af90-a550bac27cf1,5c601d96-e4c7-4698-991b-7ee674b11079
8-28-2026 17:48:59-debug:   Number of all scripts: 42
8-28-2026 17:48:59-debug:   Number of other assets: 486
8-28-2026 17:48:59-debug: Init bundle root assets success..., progress: 0%
8-28-2026 17:48:59-debug:   Number of all scenes: 1
8-28-2026 17:48:59-debug: // ---- build task Query asset bundle ---- (6ms)
8-28-2026 17:48:59-log: run build task Query asset bundle success in 6 ms√, progress: 5%
8-28-2026 17:48:59-debug: [Build Memory track]: Query asset bundle start:227.02MB, end 226.97MB, increase: -48.66KB
8-28-2026 17:48:59-debug: Query asset bundle start, progress: 5%
8-28-2026 17:48:59-debug: // ---- build task Query asset bundle ----
8-28-2026 17:48:59-debug: // ---- build task Query asset bundle ---- (3ms)
8-28-2026 17:48:59-log: run build task Query asset bundle success in 3 ms√, progress: 10%
8-28-2026 17:48:59-debug: [Build Memory track]: Query asset bundle start:227.02MB, end 227.16MB, increase: 147.15KB
8-28-2026 17:48:59-debug: Sort some build options to settings.json start, progress: 10%
8-28-2026 17:48:59-debug: // ---- build task Sort some build options to settings.json ----
8-28-2026 17:48:59-debug: // ---- build task Sort some build options to settings.json ---- (2ms)
8-28-2026 17:48:59-log: run build task Sort some build options to settings.json success in 2 ms√, progress: 12%
8-28-2026 17:48:59-debug: [Build Memory track]: Sort some build options to settings.json start:227.20MB, end 227.23MB, increase: 33.63KB
8-28-2026 17:48:59-debug: // ---- build task Fill script data to settings ----
8-28-2026 17:48:59-debug: Fill script data to settings start, progress: 12%
8-28-2026 17:48:59-log: run build task Fill script data to settings success in 1 ms√, progress: 13%
8-28-2026 17:48:59-debug: [Build Memory track]: Fill script data to settings start:227.27MB, end 227.30MB, increase: 32.92KB
8-28-2026 17:48:59-debug: Sort some build options to settings.json start, progress: 13%
8-28-2026 17:48:59-debug: // ---- build task Fill script data to settings ---- (1ms)
8-28-2026 17:48:59-debug: // ---- build task Sort some build options to settings.json ----
8-28-2026 17:48:59-debug: // ---- build task Sort some build options to settings.json ---- (4ms)
8-28-2026 17:48:59-log: run build task Sort some build options to settings.json success in 4 ms√, progress: 15%
8-28-2026 17:48:59-debug: [Build Memory track]: Sort some build options to settings.json start:227.34MB, end 226.72MB, increase: -630.45KB
8-28-2026 17:50:07-debug: %cImport%c: D:\Works\Github\BattleGame\assets\3D\Victory.fbxbackground: #aaff85; color: #000;color: #000;
8-28-2026 17:50:07-debug: Frame rate: 30 [{asset(ed6bccd1-5a22-4f6b-a3ab-1ca604e1f035)}]
8-28-2026 17:50:07-debug: Local time: [0.016667, 2.216667] [{asset(ed6bccd1-5a22-4f6b-a3ab-1ca604e1f035)}]
8-28-2026 17:50:07-debug: Reference time: [0.016667, 2.216667] [{asset(ed6bccd1-5a22-4f6b-a3ab-1ca604e1f035)}]
8-28-2026 17:50:07-debug: Frame rate: 30 [{asset(ed6bccd1-5a22-4f6b-a3ab-1ca604e1f035)}]
8-28-2026 17:50:07-debug: Take Scene: 2.1666666666666665s [{asset(ed6bccd1-5a22-4f6b-a3ab-1ca604e1f035)}]
8-28-2026 17:50:07-debug: %cReImport%c: D:\Works\Github\BattleGame\assets\3D\Victory.fbx@c6e33background: #aaff85; color: #000;color: #000;
8-28-2026 17:50:07-error: Error: color doesn't allow set 1.    at getGfxAttributeName (C:\ProgramData\cocos\editors\Creator\3.8.8\resources\app.asar\modules\engine-extensions\extensions\engine-extends\dist\handler\assets\utils\pp-geometry.ccc:1:10615)    at interleaveVertices (C:\ProgramData\cocos\editors\Creator\3.8.8\resources\app.asar\modules\engine-extensions\extensions\engine-extends\dist\handler\assets\utils\gltf-converter.ccc:1:52812)    at C:\ProgramData\cocos\editors\Creator\3.8.8\resources\app.asar\modules\engine-extensions\extensions\engine-extends\dist\handler\assets\utils\gltf-converter.ccc:1:6376    at Array.map (<anonymous>)    at GltfConverter.createMesh (C:\ProgramData\cocos\editors\Creator\3.8.8\resources\app.asar\modules\engine-extensions\extensions\engine-extends\dist\handler\assets\utils\gltf-converter.ccc:1:6305)    at import (C:\ProgramData\cocos\editors\Creator\3.8.8\resources\app.asar\modules\engine-extensions\extensions\engine-extends\dist\handler\assets\gltf\mesh.ccc:1:1133)    at CustomImporter.import (C:\ProgramData\cocos\editors\Creator\3.8.8\resources\app.asar\builtin\asset-db\dist\worker\manager\asset-handler-manager.ccc:1:1249)
8-28-2026 17:50:07-warn: Attribute a_joints has different format from origin, quantization may not work.
8-28-2026 17:50:07-debug: %cReImport%c: D:\Works\Github\BattleGame\assets\3D\Victory.fbx@cbc2bbackground: #aaff85; color: #000;color: #000;
8-28-2026 17:50:07-debug: %cReImport%c: D:\Works\Github\BattleGame\assets\3D\Victory.fbx@438febackground: #aaff85; color: #000;color: #000;
8-28-2026 17:50:07-debug: %cReImport%c: D:\Works\Github\BattleGame\assets\3D\Victory.fbx@3253fbackground: #aaff85; color: #000;color: #000;
8-28-2026 17:50:07-debug: %cReImport%c: D:\Works\Github\BattleGame\assets\3D\Victory.fbx@a1a5abackground: #aaff85; color: #000;color: #000;
8-28-2026 17:50:07-debug: asset-db:reimport-asseted6bccd1-5a22-4f6b-a3ab-1ca604e1f035 (86ms)
8-28-2026 17:50:09-debug: %cImport%c: D:\Works\Github\BattleGame\assets\Battle.scenebackground: #aaff85; color: #000;color: #000;
8-28-2026 17:50:09-debug: asset-db:reimport-asset1effe86e-a401-4769-9dbc-62218c68834d (11ms)
8-28-2026 17:50:10-debug: Query all assets info in project
8-28-2026 17:50:10-debug: init custom config: keepNodeUuid: false, useCache: true
8-28-2026 17:50:10-debug: Skip compress image, progress: 0%
8-28-2026 17:50:10-debug: Init all bundles start..., progress: 0%
8-28-2026 17:50:10-debug: Query asset bundle start, progress: 0%
8-28-2026 17:50:10-debug: Num of bundles: 2..., progress: 0%
8-28-2026 17:50:10-debug: // ---- build task Query asset bundle ----
8-28-2026 17:50:10-debug: Init bundle root assets start..., progress: 0%
8-28-2026 17:50:10-debug: Query preload assets/scripts from cc.config.json: 60f7195c-ec2a-45eb-ba94-8955f60e81d0,1c02ae6f-4492-4915-b8f8-7492a3b1e4cd,810e96e4-e456-4468-9b59-f4e8f39732c0,efe8e2a3-eace-427b-b4f1-cb8a937ec77d,e9aa9a3e-5b2b-4ac7-a2c7-073de2b2b24f,8bbdbcdd-5cd4-4100-b6d5-b7c9625b6107,50f4348b-c883-4e2f-8f11-ce233b859fa1,fda095cb-831d-4601-ad94-846013963de8,f92806d7-1768-443f-afe8-12bcde84d0f0,dd3a144d-ab7f-41f0-82b8-2e43a090d496,f0416e68-0200-4b77-a926-4f9d16e494da,511d2633-09a7-4bdd-ac42-f778032124b3,5d45aa00-e064-4938-b314-4265f0c2258c,9361fd90-ba52-4f84-aa93-6e878fd576ca,970b0598-bcb0-4714-91fb-2e81440dccd8,bcd64cc6-2dd9-43f6-abbe-66318d332032,d930590d-bb92-4cc8-8bd1-23cd027f9edf,a3cd009f-0ab0-420d-9278-b9fdab939bbc,6a2d0734-bd9e-4ddf-946e-caa52498cb75,d9937e59-61fe-4ec6-92ab-7ac5a19c89b0,d1346436-ac96-4271-b863-1f4fdead95b0,971bdb23-3ff6-43eb-b422-1c30165a3663,17debcc3-0a6b-4b8a-b00b-dc58b885581e,711ebe11-f673-4cd9-9a83-63c60ba54c5b,c0143906-9aed-447e-9436-2ae8512d1b6e,14da1725-c4c2-42b4-ab08-ee0aeb6898b3,081cab31-dccd-428e-8652-f2404cc81c47,78e0584a-4343-4727-8f37-e14e65c2a2db,871c3b6c-7379-419d-bda3-794b239ab90d,ff9b0199-ce04-4cfe-86cc-6c719f08d6e4,de1c2107-70c8-4021-8459-6399f24d01c6,cbf30902-517f-40dc-af90-a550bac27cf1,5c601d96-e4c7-4698-991b-7ee674b11079
8-28-2026 17:50:10-debug:   Number of all scenes: 1
8-28-2026 17:50:10-debug: // ---- build task Query asset bundle ---- (6ms)
8-28-2026 17:50:10-debug: Init bundle root assets success..., progress: 0%
8-28-2026 17:50:10-log: run build task Query asset bundle success in 6 ms√, progress: 5%
8-28-2026 17:50:10-debug: [Build Memory track]: Query asset bundle start:236.10MB, end 233.28MB, increase: -2882.79KB
8-28-2026 17:50:10-debug:   Number of all scripts: 42
8-28-2026 17:50:10-debug:   Number of other assets: 486
8-28-2026 17:50:10-debug: // ---- build task Query asset bundle ----
8-28-2026 17:50:10-debug: Query asset bundle start, progress: 5%
8-28-2026 17:50:10-debug: // ---- build task Query asset bundle ---- (4ms)
8-28-2026 17:50:10-debug: // ---- build task Sort some build options to settings.json ----
8-28-2026 17:50:10-log: run build task Query asset bundle success in 4 ms√, progress: 10%
8-28-2026 17:50:10-debug: [Build Memory track]: Query asset bundle start:233.32MB, end 233.47MB, increase: 150.05KB
8-28-2026 17:50:10-debug: Sort some build options to settings.json start, progress: 10%
8-28-2026 17:50:10-debug: // ---- build task Sort some build options to settings.json ---- (1ms)
8-28-2026 17:50:10-debug: // ---- build task Fill script data to settings ----
8-28-2026 17:50:10-debug: [Build Memory track]: Sort some build options to settings.json start:233.51MB, end 233.54MB, increase: 35.52KB
8-28-2026 17:50:10-debug: Fill script data to settings start, progress: 12%
8-28-2026 17:50:10-log: run build task Sort some build options to settings.json success in 1 ms√, progress: 12%
8-28-2026 17:50:10-debug: // ---- build task Fill script data to settings ---- (1ms)
8-28-2026 17:50:10-log: run build task Fill script data to settings success in 1 ms√, progress: 13%
8-28-2026 17:50:10-debug: [Build Memory track]: Fill script data to settings start:233.58MB, end 233.61MB, increase: 32.93KB
8-28-2026 17:50:10-debug: Sort some build options to settings.json start, progress: 13%
8-28-2026 17:50:10-debug: // ---- build task Sort some build options to settings.json ----
8-28-2026 17:50:10-debug: // ---- build task Sort some build options to settings.json ---- (5ms)
8-28-2026 17:50:10-log: run build task Sort some build options to settings.json success in 5 ms√, progress: 15%
8-28-2026 17:50:10-debug: [Build Memory track]: Sort some build options to settings.json start:233.65MB, end 233.79MB, increase: 141.75KB
8-28-2026 18:28:37-debug: refresh db internal success
8-28-2026 18:28:37-debug: refresh db assets success
8-28-2026 18:28:37-debug: Run asset db hook engine-extends:afterRefresh ...
8-28-2026 18:28:37-debug: Run asset db hook engine-extends:afterRefresh success!
8-28-2026 18:28:37-debug: asset-db:refresh-all-database (76ms)
8-28-2026 18:28:40-debug: %cImport%c: D:\Works\Github\BattleGame\assets\Battle.scenebackground: #aaff85; color: #000;color: #000;
8-28-2026 18:28:40-debug: asset-db:reimport-asset1effe86e-a401-4769-9dbc-62218c68834d (15ms)
