8-3-2026 01:47:42-log: Cannot access game frame or container.
8-3-2026 01:47:44-debug: asset-db:require-engine-code (2490ms)
8-3-2026 01:47:44-log: meshopt wasm decoder initialized
8-3-2026 01:47:44-log: [bullet]:bullet wasm lib loaded.
8-3-2026 01:47:44-log: [box2d]:box2d wasm lib loaded.
8-3-2026 01:47:44-log: Cocos Creator v3.8.8
8-3-2026 01:47:44-log: Using legacy pipeline
8-3-2026 01:47:44-log: Forward render pipeline initialized.
8-3-2026 01:47:44-debug: [Assets Memory track]: asset-db:worker-init: initEngine start:29.12MB, end 79.19MB, increase: 50.07MB
8-3-2026 01:47:48-debug: [Assets Memory track]: asset-db:worker-init: initPlugin start:79.23MB, end 274.22MB, increase: 194.99MB
8-3-2026 01:47:48-debug: asset-db:worker-init: initPlugin (4106ms)
8-3-2026 01:47:48-debug: Run asset db hook programming:beforePreStart ...
8-3-2026 01:47:48-debug: [Assets Memory track]: asset-db:worker-init start:29.11MB, end 274.35MB, increase: 245.25MB
8-3-2026 01:47:48-debug: Run asset db hook engine-extends:beforePreStart success!
8-3-2026 01:47:48-debug: Run asset db hook engine-extends:beforePreStart ...
8-3-2026 01:47:48-debug: Run asset db hook programming:beforePreStart success!
8-3-2026 01:47:55-debug: asset-db:worker-init (13710ms)
8-3-2026 01:47:55-debug: asset-db-hook-programming-beforePreStart (6708ms)
8-3-2026 01:47:55-debug: asset-db-hook-engine-extends-beforePreStart (6706ms)
8-3-2026 01:47:58-debug: Preimport db internal success
8-3-2026 01:47:58-debug: %cImport%c: F:\Github\BattleGame\assets\scripts\LevelSettings.tsbackground: #aaff85; color: #000;color: #000;
8-3-2026 01:47:58-debug: Preimport db assets success
8-3-2026 01:47:58-debug: Run asset db hook programming:afterPreStart ...
8-3-2026 01:47:58-debug: starting packer-driver...
8-3-2026 01:48:30-debug: initialize scripting environment...
8-3-2026 01:48:30-debug: [[Executor]] prepare before lock
8-3-2026 01:48:30-debug: Set detail map pack:///resolution-detail-map.json: {}
8-3-2026 01:48:30-debug: [[Executor]] prepare after unlock
8-3-2026 01:48:30-debug: Run asset db hook programming:afterPreStart success!
8-3-2026 01:48:30-debug: [Assets Memory track]: asset-db:worker-init: preStart start:274.37MB, end 275.70MB, increase: 1.33MB
8-3-2026 01:48:30-debug: Start up the 'internal' database...
8-3-2026 01:48:30-debug: Run asset db hook engine-extends:afterPreStart ...
8-3-2026 01:48:30-debug: Run asset db hook engine-extends:afterPreStart success!
8-3-2026 01:48:34-debug: asset-db:worker-effect-data-processing (3376ms)
8-3-2026 01:48:34-debug: asset-db-hook-programming-afterPreStart (35755ms)
8-3-2026 01:48:34-debug: asset-db-hook-engine-extends-afterPreStart (3376ms)
8-3-2026 01:48:34-debug: Run asset db hook engine-extends:afterStartDB ...
8-3-2026 01:48:34-debug: recompile effect.bin success
8-3-2026 01:48:34-debug: Run asset db hook engine-extends:afterStartDB success!
8-3-2026 01:48:34-debug: Start up the 'assets' database...
8-3-2026 01:48:34-debug: asset-db:worker-effect-data-processing (713ms)
8-3-2026 01:48:34-debug: asset-db-hook-engine-extends-afterStartDB (714ms)
8-3-2026 01:48:34-debug: Run asset db hook engine-extends:afterStartDB ...
8-3-2026 01:48:35-debug: recompile effect.bin success
8-3-2026 01:48:35-debug: Run asset db hook engine-extends:afterStartDB success!
8-3-2026 01:48:35-debug: lazy register asset handler directory
8-3-2026 01:48:35-debug: lazy register asset handler json
8-3-2026 01:48:35-debug: lazy register asset handler *
8-3-2026 01:48:35-debug: lazy register asset handler dragonbones
8-3-2026 01:48:35-debug: lazy register asset handler dragonbones-atlas
8-3-2026 01:48:35-debug: lazy register asset handler text
8-3-2026 01:48:35-debug: lazy register asset handler terrain
8-3-2026 01:48:35-debug: lazy register asset handler javascript
8-3-2026 01:48:35-debug: lazy register asset handler typescript
8-3-2026 01:48:35-debug: lazy register asset handler prefab
8-3-2026 01:48:35-debug: lazy register asset handler scene
8-3-2026 01:48:35-debug: lazy register asset handler sprite-frame
8-3-2026 01:48:35-debug: lazy register asset handler tiled-map
8-3-2026 01:48:35-debug: lazy register asset handler spine-data
8-3-2026 01:48:35-debug: lazy register asset handler image
8-3-2026 01:48:35-debug: lazy register asset handler buffer
8-3-2026 01:48:35-debug: lazy register asset handler sign-image
8-3-2026 01:48:35-debug: lazy register asset handler texture-cube
8-3-2026 01:48:35-debug: lazy register asset handler erp-texture-cube
8-3-2026 01:48:35-debug: lazy register asset handler render-texture
8-3-2026 01:48:35-debug: lazy register asset handler texture-cube-face
8-3-2026 01:48:35-debug: lazy register asset handler texture
8-3-2026 01:48:35-debug: lazy register asset handler alpha-image
8-3-2026 01:48:35-debug: lazy register asset handler gltf
8-3-2026 01:48:35-debug: lazy register asset handler gltf-mesh
8-3-2026 01:48:35-debug: lazy register asset handler gltf-animation
8-3-2026 01:48:35-debug: lazy register asset handler rt-sprite-frame
8-3-2026 01:48:35-debug: lazy register asset handler gltf-skeleton
8-3-2026 01:48:35-debug: lazy register asset handler gltf-material
8-3-2026 01:48:35-debug: lazy register asset handler gltf-embeded-image
8-3-2026 01:48:35-debug: lazy register asset handler gltf-scene
8-3-2026 01:48:35-debug: lazy register asset handler material
8-3-2026 01:48:35-debug: lazy register asset handler physics-material
8-3-2026 01:48:35-debug: lazy register asset handler fbx
8-3-2026 01:48:35-debug: lazy register asset handler effect-header
8-3-2026 01:48:35-debug: lazy register asset handler animation-clip
8-3-2026 01:48:35-debug: lazy register asset handler effect
8-3-2026 01:48:35-debug: lazy register asset handler audio-clip
8-3-2026 01:48:35-debug: lazy register asset handler animation-graph-variant
8-3-2026 01:48:35-debug: lazy register asset handler animation-mask
8-3-2026 01:48:35-debug: lazy register asset handler animation-graph
8-3-2026 01:48:35-debug: lazy register asset handler bitmap-font
8-3-2026 01:48:35-debug: lazy register asset handler sprite-atlas
8-3-2026 01:48:35-debug: lazy register asset handler ttf-font
8-3-2026 01:48:35-debug: lazy register asset handler label-atlas
8-3-2026 01:48:35-debug: lazy register asset handler render-pipeline
8-3-2026 01:48:35-debug: lazy register asset handler auto-atlas
8-3-2026 01:48:35-debug: lazy register asset handler render-stage
8-3-2026 01:48:35-debug: lazy register asset handler render-flow
8-3-2026 01:48:35-debug: lazy register asset handler instantiation-material
8-3-2026 01:48:35-debug: lazy register asset handler instantiation-skeleton
8-3-2026 01:48:35-debug: lazy register asset handler instantiation-mesh
8-3-2026 01:48:35-debug: lazy register asset handler video-clip
8-3-2026 01:48:35-debug: lazy register asset handler instantiation-animation
8-3-2026 01:48:35-debug: lazy register asset handler particle
8-3-2026 01:48:35-debug: asset-db:worker-effect-data-processing (704ms)
8-3-2026 01:48:35-debug: asset-db-hook-engine-extends-afterStartDB (705ms)
8-3-2026 01:48:35-debug: asset-db:start-database (47133ms)
8-3-2026 01:48:35-debug: asset-db:ready (62818ms)
8-3-2026 01:48:35-debug: init worker message success
8-3-2026 01:48:35-debug: programming:execute-script (3ms)
8-3-2026 01:48:36-debug: [Build Memory track]: builder:worker-init start:220.16MB, end 228.40MB, increase: 8.24MB
8-3-2026 01:48:36-debug: Query all assets info in project
8-3-2026 01:48:36-debug: builder:worker-init (969ms)
8-3-2026 01:48:36-debug: init custom config: keepNodeUuid: false, useCache: true
8-3-2026 01:48:36-debug: Skip compress image, progress: 0%
8-3-2026 01:48:36-debug: Init all bundles start..., progress: 0%
8-3-2026 01:48:36-debug: // ---- build task Query asset bundle ----
8-3-2026 01:48:36-debug: Num of bundles: 2..., progress: 0%
8-3-2026 01:48:36-debug: Query asset bundle start, progress: 0%
8-3-2026 01:48:36-debug: Init bundle root assets start..., progress: 0%
8-3-2026 01:48:36-debug: Query preload assets/scripts from cc.config.json: 60f7195c-ec2a-45eb-ba94-8955f60e81d0,1c02ae6f-4492-4915-b8f8-7492a3b1e4cd,810e96e4-e456-4468-9b59-f4e8f39732c0,efe8e2a3-eace-427b-b4f1-cb8a937ec77d,e9aa9a3e-5b2b-4ac7-a2c7-073de2b2b24f,8bbdbcdd-5cd4-4100-b6d5-b7c9625b6107,50f4348b-c883-4e2f-8f11-ce233b859fa1,fda095cb-831d-4601-ad94-846013963de8,f92806d7-1768-443f-afe8-12bcde84d0f0,dd3a144d-ab7f-41f0-82b8-2e43a090d496,f0416e68-0200-4b77-a926-4f9d16e494da,511d2633-09a7-4bdd-ac42-f778032124b3,5d45aa00-e064-4938-b314-4265f0c2258c,9361fd90-ba52-4f84-aa93-6e878fd576ca,970b0598-bcb0-4714-91fb-2e81440dccd8,bcd64cc6-2dd9-43f6-abbe-66318d332032,d930590d-bb92-4cc8-8bd1-23cd027f9edf,a3cd009f-0ab0-420d-9278-b9fdab939bbc,6a2d0734-bd9e-4ddf-946e-caa52498cb75,d9937e59-61fe-4ec6-92ab-7ac5a19c89b0,d1346436-ac96-4271-b863-1f4fdead95b0,971bdb23-3ff6-43eb-b422-1c30165a3663,17debcc3-0a6b-4b8a-b00b-dc58b885581e,711ebe11-f673-4cd9-9a83-63c60ba54c5b,c0143906-9aed-447e-9436-2ae8512d1b6e,14da1725-c4c2-42b4-ab08-ee0aeb6898b3,081cab31-dccd-428e-8652-f2404cc81c47,78e0584a-4343-4727-8f37-e14e65c2a2db,871c3b6c-7379-419d-bda3-794b239ab90d,ff9b0199-ce04-4cfe-86cc-6c719f08d6e4,de1c2107-70c8-4021-8459-6399f24d01c6,cbf30902-517f-40dc-af90-a550bac27cf1,5c601d96-e4c7-4698-991b-7ee674b11079
8-3-2026 01:48:36-debug:   Number of all scripts: 39
8-3-2026 01:48:36-debug:   Number of other assets: 486
8-3-2026 01:48:36-debug: Init bundle root assets success..., progress: 0%
8-3-2026 01:48:36-debug:   Number of all scenes: 3
8-3-2026 01:48:36-log: run build task Query asset bundle success in 19 ms√, progress: 5%
8-3-2026 01:48:36-debug: [Build Memory track]: Query asset bundle start:227.89MB, end 228.77MB, increase: 894.73KB
8-3-2026 01:48:36-debug: // ---- build task Query asset bundle ---- (19ms)
8-3-2026 01:48:36-debug: Query asset bundle start, progress: 5%
8-3-2026 01:48:36-debug: // ---- build task Query asset bundle ----
8-3-2026 01:48:36-debug: // ---- build task Query asset bundle ---- (7ms)
8-3-2026 01:48:36-debug: Sort some build options to settings.json start, progress: 10%
8-3-2026 01:48:36-debug: [Build Memory track]: Query asset bundle start:228.81MB, end 228.98MB, increase: 174.73KB
8-3-2026 01:48:36-log: run build task Query asset bundle success in 7 ms√, progress: 10%
8-3-2026 01:48:36-debug: // ---- build task Sort some build options to settings.json ----
8-3-2026 01:48:36-debug: // ---- build task Sort some build options to settings.json ---- (3ms)
8-3-2026 01:48:36-log: run build task Sort some build options to settings.json success in 3 ms√, progress: 12%
8-3-2026 01:48:36-debug: [Build Memory track]: Sort some build options to settings.json start:229.02MB, end 229.06MB, increase: 34.11KB
8-3-2026 01:48:36-debug: Fill script data to settings start, progress: 12%
8-3-2026 01:48:36-debug: // ---- build task Fill script data to settings ----
8-3-2026 01:48:36-debug: // ---- build task Fill script data to settings ---- (6ms)
8-3-2026 01:48:36-log: run build task Fill script data to settings success in 6 ms√, progress: 13%
8-3-2026 01:48:36-debug: [Build Memory track]: Fill script data to settings start:229.09MB, end 229.13MB, increase: 34.09KB
8-3-2026 01:48:36-debug: Sort some build options to settings.json start, progress: 13%
8-3-2026 01:48:36-debug: // ---- build task Sort some build options to settings.json ----
8-3-2026 01:48:36-debug: // ---- build task Sort some build options to settings.json ---- (13ms)
8-3-2026 01:48:36-log: run build task Sort some build options to settings.json success in 13 ms√, progress: 15%
8-3-2026 01:48:36-debug: [Build Memory track]: Sort some build options to settings.json start:229.17MB, end 229.31MB, increase: 147.55KB
8-3-2026 01:48:39-debug: Query all assets info in project
8-3-2026 01:48:39-debug: init custom config: keepNodeUuid: false, useCache: true
8-3-2026 01:48:39-debug: Skip compress image, progress: 0%
8-3-2026 01:48:39-debug: Init all bundles start..., progress: 0%
8-3-2026 01:48:39-debug: Num of bundles: 2..., progress: 0%
8-3-2026 01:48:39-debug: Query asset bundle start, progress: 0%
8-3-2026 01:48:39-debug: // ---- build task Query asset bundle ----
8-3-2026 01:48:39-debug: Init bundle root assets start..., progress: 0%
8-3-2026 01:48:39-debug: Query preload assets/scripts from cc.config.json: 60f7195c-ec2a-45eb-ba94-8955f60e81d0,1c02ae6f-4492-4915-b8f8-7492a3b1e4cd,810e96e4-e456-4468-9b59-f4e8f39732c0,efe8e2a3-eace-427b-b4f1-cb8a937ec77d,e9aa9a3e-5b2b-4ac7-a2c7-073de2b2b24f,8bbdbcdd-5cd4-4100-b6d5-b7c9625b6107,50f4348b-c883-4e2f-8f11-ce233b859fa1,fda095cb-831d-4601-ad94-846013963de8,f92806d7-1768-443f-afe8-12bcde84d0f0,dd3a144d-ab7f-41f0-82b8-2e43a090d496,f0416e68-0200-4b77-a926-4f9d16e494da,511d2633-09a7-4bdd-ac42-f778032124b3,5d45aa00-e064-4938-b314-4265f0c2258c,9361fd90-ba52-4f84-aa93-6e878fd576ca,970b0598-bcb0-4714-91fb-2e81440dccd8,bcd64cc6-2dd9-43f6-abbe-66318d332032,d930590d-bb92-4cc8-8bd1-23cd027f9edf,a3cd009f-0ab0-420d-9278-b9fdab939bbc,6a2d0734-bd9e-4ddf-946e-caa52498cb75,d9937e59-61fe-4ec6-92ab-7ac5a19c89b0,d1346436-ac96-4271-b863-1f4fdead95b0,971bdb23-3ff6-43eb-b422-1c30165a3663,17debcc3-0a6b-4b8a-b00b-dc58b885581e,711ebe11-f673-4cd9-9a83-63c60ba54c5b,c0143906-9aed-447e-9436-2ae8512d1b6e,14da1725-c4c2-42b4-ab08-ee0aeb6898b3,081cab31-dccd-428e-8652-f2404cc81c47,78e0584a-4343-4727-8f37-e14e65c2a2db,871c3b6c-7379-419d-bda3-794b239ab90d,ff9b0199-ce04-4cfe-86cc-6c719f08d6e4,de1c2107-70c8-4021-8459-6399f24d01c6,cbf30902-517f-40dc-af90-a550bac27cf1,5c601d96-e4c7-4698-991b-7ee674b11079
8-3-2026 01:48:39-debug:   Number of all scripts: 39
8-3-2026 01:48:39-debug:   Number of other assets: 486
8-3-2026 01:48:39-debug: Init bundle root assets success..., progress: 0%
8-3-2026 01:48:39-debug:   Number of all scenes: 3
8-3-2026 01:48:39-debug: // ---- build task Query asset bundle ---- (23ms)
8-3-2026 01:48:39-log: run build task Query asset bundle success in 23 ms√, progress: 5%
8-3-2026 01:48:39-debug: [Build Memory track]: Query asset bundle start:231.05MB, end 231.80MB, increase: 772.59KB
8-3-2026 01:48:39-debug: Query asset bundle start, progress: 5%
8-3-2026 01:48:39-debug: // ---- build task Query asset bundle ----
8-3-2026 01:48:39-debug: // ---- build task Query asset bundle ---- (6ms)
8-3-2026 01:48:39-log: run build task Query asset bundle success in 6 ms√, progress: 10%
8-3-2026 01:48:39-debug: Sort some build options to settings.json start, progress: 10%
8-3-2026 01:48:39-debug: [Build Memory track]: Query asset bundle start:231.84MB, end 231.99MB, increase: 148.99KB
8-3-2026 01:48:39-debug: // ---- build task Sort some build options to settings.json ----
8-3-2026 01:48:39-debug: // ---- build task Sort some build options to settings.json ---- (6ms)
8-3-2026 01:48:39-debug: [Build Memory track]: Sort some build options to settings.json start:232.04MB, end 232.08MB, increase: 34.61KB
8-3-2026 01:48:39-debug: Fill script data to settings start, progress: 12%
8-3-2026 01:48:39-log: run build task Sort some build options to settings.json success in 6 ms√, progress: 12%
8-3-2026 01:48:39-debug: // ---- build task Fill script data to settings ----
8-3-2026 01:48:39-debug: // ---- build task Fill script data to settings ---- (6ms)
8-3-2026 01:48:39-log: run build task Fill script data to settings success in 6 ms√, progress: 13%
8-3-2026 01:48:39-debug: [Build Memory track]: Fill script data to settings start:232.12MB, end 232.16MB, increase: 40.36KB
8-3-2026 01:48:39-debug: Sort some build options to settings.json start, progress: 13%
8-3-2026 01:48:39-debug: // ---- build task Sort some build options to settings.json ----
8-3-2026 01:48:39-debug: // ---- build task Sort some build options to settings.json ---- (14ms)
8-3-2026 01:48:39-log: run build task Sort some build options to settings.json success in 14 ms√, progress: 15%
8-3-2026 01:48:39-debug: [Build Memory track]: Sort some build options to settings.json start:232.20MB, end 232.33MB, increase: 136.59KB
8-3-2026 01:49:17-debug: Query all assets info in project
8-3-2026 01:49:17-debug: init custom config: keepNodeUuid: false, useCache: true
8-3-2026 01:49:17-debug: Skip compress image, progress: 0%
8-3-2026 01:49:17-debug: Init all bundles start..., progress: 0%
8-3-2026 01:49:17-debug: // ---- build task Query asset bundle ----
8-3-2026 01:49:17-debug: Num of bundles: 2..., progress: 0%
8-3-2026 01:49:17-debug: Query asset bundle start, progress: 0%
8-3-2026 01:49:17-debug: Init bundle root assets start..., progress: 0%
8-3-2026 01:49:17-debug: Query preload assets/scripts from cc.config.json: 60f7195c-ec2a-45eb-ba94-8955f60e81d0,1c02ae6f-4492-4915-b8f8-7492a3b1e4cd,810e96e4-e456-4468-9b59-f4e8f39732c0,efe8e2a3-eace-427b-b4f1-cb8a937ec77d,e9aa9a3e-5b2b-4ac7-a2c7-073de2b2b24f,8bbdbcdd-5cd4-4100-b6d5-b7c9625b6107,50f4348b-c883-4e2f-8f11-ce233b859fa1,fda095cb-831d-4601-ad94-846013963de8,f92806d7-1768-443f-afe8-12bcde84d0f0,dd3a144d-ab7f-41f0-82b8-2e43a090d496,f0416e68-0200-4b77-a926-4f9d16e494da,511d2633-09a7-4bdd-ac42-f778032124b3,5d45aa00-e064-4938-b314-4265f0c2258c,9361fd90-ba52-4f84-aa93-6e878fd576ca,970b0598-bcb0-4714-91fb-2e81440dccd8,bcd64cc6-2dd9-43f6-abbe-66318d332032,d930590d-bb92-4cc8-8bd1-23cd027f9edf,a3cd009f-0ab0-420d-9278-b9fdab939bbc,6a2d0734-bd9e-4ddf-946e-caa52498cb75,d9937e59-61fe-4ec6-92ab-7ac5a19c89b0,d1346436-ac96-4271-b863-1f4fdead95b0,971bdb23-3ff6-43eb-b422-1c30165a3663,17debcc3-0a6b-4b8a-b00b-dc58b885581e,711ebe11-f673-4cd9-9a83-63c60ba54c5b,c0143906-9aed-447e-9436-2ae8512d1b6e,14da1725-c4c2-42b4-ab08-ee0aeb6898b3,081cab31-dccd-428e-8652-f2404cc81c47,78e0584a-4343-4727-8f37-e14e65c2a2db,871c3b6c-7379-419d-bda3-794b239ab90d,ff9b0199-ce04-4cfe-86cc-6c719f08d6e4,de1c2107-70c8-4021-8459-6399f24d01c6,cbf30902-517f-40dc-af90-a550bac27cf1,5c601d96-e4c7-4698-991b-7ee674b11079
8-3-2026 01:49:17-debug:   Number of all scripts: 39
8-3-2026 01:49:17-debug: Init bundle root assets success..., progress: 0%
8-3-2026 01:49:17-debug:   Number of other assets: 486
8-3-2026 01:49:17-debug:   Number of all scenes: 3
8-3-2026 01:49:17-debug: // ---- build task Query asset bundle ---- (15ms)
8-3-2026 01:49:17-log: run build task Query asset bundle success in 15 ms√, progress: 5%
8-3-2026 01:49:17-debug: [Build Memory track]: Query asset bundle start:221.59MB, end 221.46MB, increase: -127.38KB
8-3-2026 01:49:17-debug: // ---- build task Query asset bundle ----
8-3-2026 01:49:17-debug: Query asset bundle start, progress: 5%
8-3-2026 01:49:17-debug: // ---- build task Query asset bundle ---- (6ms)
8-3-2026 01:49:17-log: run build task Query asset bundle success in 6 ms√, progress: 10%
8-3-2026 01:49:17-debug: Sort some build options to settings.json start, progress: 10%
8-3-2026 01:49:17-debug: [Build Memory track]: Query asset bundle start:221.51MB, end 221.66MB, increase: 149.58KB
8-3-2026 01:49:17-debug: // ---- build task Sort some build options to settings.json ----
8-3-2026 01:49:17-debug: // ---- build task Sort some build options to settings.json ---- (3ms)
8-3-2026 01:49:17-log: run build task Sort some build options to settings.json success in 3 ms√, progress: 12%
8-3-2026 01:49:17-debug: [Build Memory track]: Sort some build options to settings.json start:221.69MB, end 221.73MB, increase: 33.29KB
8-3-2026 01:49:17-debug: Fill script data to settings start, progress: 12%
8-3-2026 01:49:17-debug: // ---- build task Fill script data to settings ----
8-3-2026 01:49:17-debug: // ---- build task Fill script data to settings ---- (4ms)
8-3-2026 01:49:17-log: run build task Fill script data to settings success in 4 ms√, progress: 13%
8-3-2026 01:49:17-debug: [Build Memory track]: Fill script data to settings start:221.76MB, end 221.80MB, increase: 33.14KB
8-3-2026 01:49:17-debug: Sort some build options to settings.json start, progress: 13%
8-3-2026 01:49:17-debug: // ---- build task Sort some build options to settings.json ----
8-3-2026 01:49:17-debug: // ---- build task Sort some build options to settings.json ---- (13ms)
8-3-2026 01:49:17-debug: [Build Memory track]: Sort some build options to settings.json start:221.84MB, end 221.98MB, increase: 149.59KB
8-3-2026 01:49:17-log: run build task Sort some build options to settings.json success in 13 ms√, progress: 15%
8-3-2026 01:49:35-debug: Query all assets info in project
8-3-2026 01:49:35-debug: init custom config: keepNodeUuid: false, useCache: true
8-3-2026 01:49:35-debug: Skip compress image, progress: 0%
8-3-2026 01:49:35-debug: Init all bundles start..., progress: 0%
8-3-2026 01:49:35-debug: Query asset bundle start, progress: 0%
8-3-2026 01:49:35-debug: // ---- build task Query asset bundle ----
8-3-2026 01:49:35-debug: Num of bundles: 2..., progress: 0%
8-3-2026 01:49:35-debug: Init bundle root assets start..., progress: 0%
8-3-2026 01:49:35-debug: Query preload assets/scripts from cc.config.json: 60f7195c-ec2a-45eb-ba94-8955f60e81d0,1c02ae6f-4492-4915-b8f8-7492a3b1e4cd,810e96e4-e456-4468-9b59-f4e8f39732c0,efe8e2a3-eace-427b-b4f1-cb8a937ec77d,e9aa9a3e-5b2b-4ac7-a2c7-073de2b2b24f,8bbdbcdd-5cd4-4100-b6d5-b7c9625b6107,50f4348b-c883-4e2f-8f11-ce233b859fa1,fda095cb-831d-4601-ad94-846013963de8,f92806d7-1768-443f-afe8-12bcde84d0f0,dd3a144d-ab7f-41f0-82b8-2e43a090d496,f0416e68-0200-4b77-a926-4f9d16e494da,511d2633-09a7-4bdd-ac42-f778032124b3,5d45aa00-e064-4938-b314-4265f0c2258c,9361fd90-ba52-4f84-aa93-6e878fd576ca,970b0598-bcb0-4714-91fb-2e81440dccd8,bcd64cc6-2dd9-43f6-abbe-66318d332032,d930590d-bb92-4cc8-8bd1-23cd027f9edf,a3cd009f-0ab0-420d-9278-b9fdab939bbc,6a2d0734-bd9e-4ddf-946e-caa52498cb75,d9937e59-61fe-4ec6-92ab-7ac5a19c89b0,d1346436-ac96-4271-b863-1f4fdead95b0,971bdb23-3ff6-43eb-b422-1c30165a3663,17debcc3-0a6b-4b8a-b00b-dc58b885581e,711ebe11-f673-4cd9-9a83-63c60ba54c5b,c0143906-9aed-447e-9436-2ae8512d1b6e,14da1725-c4c2-42b4-ab08-ee0aeb6898b3,081cab31-dccd-428e-8652-f2404cc81c47,78e0584a-4343-4727-8f37-e14e65c2a2db,871c3b6c-7379-419d-bda3-794b239ab90d,ff9b0199-ce04-4cfe-86cc-6c719f08d6e4,de1c2107-70c8-4021-8459-6399f24d01c6,cbf30902-517f-40dc-af90-a550bac27cf1,5c601d96-e4c7-4698-991b-7ee674b11079
8-3-2026 01:49:35-debug:   Number of other assets: 486
8-3-2026 01:49:35-debug:   Number of all scripts: 39
8-3-2026 01:49:35-debug: Init bundle root assets success..., progress: 0%
8-3-2026 01:49:35-debug:   Number of all scenes: 3
8-3-2026 01:49:35-debug: // ---- build task Query asset bundle ---- (20ms)
8-3-2026 01:49:35-log: run build task Query asset bundle success in 20 ms√, progress: 5%
8-3-2026 01:49:35-debug: [Build Memory track]: Query asset bundle start:221.83MB, end 221.68MB, increase: -148.69KB
8-3-2026 01:49:35-debug: // ---- build task Query asset bundle ----
8-3-2026 01:49:35-debug: Query asset bundle start, progress: 5%
8-3-2026 01:49:35-debug: // ---- build task Query asset bundle ---- (7ms)
8-3-2026 01:49:35-debug: [Build Memory track]: Query asset bundle start:221.74MB, end 221.88MB, increase: 146.54KB
8-3-2026 01:49:35-debug: Sort some build options to settings.json start, progress: 10%
8-3-2026 01:49:35-debug: // ---- build task Sort some build options to settings.json ----
8-3-2026 01:49:35-log: run build task Query asset bundle success in 7 ms√, progress: 10%
8-3-2026 01:49:35-debug: // ---- build task Sort some build options to settings.json ---- (4ms)
8-3-2026 01:49:35-log: run build task Sort some build options to settings.json success in 4 ms√, progress: 12%
8-3-2026 01:49:35-debug: [Build Memory track]: Sort some build options to settings.json start:221.92MB, end 221.96MB, increase: 33.48KB
8-3-2026 01:49:35-debug: Fill script data to settings start, progress: 12%
8-3-2026 01:49:35-debug: // ---- build task Fill script data to settings ----
8-3-2026 01:49:35-debug: // ---- build task Fill script data to settings ---- (4ms)
8-3-2026 01:49:35-log: run build task Fill script data to settings success in 4 ms√, progress: 13%
8-3-2026 01:49:35-debug: [Build Memory track]: Fill script data to settings start:221.99MB, end 222.03MB, increase: 40.41KB
8-3-2026 01:49:35-debug: Sort some build options to settings.json start, progress: 13%
8-3-2026 01:49:35-debug: // ---- build task Sort some build options to settings.json ----
8-3-2026 01:49:35-debug: // ---- build task Sort some build options to settings.json ---- (11ms)
8-3-2026 01:49:35-log: run build task Sort some build options to settings.json success in 11 ms√, progress: 15%
8-3-2026 01:49:35-debug: [Build Memory track]: Sort some build options to settings.json start:222.08MB, end 221.51MB, increase: -581.35KB
8-3-2026 01:50:54-debug: refresh db internal success
8-3-2026 01:50:54-debug: refresh db assets success
8-3-2026 01:50:54-debug: Run asset db hook engine-extends:afterRefresh ...
8-3-2026 01:50:54-debug: Run asset db hook engine-extends:afterRefresh success!
8-3-2026 01:50:54-debug: asset-db:refresh-all-database (103ms)
8-3-2026 01:50:54-debug: asset-db:worker-effect-data-processing (1ms)
8-3-2026 01:50:54-debug: asset-db-hook-engine-extends-afterRefresh (1ms)
