8-30-2026 18:23:14-log: Cannot access game frame or container.
8-30-2026 18:23:14-debug: asset-db:require-engine-code (1169ms)
8-30-2026 18:23:14-log: meshopt wasm decoder initialized
8-30-2026 18:23:15-log: [bullet]:bullet wasm lib loaded.
8-30-2026 18:23:15-log: [box2d]:box2d wasm lib loaded.
8-30-2026 18:23:15-log: Cocos Creator v3.8.8
8-30-2026 18:23:15-log: Using legacy pipeline
8-30-2026 18:23:15-log: Forward render pipeline initialized.
8-30-2026 18:23:15-debug: [Assets Memory track]: asset-db:worker-init: initEngine start:28.45MB, end 79.51MB, increase: 51.05MB
8-30-2026 18:23:17-debug: [Assets Memory track]: asset-db:worker-init: initPlugin start:79.55MB, end 221.40MB, increase: 141.85MB
8-30-2026 18:23:17-debug: asset-db:worker-init: initPlugin (1956ms)
8-30-2026 18:23:17-debug: [Assets Memory track]: asset-db:worker-init start:28.45MB, end 221.50MB, increase: 193.06MB
8-30-2026 18:23:17-debug: Run asset db hook programming:beforePreStart ...
8-30-2026 18:23:17-debug: Run asset db hook programming:beforePreStart success!
8-30-2026 18:23:17-debug: Run asset db hook engine-extends:beforePreStart success!
8-30-2026 18:23:17-debug: Run asset db hook engine-extends:beforePreStart ...
8-30-2026 18:23:19-debug: asset-db:worker-init (5914ms)
8-30-2026 18:23:19-debug: asset-db-hook-programming-beforePreStart (2513ms)
8-30-2026 18:23:19-debug: asset-db-hook-engine-extends-beforePreStart (2512ms)
8-30-2026 18:23:20-debug: Preimport db internal success
8-30-2026 18:23:21-debug: Preimport db assets success
8-30-2026 18:23:21-debug: Run asset db hook programming:afterPreStart ...
8-30-2026 18:23:21-debug: starting packer-driver...
8-30-2026 18:23:23-debug: initialize scripting environment...
8-30-2026 18:23:23-debug: [[Executor]] prepare before lock
8-30-2026 18:23:23-debug: Set detail map pack:///resolution-detail-map.json: {}
8-30-2026 18:23:23-debug: [[Executor]] prepare after unlock
8-30-2026 18:23:23-debug: Run asset db hook programming:afterPreStart success!
8-30-2026 18:23:23-debug: Run asset db hook engine-extends:afterPreStart ...
8-30-2026 18:23:23-debug: Run asset db hook engine-extends:afterPreStart success!
8-30-2026 18:23:23-debug: Start up the 'internal' database...
8-30-2026 18:23:24-debug: asset-db-hook-programming-afterPreStart (3120ms)
8-30-2026 18:23:24-debug: asset-db-hook-engine-extends-afterPreStart (1369ms)
8-30-2026 18:23:24-debug: asset-db:worker-effect-data-processing (1368ms)
8-30-2026 18:23:24-debug: Run asset db hook engine-extends:afterStartDB ...
8-30-2026 18:23:26-debug: recompile effect.bin success
8-30-2026 18:23:26-debug: Start up the 'assets' database...
8-30-2026 18:23:26-debug: Run asset db hook engine-extends:afterStartDB success!
8-30-2026 18:23:26-debug: asset-db:worker-effect-data-processing (2390ms)
8-30-2026 18:23:26-debug: asset-db-hook-engine-extends-afterStartDB (2390ms)
8-30-2026 18:23:26-debug: Run asset db hook engine-extends:afterStartDB ...
8-30-2026 18:23:27-debug: recompile effect.bin success
8-30-2026 18:23:27-debug: Run asset db hook engine-extends:afterStartDB success!
8-30-2026 18:23:27-debug: lazy register asset handler *
8-30-2026 18:23:27-debug: lazy register asset handler directory
8-30-2026 18:23:27-debug: lazy register asset handler text
8-30-2026 18:23:27-debug: lazy register asset handler dragonbones
8-30-2026 18:23:27-debug: lazy register asset handler spine-data
8-30-2026 18:23:27-debug: lazy register asset handler json
8-30-2026 18:23:27-debug: lazy register asset handler dragonbones-atlas
8-30-2026 18:23:27-debug: lazy register asset handler typescript
8-30-2026 18:23:27-debug: lazy register asset handler javascript
8-30-2026 18:23:27-debug: lazy register asset handler scene
8-30-2026 18:23:27-debug: lazy register asset handler prefab
8-30-2026 18:23:27-debug: lazy register asset handler terrain
8-30-2026 18:23:27-debug: lazy register asset handler tiled-map
8-30-2026 18:23:27-debug: lazy register asset handler sprite-frame
8-30-2026 18:23:27-debug: lazy register asset handler image
8-30-2026 18:23:27-debug: lazy register asset handler sign-image
8-30-2026 18:23:27-debug: lazy register asset handler alpha-image
8-30-2026 18:23:27-debug: lazy register asset handler texture-cube
8-30-2026 18:23:27-debug: lazy register asset handler buffer
8-30-2026 18:23:27-debug: lazy register asset handler texture
8-30-2026 18:23:27-debug: lazy register asset handler render-texture
8-30-2026 18:23:27-debug: lazy register asset handler texture-cube-face
8-30-2026 18:23:27-debug: lazy register asset handler erp-texture-cube
8-30-2026 18:23:27-debug: lazy register asset handler gltf-mesh
8-30-2026 18:23:27-debug: lazy register asset handler rt-sprite-frame
8-30-2026 18:23:27-debug: lazy register asset handler gltf-skeleton
8-30-2026 18:23:27-debug: lazy register asset handler gltf-animation
8-30-2026 18:23:27-debug: lazy register asset handler gltf
8-30-2026 18:23:27-debug: lazy register asset handler gltf-scene
8-30-2026 18:23:27-debug: lazy register asset handler gltf-material
8-30-2026 18:23:27-debug: lazy register asset handler gltf-embeded-image
8-30-2026 18:23:27-debug: lazy register asset handler material
8-30-2026 18:23:27-debug: lazy register asset handler physics-material
8-30-2026 18:23:27-debug: lazy register asset handler effect-header
8-30-2026 18:23:27-debug: lazy register asset handler fbx
8-30-2026 18:23:27-debug: lazy register asset handler effect
8-30-2026 18:23:27-debug: lazy register asset handler audio-clip
8-30-2026 18:23:27-debug: lazy register asset handler animation-graph
8-30-2026 18:23:27-debug: lazy register asset handler animation-graph-variant
8-30-2026 18:23:27-debug: lazy register asset handler animation-mask
8-30-2026 18:23:27-debug: lazy register asset handler animation-clip
8-30-2026 18:23:27-debug: lazy register asset handler ttf-font
8-30-2026 18:23:27-debug: lazy register asset handler bitmap-font
8-30-2026 18:23:27-debug: lazy register asset handler particle
8-30-2026 18:23:27-debug: lazy register asset handler sprite-atlas
8-30-2026 18:23:27-debug: lazy register asset handler auto-atlas
8-30-2026 18:23:27-debug: lazy register asset handler render-pipeline
8-30-2026 18:23:27-debug: lazy register asset handler label-atlas
8-30-2026 18:23:27-debug: lazy register asset handler render-stage
8-30-2026 18:23:27-debug: lazy register asset handler instantiation-material
8-30-2026 18:23:27-debug: lazy register asset handler instantiation-mesh
8-30-2026 18:23:27-debug: lazy register asset handler instantiation-skeleton
8-30-2026 18:23:27-debug: lazy register asset handler instantiation-animation
8-30-2026 18:23:27-debug: lazy register asset handler video-clip
8-30-2026 18:23:27-debug: lazy register asset handler render-flow
8-30-2026 18:23:27-debug: asset-db:worker-effect-data-processing (341ms)
8-30-2026 18:23:27-debug: asset-db-hook-engine-extends-afterStartDB (341ms)
8-30-2026 18:23:27-debug: asset-db:start-database (10216ms)
8-30-2026 18:23:27-debug: asset-db:ready (17732ms)
8-30-2026 18:23:27-debug: init worker message success
8-30-2026 18:23:27-debug: programming:execute-script (8ms)
8-30-2026 18:23:27-debug: [Build Memory track]: builder:worker-init start:219.37MB, end 227.50MB, increase: 8.13MB
8-30-2026 18:23:27-debug: builder:worker-init (377ms)
8-30-2026 18:23:51-debug: refresh db internal success
8-30-2026 18:23:51-debug: refresh db assets success
8-30-2026 18:23:51-debug: Run asset db hook engine-extends:afterRefresh ...
8-30-2026 18:23:51-debug: Run asset db hook engine-extends:afterRefresh success!
8-30-2026 18:23:51-debug: asset-db:refresh-all-database (101ms)
8-30-2026 18:23:51-debug: asset-db:worker-effect-data-processing (2ms)
8-30-2026 18:23:51-debug: asset-db-hook-engine-extends-afterRefresh (2ms)
8-30-2026 18:27:30-debug: refresh db internal success
8-30-2026 18:27:30-debug: refresh db assets success
8-30-2026 18:27:30-debug: Run asset db hook engine-extends:afterRefresh ...
8-30-2026 18:27:30-debug: Run asset db hook engine-extends:afterRefresh success!
8-30-2026 18:27:30-debug: asset-db:refresh-all-database (86ms)
8-30-2026 18:27:30-debug: asset-db:worker-effect-data-processing (4ms)
8-30-2026 18:27:30-debug: asset-db-hook-engine-extends-afterRefresh (4ms)
