8-30-2026 16:41:27-log: Cannot access game frame or container.
8-30-2026 16:41:27-debug: asset-db:require-engine-code (840ms)
8-30-2026 16:41:27-log: meshopt wasm decoder initialized
8-30-2026 16:41:27-log: [box2d]:box2d wasm lib loaded.
8-30-2026 16:41:27-log: [bullet]:bullet wasm lib loaded.
8-30-2026 16:41:27-log: Cocos Creator v3.8.8
8-30-2026 16:41:27-log: Forward render pipeline initialized.
8-30-2026 16:41:27-log: Using legacy pipeline
8-30-2026 16:41:27-debug: [Assets Memory track]: asset-db:worker-init: initEngine start:31.32MB, end 79.00MB, increase: 47.68MB
8-30-2026 16:41:29-debug: [Assets Memory track]: asset-db:worker-init: initPlugin start:79.05MB, end 274.27MB, increase: 195.22MB
8-30-2026 16:41:29-debug: run package(cocos-service) handler(enable) start
8-30-2026 16:41:29-debug: run package(cocos-service) handler(enable) success!
8-30-2026 16:41:29-debug: run package(im-plugin) handler(enable) start
8-30-2026 16:41:29-debug: run package(placeholder) handler(enable) start
8-30-2026 16:41:29-debug: run package(placeholder) handler(enable) success!
8-30-2026 16:41:29-debug: run package(im-plugin) handler(enable) success!
8-30-2026 16:41:29-debug: asset-db:worker-init: initPlugin (2476ms)
8-30-2026 16:41:29-debug: [Assets Memory track]: asset-db:worker-init start:31.31MB, end 274.60MB, increase: 243.29MB
8-30-2026 16:41:30-debug: Run asset db hook engine-extends:beforePreStart success!
8-30-2026 16:41:29-debug: Run asset db hook programming:beforePreStart ...
8-30-2026 16:41:30-debug: Run asset db hook engine-extends:beforePreStart ...
8-30-2026 16:41:29-debug: Run asset db hook programming:beforePreStart success!
8-30-2026 16:41:30-debug: asset-db:worker-init (3501ms)
8-30-2026 16:41:30-debug: asset-db-hook-programming-beforePreStart (82ms)
8-30-2026 16:41:30-debug: asset-db-hook-engine-extends-beforePreStart (82ms)
8-30-2026 16:41:30-debug: Preimport db internal success
8-30-2026 16:41:30-debug: Preimport db assets success
8-30-2026 16:41:30-debug: Run asset db hook programming:afterPreStart ...
8-30-2026 16:41:30-debug: starting packer-driver...
8-30-2026 16:41:33-debug: initialize scripting environment...
8-30-2026 16:41:34-debug: [[Executor]] prepare before lock
8-30-2026 16:41:34-debug: Set detail map pack:///resolution-detail-map.json: {}
8-30-2026 16:41:34-debug: [[Executor]] prepare after unlock
8-30-2026 16:41:34-debug: Run asset db hook programming:afterPreStart success!
8-30-2026 16:41:34-debug: Start up the 'internal' database...
8-30-2026 16:41:34-debug: Run asset db hook engine-extends:afterPreStart ...
8-30-2026 16:41:34-debug: Run asset db hook engine-extends:afterPreStart success!
8-30-2026 16:41:34-debug: asset-db-hook-programming-afterPreStart (4234ms)
8-30-2026 16:41:34-debug: asset-db:worker-effect-data-processing (354ms)
8-30-2026 16:41:34-debug: asset-db-hook-engine-extends-afterPreStart (354ms)
8-30-2026 16:41:34-debug: Run asset db hook engine-extends:afterStartDB ...
8-30-2026 16:41:34-debug: Run asset db hook engine-extends:afterStartDB success!
8-30-2026 16:41:34-debug: recompile effect.bin success
8-30-2026 16:41:34-debug: Start up the 'assets' database...
8-30-2026 16:41:34-debug: asset-db:worker-effect-data-processing (433ms)
8-30-2026 16:41:34-debug: asset-db-hook-engine-extends-afterStartDB (434ms)
8-30-2026 16:41:34-debug: Run asset db hook engine-extends:afterStartDB ...
8-30-2026 16:41:35-debug: recompile effect.bin success
8-30-2026 16:41:35-debug: lazy register asset handler *
8-30-2026 16:41:35-debug: Run asset db hook engine-extends:afterStartDB success!
8-30-2026 16:41:35-debug: lazy register asset handler json
8-30-2026 16:41:35-debug: lazy register asset handler directory
8-30-2026 16:41:35-debug: lazy register asset handler spine-data
8-30-2026 16:41:35-debug: lazy register asset handler dragonbones
8-30-2026 16:41:35-debug: lazy register asset handler text
8-30-2026 16:41:35-debug: lazy register asset handler dragonbones-atlas
8-30-2026 16:41:35-debug: lazy register asset handler terrain
8-30-2026 16:41:35-debug: lazy register asset handler javascript
8-30-2026 16:41:35-debug: lazy register asset handler typescript
8-30-2026 16:41:35-debug: lazy register asset handler prefab
8-30-2026 16:41:35-debug: lazy register asset handler tiled-map
8-30-2026 16:41:35-debug: lazy register asset handler sprite-frame
8-30-2026 16:41:35-debug: lazy register asset handler image
8-30-2026 16:41:35-debug: lazy register asset handler buffer
8-30-2026 16:41:35-debug: lazy register asset handler sign-image
8-30-2026 16:41:35-debug: lazy register asset handler scene
8-30-2026 16:41:35-debug: lazy register asset handler alpha-image
8-30-2026 16:41:35-debug: lazy register asset handler texture-cube
8-30-2026 16:41:35-debug: lazy register asset handler erp-texture-cube
8-30-2026 16:41:35-debug: lazy register asset handler render-texture
8-30-2026 16:41:35-debug: lazy register asset handler texture-cube-face
8-30-2026 16:41:35-debug: lazy register asset handler texture
8-30-2026 16:41:35-debug: lazy register asset handler rt-sprite-frame
8-30-2026 16:41:35-debug: lazy register asset handler gltf-mesh
8-30-2026 16:41:35-debug: lazy register asset handler gltf-animation
8-30-2026 16:41:35-debug: lazy register asset handler gltf-skeleton
8-30-2026 16:41:35-debug: lazy register asset handler gltf
8-30-2026 16:41:35-debug: lazy register asset handler gltf-material
8-30-2026 16:41:35-debug: lazy register asset handler gltf-embeded-image
8-30-2026 16:41:35-debug: lazy register asset handler gltf-scene
8-30-2026 16:41:35-debug: lazy register asset handler material
8-30-2026 16:41:35-debug: lazy register asset handler fbx
8-30-2026 16:41:35-debug: lazy register asset handler effect
8-30-2026 16:41:35-debug: lazy register asset handler physics-material
8-30-2026 16:41:35-debug: lazy register asset handler animation-clip
8-30-2026 16:41:35-debug: lazy register asset handler audio-clip
8-30-2026 16:41:35-debug: lazy register asset handler animation-graph-variant
8-30-2026 16:41:35-debug: lazy register asset handler animation-graph
8-30-2026 16:41:35-debug: lazy register asset handler ttf-font
8-30-2026 16:41:35-debug: lazy register asset handler animation-mask
8-30-2026 16:41:35-debug: lazy register asset handler particle
8-30-2026 16:41:35-debug: lazy register asset handler bitmap-font
8-30-2026 16:41:35-debug: lazy register asset handler effect-header
8-30-2026 16:41:35-debug: lazy register asset handler auto-atlas
8-30-2026 16:41:35-debug: lazy register asset handler sprite-atlas
8-30-2026 16:41:35-debug: lazy register asset handler render-pipeline
8-30-2026 16:41:35-debug: lazy register asset handler render-flow
8-30-2026 16:41:35-debug: lazy register asset handler render-stage
8-30-2026 16:41:35-debug: lazy register asset handler instantiation-material
8-30-2026 16:41:35-debug: lazy register asset handler label-atlas
8-30-2026 16:41:35-debug: lazy register asset handler instantiation-mesh
8-30-2026 16:41:35-debug: lazy register asset handler instantiation-animation
8-30-2026 16:41:35-debug: lazy register asset handler video-clip
8-30-2026 16:41:35-debug: lazy register asset handler instantiation-skeleton
8-30-2026 16:41:35-debug: asset-db:worker-effect-data-processing (350ms)
8-30-2026 16:41:35-debug: asset-db-hook-engine-extends-afterStartDB (352ms)
8-30-2026 16:41:35-debug: asset-db:ready (11390ms)
8-30-2026 16:41:35-debug: asset-db:start-database (5259ms)
8-30-2026 16:41:35-debug: init worker message success
8-30-2026 16:41:35-debug: programming:execute-script (7ms)
8-30-2026 16:41:35-debug: [Build Memory track]: builder:worker-init start:219.76MB, end 227.95MB, increase: 8.19MB
8-30-2026 16:41:35-debug: builder:worker-init (391ms)
8-30-2026 16:42:17-debug: refresh db internal success
8-30-2026 16:42:17-debug: refresh db assets success
8-30-2026 16:42:17-debug: Run asset db hook engine-extends:afterRefresh success!
8-30-2026 16:42:17-debug: Run asset db hook engine-extends:afterRefresh ...
8-30-2026 16:42:17-debug: asset-db:refresh-all-database (104ms)
8-30-2026 16:42:17-debug: asset-db-hook-engine-extends-afterRefresh (2ms)
8-30-2026 16:42:17-debug: asset-db:worker-effect-data-processing (2ms)
8-30-2026 18:22:51-debug: refresh db internal success
8-30-2026 18:22:51-debug: refresh db assets success
8-30-2026 18:22:51-debug: Run asset db hook engine-extends:afterRefresh ...
8-30-2026 18:22:51-debug: Run asset db hook engine-extends:afterRefresh success!
8-30-2026 18:22:51-debug: asset-db:refresh-all-database (90ms)
8-30-2026 18:22:51-debug: asset-db:worker-effect-data-processing (2ms)
8-30-2026 18:22:51-debug: asset-db-hook-engine-extends-afterRefresh (4ms)
