8-30-2026 18:28:33-log: Cannot access game frame or container.
8-30-2026 18:28:33-debug: asset-db:require-engine-code (765ms)
8-30-2026 18:28:33-log: meshopt wasm decoder initialized
8-30-2026 18:28:33-log: [bullet]:bullet wasm lib loaded.
8-30-2026 18:28:33-log: [box2d]:box2d wasm lib loaded.
8-30-2026 18:28:33-log: Forward render pipeline initialized.
8-30-2026 18:28:33-log: Cocos Creator v3.8.8
8-30-2026 18:28:33-log: Using legacy pipeline
8-30-2026 18:28:33-debug: [Assets Memory track]: asset-db:worker-init: initEngine start:31.22MB, end 79.18MB, increase: 47.97MB
8-30-2026 18:28:35-debug: [Assets Memory track]: asset-db:worker-init: initPlugin start:79.27MB, end 274.40MB, increase: 195.13MB
8-30-2026 18:28:35-debug: run package(wechatgame) handler(enable) start
8-30-2026 18:28:35-debug: run package(wechatgame) handler(enable) success!
8-30-2026 18:28:35-debug: run package(wechatprogram) handler(enable) success!
8-30-2026 18:28:35-debug: run package(wechatprogram) handler(enable) start
8-30-2026 18:28:35-debug: run package(windows) handler(enable) success!
8-30-2026 18:28:35-debug: run package(xiaomi-quick-game) handler(enable) success!
8-30-2026 18:28:35-debug: run package(xiaomi-quick-game) handler(enable) start
8-30-2026 18:28:35-debug: run package(cocos-service) handler(enable) success!
8-30-2026 18:28:35-debug: run package(im-plugin) handler(enable) start
8-30-2026 18:28:35-debug: run package(cocos-service) handler(enable) start
8-30-2026 18:28:35-debug: run package(im-plugin) handler(enable) success!
8-30-2026 18:28:35-debug: run package(placeholder) handler(enable) start
8-30-2026 18:28:35-debug: run package(placeholder) handler(enable) success!
8-30-2026 18:28:35-debug: run package(windows) handler(enable) start
8-30-2026 18:28:35-debug: asset-db:worker-init: initPlugin (1924ms)
8-30-2026 18:28:35-debug: [Assets Memory track]: asset-db:worker-init start:31.21MB, end 275.23MB, increase: 244.02MB
8-30-2026 18:28:35-debug: Run asset db hook programming:beforePreStart success!
8-30-2026 18:28:35-debug: Run asset db hook engine-extends:beforePreStart success!
8-30-2026 18:28:35-debug: Run asset db hook engine-extends:beforePreStart ...
8-30-2026 18:28:35-debug: Run asset db hook programming:beforePreStart ...
8-30-2026 18:28:35-debug: asset-db:worker-init (2896ms)
8-30-2026 18:28:35-debug: asset-db-hook-programming-beforePreStart (81ms)
8-30-2026 18:28:35-debug: asset-db-hook-engine-extends-beforePreStart (80ms)
8-30-2026 18:28:35-debug: Preimport db internal success
8-30-2026 18:28:35-debug: Preimport db assets success
8-30-2026 18:28:35-debug: Run asset db hook programming:afterPreStart ...
8-30-2026 18:28:35-debug: starting packer-driver...
8-30-2026 18:29:31-debug: initialize scripting environment...
8-30-2026 18:29:31-debug: [[Executor]] prepare before lock
8-30-2026 18:29:31-debug: Set detail map pack:///resolution-detail-map.json: {}
8-30-2026 18:29:31-debug: [[Executor]] prepare after unlock
8-30-2026 18:29:31-debug: Run asset db hook engine-extends:afterPreStart success!
8-30-2026 18:29:31-debug: Start up the 'internal' database...
8-30-2026 18:29:31-debug: Run asset db hook engine-extends:afterPreStart ...
8-30-2026 18:29:31-debug: Run asset db hook programming:afterPreStart success!
8-30-2026 18:29:31-debug: asset-db-hook-programming-afterPreStart (55995ms)
8-30-2026 18:29:31-debug: asset-db:worker-effect-data-processing (412ms)
8-30-2026 18:29:31-debug: asset-db-hook-engine-extends-afterPreStart (413ms)
8-30-2026 18:29:32-debug: Run asset db hook engine-extends:afterStartDB ...
8-30-2026 18:29:32-debug: recompile effect.bin success
8-30-2026 18:29:32-debug: Run asset db hook engine-extends:afterStartDB success!
8-30-2026 18:29:32-debug: Start up the 'assets' database...
8-30-2026 18:29:32-debug: Run asset db hook engine-extends:afterStartDB ...
8-30-2026 18:29:32-debug: recompile effect.bin success
8-30-2026 18:29:32-debug: Run asset db hook engine-extends:afterStartDB success!
8-30-2026 18:29:32-debug: lazy register asset handler *
8-30-2026 18:29:32-debug: [Assets Memory track]: asset-db:worker-init: startup start:199.32MB, end 237.17MB, increase: 37.86MB
8-30-2026 18:29:32-debug: lazy register asset handler spine-data
8-30-2026 18:29:32-debug: lazy register asset handler dragonbones
8-30-2026 18:29:32-debug: lazy register asset handler dragonbones-atlas
8-30-2026 18:29:32-debug: lazy register asset handler directory
8-30-2026 18:29:32-debug: lazy register asset handler json
8-30-2026 18:29:32-debug: lazy register asset handler javascript
8-30-2026 18:29:32-debug: lazy register asset handler typescript
8-30-2026 18:29:32-debug: lazy register asset handler text
8-30-2026 18:29:32-debug: lazy register asset handler scene
8-30-2026 18:29:32-debug: lazy register asset handler terrain
8-30-2026 18:29:32-debug: lazy register asset handler tiled-map
8-30-2026 18:29:32-debug: lazy register asset handler sprite-frame
8-30-2026 18:29:32-debug: lazy register asset handler prefab
8-30-2026 18:29:32-debug: lazy register asset handler sign-image
8-30-2026 18:29:32-debug: lazy register asset handler buffer
8-30-2026 18:29:32-debug: lazy register asset handler alpha-image
8-30-2026 18:29:32-debug: lazy register asset handler image
8-30-2026 18:29:32-debug: lazy register asset handler texture-cube
8-30-2026 18:29:32-debug: lazy register asset handler erp-texture-cube
8-30-2026 18:29:32-debug: lazy register asset handler texture-cube-face
8-30-2026 18:29:32-debug: lazy register asset handler texture
8-30-2026 18:29:32-debug: lazy register asset handler rt-sprite-frame
8-30-2026 18:29:32-debug: lazy register asset handler gltf
8-30-2026 18:29:32-debug: lazy register asset handler gltf-mesh
8-30-2026 18:29:32-debug: lazy register asset handler gltf-skeleton
8-30-2026 18:29:32-debug: lazy register asset handler render-texture
8-30-2026 18:29:32-debug: lazy register asset handler gltf-animation
8-30-2026 18:29:32-debug: lazy register asset handler gltf-material
8-30-2026 18:29:32-debug: lazy register asset handler gltf-embeded-image
8-30-2026 18:29:32-debug: lazy register asset handler gltf-scene
8-30-2026 18:29:32-debug: lazy register asset handler fbx
8-30-2026 18:29:32-debug: lazy register asset handler effect
8-30-2026 18:29:32-debug: lazy register asset handler material
8-30-2026 18:29:32-debug: lazy register asset handler physics-material
8-30-2026 18:29:32-debug: lazy register asset handler effect-header
8-30-2026 18:29:32-debug: lazy register asset handler animation-graph
8-30-2026 18:29:32-debug: lazy register asset handler animation-clip
8-30-2026 18:29:32-debug: lazy register asset handler animation-mask
8-30-2026 18:29:32-debug: lazy register asset handler animation-graph-variant
8-30-2026 18:29:32-debug: lazy register asset handler ttf-font
8-30-2026 18:29:32-debug: lazy register asset handler audio-clip
8-30-2026 18:29:32-debug: lazy register asset handler particle
8-30-2026 18:29:32-debug: lazy register asset handler auto-atlas
8-30-2026 18:29:32-debug: lazy register asset handler label-atlas
8-30-2026 18:29:32-debug: lazy register asset handler sprite-atlas
8-30-2026 18:29:32-debug: lazy register asset handler bitmap-font
8-30-2026 18:29:32-debug: lazy register asset handler render-pipeline
8-30-2026 18:29:32-debug: lazy register asset handler render-stage
8-30-2026 18:29:32-debug: lazy register asset handler instantiation-mesh
8-30-2026 18:29:32-debug: lazy register asset handler instantiation-material
8-30-2026 18:29:32-debug: lazy register asset handler instantiation-animation
8-30-2026 18:29:32-debug: lazy register asset handler instantiation-skeleton
8-30-2026 18:29:32-debug: lazy register asset handler video-clip
8-30-2026 18:29:32-debug: lazy register asset handler render-flow
8-30-2026 18:29:33-debug: asset-db:worker-effect-data-processing (1173ms)
8-30-2026 18:29:33-debug: asset-db-hook-engine-extends-afterStartDB (1173ms)
8-30-2026 18:29:33-debug: asset-db:worker-effect-data-processing (768ms)
8-30-2026 18:29:33-debug: asset-db-hook-engine-extends-afterStartDB (768ms)
8-30-2026 18:29:33-debug: asset-db:ready (62738ms)
8-30-2026 18:29:33-debug: asset-db:start-database (57375ms)
8-30-2026 18:29:33-debug: init worker message success
8-30-2026 18:29:33-debug: programming:execute-script (4ms)
8-30-2026 18:29:33-debug: [Build Memory track]: builder:worker-init start:229.30MB, end 238.32MB, increase: 9.02MB
8-30-2026 18:29:33-debug: builder:worker-init (451ms)
8-30-2026 18:29:33-debug: Query all assets info in project
8-30-2026 18:29:33-debug: init custom config: keepNodeUuid: false, useCache: true
8-30-2026 18:29:33-debug: Skip compress image, progress: 0%
8-30-2026 18:29:33-debug: Init all bundles start..., progress: 0%
8-30-2026 18:29:33-debug: Query asset bundle start, progress: 0%
8-30-2026 18:29:33-debug: // ---- build task Query asset bundle ----
8-30-2026 18:29:33-debug: Num of bundles: 2..., progress: 0%
8-30-2026 18:29:33-debug: Init bundle root assets start..., progress: 0%
8-30-2026 18:29:33-debug: Query preload assets/scripts from cc.config.json: 60f7195c-ec2a-45eb-ba94-8955f60e81d0,1c02ae6f-4492-4915-b8f8-7492a3b1e4cd,810e96e4-e456-4468-9b59-f4e8f39732c0,efe8e2a3-eace-427b-b4f1-cb8a937ec77d,e9aa9a3e-5b2b-4ac7-a2c7-073de2b2b24f,8bbdbcdd-5cd4-4100-b6d5-b7c9625b6107,50f4348b-c883-4e2f-8f11-ce233b859fa1,fda095cb-831d-4601-ad94-846013963de8,f92806d7-1768-443f-afe8-12bcde84d0f0,dd3a144d-ab7f-41f0-82b8-2e43a090d496,f0416e68-0200-4b77-a926-4f9d16e494da,511d2633-09a7-4bdd-ac42-f778032124b3,5d45aa00-e064-4938-b314-4265f0c2258c,9361fd90-ba52-4f84-aa93-6e878fd576ca,970b0598-bcb0-4714-91fb-2e81440dccd8,bcd64cc6-2dd9-43f6-abbe-66318d332032,d930590d-bb92-4cc8-8bd1-23cd027f9edf,a3cd009f-0ab0-420d-9278-b9fdab939bbc,6a2d0734-bd9e-4ddf-946e-caa52498cb75,d9937e59-61fe-4ec6-92ab-7ac5a19c89b0,d1346436-ac96-4271-b863-1f4fdead95b0,971bdb23-3ff6-43eb-b422-1c30165a3663,17debcc3-0a6b-4b8a-b00b-dc58b885581e,711ebe11-f673-4cd9-9a83-63c60ba54c5b,c0143906-9aed-447e-9436-2ae8512d1b6e,14da1725-c4c2-42b4-ab08-ee0aeb6898b3,081cab31-dccd-428e-8652-f2404cc81c47,78e0584a-4343-4727-8f37-e14e65c2a2db,871c3b6c-7379-419d-bda3-794b239ab90d,ff9b0199-ce04-4cfe-86cc-6c719f08d6e4,de1c2107-70c8-4021-8459-6399f24d01c6,cbf30902-517f-40dc-af90-a550bac27cf1,5c601d96-e4c7-4698-991b-7ee674b11079
8-30-2026 18:29:33-debug:   Number of other assets: 486
8-30-2026 18:29:33-debug: Init bundle root assets success..., progress: 0%
8-30-2026 18:29:33-debug:   Number of all scenes: 1
8-30-2026 18:29:33-debug:   Number of all scripts: 42
8-30-2026 18:29:33-log: run build task Query asset bundle success in 16 ms√, progress: 5%
8-30-2026 18:29:33-debug: [Build Memory track]: Query asset bundle start:243.78MB, end 238.09MB, increase: -5829.89KB
8-30-2026 18:29:33-debug: Query asset bundle start, progress: 5%
8-30-2026 18:29:33-debug: // ---- build task Query asset bundle ---- (16ms)
8-30-2026 18:29:33-debug: // ---- build task Query asset bundle ----
8-30-2026 18:29:33-debug: // ---- build task Query asset bundle ---- (5ms)
8-30-2026 18:29:33-debug: [Build Memory track]: Query asset bundle start:238.13MB, end 238.30MB, increase: 174.63KB
8-30-2026 18:29:33-debug: Sort some build options to settings.json start, progress: 10%
8-30-2026 18:29:33-log: run build task Query asset bundle success in 5 ms√, progress: 10%
8-30-2026 18:29:33-debug: // ---- build task Sort some build options to settings.json ----
8-30-2026 18:29:33-log: run build task Sort some build options to settings.json success in 2 ms√, progress: 12%
8-30-2026 18:29:33-debug: [Build Memory track]: Sort some build options to settings.json start:238.35MB, end 238.38MB, increase: 34.24KB
8-30-2026 18:29:33-debug: Fill script data to settings start, progress: 12%
8-30-2026 18:29:33-debug: // ---- build task Sort some build options to settings.json ---- (2ms)
8-30-2026 18:29:33-debug: // ---- build task Fill script data to settings ----
8-30-2026 18:29:33-debug: // ---- build task Fill script data to settings ---- (1ms)
8-30-2026 18:29:33-debug: Sort some build options to settings.json start, progress: 13%
8-30-2026 18:29:33-log: run build task Fill script data to settings success in 1 ms√, progress: 13%
8-30-2026 18:29:33-debug: [Build Memory track]: Fill script data to settings start:238.42MB, end 238.45MB, increase: 33.70KB
8-30-2026 18:29:33-debug: // ---- build task Sort some build options to settings.json ----
8-30-2026 18:29:33-debug: // ---- build task Sort some build options to settings.json ---- (8ms)
8-30-2026 18:29:33-log: run build task Sort some build options to settings.json success in 8 ms√, progress: 15%
8-30-2026 18:29:33-debug: [Build Memory track]: Sort some build options to settings.json start:238.49MB, end 238.64MB, increase: 157.46KB
8-30-2026 18:29:43-debug: Query all assets info in project
8-30-2026 18:29:43-debug: init custom config: keepNodeUuid: false, useCache: true
8-30-2026 18:29:43-debug: Skip compress image, progress: 0%
8-30-2026 18:29:43-debug: Num of bundles: 2..., progress: 0%
8-30-2026 18:29:43-debug: Init all bundles start..., progress: 0%
8-30-2026 18:29:43-debug: // ---- build task Query asset bundle ----
8-30-2026 18:29:43-debug: Init bundle root assets start..., progress: 0%
8-30-2026 18:29:43-debug: Query asset bundle start, progress: 0%
8-30-2026 18:29:43-debug: Query preload assets/scripts from cc.config.json: 60f7195c-ec2a-45eb-ba94-8955f60e81d0,1c02ae6f-4492-4915-b8f8-7492a3b1e4cd,810e96e4-e456-4468-9b59-f4e8f39732c0,efe8e2a3-eace-427b-b4f1-cb8a937ec77d,e9aa9a3e-5b2b-4ac7-a2c7-073de2b2b24f,8bbdbcdd-5cd4-4100-b6d5-b7c9625b6107,50f4348b-c883-4e2f-8f11-ce233b859fa1,fda095cb-831d-4601-ad94-846013963de8,f92806d7-1768-443f-afe8-12bcde84d0f0,dd3a144d-ab7f-41f0-82b8-2e43a090d496,f0416e68-0200-4b77-a926-4f9d16e494da,511d2633-09a7-4bdd-ac42-f778032124b3,5d45aa00-e064-4938-b314-4265f0c2258c,9361fd90-ba52-4f84-aa93-6e878fd576ca,970b0598-bcb0-4714-91fb-2e81440dccd8,bcd64cc6-2dd9-43f6-abbe-66318d332032,d930590d-bb92-4cc8-8bd1-23cd027f9edf,a3cd009f-0ab0-420d-9278-b9fdab939bbc,6a2d0734-bd9e-4ddf-946e-caa52498cb75,d9937e59-61fe-4ec6-92ab-7ac5a19c89b0,d1346436-ac96-4271-b863-1f4fdead95b0,971bdb23-3ff6-43eb-b422-1c30165a3663,17debcc3-0a6b-4b8a-b00b-dc58b885581e,711ebe11-f673-4cd9-9a83-63c60ba54c5b,c0143906-9aed-447e-9436-2ae8512d1b6e,14da1725-c4c2-42b4-ab08-ee0aeb6898b3,081cab31-dccd-428e-8652-f2404cc81c47,78e0584a-4343-4727-8f37-e14e65c2a2db,871c3b6c-7379-419d-bda3-794b239ab90d,ff9b0199-ce04-4cfe-86cc-6c719f08d6e4,de1c2107-70c8-4021-8459-6399f24d01c6,cbf30902-517f-40dc-af90-a550bac27cf1,5c601d96-e4c7-4698-991b-7ee674b11079
8-30-2026 18:29:43-debug:   Number of other assets: 486
8-30-2026 18:29:43-debug: Init bundle root assets success..., progress: 0%
8-30-2026 18:29:43-debug:   Number of all scripts: 42
8-30-2026 18:29:43-debug:   Number of all scenes: 1
8-30-2026 18:29:43-debug: // ---- build task Query asset bundle ---- (15ms)
8-30-2026 18:29:43-log: run build task Query asset bundle success in 15 ms√, progress: 5%
8-30-2026 18:29:43-debug: [Build Memory track]: Query asset bundle start:241.50MB, end 242.24MB, increase: 756.10KB
8-30-2026 18:29:43-debug: Query asset bundle start, progress: 5%
8-30-2026 18:29:43-debug: // ---- build task Query asset bundle ----
8-30-2026 18:29:43-debug: // ---- build task Query asset bundle ---- (9ms)
8-30-2026 18:29:43-log: run build task Query asset bundle success in 9 ms√, progress: 10%
8-30-2026 18:29:43-debug: [Build Memory track]: Query asset bundle start:242.28MB, end 242.42MB, increase: 149.04KB
8-30-2026 18:29:43-debug: // ---- build task Sort some build options to settings.json ----
8-30-2026 18:29:43-debug: Sort some build options to settings.json start, progress: 10%
8-30-2026 18:29:43-debug: // ---- build task Sort some build options to settings.json ---- (2ms)
8-30-2026 18:29:43-log: run build task Sort some build options to settings.json success in 2 ms√, progress: 12%
8-30-2026 18:29:43-debug: [Build Memory track]: Sort some build options to settings.json start:242.47MB, end 242.51MB, increase: 33.52KB
8-30-2026 18:29:43-debug: Fill script data to settings start, progress: 12%
8-30-2026 18:29:43-debug: // ---- build task Fill script data to settings ----
8-30-2026 18:29:43-debug: // ---- build task Fill script data to settings ---- (4ms)
8-30-2026 18:29:43-log: run build task Fill script data to settings success in 4 ms√, progress: 13%
8-30-2026 18:29:43-debug: [Build Memory track]: Fill script data to settings start:242.55MB, end 242.59MB, increase: 38.86KB
8-30-2026 18:29:43-debug: // ---- build task Sort some build options to settings.json ----
8-30-2026 18:29:43-debug: Sort some build options to settings.json start, progress: 13%
8-30-2026 18:29:43-debug: [Build Memory track]: Sort some build options to settings.json start:242.63MB, end 242.78MB, increase: 161.78KB
8-30-2026 18:29:43-log: run build task Sort some build options to settings.json success in 8 ms√, progress: 15%
8-30-2026 18:29:43-debug: // ---- build task Sort some build options to settings.json ---- (8ms)
8-30-2026 22:40:40-debug: refresh db internal success
8-30-2026 22:40:40-debug: refresh db assets success
8-30-2026 22:40:40-debug: Run asset db hook engine-extends:afterRefresh ...
8-30-2026 22:40:40-debug: Run asset db hook engine-extends:afterRefresh success!
8-30-2026 22:40:40-debug: asset-db:worker-effect-data-processing (3ms)
8-30-2026 22:40:40-debug: asset-db:refresh-all-database (93ms)
8-30-2026 22:40:40-debug: asset-db-hook-engine-extends-afterRefresh (3ms)
8-30-2026 23:16:08-debug: refresh db internal success
8-30-2026 23:16:08-debug: %cImport%c: F:\Github\BattleGame\assets\scripts\LevelSettings.tsbackground: #aaff85; color: #000;color: #000;
8-30-2026 23:16:08-debug: refresh db assets success
8-30-2026 23:16:08-debug: Run asset db hook engine-extends:afterRefresh ...
8-30-2026 23:16:08-debug: Run asset db hook engine-extends:afterRefresh success!
8-30-2026 23:16:08-debug: asset-db:refresh-all-database (100ms)
8-30-2026 23:16:08-debug: asset-db:worker-effect-data-processing (7ms)
8-30-2026 23:16:08-debug: asset-db-hook-engine-extends-afterRefresh (8ms)
8-30-2026 23:16:15-debug: Query all assets info in project
8-30-2026 23:16:15-debug: init custom config: keepNodeUuid: false, useCache: true
8-30-2026 23:16:15-debug: Skip compress image, progress: 0%
8-30-2026 23:16:15-debug: Init all bundles start..., progress: 0%
8-30-2026 23:16:15-debug: Num of bundles: 2..., progress: 0%
8-30-2026 23:16:15-debug: // ---- build task Query asset bundle ----
8-30-2026 23:16:15-debug: Query asset bundle start, progress: 0%
8-30-2026 23:16:15-debug: Init bundle root assets start..., progress: 0%
8-30-2026 23:16:15-debug: Query preload assets/scripts from cc.config.json: 60f7195c-ec2a-45eb-ba94-8955f60e81d0,1c02ae6f-4492-4915-b8f8-7492a3b1e4cd,810e96e4-e456-4468-9b59-f4e8f39732c0,efe8e2a3-eace-427b-b4f1-cb8a937ec77d,e9aa9a3e-5b2b-4ac7-a2c7-073de2b2b24f,8bbdbcdd-5cd4-4100-b6d5-b7c9625b6107,50f4348b-c883-4e2f-8f11-ce233b859fa1,fda095cb-831d-4601-ad94-846013963de8,f92806d7-1768-443f-afe8-12bcde84d0f0,dd3a144d-ab7f-41f0-82b8-2e43a090d496,f0416e68-0200-4b77-a926-4f9d16e494da,511d2633-09a7-4bdd-ac42-f778032124b3,5d45aa00-e064-4938-b314-4265f0c2258c,9361fd90-ba52-4f84-aa93-6e878fd576ca,970b0598-bcb0-4714-91fb-2e81440dccd8,bcd64cc6-2dd9-43f6-abbe-66318d332032,d930590d-bb92-4cc8-8bd1-23cd027f9edf,a3cd009f-0ab0-420d-9278-b9fdab939bbc,6a2d0734-bd9e-4ddf-946e-caa52498cb75,d9937e59-61fe-4ec6-92ab-7ac5a19c89b0,d1346436-ac96-4271-b863-1f4fdead95b0,971bdb23-3ff6-43eb-b422-1c30165a3663,17debcc3-0a6b-4b8a-b00b-dc58b885581e,711ebe11-f673-4cd9-9a83-63c60ba54c5b,c0143906-9aed-447e-9436-2ae8512d1b6e,14da1725-c4c2-42b4-ab08-ee0aeb6898b3,081cab31-dccd-428e-8652-f2404cc81c47,78e0584a-4343-4727-8f37-e14e65c2a2db,871c3b6c-7379-419d-bda3-794b239ab90d,ff9b0199-ce04-4cfe-86cc-6c719f08d6e4,de1c2107-70c8-4021-8459-6399f24d01c6,cbf30902-517f-40dc-af90-a550bac27cf1,5c601d96-e4c7-4698-991b-7ee674b11079
8-30-2026 23:16:15-debug:   Number of all scripts: 42
8-30-2026 23:16:15-debug:   Number of other assets: 486
8-30-2026 23:16:15-debug: Init bundle root assets success..., progress: 0%
8-30-2026 23:16:15-debug:   Number of all scenes: 1
8-30-2026 23:16:15-debug: // ---- build task Query asset bundle ---- (17ms)
8-30-2026 23:16:15-log: run build task Query asset bundle success in 17 ms√, progress: 5%
8-30-2026 23:16:15-debug: [Build Memory track]: Query asset bundle start:242.40MB, end 243.15MB, increase: 771.52KB
8-30-2026 23:16:15-debug: // ---- build task Query asset bundle ----
8-30-2026 23:16:15-debug: Query asset bundle start, progress: 5%
8-30-2026 23:16:15-debug: // ---- build task Query asset bundle ---- (7ms)
8-30-2026 23:16:15-log: run build task Query asset bundle success in 7 ms√, progress: 10%
8-30-2026 23:16:15-debug: [Build Memory track]: Query asset bundle start:243.19MB, end 241.90MB, increase: -1324.27KB
8-30-2026 23:16:15-debug: Sort some build options to settings.json start, progress: 10%
8-30-2026 23:16:15-debug: // ---- build task Sort some build options to settings.json ----
8-30-2026 23:16:16-debug: // ---- build task Sort some build options to settings.json ---- (3ms)
8-30-2026 23:16:16-log: run build task Sort some build options to settings.json success in 3 ms√, progress: 12%
8-30-2026 23:16:16-debug: [Build Memory track]: Sort some build options to settings.json start:241.94MB, end 241.97MB, increase: 33.44KB
8-30-2026 23:16:16-debug: // ---- build task Fill script data to settings ----
8-30-2026 23:16:16-debug: Fill script data to settings start, progress: 12%
8-30-2026 23:16:16-debug: // ---- build task Fill script data to settings ---- (4ms)
8-30-2026 23:16:16-log: run build task Fill script data to settings success in 4 ms√, progress: 13%
8-30-2026 23:16:16-debug: [Build Memory track]: Fill script data to settings start:242.01MB, end 242.04MB, increase: 32.78KB
8-30-2026 23:16:16-debug: // ---- build task Sort some build options to settings.json ----
8-30-2026 23:16:16-debug: Sort some build options to settings.json start, progress: 13%
8-30-2026 23:16:16-debug: // ---- build task Sort some build options to settings.json ---- (10ms)
8-30-2026 23:16:16-log: run build task Sort some build options to settings.json success in 10 ms√, progress: 15%
8-30-2026 23:16:16-debug: [Build Memory track]: Sort some build options to settings.json start:242.08MB, end 242.21MB, increase: 136.01KB
8-30-2026 23:16:20-debug: Query all assets info in project
8-30-2026 23:16:20-debug: init custom config: keepNodeUuid: false, useCache: true
8-30-2026 23:16:20-debug: Skip compress image, progress: 0%
8-30-2026 23:16:20-debug: Init all bundles start..., progress: 0%
8-30-2026 23:16:20-debug: // ---- build task Query asset bundle ----
8-30-2026 23:16:20-debug: Query asset bundle start, progress: 0%
8-30-2026 23:16:20-debug: Init bundle root assets start..., progress: 0%
8-30-2026 23:16:20-debug: Num of bundles: 2..., progress: 0%
8-30-2026 23:16:20-debug: Query preload assets/scripts from cc.config.json: 60f7195c-ec2a-45eb-ba94-8955f60e81d0,1c02ae6f-4492-4915-b8f8-7492a3b1e4cd,810e96e4-e456-4468-9b59-f4e8f39732c0,efe8e2a3-eace-427b-b4f1-cb8a937ec77d,e9aa9a3e-5b2b-4ac7-a2c7-073de2b2b24f,8bbdbcdd-5cd4-4100-b6d5-b7c9625b6107,50f4348b-c883-4e2f-8f11-ce233b859fa1,fda095cb-831d-4601-ad94-846013963de8,f92806d7-1768-443f-afe8-12bcde84d0f0,dd3a144d-ab7f-41f0-82b8-2e43a090d496,f0416e68-0200-4b77-a926-4f9d16e494da,511d2633-09a7-4bdd-ac42-f778032124b3,5d45aa00-e064-4938-b314-4265f0c2258c,9361fd90-ba52-4f84-aa93-6e878fd576ca,970b0598-bcb0-4714-91fb-2e81440dccd8,bcd64cc6-2dd9-43f6-abbe-66318d332032,d930590d-bb92-4cc8-8bd1-23cd027f9edf,a3cd009f-0ab0-420d-9278-b9fdab939bbc,6a2d0734-bd9e-4ddf-946e-caa52498cb75,d9937e59-61fe-4ec6-92ab-7ac5a19c89b0,d1346436-ac96-4271-b863-1f4fdead95b0,971bdb23-3ff6-43eb-b422-1c30165a3663,17debcc3-0a6b-4b8a-b00b-dc58b885581e,711ebe11-f673-4cd9-9a83-63c60ba54c5b,c0143906-9aed-447e-9436-2ae8512d1b6e,14da1725-c4c2-42b4-ab08-ee0aeb6898b3,081cab31-dccd-428e-8652-f2404cc81c47,78e0584a-4343-4727-8f37-e14e65c2a2db,871c3b6c-7379-419d-bda3-794b239ab90d,ff9b0199-ce04-4cfe-86cc-6c719f08d6e4,de1c2107-70c8-4021-8459-6399f24d01c6,cbf30902-517f-40dc-af90-a550bac27cf1,5c601d96-e4c7-4698-991b-7ee674b11079
8-30-2026 23:16:20-debug:   Number of all scenes: 1
8-30-2026 23:16:20-debug:   Number of all scripts: 42
8-30-2026 23:16:20-debug:   Number of other assets: 486
8-30-2026 23:16:20-debug: Init bundle root assets success..., progress: 0%
8-30-2026 23:16:20-debug: // ---- build task Query asset bundle ---- (18ms)
8-30-2026 23:16:20-log: run build task Query asset bundle success in 18 ms√, progress: 5%
8-30-2026 23:16:20-debug: [Build Memory track]: Query asset bundle start:242.70MB, end 242.59MB, increase: -112.27KB
8-30-2026 23:16:20-debug: Query asset bundle start, progress: 5%
8-30-2026 23:16:20-debug: // ---- build task Query asset bundle ----
8-30-2026 23:16:20-debug: // ---- build task Query asset bundle ---- (13ms)
8-30-2026 23:16:20-log: run build task Query asset bundle success in 13 ms√, progress: 10%
8-30-2026 23:16:20-debug: Sort some build options to settings.json start, progress: 10%
8-30-2026 23:16:20-debug: [Build Memory track]: Query asset bundle start:242.63MB, end 242.04MB, increase: -603.67KB
8-30-2026 23:16:20-debug: // ---- build task Sort some build options to settings.json ----
8-30-2026 23:16:20-debug: // ---- build task Sort some build options to settings.json ---- (6ms)
8-30-2026 23:16:20-log: run build task Sort some build options to settings.json success in 6 ms√, progress: 12%
8-30-2026 23:16:20-debug: [Build Memory track]: Sort some build options to settings.json start:242.08MB, end 242.11MB, increase: 33.27KB
8-30-2026 23:16:20-debug: Fill script data to settings start, progress: 12%
8-30-2026 23:16:20-debug: // ---- build task Fill script data to settings ----
8-30-2026 23:16:20-debug: // ---- build task Fill script data to settings ---- (2ms)
8-30-2026 23:16:20-log: run build task Fill script data to settings success in 2 ms√, progress: 13%
8-30-2026 23:16:20-debug: [Build Memory track]: Fill script data to settings start:242.15MB, end 242.18MB, increase: 32.74KB
8-30-2026 23:16:20-debug: Sort some build options to settings.json start, progress: 13%
8-30-2026 23:16:20-debug: // ---- build task Sort some build options to settings.json ----
8-30-2026 23:16:20-debug: // ---- build task Sort some build options to settings.json ---- (17ms)
8-30-2026 23:16:20-debug: [Build Memory track]: Sort some build options to settings.json start:242.22MB, end 242.36MB, increase: 139.05KB
8-30-2026 23:16:20-log: run build task Sort some build options to settings.json success in 17 ms√, progress: 15%
8-30-2026 23:47:46-debug: refresh db internal success
8-30-2026 23:47:46-debug: %cImport%c: F:\Github\BattleGame\assets\scripts\LevelSettings.tsbackground: #aaff85; color: #000;color: #000;
8-30-2026 23:47:46-debug: refresh db assets success
8-30-2026 23:47:46-debug: Run asset db hook engine-extends:afterRefresh ...
8-30-2026 23:47:46-debug: Run asset db hook engine-extends:afterRefresh success!
8-30-2026 23:47:46-debug: asset-db:refresh-all-database (106ms)
8-30-2026 23:47:46-debug: asset-db:worker-effect-data-processing (5ms)
8-30-2026 23:47:46-debug: asset-db-hook-engine-extends-afterRefresh (6ms)
8-30-2026 23:47:51-debug: Query all assets info in project
8-30-2026 23:47:51-debug: init custom config: keepNodeUuid: false, useCache: true
8-30-2026 23:47:51-debug: Skip compress image, progress: 0%
8-30-2026 23:47:51-debug: Init all bundles start..., progress: 0%
8-30-2026 23:47:51-debug: // ---- build task Query asset bundle ----
8-30-2026 23:47:51-debug: Init bundle root assets start..., progress: 0%
8-30-2026 23:47:51-debug: Num of bundles: 2..., progress: 0%
8-30-2026 23:47:51-debug: Query asset bundle start, progress: 0%
8-30-2026 23:47:51-debug: Query preload assets/scripts from cc.config.json: 60f7195c-ec2a-45eb-ba94-8955f60e81d0,1c02ae6f-4492-4915-b8f8-7492a3b1e4cd,810e96e4-e456-4468-9b59-f4e8f39732c0,efe8e2a3-eace-427b-b4f1-cb8a937ec77d,e9aa9a3e-5b2b-4ac7-a2c7-073de2b2b24f,8bbdbcdd-5cd4-4100-b6d5-b7c9625b6107,50f4348b-c883-4e2f-8f11-ce233b859fa1,fda095cb-831d-4601-ad94-846013963de8,f92806d7-1768-443f-afe8-12bcde84d0f0,dd3a144d-ab7f-41f0-82b8-2e43a090d496,f0416e68-0200-4b77-a926-4f9d16e494da,511d2633-09a7-4bdd-ac42-f778032124b3,5d45aa00-e064-4938-b314-4265f0c2258c,9361fd90-ba52-4f84-aa93-6e878fd576ca,970b0598-bcb0-4714-91fb-2e81440dccd8,bcd64cc6-2dd9-43f6-abbe-66318d332032,d930590d-bb92-4cc8-8bd1-23cd027f9edf,a3cd009f-0ab0-420d-9278-b9fdab939bbc,6a2d0734-bd9e-4ddf-946e-caa52498cb75,d9937e59-61fe-4ec6-92ab-7ac5a19c89b0,d1346436-ac96-4271-b863-1f4fdead95b0,971bdb23-3ff6-43eb-b422-1c30165a3663,17debcc3-0a6b-4b8a-b00b-dc58b885581e,711ebe11-f673-4cd9-9a83-63c60ba54c5b,c0143906-9aed-447e-9436-2ae8512d1b6e,14da1725-c4c2-42b4-ab08-ee0aeb6898b3,081cab31-dccd-428e-8652-f2404cc81c47,78e0584a-4343-4727-8f37-e14e65c2a2db,871c3b6c-7379-419d-bda3-794b239ab90d,ff9b0199-ce04-4cfe-86cc-6c719f08d6e4,de1c2107-70c8-4021-8459-6399f24d01c6,cbf30902-517f-40dc-af90-a550bac27cf1,5c601d96-e4c7-4698-991b-7ee674b11079
8-30-2026 23:47:51-debug:   Number of all scenes: 1
8-30-2026 23:47:51-debug:   Number of all scripts: 42
8-30-2026 23:47:51-debug:   Number of other assets: 486
8-30-2026 23:47:51-debug: Init bundle root assets success..., progress: 0%
8-30-2026 23:47:51-debug: // ---- build task Query asset bundle ---- (6ms)
8-30-2026 23:47:51-debug: [Build Memory track]: Query asset bundle start:244.51MB, end 244.47MB, increase: -32.20KB
8-30-2026 23:47:51-log: run build task Query asset bundle success in 6 ms√, progress: 5%
8-30-2026 23:47:51-debug: Query asset bundle start, progress: 5%
8-30-2026 23:47:51-debug: // ---- build task Query asset bundle ----
8-30-2026 23:47:51-debug: // ---- build task Query asset bundle ---- (4ms)
8-30-2026 23:47:51-log: run build task Query asset bundle success in 4 ms√, progress: 10%
8-30-2026 23:47:51-debug: [Build Memory track]: Query asset bundle start:244.51MB, end 243.93MB, increase: -600.84KB
8-30-2026 23:47:51-debug: Sort some build options to settings.json start, progress: 10%
8-30-2026 23:47:51-debug: // ---- build task Sort some build options to settings.json ----
8-30-2026 23:47:51-debug: // ---- build task Sort some build options to settings.json ---- (2ms)
8-30-2026 23:47:51-log: run build task Sort some build options to settings.json success in 2 ms√, progress: 12%
8-30-2026 23:47:51-debug: [Build Memory track]: Sort some build options to settings.json start:243.96MB, end 244.00MB, increase: 42.17KB
8-30-2026 23:47:51-debug: Fill script data to settings start, progress: 12%
8-30-2026 23:47:51-debug: // ---- build task Fill script data to settings ----
8-30-2026 23:47:51-debug: // ---- build task Fill script data to settings ---- (3ms)
8-30-2026 23:47:51-log: run build task Fill script data to settings success in 3 ms√, progress: 13%
8-30-2026 23:47:51-debug: [Build Memory track]: Fill script data to settings start:244.04MB, end 244.08MB, increase: 35.03KB
8-30-2026 23:47:51-debug: Sort some build options to settings.json start, progress: 13%
8-30-2026 23:47:51-debug: // ---- build task Sort some build options to settings.json ----
8-30-2026 23:47:51-debug: // ---- build task Sort some build options to settings.json ---- (6ms)
8-30-2026 23:47:51-log: run build task Sort some build options to settings.json success in 6 ms√, progress: 15%
8-30-2026 23:47:51-debug: [Build Memory track]: Sort some build options to settings.json start:244.12MB, end 244.25MB, increase: 133.90KB
8-30-2026 23:48:42-debug: refresh db internal success
8-30-2026 23:48:42-debug: refresh db assets success
8-30-2026 23:48:42-debug: Run asset db hook engine-extends:afterRefresh ...
8-30-2026 23:48:42-debug: Run asset db hook engine-extends:afterRefresh success!
8-30-2026 23:48:42-debug: asset-db:refresh-all-database (77ms)
8-30-2026 23:48:42-debug: asset-db:worker-effect-data-processing (2ms)
8-30-2026 23:48:42-debug: asset-db-hook-engine-extends-afterRefresh (2ms)
8-30-2026 23:48:51-debug: refresh db internal success
8-30-2026 23:48:51-debug: refresh db assets success
8-30-2026 23:48:51-debug: Run asset db hook engine-extends:afterRefresh ...
8-30-2026 23:48:51-debug: Run asset db hook engine-extends:afterRefresh success!
8-30-2026 23:48:51-debug: asset-db:refresh-all-database (235ms)
8-30-2026 23:48:51-debug: asset-db:worker-effect-data-processing (2ms)
8-30-2026 23:48:51-debug: asset-db-hook-engine-extends-afterRefresh (3ms)
8-31-2026 00:23:19-debug: refresh db internal success
8-31-2026 00:23:19-debug: refresh db assets success
8-31-2026 00:23:19-debug: Run asset db hook engine-extends:afterRefresh ...
8-31-2026 00:23:19-debug: Run asset db hook engine-extends:afterRefresh success!
8-31-2026 00:23:19-debug: asset-db:refresh-all-database (91ms)
8-31-2026 00:23:19-debug: asset-db:worker-effect-data-processing (13ms)
8-31-2026 00:23:19-debug: asset-db-hook-engine-extends-afterRefresh (13ms)
