8-31-2026 18:48:06-debug: asset-db:require-engine-code (423ms)
8-31-2026 18:48:06-log: Cannot access game frame or container.
8-31-2026 18:48:06-log: meshopt wasm decoder initialized
8-31-2026 18:48:06-log: [bullet]:bullet wasm lib loaded.
8-31-2026 18:48:06-log: [box2d]:box2d wasm lib loaded.
8-31-2026 18:48:06-log: Cocos Creator v3.8.8
8-31-2026 18:48:06-log: Using legacy pipeline
8-31-2026 18:48:06-log: Forward render pipeline initialized.
8-31-2026 18:48:06-debug: [Assets Memory track]: asset-db:worker-init: initEngine start:27.91MB, end 79.23MB, increase: 51.32MB
8-31-2026 18:48:07-debug: [Assets Memory track]: asset-db:worker-init: initPlugin start:79.28MB, end 340.46MB, increase: 261.18MB
8-31-2026 18:48:07-debug: run package(fb-instant-games) handler(enable) start
8-31-2026 18:48:07-debug: run package(fb-instant-games) handler(enable) success!
8-31-2026 18:48:07-debug: run package(google-play) handler(enable) start
8-31-2026 18:48:07-debug: run package(google-play) handler(enable) success!
8-31-2026 18:48:07-debug: run package(harmonyos-next) handler(enable) success!
8-31-2026 18:48:07-debug: run package(honor-mini-game) handler(enable) success!
8-31-2026 18:48:07-debug: run package(honor-mini-game) handler(enable) start
8-31-2026 18:48:07-debug: run package(huawei-agc) handler(enable) success!
8-31-2026 18:48:07-debug: run package(huawei-agc) handler(enable) start
8-31-2026 18:48:07-debug: run package(harmonyos-next) handler(enable) start
8-31-2026 18:48:07-debug: run package(huawei-quick-game) handler(enable) success!
8-31-2026 18:48:07-debug: run package(huawei-quick-game) handler(enable) start
8-31-2026 18:48:07-debug: run package(ios) handler(enable) success!
8-31-2026 18:48:07-debug: run package(linux) handler(enable) success!
8-31-2026 18:48:07-debug: run package(ios) handler(enable) start
8-31-2026 18:48:07-debug: run package(linux) handler(enable) start
8-31-2026 18:48:07-debug: run package(mac) handler(enable) success!
8-31-2026 18:48:07-debug: run package(migu-mini-game) handler(enable) start
8-31-2026 18:48:07-debug: run package(migu-mini-game) handler(enable) success!
8-31-2026 18:48:07-debug: run package(native) handler(enable) start
8-31-2026 18:48:07-debug: run package(native) handler(enable) success!
8-31-2026 18:48:07-debug: run package(mac) handler(enable) start
8-31-2026 18:48:07-debug: run package(ohos) handler(enable) success!
8-31-2026 18:48:07-debug: run package(oppo-mini-game) handler(enable) start
8-31-2026 18:48:07-debug: run package(oppo-mini-game) handler(enable) success!
8-31-2026 18:48:07-debug: run package(ohos) handler(enable) start
8-31-2026 18:48:07-debug: run package(runtime-dev-tools) handler(enable) success!
8-31-2026 18:48:07-debug: run package(runtime-dev-tools) handler(enable) start
8-31-2026 18:48:07-debug: run package(taobao-mini-game) handler(enable) success!
8-31-2026 18:48:07-debug: run package(vivo-mini-game) handler(enable) success!
8-31-2026 18:48:07-debug: run package(taobao-mini-game) handler(enable) start
8-31-2026 18:48:07-debug: run package(web-desktop) handler(enable) start
8-31-2026 18:48:07-debug: run package(web-desktop) handler(enable) success!
8-31-2026 18:48:07-debug: run package(vivo-mini-game) handler(enable) start
8-31-2026 18:48:07-debug: run package(wechatgame) handler(enable) start
8-31-2026 18:48:07-debug: run package(web-mobile) handler(enable) success!
8-31-2026 18:48:07-debug: run package(wechatgame) handler(enable) success!
8-31-2026 18:48:07-debug: run package(wechatprogram) handler(enable) start
8-31-2026 18:48:07-debug: run package(wechatprogram) handler(enable) success!
8-31-2026 18:48:07-debug: run package(web-mobile) handler(enable) start
8-31-2026 18:48:07-debug: run package(xiaomi-quick-game) handler(enable) start
8-31-2026 18:48:07-debug: run package(windows) handler(enable) success!
8-31-2026 18:48:07-debug: run package(windows) handler(enable) start
8-31-2026 18:48:07-debug: run package(xiaomi-quick-game) handler(enable) success!
8-31-2026 18:48:07-debug: run package(cocos-service) handler(enable) success!
8-31-2026 18:48:07-debug: run package(cocos-service) handler(enable) start
8-31-2026 18:48:07-debug: run package(im-plugin) handler(enable) start
8-31-2026 18:48:07-debug: run package(placeholder) handler(enable) start
8-31-2026 18:48:07-debug: run package(im-plugin) handler(enable) success!
8-31-2026 18:48:07-debug: run package(placeholder) handler(enable) success!
8-31-2026 18:48:07-debug: asset-db:worker-init: initPlugin (1193ms)
8-31-2026 18:48:07-debug: [Assets Memory track]: asset-db:worker-init start:27.90MB, end 342.94MB, increase: 315.05MB
8-31-2026 18:48:07-debug: Run asset db hook programming:beforePreStart ...
8-31-2026 18:48:07-debug: Run asset db hook engine-extends:beforePreStart ...
8-31-2026 18:48:07-debug: Run asset db hook engine-extends:beforePreStart success!
8-31-2026 18:48:07-debug: Run asset db hook programming:beforePreStart success!
8-31-2026 18:48:07-debug: asset-db-hook-programming-beforePreStart (53ms)
8-31-2026 18:48:07-debug: asset-db:worker-init (1768ms)
8-31-2026 18:48:07-debug: asset-db-hook-engine-extends-beforePreStart (53ms)
8-31-2026 18:48:07-debug: Preimport db internal success
8-31-2026 18:48:07-debug: Preimport db assets success
8-31-2026 18:48:07-debug: starting packer-driver...
8-31-2026 18:48:07-debug: Run asset db hook programming:afterPreStart ...
8-31-2026 18:48:08-debug: initialize scripting environment...
8-31-2026 18:48:08-debug: [[Executor]] prepare before lock
8-31-2026 18:48:08-debug: Set detail map pack:///resolution-detail-map.json: {}
8-31-2026 18:48:08-debug: [[Executor]] prepare after unlock
8-31-2026 18:48:08-debug: Run asset db hook programming:afterPreStart success!
8-31-2026 18:48:08-debug: Run asset db hook engine-extends:afterPreStart success!
8-31-2026 18:48:08-debug: [Assets Memory track]: asset-db:worker-init: preStart start:342.96MB, end 344.91MB, increase: 1.95MB
8-31-2026 18:48:08-debug: Start up the 'internal' database...
8-31-2026 18:48:08-debug: Run asset db hook engine-extends:afterPreStart ...
8-31-2026 18:48:09-debug: asset-db-hook-programming-afterPreStart (1338ms)
8-31-2026 18:48:09-debug: asset-db:worker-effect-data-processing (205ms)
8-31-2026 18:48:09-debug: asset-db-hook-engine-extends-afterPreStart (206ms)
8-31-2026 18:48:09-debug: Run asset db hook engine-extends:afterStartDB ...
8-31-2026 18:48:09-debug: recompile effect.bin success
8-31-2026 18:48:09-debug: Start up the 'assets' database...
8-31-2026 18:48:09-debug: Run asset db hook engine-extends:afterStartDB success!
8-31-2026 18:48:09-debug: asset-db:worker-effect-data-processing (233ms)
8-31-2026 18:48:09-debug: asset-db-hook-engine-extends-afterStartDB (234ms)
8-31-2026 18:48:09-debug: Run asset db hook engine-extends:afterStartDB ...
8-31-2026 18:48:09-debug: recompile effect.bin success
8-31-2026 18:48:09-debug: Run asset db hook engine-extends:afterStartDB success!
8-31-2026 18:48:09-debug: [Assets Memory track]: asset-db:worker-init: startup start:344.93MB, end 387.32MB, increase: 42.39MB
8-31-2026 18:48:09-debug: lazy register asset handler *
8-31-2026 18:48:09-debug: lazy register asset handler json
8-31-2026 18:48:09-debug: lazy register asset handler text
8-31-2026 18:48:09-debug: lazy register asset handler spine-data
8-31-2026 18:48:09-debug: lazy register asset handler dragonbones-atlas
8-31-2026 18:48:09-debug: lazy register asset handler dragonbones
8-31-2026 18:48:09-debug: lazy register asset handler javascript
8-31-2026 18:48:09-debug: lazy register asset handler terrain
8-31-2026 18:48:09-debug: lazy register asset handler typescript
8-31-2026 18:48:09-debug: lazy register asset handler prefab
8-31-2026 18:48:09-debug: lazy register asset handler sprite-frame
8-31-2026 18:48:09-debug: lazy register asset handler scene
8-31-2026 18:48:09-debug: lazy register asset handler buffer
8-31-2026 18:48:09-debug: lazy register asset handler image
8-31-2026 18:48:09-debug: lazy register asset handler directory
8-31-2026 18:48:09-debug: lazy register asset handler sign-image
8-31-2026 18:48:09-debug: lazy register asset handler alpha-image
8-31-2026 18:48:09-debug: lazy register asset handler texture-cube
8-31-2026 18:48:09-debug: lazy register asset handler erp-texture-cube
8-31-2026 18:48:09-debug: lazy register asset handler texture
8-31-2026 18:48:09-debug: lazy register asset handler render-texture
8-31-2026 18:48:09-debug: lazy register asset handler rt-sprite-frame
8-31-2026 18:48:09-debug: lazy register asset handler tiled-map
8-31-2026 18:48:09-debug: lazy register asset handler texture-cube-face
8-31-2026 18:48:09-debug: lazy register asset handler gltf-animation
8-31-2026 18:48:09-debug: lazy register asset handler gltf
8-31-2026 18:48:09-debug: lazy register asset handler gltf-skeleton
8-31-2026 18:48:09-debug: lazy register asset handler gltf-mesh
8-31-2026 18:48:09-debug: lazy register asset handler gltf-material
8-31-2026 18:48:09-debug: lazy register asset handler gltf-embeded-image
8-31-2026 18:48:09-debug: lazy register asset handler fbx
8-31-2026 18:48:09-debug: lazy register asset handler gltf-scene
8-31-2026 18:48:09-debug: lazy register asset handler physics-material
8-31-2026 18:48:09-debug: lazy register asset handler material
8-31-2026 18:48:09-debug: lazy register asset handler audio-clip
8-31-2026 18:48:09-debug: lazy register asset handler animation-clip
8-31-2026 18:48:09-debug: lazy register asset handler effect-header
8-31-2026 18:48:09-debug: lazy register asset handler animation-graph
8-31-2026 18:48:09-debug: lazy register asset handler animation-graph-variant
8-31-2026 18:48:09-debug: lazy register asset handler ttf-font
8-31-2026 18:48:09-debug: lazy register asset handler animation-mask
8-31-2026 18:48:09-debug: lazy register asset handler effect
8-31-2026 18:48:09-debug: lazy register asset handler bitmap-font
8-31-2026 18:48:09-debug: lazy register asset handler sprite-atlas
8-31-2026 18:48:09-debug: lazy register asset handler particle
8-31-2026 18:48:09-debug: lazy register asset handler auto-atlas
8-31-2026 18:48:09-debug: lazy register asset handler render-stage
8-31-2026 18:48:09-debug: lazy register asset handler render-pipeline
8-31-2026 18:48:09-debug: lazy register asset handler instantiation-material
8-31-2026 18:48:09-debug: lazy register asset handler render-flow
8-31-2026 18:48:09-debug: lazy register asset handler instantiation-skeleton
8-31-2026 18:48:09-debug: lazy register asset handler label-atlas
8-31-2026 18:48:09-debug: lazy register asset handler instantiation-animation
8-31-2026 18:48:09-debug: lazy register asset handler instantiation-mesh
8-31-2026 18:48:09-debug: lazy register asset handler video-clip
8-31-2026 18:48:10-debug: asset-db:worker-effect-data-processing (737ms)
8-31-2026 18:48:10-debug: asset-db:ready (5687ms)
8-31-2026 18:48:10-debug: asset-db-hook-engine-extends-afterStartDB (737ms)
8-31-2026 18:48:10-debug: asset-db:start-database (2454ms)
8-31-2026 18:48:10-debug: init worker message success
8-31-2026 18:48:10-debug: programming:execute-script (3ms)
8-31-2026 18:48:10-debug: [Build Memory track]: builder:worker-init start:382.05MB, end 392.92MB, increase: 10.87MB
8-31-2026 18:48:10-debug: builder:worker-init (234ms)
8-31-2026 18:48:10-debug: Query all assets info in project
8-31-2026 18:48:10-debug: init custom config: keepNodeUuid: false, useCache: true
8-31-2026 18:48:10-debug: Skip compress image, progress: 0%
8-31-2026 18:48:10-debug: Init all bundles start..., progress: 0%
8-31-2026 18:48:10-debug: // ---- build task Query asset bundle ----
8-31-2026 18:48:10-debug: Init bundle root assets start..., progress: 0%
8-31-2026 18:48:10-debug: Num of bundles: 2..., progress: 0%
8-31-2026 18:48:10-debug: Query asset bundle start, progress: 0%
8-31-2026 18:48:10-debug: Query preload assets/scripts from cc.config.json: 60f7195c-ec2a-45eb-ba94-8955f60e81d0,1c02ae6f-4492-4915-b8f8-7492a3b1e4cd,810e96e4-e456-4468-9b59-f4e8f39732c0,efe8e2a3-eace-427b-b4f1-cb8a937ec77d,e9aa9a3e-5b2b-4ac7-a2c7-073de2b2b24f,8bbdbcdd-5cd4-4100-b6d5-b7c9625b6107,50f4348b-c883-4e2f-8f11-ce233b859fa1,fda095cb-831d-4601-ad94-846013963de8,f92806d7-1768-443f-afe8-12bcde84d0f0,dd3a144d-ab7f-41f0-82b8-2e43a090d496,f0416e68-0200-4b77-a926-4f9d16e494da,511d2633-09a7-4bdd-ac42-f778032124b3,5d45aa00-e064-4938-b314-4265f0c2258c,9361fd90-ba52-4f84-aa93-6e878fd576ca,970b0598-bcb0-4714-91fb-2e81440dccd8,bcd64cc6-2dd9-43f6-abbe-66318d332032,d930590d-bb92-4cc8-8bd1-23cd027f9edf,a3cd009f-0ab0-420d-9278-b9fdab939bbc,6a2d0734-bd9e-4ddf-946e-caa52498cb75,d9937e59-61fe-4ec6-92ab-7ac5a19c89b0,d1346436-ac96-4271-b863-1f4fdead95b0,971bdb23-3ff6-43eb-b422-1c30165a3663,17debcc3-0a6b-4b8a-b00b-dc58b885581e,711ebe11-f673-4cd9-9a83-63c60ba54c5b,c0143906-9aed-447e-9436-2ae8512d1b6e,14da1725-c4c2-42b4-ab08-ee0aeb6898b3,081cab31-dccd-428e-8652-f2404cc81c47,78e0584a-4343-4727-8f37-e14e65c2a2db,871c3b6c-7379-419d-bda3-794b239ab90d,ff9b0199-ce04-4cfe-86cc-6c719f08d6e4,de1c2107-70c8-4021-8459-6399f24d01c6,cbf30902-517f-40dc-af90-a550bac27cf1,5c601d96-e4c7-4698-991b-7ee674b11079
8-31-2026 18:48:10-debug:   Number of all scripts: 42
8-31-2026 18:48:10-debug:   Number of other assets: 486
8-31-2026 18:48:10-debug: Init bundle root assets success..., progress: 0%
8-31-2026 18:48:10-debug:   Number of all scenes: 1
8-31-2026 18:48:10-debug: // ---- build task Query asset bundle ---- (5ms)
8-31-2026 18:48:10-log: run build task Query asset bundle success in 5 ms√, progress: 5%
8-31-2026 18:48:10-debug: Query asset bundle start, progress: 5%
8-31-2026 18:48:10-debug: [Build Memory track]: Query asset bundle start:392.21MB, end 393.09MB, increase: 900.94KB
8-31-2026 18:48:10-debug: // ---- build task Query asset bundle ----
8-31-2026 18:48:10-debug: // ---- build task Query asset bundle ---- (3ms)
8-31-2026 18:48:10-log: run build task Query asset bundle success in 3 ms√, progress: 10%
8-31-2026 18:48:10-debug: [Build Memory track]: Query asset bundle start:393.13MB, end 393.30MB, increase: 174.09KB
8-31-2026 18:48:10-debug: Sort some build options to settings.json start, progress: 10%
8-31-2026 18:48:10-debug: // ---- build task Sort some build options to settings.json ----
8-31-2026 18:48:10-debug: // ---- build task Sort some build options to settings.json ---- (1ms)
8-31-2026 18:48:10-log: run build task Sort some build options to settings.json success in 1 ms√, progress: 12%
8-31-2026 18:48:10-debug: [Build Memory track]: Sort some build options to settings.json start:393.35MB, end 393.40MB, increase: 49.44KB
8-31-2026 18:48:10-debug: // ---- build task Fill script data to settings ----
8-31-2026 18:48:10-debug: Fill script data to settings start, progress: 12%
8-31-2026 18:48:10-debug: // ---- build task Fill script data to settings ---- (1ms)
8-31-2026 18:48:10-log: run build task Fill script data to settings success in 1 ms√, progress: 13%
8-31-2026 18:48:10-debug: [Build Memory track]: Fill script data to settings start:393.44MB, end 393.48MB, increase: 36.20KB
8-31-2026 18:48:10-debug: Sort some build options to settings.json start, progress: 13%
8-31-2026 18:48:10-debug: // ---- build task Sort some build options to settings.json ----
8-31-2026 18:48:10-debug: // ---- build task Sort some build options to settings.json ---- (3ms)
8-31-2026 18:48:10-log: run build task Sort some build options to settings.json success in 3 ms√, progress: 15%
8-31-2026 18:48:10-debug: [Build Memory track]: Sort some build options to settings.json start:393.52MB, end 393.67MB, increase: 158.84KB
8-31-2026 18:48:11-debug: Query all assets info in project
8-31-2026 18:48:11-debug: init custom config: keepNodeUuid: false, useCache: true
8-31-2026 18:48:11-debug: Skip compress image, progress: 0%
8-31-2026 18:48:11-debug: Init all bundles start..., progress: 0%
8-31-2026 18:48:11-debug: Query asset bundle start, progress: 0%
8-31-2026 18:48:11-debug: Num of bundles: 2..., progress: 0%
8-31-2026 18:48:11-debug: Init bundle root assets start..., progress: 0%
8-31-2026 18:48:11-debug: // ---- build task Query asset bundle ----
8-31-2026 18:48:11-debug: Query preload assets/scripts from cc.config.json: 60f7195c-ec2a-45eb-ba94-8955f60e81d0,1c02ae6f-4492-4915-b8f8-7492a3b1e4cd,810e96e4-e456-4468-9b59-f4e8f39732c0,efe8e2a3-eace-427b-b4f1-cb8a937ec77d,e9aa9a3e-5b2b-4ac7-a2c7-073de2b2b24f,8bbdbcdd-5cd4-4100-b6d5-b7c9625b6107,50f4348b-c883-4e2f-8f11-ce233b859fa1,fda095cb-831d-4601-ad94-846013963de8,f92806d7-1768-443f-afe8-12bcde84d0f0,dd3a144d-ab7f-41f0-82b8-2e43a090d496,f0416e68-0200-4b77-a926-4f9d16e494da,511d2633-09a7-4bdd-ac42-f778032124b3,5d45aa00-e064-4938-b314-4265f0c2258c,9361fd90-ba52-4f84-aa93-6e878fd576ca,970b0598-bcb0-4714-91fb-2e81440dccd8,bcd64cc6-2dd9-43f6-abbe-66318d332032,d930590d-bb92-4cc8-8bd1-23cd027f9edf,a3cd009f-0ab0-420d-9278-b9fdab939bbc,6a2d0734-bd9e-4ddf-946e-caa52498cb75,d9937e59-61fe-4ec6-92ab-7ac5a19c89b0,d1346436-ac96-4271-b863-1f4fdead95b0,971bdb23-3ff6-43eb-b422-1c30165a3663,17debcc3-0a6b-4b8a-b00b-dc58b885581e,711ebe11-f673-4cd9-9a83-63c60ba54c5b,c0143906-9aed-447e-9436-2ae8512d1b6e,14da1725-c4c2-42b4-ab08-ee0aeb6898b3,081cab31-dccd-428e-8652-f2404cc81c47,78e0584a-4343-4727-8f37-e14e65c2a2db,871c3b6c-7379-419d-bda3-794b239ab90d,ff9b0199-ce04-4cfe-86cc-6c719f08d6e4,de1c2107-70c8-4021-8459-6399f24d01c6,cbf30902-517f-40dc-af90-a550bac27cf1,5c601d96-e4c7-4698-991b-7ee674b11079
8-31-2026 18:48:11-debug:   Number of all scenes: 1
8-31-2026 18:48:11-debug:   Number of other assets: 486
8-31-2026 18:48:11-debug:   Number of all scripts: 42
8-31-2026 18:48:11-debug: Init bundle root assets success..., progress: 0%
8-31-2026 18:48:11-debug: // ---- build task Query asset bundle ---- (5ms)
8-31-2026 18:48:11-log: run build task Query asset bundle success in 5 ms√, progress: 5%
8-31-2026 18:48:11-debug: [Build Memory track]: Query asset bundle start:395.45MB, end 396.21MB, increase: 777.52KB
8-31-2026 18:48:11-debug: Query asset bundle start, progress: 5%
8-31-2026 18:48:11-debug: // ---- build task Query asset bundle ----
8-31-2026 18:48:11-debug: // ---- build task Query asset bundle ---- (2ms)
8-31-2026 18:48:11-log: run build task Query asset bundle success in 2 ms√, progress: 10%
8-31-2026 18:48:11-debug: // ---- build task Sort some build options to settings.json ----
8-31-2026 18:48:11-debug: Sort some build options to settings.json start, progress: 10%
8-31-2026 18:48:11-debug: [Build Memory track]: Query asset bundle start:396.25MB, end 396.40MB, increase: 150.61KB
8-31-2026 18:48:11-debug: // ---- build task Sort some build options to settings.json ---- (1ms)
8-31-2026 18:48:11-log: run build task Sort some build options to settings.json success in 1 ms√, progress: 12%
8-31-2026 18:48:11-debug: // ---- build task Fill script data to settings ----
8-31-2026 18:48:11-debug: [Build Memory track]: Sort some build options to settings.json start:396.45MB, end 396.49MB, increase: 34.82KB
8-31-2026 18:48:11-debug: Fill script data to settings start, progress: 12%
8-31-2026 18:48:11-debug: // ---- build task Fill script data to settings ---- (1ms)
8-31-2026 18:48:11-log: run build task Fill script data to settings success in 1 ms√, progress: 13%
8-31-2026 18:48:11-debug: [Build Memory track]: Fill script data to settings start:396.53MB, end 396.57MB, increase: 40.64KB
8-31-2026 18:48:11-debug: Sort some build options to settings.json start, progress: 13%
8-31-2026 18:48:11-debug: // ---- build task Sort some build options to settings.json ----
8-31-2026 18:48:11-debug: // ---- build task Sort some build options to settings.json ---- (5ms)
8-31-2026 18:48:11-log: run build task Sort some build options to settings.json success in 5 ms√, progress: 15%
8-31-2026 18:48:11-debug: [Build Memory track]: Sort some build options to settings.json start:396.61MB, end 396.77MB, increase: 157.96KB
