9-11-2026 11:25:34-log: Cannot access game frame or container.
9-11-2026 11:25:34-debug: asset-db:require-engine-code (466ms)
9-11-2026 11:25:34-log: meshopt wasm decoder initialized
9-11-2026 11:25:34-log: [bullet]:bullet wasm lib loaded.
9-11-2026 11:25:34-log: [box2d]:box2d wasm lib loaded.
9-11-2026 11:25:34-log: Cocos Creator v3.8.8
9-11-2026 11:25:34-log: Using legacy pipeline
9-11-2026 11:25:34-debug: [Assets Memory track]: asset-db:worker-init: initEngine start:27.90MB, end 79.53MB, increase: 51.63MB
9-11-2026 11:25:34-log: Forward render pipeline initialized.
9-11-2026 11:25:36-debug: [Assets Memory track]: asset-db:worker-init: initPlugin start:79.57MB, end 341.21MB, increase: 261.64MB
9-11-2026 11:25:36-debug: run package(mac) handler(enable) start
9-11-2026 11:25:36-debug: run package(mac) handler(enable) success!
9-11-2026 11:25:36-debug: run package(migu-mini-game) handler(enable) start
9-11-2026 11:25:36-debug: run package(migu-mini-game) handler(enable) success!
9-11-2026 11:25:36-debug: run package(native) handler(enable) success!
9-11-2026 11:25:36-debug: run package(native) handler(enable) start
9-11-2026 11:25:36-debug: run package(ohos) handler(enable) start
9-11-2026 11:25:36-debug: run package(ohos) handler(enable) success!
9-11-2026 11:25:36-debug: run package(oppo-mini-game) handler(enable) start
9-11-2026 11:25:36-debug: run package(runtime-dev-tools) handler(enable) start
9-11-2026 11:25:36-debug: run package(runtime-dev-tools) handler(enable) success!
9-11-2026 11:25:36-debug: run package(taobao-mini-game) handler(enable) success!
9-11-2026 11:25:36-debug: run package(vivo-mini-game) handler(enable) start
9-11-2026 11:25:36-debug: run package(oppo-mini-game) handler(enable) success!
9-11-2026 11:25:36-debug: run package(taobao-mini-game) handler(enable) start
9-11-2026 11:25:36-debug: run package(vivo-mini-game) handler(enable) success!
9-11-2026 11:25:36-debug: run package(web-desktop) handler(enable) start
9-11-2026 11:25:36-debug: run package(web-desktop) handler(enable) success!
9-11-2026 11:25:36-debug: run package(web-mobile) handler(enable) start
9-11-2026 11:25:36-debug: run package(web-mobile) handler(enable) success!
9-11-2026 11:25:36-debug: run package(wechatgame) handler(enable) success!
9-11-2026 11:25:36-debug: run package(wechatprogram) handler(enable) start
9-11-2026 11:25:36-debug: run package(windows) handler(enable) start
9-11-2026 11:25:36-debug: run package(wechatprogram) handler(enable) success!
9-11-2026 11:25:36-debug: run package(xiaomi-quick-game) handler(enable) start
9-11-2026 11:25:36-debug: run package(xiaomi-quick-game) handler(enable) success!
9-11-2026 11:25:36-debug: run package(wechatgame) handler(enable) start
9-11-2026 11:25:36-debug: run package(windows) handler(enable) success!
9-11-2026 11:25:36-debug: run package(cocos-service) handler(enable) success!
9-11-2026 11:25:36-debug: run package(im-plugin) handler(enable) start
9-11-2026 11:25:36-debug: run package(cocos-service) handler(enable) start
9-11-2026 11:25:36-debug: run package(im-plugin) handler(enable) success!
9-11-2026 11:25:36-debug: run package(placeholder) handler(enable) success!
9-11-2026 11:25:36-debug: run package(placeholder) handler(enable) start
9-11-2026 11:25:36-debug: asset-db:worker-init: initPlugin (1449ms)
9-11-2026 11:25:36-debug: [Assets Memory track]: asset-db:worker-init start:27.89MB, end 342.39MB, increase: 314.50MB
9-11-2026 11:25:36-debug: Run asset db hook engine-extends:beforePreStart ...
9-11-2026 11:25:36-debug: Run asset db hook programming:beforePreStart success!
9-11-2026 11:25:36-debug: Run asset db hook engine-extends:beforePreStart success!
9-11-2026 11:25:36-debug: Run asset db hook programming:beforePreStart ...
9-11-2026 11:25:37-debug: asset-db:worker-init (3415ms)
9-11-2026 11:25:37-debug: asset-db-hook-programming-beforePreStart (1364ms)
9-11-2026 11:25:37-debug: asset-db-hook-engine-extends-beforePreStart (1363ms)
9-11-2026 11:25:37-debug: Preimport db internal success
9-11-2026 11:25:38-debug: %cImport%c: D:\Works\Github\BattleGame\assets\scripts\BattleTelemetry.tsbackground: #aaff85; color: #000;color: #000;
9-11-2026 11:25:38-debug: %cImport%c: D:\Works\Github\BattleGame\assets\scripts\BattleWave.tsbackground: #aaff85; color: #000;color: #000;
9-11-2026 11:25:38-debug: %cImport%c: D:\Works\Github\BattleGame\assets\scripts\GameManager.tsbackground: #aaff85; color: #000;color: #000;
9-11-2026 11:25:38-debug: %cImport%c: D:\Works\Github\BattleGame\assets\scripts\Unit.tsbackground: #aaff85; color: #000;color: #000;
9-11-2026 11:25:38-debug: Preimport db assets success
9-11-2026 11:25:38-debug: Run asset db hook programming:afterPreStart ...
9-11-2026 11:25:38-debug: starting packer-driver...
9-11-2026 11:25:42-debug: initialize scripting environment...
9-11-2026 11:25:42-debug: [[Executor]] prepare before lock
9-11-2026 11:25:42-debug: Set detail map pack:///resolution-detail-map.json: {}
9-11-2026 11:25:42-debug: Run asset db hook engine-extends:afterPreStart ...
9-11-2026 11:25:42-debug: Run asset db hook programming:afterPreStart success!
9-11-2026 11:25:42-debug: Run asset db hook engine-extends:afterPreStart success!
9-11-2026 11:25:42-debug: Start up the 'internal' database...
9-11-2026 11:25:42-debug: [[Executor]] prepare after unlock
9-11-2026 11:25:42-debug: asset-db:worker-effect-data-processing (746ms)
9-11-2026 11:25:42-debug: asset-db-hook-programming-afterPreStart (4810ms)
9-11-2026 11:25:42-debug: asset-db-hook-engine-extends-afterPreStart (746ms)
9-11-2026 11:25:43-debug: Run asset db hook engine-extends:afterStartDB ...
9-11-2026 11:25:43-debug: recompile effect.bin success
9-11-2026 11:25:43-debug: Run asset db hook engine-extends:afterStartDB success!
9-11-2026 11:25:43-debug: Start up the 'assets' database...
9-11-2026 11:25:43-debug: asset-db:worker-effect-data-processing (935ms)
9-11-2026 11:25:43-debug: asset-db-hook-engine-extends-afterStartDB (935ms)
9-11-2026 11:25:43-debug: Run asset db hook engine-extends:afterStartDB ...
9-11-2026 11:25:44-debug: recompile effect.bin success
9-11-2026 11:25:44-debug: Run asset db hook engine-extends:afterStartDB success!
9-11-2026 11:25:44-debug: [Assets Memory track]: asset-db:worker-init: startup start:199.47MB, end 215.35MB, increase: 15.88MB
9-11-2026 11:25:44-debug: lazy register asset handler text
9-11-2026 11:25:44-debug: lazy register asset handler directory
9-11-2026 11:25:44-debug: lazy register asset handler spine-data
9-11-2026 11:25:44-debug: lazy register asset handler dragonbones
9-11-2026 11:25:44-debug: lazy register asset handler json
9-11-2026 11:25:44-debug: lazy register asset handler dragonbones-atlas
9-11-2026 11:25:44-debug: lazy register asset handler javascript
9-11-2026 11:25:44-debug: lazy register asset handler terrain
9-11-2026 11:25:44-debug: lazy register asset handler typescript
9-11-2026 11:25:44-debug: lazy register asset handler prefab
9-11-2026 11:25:44-debug: lazy register asset handler *
9-11-2026 11:25:44-debug: lazy register asset handler scene
9-11-2026 11:25:44-debug: lazy register asset handler sprite-frame
9-11-2026 11:25:44-debug: lazy register asset handler image
9-11-2026 11:25:44-debug: lazy register asset handler tiled-map
9-11-2026 11:25:44-debug: lazy register asset handler sign-image
9-11-2026 11:25:44-debug: lazy register asset handler alpha-image
9-11-2026 11:25:44-debug: lazy register asset handler texture-cube
9-11-2026 11:25:44-debug: lazy register asset handler texture
9-11-2026 11:25:44-debug: lazy register asset handler erp-texture-cube
9-11-2026 11:25:44-debug: lazy register asset handler texture-cube-face
9-11-2026 11:25:44-debug: lazy register asset handler render-texture
9-11-2026 11:25:44-debug: lazy register asset handler rt-sprite-frame
9-11-2026 11:25:44-debug: lazy register asset handler gltf-mesh
9-11-2026 11:25:44-debug: lazy register asset handler gltf
9-11-2026 11:25:44-debug: lazy register asset handler buffer
9-11-2026 11:25:44-debug: lazy register asset handler gltf-animation
9-11-2026 11:25:44-debug: lazy register asset handler gltf-scene
9-11-2026 11:25:44-debug: lazy register asset handler gltf-skeleton
9-11-2026 11:25:44-debug: lazy register asset handler gltf-material
9-11-2026 11:25:44-debug: lazy register asset handler gltf-embeded-image
9-11-2026 11:25:44-debug: lazy register asset handler fbx
9-11-2026 11:25:44-debug: lazy register asset handler material
9-11-2026 11:25:44-debug: lazy register asset handler physics-material
9-11-2026 11:25:44-debug: lazy register asset handler effect-header
9-11-2026 11:25:44-debug: lazy register asset handler audio-clip
9-11-2026 11:25:44-debug: lazy register asset handler animation-clip
9-11-2026 11:25:44-debug: lazy register asset handler effect
9-11-2026 11:25:44-debug: lazy register asset handler animation-graph-variant
9-11-2026 11:25:44-debug: lazy register asset handler animation-graph
9-11-2026 11:25:44-debug: lazy register asset handler bitmap-font
9-11-2026 11:25:44-debug: lazy register asset handler animation-mask
9-11-2026 11:25:44-debug: lazy register asset handler particle
9-11-2026 11:25:44-debug: lazy register asset handler sprite-atlas
9-11-2026 11:25:44-debug: lazy register asset handler ttf-font
9-11-2026 11:25:44-debug: lazy register asset handler auto-atlas
9-11-2026 11:25:44-debug: lazy register asset handler render-pipeline
9-11-2026 11:25:44-debug: lazy register asset handler render-stage
9-11-2026 11:25:44-debug: lazy register asset handler instantiation-material
9-11-2026 11:25:44-debug: lazy register asset handler label-atlas
9-11-2026 11:25:44-debug: lazy register asset handler render-flow
9-11-2026 11:25:44-debug: lazy register asset handler instantiation-mesh
9-11-2026 11:25:44-debug: lazy register asset handler instantiation-skeleton
9-11-2026 11:25:44-debug: lazy register asset handler instantiation-animation
9-11-2026 11:25:44-debug: lazy register asset handler video-clip
9-11-2026 11:25:44-debug: asset-db:worker-effect-data-processing (198ms)
9-11-2026 11:25:44-debug: asset-db-hook-engine-extends-afterStartDB (199ms)
9-11-2026 11:25:44-debug: asset-db:start-database (8155ms)
9-11-2026 11:25:44-debug: asset-db:ready (12245ms)
9-11-2026 11:25:44-debug: init worker message success
9-11-2026 11:25:44-debug: programming:execute-script (4ms)
9-11-2026 11:25:44-debug: [Build Memory track]: builder:worker-init start:219.49MB, end 227.41MB, increase: 7.92MB
9-11-2026 11:25:44-debug: builder:worker-init (220ms)
9-11-2026 11:27:22-debug: Query all assets info in project
9-11-2026 11:27:22-debug: init custom config: keepNodeUuid: false, useCache: true
9-11-2026 11:27:22-debug: Skip compress image, progress: 0%
9-11-2026 11:27:22-debug: Init all bundles start..., progress: 0%
9-11-2026 11:27:22-debug: Num of bundles: 2..., progress: 0%
9-11-2026 11:27:22-debug: Query asset bundle start, progress: 0%
9-11-2026 11:27:22-debug: // ---- build task Query asset bundle ----
9-11-2026 11:27:22-debug: Init bundle root assets start..., progress: 0%
9-11-2026 11:27:22-debug: Query preload assets/scripts from cc.config.json: 60f7195c-ec2a-45eb-ba94-8955f60e81d0,1c02ae6f-4492-4915-b8f8-7492a3b1e4cd,810e96e4-e456-4468-9b59-f4e8f39732c0,efe8e2a3-eace-427b-b4f1-cb8a937ec77d,e9aa9a3e-5b2b-4ac7-a2c7-073de2b2b24f,8bbdbcdd-5cd4-4100-b6d5-b7c9625b6107,50f4348b-c883-4e2f-8f11-ce233b859fa1,fda095cb-831d-4601-ad94-846013963de8,f92806d7-1768-443f-afe8-12bcde84d0f0,dd3a144d-ab7f-41f0-82b8-2e43a090d496,f0416e68-0200-4b77-a926-4f9d16e494da,511d2633-09a7-4bdd-ac42-f778032124b3,5d45aa00-e064-4938-b314-4265f0c2258c,9361fd90-ba52-4f84-aa93-6e878fd576ca,970b0598-bcb0-4714-91fb-2e81440dccd8,bcd64cc6-2dd9-43f6-abbe-66318d332032,d930590d-bb92-4cc8-8bd1-23cd027f9edf,a3cd009f-0ab0-420d-9278-b9fdab939bbc,6a2d0734-bd9e-4ddf-946e-caa52498cb75,d9937e59-61fe-4ec6-92ab-7ac5a19c89b0,d1346436-ac96-4271-b863-1f4fdead95b0,971bdb23-3ff6-43eb-b422-1c30165a3663,17debcc3-0a6b-4b8a-b00b-dc58b885581e,711ebe11-f673-4cd9-9a83-63c60ba54c5b,c0143906-9aed-447e-9436-2ae8512d1b6e,14da1725-c4c2-42b4-ab08-ee0aeb6898b3,081cab31-dccd-428e-8652-f2404cc81c47,78e0584a-4343-4727-8f37-e14e65c2a2db,871c3b6c-7379-419d-bda3-794b239ab90d,ff9b0199-ce04-4cfe-86cc-6c719f08d6e4,de1c2107-70c8-4021-8459-6399f24d01c6,cbf30902-517f-40dc-af90-a550bac27cf1,5c601d96-e4c7-4698-991b-7ee674b11079
9-11-2026 11:27:22-debug:   Number of all scenes: 1
9-11-2026 11:27:22-debug:   Number of other assets: 486
9-11-2026 11:27:22-debug: Init bundle root assets success..., progress: 0%
9-11-2026 11:27:22-debug:   Number of all scripts: 42
9-11-2026 11:27:22-debug: // ---- build task Query asset bundle ---- (5ms)
9-11-2026 11:27:22-log: run build task Query asset bundle success in 5 ms√, progress: 5%
9-11-2026 11:27:22-debug: Query asset bundle start, progress: 5%
9-11-2026 11:27:22-debug: [Build Memory track]: Query asset bundle start:221.58MB, end 221.59MB, increase: 14.95KB
9-11-2026 11:27:22-debug: // ---- build task Query asset bundle ----
9-11-2026 11:27:22-debug: // ---- build task Query asset bundle ---- (3ms)
9-11-2026 11:27:22-log: run build task Query asset bundle success in 3 ms√, progress: 10%
9-11-2026 11:27:22-debug: // ---- build task Sort some build options to settings.json ----
9-11-2026 11:27:22-debug: Sort some build options to settings.json start, progress: 10%
9-11-2026 11:27:22-debug: [Build Memory track]: Query asset bundle start:221.63MB, end 221.80MB, increase: 169.80KB
9-11-2026 11:27:22-log: run build task Sort some build options to settings.json success in √, progress: 12%
9-11-2026 11:27:22-debug: [Build Memory track]: Sort some build options to settings.json start:221.85MB, end 221.87MB, increase: 25.05KB
9-11-2026 11:27:22-debug: // ---- build task Fill script data to settings ----
9-11-2026 11:27:22-debug: Fill script data to settings start, progress: 12%
9-11-2026 11:27:22-log: run build task Fill script data to settings success in √, progress: 13%
9-11-2026 11:27:22-debug: [Build Memory track]: Fill script data to settings start:221.91MB, end 221.93MB, increase: 20.18KB
9-11-2026 11:27:22-debug: Sort some build options to settings.json start, progress: 13%
9-11-2026 11:27:22-debug: // ---- build task Sort some build options to settings.json ----
9-11-2026 11:27:22-debug: // ---- build task Sort some build options to settings.json ---- (4ms)
9-11-2026 11:27:22-log: run build task Sort some build options to settings.json success in 4 ms√, progress: 15%
9-11-2026 11:27:22-debug: [Build Memory track]: Sort some build options to settings.json start:221.97MB, end 222.12MB, increase: 150.66KB
9-11-2026 11:27:28-debug: Query all assets info in project
9-11-2026 11:27:28-debug: Skip compress image, progress: 0%
9-11-2026 11:27:28-debug: init custom config: keepNodeUuid: false, useCache: true
9-11-2026 11:27:28-debug: Init all bundles start..., progress: 0%
9-11-2026 11:27:28-debug: Num of bundles: 2..., progress: 0%
9-11-2026 11:27:28-debug: // ---- build task Query asset bundle ----
9-11-2026 11:27:28-debug: Init bundle root assets start..., progress: 0%
9-11-2026 11:27:28-debug: Query asset bundle start, progress: 0%
9-11-2026 11:27:28-debug: Query preload assets/scripts from cc.config.json: 60f7195c-ec2a-45eb-ba94-8955f60e81d0,1c02ae6f-4492-4915-b8f8-7492a3b1e4cd,810e96e4-e456-4468-9b59-f4e8f39732c0,efe8e2a3-eace-427b-b4f1-cb8a937ec77d,e9aa9a3e-5b2b-4ac7-a2c7-073de2b2b24f,8bbdbcdd-5cd4-4100-b6d5-b7c9625b6107,50f4348b-c883-4e2f-8f11-ce233b859fa1,fda095cb-831d-4601-ad94-846013963de8,f92806d7-1768-443f-afe8-12bcde84d0f0,dd3a144d-ab7f-41f0-82b8-2e43a090d496,f0416e68-0200-4b77-a926-4f9d16e494da,511d2633-09a7-4bdd-ac42-f778032124b3,5d45aa00-e064-4938-b314-4265f0c2258c,9361fd90-ba52-4f84-aa93-6e878fd576ca,970b0598-bcb0-4714-91fb-2e81440dccd8,bcd64cc6-2dd9-43f6-abbe-66318d332032,d930590d-bb92-4cc8-8bd1-23cd027f9edf,a3cd009f-0ab0-420d-9278-b9fdab939bbc,6a2d0734-bd9e-4ddf-946e-caa52498cb75,d9937e59-61fe-4ec6-92ab-7ac5a19c89b0,d1346436-ac96-4271-b863-1f4fdead95b0,971bdb23-3ff6-43eb-b422-1c30165a3663,17debcc3-0a6b-4b8a-b00b-dc58b885581e,711ebe11-f673-4cd9-9a83-63c60ba54c5b,c0143906-9aed-447e-9436-2ae8512d1b6e,14da1725-c4c2-42b4-ab08-ee0aeb6898b3,081cab31-dccd-428e-8652-f2404cc81c47,78e0584a-4343-4727-8f37-e14e65c2a2db,871c3b6c-7379-419d-bda3-794b239ab90d,ff9b0199-ce04-4cfe-86cc-6c719f08d6e4,de1c2107-70c8-4021-8459-6399f24d01c6,cbf30902-517f-40dc-af90-a550bac27cf1,5c601d96-e4c7-4698-991b-7ee674b11079
9-11-2026 11:27:28-debug:   Number of all scripts: 42
9-11-2026 11:27:28-debug:   Number of other assets: 486
9-11-2026 11:27:28-debug: Init bundle root assets success..., progress: 0%
9-11-2026 11:27:28-debug:   Number of all scenes: 1
9-11-2026 11:27:28-debug: // ---- build task Query asset bundle ---- (5ms)
9-11-2026 11:27:28-log: run build task Query asset bundle success in 5 ms√, progress: 5%
9-11-2026 11:27:28-debug: [Build Memory track]: Query asset bundle start:222.12MB, end 221.96MB, increase: -157.07KB
9-11-2026 11:27:28-debug: // ---- build task Query asset bundle ----
9-11-2026 11:27:28-debug: Query asset bundle start, progress: 5%
9-11-2026 11:27:28-debug: // ---- build task Query asset bundle ---- (2ms)
9-11-2026 11:27:28-log: run build task Query asset bundle success in 2 ms√, progress: 10%
9-11-2026 11:27:28-debug: Sort some build options to settings.json start, progress: 10%
9-11-2026 11:27:28-debug: [Build Memory track]: Query asset bundle start:222.00MB, end 222.16MB, increase: 159.27KB
9-11-2026 11:27:28-debug: // ---- build task Sort some build options to settings.json ----
9-11-2026 11:27:28-debug: // ---- build task Sort some build options to settings.json ---- (1ms)
9-11-2026 11:27:28-log: run build task Sort some build options to settings.json success in 1 ms√, progress: 12%
9-11-2026 11:27:28-debug: Fill script data to settings start, progress: 12%
9-11-2026 11:27:28-debug: [Build Memory track]: Sort some build options to settings.json start:222.21MB, end 222.24MB, increase: 33.96KB
9-11-2026 11:27:28-debug: // ---- build task Fill script data to settings ----
9-11-2026 11:27:28-debug: // ---- build task Fill script data to settings ---- (2ms)
9-11-2026 11:27:28-log: run build task Fill script data to settings success in 2 ms√, progress: 13%
9-11-2026 11:27:28-debug: [Build Memory track]: Fill script data to settings start:222.28MB, end 222.32MB, increase: 37.58KB
9-11-2026 11:27:28-debug: // ---- build task Sort some build options to settings.json ----
9-11-2026 11:27:28-debug: Sort some build options to settings.json start, progress: 13%
9-11-2026 11:27:28-debug: // ---- build task Sort some build options to settings.json ---- (3ms)
9-11-2026 11:27:28-log: run build task Sort some build options to settings.json success in 3 ms√, progress: 15%
9-11-2026 11:27:28-debug: [Build Memory track]: Sort some build options to settings.json start:222.35MB, end 221.80MB, increase: -564.55KB
9-11-2026 11:27:30-debug: refresh db internal success
9-11-2026 11:27:30-debug: refresh db assets success
9-11-2026 11:27:30-debug: Run asset db hook engine-extends:afterRefresh ...
9-11-2026 11:27:30-debug: Run asset db hook engine-extends:afterRefresh success!
9-11-2026 11:27:30-debug: asset-db:refresh-all-database (81ms)
9-11-2026 11:27:30-debug: asset-db:worker-effect-data-processing (1ms)
9-11-2026 11:27:30-debug: asset-db-hook-engine-extends-afterRefresh (1ms)
9-11-2026 13:47:40-debug: refresh db internal success
9-11-2026 13:47:40-debug: %cImport%c: D:\Works\Github\BattleGame\assets\scripts\BattleTelemetry.tsbackground: #aaff85; color: #000;color: #000;
9-11-2026 13:47:40-debug: %cImport%c: D:\Works\Github\BattleGame\assets\scripts\GameManager.tsbackground: #aaff85; color: #000;color: #000;
9-11-2026 13:47:40-debug: %cImport%c: D:\Works\Github\BattleGame\assets\scripts\Unit.tsbackground: #aaff85; color: #000;color: #000;
9-11-2026 13:47:40-debug: refresh db assets success
9-11-2026 13:47:40-debug: Run asset db hook engine-extends:afterRefresh ...
9-11-2026 13:47:40-debug: Run asset db hook engine-extends:afterRefresh success!
9-11-2026 13:47:40-debug: asset-db:refresh-all-database (56ms)
9-11-2026 13:47:40-debug: asset-db:worker-effect-data-processing (1ms)
9-11-2026 13:47:40-debug: asset-db-hook-engine-extends-afterRefresh (1ms)
9-11-2026 13:47:44-debug: Query all assets info in project
9-11-2026 13:47:44-debug: init custom config: keepNodeUuid: false, useCache: true
9-11-2026 13:47:44-debug: Skip compress image, progress: 0%
9-11-2026 13:47:44-debug: Init all bundles start..., progress: 0%
9-11-2026 13:47:44-debug: Num of bundles: 2..., progress: 0%
9-11-2026 13:47:44-debug: Query asset bundle start, progress: 0%
9-11-2026 13:47:44-debug: // ---- build task Query asset bundle ----
9-11-2026 13:47:44-debug: Init bundle root assets start..., progress: 0%
9-11-2026 13:47:44-debug: Query preload assets/scripts from cc.config.json: 60f7195c-ec2a-45eb-ba94-8955f60e81d0,1c02ae6f-4492-4915-b8f8-7492a3b1e4cd,810e96e4-e456-4468-9b59-f4e8f39732c0,efe8e2a3-eace-427b-b4f1-cb8a937ec77d,e9aa9a3e-5b2b-4ac7-a2c7-073de2b2b24f,8bbdbcdd-5cd4-4100-b6d5-b7c9625b6107,50f4348b-c883-4e2f-8f11-ce233b859fa1,fda095cb-831d-4601-ad94-846013963de8,f92806d7-1768-443f-afe8-12bcde84d0f0,dd3a144d-ab7f-41f0-82b8-2e43a090d496,f0416e68-0200-4b77-a926-4f9d16e494da,511d2633-09a7-4bdd-ac42-f778032124b3,5d45aa00-e064-4938-b314-4265f0c2258c,9361fd90-ba52-4f84-aa93-6e878fd576ca,970b0598-bcb0-4714-91fb-2e81440dccd8,bcd64cc6-2dd9-43f6-abbe-66318d332032,d930590d-bb92-4cc8-8bd1-23cd027f9edf,a3cd009f-0ab0-420d-9278-b9fdab939bbc,6a2d0734-bd9e-4ddf-946e-caa52498cb75,d9937e59-61fe-4ec6-92ab-7ac5a19c89b0,d1346436-ac96-4271-b863-1f4fdead95b0,971bdb23-3ff6-43eb-b422-1c30165a3663,17debcc3-0a6b-4b8a-b00b-dc58b885581e,711ebe11-f673-4cd9-9a83-63c60ba54c5b,c0143906-9aed-447e-9436-2ae8512d1b6e,14da1725-c4c2-42b4-ab08-ee0aeb6898b3,081cab31-dccd-428e-8652-f2404cc81c47,78e0584a-4343-4727-8f37-e14e65c2a2db,871c3b6c-7379-419d-bda3-794b239ab90d,ff9b0199-ce04-4cfe-86cc-6c719f08d6e4,de1c2107-70c8-4021-8459-6399f24d01c6,cbf30902-517f-40dc-af90-a550bac27cf1,5c601d96-e4c7-4698-991b-7ee674b11079
9-11-2026 13:47:44-debug:   Number of all scripts: 42
9-11-2026 13:47:44-debug:   Number of other assets: 486
9-11-2026 13:47:44-debug: Init bundle root assets success..., progress: 0%
9-11-2026 13:47:44-debug:   Number of all scenes: 1
9-11-2026 13:47:44-debug: // ---- build task Query asset bundle ---- (10ms)
9-11-2026 13:47:44-log: run build task Query asset bundle success in 10 ms√, progress: 5%
9-11-2026 13:47:44-debug: [Build Memory track]: Query asset bundle start:225.31MB, end 225.21MB, increase: -98.42KB
9-11-2026 13:47:44-debug: Query asset bundle start, progress: 5%
9-11-2026 13:47:44-debug: // ---- build task Query asset bundle ----
9-11-2026 13:47:44-debug: // ---- build task Query asset bundle ---- (5ms)
9-11-2026 13:47:44-debug: [Build Memory track]: Query asset bundle start:225.26MB, end 225.41MB, increase: 146.76KB
9-11-2026 13:47:44-log: run build task Query asset bundle success in 5 ms√, progress: 10%
9-11-2026 13:47:44-debug: // ---- build task Sort some build options to settings.json ----
9-11-2026 13:47:44-debug: Sort some build options to settings.json start, progress: 10%
9-11-2026 13:47:44-debug: // ---- build task Sort some build options to settings.json ---- (1ms)
9-11-2026 13:47:44-debug: Fill script data to settings start, progress: 12%
9-11-2026 13:47:44-log: run build task Sort some build options to settings.json success in 1 ms√, progress: 12%
9-11-2026 13:47:44-debug: [Build Memory track]: Sort some build options to settings.json start:226.21MB, end 225.48MB, increase: -750.24KB
9-11-2026 13:47:44-debug: // ---- build task Fill script data to settings ----
9-11-2026 13:47:44-debug: // ---- build task Fill script data to settings ---- (1ms)
9-11-2026 13:47:44-log: run build task Fill script data to settings success in 1 ms√, progress: 13%
9-11-2026 13:47:44-debug: [Build Memory track]: Fill script data to settings start:225.52MB, end 225.55MB, increase: 32.99KB
9-11-2026 13:47:44-debug: Sort some build options to settings.json start, progress: 13%
9-11-2026 13:47:44-debug: // ---- build task Sort some build options to settings.json ----
9-11-2026 13:47:44-debug: // ---- build task Sort some build options to settings.json ---- (5ms)
9-11-2026 13:47:44-debug: [Build Memory track]: Sort some build options to settings.json start:225.59MB, end 225.73MB, increase: 141.02KB
9-11-2026 13:47:44-log: run build task Sort some build options to settings.json success in 5 ms√, progress: 15%
