9-11-2026 16:14:23-log: Cannot access game frame or container.
9-11-2026 16:14:23-debug: asset-db:require-engine-code (445ms)
9-11-2026 16:14:23-log: meshopt wasm decoder initialized
9-11-2026 16:14:23-log: [box2d]:box2d wasm lib loaded.
9-11-2026 16:14:23-log: [bullet]:bullet wasm lib loaded.
9-11-2026 16:14:23-log: Cocos Creator v3.8.8
9-11-2026 16:14:23-log: Forward render pipeline initialized.
9-11-2026 16:14:23-debug: [Assets Memory track]: asset-db:worker-init: initEngine start:27.91MB, end 78.97MB, increase: 51.06MB
9-11-2026 16:14:23-log: Using legacy pipeline
9-11-2026 16:14:24-debug: [Assets Memory track]: asset-db:worker-init: initPlugin start:79.02MB, end 340.43MB, increase: 261.42MB
9-11-2026 16:14:24-debug: run package(fb-instant-games) handler(enable) start
9-11-2026 16:14:24-debug: run package(fb-instant-games) handler(enable) success!
9-11-2026 16:14:24-debug: run package(google-play) handler(enable) success!
9-11-2026 16:14:24-debug: run package(harmonyos-next) handler(enable) success!
9-11-2026 16:14:24-debug: run package(honor-mini-game) handler(enable) start
9-11-2026 16:14:24-debug: run package(google-play) handler(enable) start
9-11-2026 16:14:24-debug: run package(harmonyos-next) handler(enable) start
9-11-2026 16:14:24-debug: run package(honor-mini-game) handler(enable) success!
9-11-2026 16:14:24-debug: run package(huawei-agc) handler(enable) success!
9-11-2026 16:14:24-debug: run package(huawei-quick-game) handler(enable) start
9-11-2026 16:14:24-debug: run package(huawei-quick-game) handler(enable) success!
9-11-2026 16:14:24-debug: run package(ios) handler(enable) start
9-11-2026 16:14:24-debug: run package(huawei-agc) handler(enable) start
9-11-2026 16:14:24-debug: run package(linux) handler(enable) start
9-11-2026 16:14:24-debug: run package(linux) handler(enable) success!
9-11-2026 16:14:24-debug: run package(mac) handler(enable) start
9-11-2026 16:14:24-debug: run package(mac) handler(enable) success!
9-11-2026 16:14:24-debug: run package(migu-mini-game) handler(enable) start
9-11-2026 16:14:24-debug: run package(migu-mini-game) handler(enable) success!
9-11-2026 16:14:24-debug: run package(native) handler(enable) start
9-11-2026 16:14:24-debug: run package(native) handler(enable) success!
9-11-2026 16:14:24-debug: run package(ohos) handler(enable) success!
9-11-2026 16:14:24-debug: run package(ios) handler(enable) success!
9-11-2026 16:14:24-debug: run package(ohos) handler(enable) start
9-11-2026 16:14:24-debug: run package(oppo-mini-game) handler(enable) success!
9-11-2026 16:14:24-debug: run package(runtime-dev-tools) handler(enable) start
9-11-2026 16:14:24-debug: run package(oppo-mini-game) handler(enable) start
9-11-2026 16:14:24-debug: run package(taobao-mini-game) handler(enable) start
9-11-2026 16:14:24-debug: run package(taobao-mini-game) handler(enable) success!
9-11-2026 16:14:24-debug: run package(vivo-mini-game) handler(enable) success!
9-11-2026 16:14:24-debug: run package(runtime-dev-tools) handler(enable) success!
9-11-2026 16:14:24-debug: run package(vivo-mini-game) handler(enable) start
9-11-2026 16:14:24-debug: run package(web-desktop) handler(enable) success!
9-11-2026 16:14:24-debug: run package(web-mobile) handler(enable) success!
9-11-2026 16:14:24-debug: run package(wechatgame) handler(enable) start
9-11-2026 16:14:24-debug: run package(web-desktop) handler(enable) start
9-11-2026 16:14:24-debug: run package(wechatgame) handler(enable) success!
9-11-2026 16:14:24-debug: run package(wechatprogram) handler(enable) success!
9-11-2026 16:14:24-debug: run package(windows) handler(enable) start
9-11-2026 16:14:24-debug: run package(windows) handler(enable) success!
9-11-2026 16:14:24-debug: run package(wechatprogram) handler(enable) start
9-11-2026 16:14:24-debug: run package(xiaomi-quick-game) handler(enable) success!
9-11-2026 16:14:24-debug: run package(web-mobile) handler(enable) start
9-11-2026 16:14:24-debug: run package(cocos-service) handler(enable) success!
9-11-2026 16:14:24-debug: run package(xiaomi-quick-game) handler(enable) start
9-11-2026 16:14:24-debug: run package(cocos-service) handler(enable) start
9-11-2026 16:14:24-debug: run package(im-plugin) handler(enable) success!
9-11-2026 16:14:24-debug: run package(placeholder) handler(enable) start
9-11-2026 16:14:24-debug: run package(im-plugin) handler(enable) start
9-11-2026 16:14:24-debug: run package(placeholder) handler(enable) success!
9-11-2026 16:14:24-debug: asset-db:worker-init: initPlugin (1297ms)
9-11-2026 16:14:24-debug: [Assets Memory track]: asset-db:worker-init start:27.90MB, end 342.92MB, increase: 315.02MB
9-11-2026 16:14:24-debug: Run asset db hook programming:beforePreStart ...
9-11-2026 16:14:24-debug: Run asset db hook programming:beforePreStart success!
9-11-2026 16:14:24-debug: Run asset db hook engine-extends:beforePreStart ...
9-11-2026 16:14:24-debug: Run asset db hook engine-extends:beforePreStart success!
9-11-2026 16:14:24-debug: asset-db:worker-init (1871ms)
9-11-2026 16:14:24-debug: asset-db-hook-programming-beforePreStart (54ms)
9-11-2026 16:14:24-debug: asset-db-hook-engine-extends-beforePreStart (53ms)
9-11-2026 16:14:24-debug: Preimport db internal success
9-11-2026 16:14:24-debug: Preimport db assets success
9-11-2026 16:14:24-debug: starting packer-driver...
9-11-2026 16:14:24-debug: Run asset db hook programming:afterPreStart ...
9-11-2026 16:14:26-debug: initialize scripting environment...
9-11-2026 16:14:26-debug: [[Executor]] prepare before lock
9-11-2026 16:14:26-debug: Set detail map pack:///resolution-detail-map.json: {}
9-11-2026 16:14:26-debug: [[Executor]] prepare after unlock
9-11-2026 16:14:26-debug: Run asset db hook programming:afterPreStart success!
9-11-2026 16:14:26-debug: Run asset db hook engine-extends:afterPreStart ...
9-11-2026 16:14:26-debug: Run asset db hook engine-extends:afterPreStart success!
9-11-2026 16:14:26-debug: [Assets Memory track]: asset-db:worker-init: preStart start:342.94MB, end 344.84MB, increase: 1.91MB
9-11-2026 16:14:26-debug: Start up the 'internal' database...
9-11-2026 16:14:26-debug: asset-db-hook-programming-afterPreStart (1560ms)
9-11-2026 16:14:26-debug: asset-db:worker-effect-data-processing (206ms)
9-11-2026 16:14:26-debug: asset-db-hook-engine-extends-afterPreStart (206ms)
9-11-2026 16:14:26-debug: Run asset db hook engine-extends:afterStartDB ...
9-11-2026 16:14:26-debug: recompile effect.bin success
9-11-2026 16:14:26-debug: Start up the 'assets' database...
9-11-2026 16:14:26-debug: Run asset db hook engine-extends:afterStartDB success!
9-11-2026 16:14:26-debug: asset-db:worker-effect-data-processing (235ms)
9-11-2026 16:14:26-debug: asset-db-hook-engine-extends-afterStartDB (236ms)
9-11-2026 16:14:26-debug: Run asset db hook engine-extends:afterStartDB ...
9-11-2026 16:14:26-debug: recompile effect.bin success
9-11-2026 16:14:26-debug: Run asset db hook engine-extends:afterStartDB success!
9-11-2026 16:14:26-debug: [Assets Memory track]: asset-db:worker-init: startup start:344.86MB, end 384.04MB, increase: 39.18MB
9-11-2026 16:14:26-debug: lazy register asset handler directory
9-11-2026 16:14:26-debug: lazy register asset handler json
9-11-2026 16:14:26-debug: lazy register asset handler *
9-11-2026 16:14:26-debug: lazy register asset handler text
9-11-2026 16:14:26-debug: lazy register asset handler dragonbones
9-11-2026 16:14:26-debug: lazy register asset handler dragonbones-atlas
9-11-2026 16:14:26-debug: lazy register asset handler javascript
9-11-2026 16:14:26-debug: lazy register asset handler terrain
9-11-2026 16:14:26-debug: lazy register asset handler spine-data
9-11-2026 16:14:26-debug: lazy register asset handler prefab
9-11-2026 16:14:26-debug: lazy register asset handler typescript
9-11-2026 16:14:26-debug: lazy register asset handler sprite-frame
9-11-2026 16:14:26-debug: lazy register asset handler buffer
9-11-2026 16:14:26-debug: lazy register asset handler tiled-map
9-11-2026 16:14:26-debug: lazy register asset handler sign-image
9-11-2026 16:14:26-debug: lazy register asset handler scene
9-11-2026 16:14:26-debug: lazy register asset handler alpha-image
9-11-2026 16:14:26-debug: lazy register asset handler texture-cube
9-11-2026 16:14:26-debug: lazy register asset handler erp-texture-cube
9-11-2026 16:14:26-debug: lazy register asset handler image
9-11-2026 16:14:26-debug: lazy register asset handler texture
9-11-2026 16:14:26-debug: lazy register asset handler render-texture
9-11-2026 16:14:26-debug: lazy register asset handler rt-sprite-frame
9-11-2026 16:14:26-debug: lazy register asset handler texture-cube-face
9-11-2026 16:14:26-debug: lazy register asset handler gltf-mesh
9-11-2026 16:14:26-debug: lazy register asset handler gltf-animation
9-11-2026 16:14:26-debug: lazy register asset handler gltf-skeleton
9-11-2026 16:14:26-debug: lazy register asset handler gltf-material
9-11-2026 16:14:26-debug: lazy register asset handler gltf
9-11-2026 16:14:26-debug: lazy register asset handler gltf-embeded-image
9-11-2026 16:14:26-debug: lazy register asset handler material
9-11-2026 16:14:26-debug: lazy register asset handler gltf-scene
9-11-2026 16:14:26-debug: lazy register asset handler physics-material
9-11-2026 16:14:26-debug: lazy register asset handler fbx
9-11-2026 16:14:26-debug: lazy register asset handler audio-clip
9-11-2026 16:14:26-debug: lazy register asset handler effect-header
9-11-2026 16:14:26-debug: lazy register asset handler animation-clip
9-11-2026 16:14:26-debug: lazy register asset handler effect
9-11-2026 16:14:26-debug: lazy register asset handler animation-graph-variant
9-11-2026 16:14:26-debug: lazy register asset handler animation-mask
9-11-2026 16:14:26-debug: lazy register asset handler animation-graph
9-11-2026 16:14:26-debug: lazy register asset handler particle
9-11-2026 16:14:26-debug: lazy register asset handler bitmap-font
9-11-2026 16:14:26-debug: lazy register asset handler sprite-atlas
9-11-2026 16:14:26-debug: lazy register asset handler ttf-font
9-11-2026 16:14:26-debug: lazy register asset handler auto-atlas
9-11-2026 16:14:26-debug: lazy register asset handler render-pipeline
9-11-2026 16:14:26-debug: lazy register asset handler render-flow
9-11-2026 16:14:26-debug: lazy register asset handler render-stage
9-11-2026 16:14:26-debug: lazy register asset handler instantiation-mesh
9-11-2026 16:14:26-debug: lazy register asset handler label-atlas
9-11-2026 16:14:26-debug: lazy register asset handler instantiation-skeleton
9-11-2026 16:14:26-debug: lazy register asset handler instantiation-animation
9-11-2026 16:14:26-debug: lazy register asset handler video-clip
9-11-2026 16:14:26-debug: lazy register asset handler instantiation-material
9-11-2026 16:14:26-debug: asset-db-hook-engine-extends-afterStartDB (227ms)
9-11-2026 16:14:26-debug: asset-db:worker-effect-data-processing (227ms)
9-11-2026 16:14:26-debug: asset-db:ready (5563ms)
9-11-2026 16:14:26-debug: asset-db:start-database (2182ms)
9-11-2026 16:14:26-debug: init worker message success
9-11-2026 16:14:26-debug: programming:execute-script (4ms)
9-11-2026 16:14:27-debug: [Build Memory track]: builder:worker-init start:381.18MB, end 391.86MB, increase: 10.67MB
9-11-2026 16:14:27-debug: builder:worker-init (207ms)
9-11-2026 16:14:38-debug: refresh db internal success
9-11-2026 16:14:38-debug: refresh db assets success
9-11-2026 16:14:38-debug: Run asset db hook engine-extends:afterRefresh ...
9-11-2026 16:14:38-debug: Run asset db hook engine-extends:afterRefresh success!
9-11-2026 16:14:38-debug: asset-db:refresh-all-database (83ms)
9-11-2026 16:14:38-debug: asset-db:worker-effect-data-processing (2ms)
9-11-2026 16:14:38-debug: asset-db-hook-engine-extends-afterRefresh (2ms)
9-11-2026 16:14:38-debug: Query all assets info in project
9-11-2026 16:14:38-debug: init custom config: keepNodeUuid: false, useCache: true
9-11-2026 16:14:38-debug: Skip compress image, progress: 0%
9-11-2026 16:14:39-debug: Init all bundles start..., progress: 0%
9-11-2026 16:14:39-debug: Num of bundles: 2..., progress: 0%
9-11-2026 16:14:39-debug: Query asset bundle start, progress: 0%
9-11-2026 16:14:39-debug: Init bundle root assets start..., progress: 0%
9-11-2026 16:14:39-debug: // ---- build task Query asset bundle ----
9-11-2026 16:14:39-debug: Query preload assets/scripts from cc.config.json: 60f7195c-ec2a-45eb-ba94-8955f60e81d0,1c02ae6f-4492-4915-b8f8-7492a3b1e4cd,810e96e4-e456-4468-9b59-f4e8f39732c0,efe8e2a3-eace-427b-b4f1-cb8a937ec77d,e9aa9a3e-5b2b-4ac7-a2c7-073de2b2b24f,8bbdbcdd-5cd4-4100-b6d5-b7c9625b6107,50f4348b-c883-4e2f-8f11-ce233b859fa1,fda095cb-831d-4601-ad94-846013963de8,f92806d7-1768-443f-afe8-12bcde84d0f0,dd3a144d-ab7f-41f0-82b8-2e43a090d496,f0416e68-0200-4b77-a926-4f9d16e494da,511d2633-09a7-4bdd-ac42-f778032124b3,5d45aa00-e064-4938-b314-4265f0c2258c,9361fd90-ba52-4f84-aa93-6e878fd576ca,970b0598-bcb0-4714-91fb-2e81440dccd8,bcd64cc6-2dd9-43f6-abbe-66318d332032,d930590d-bb92-4cc8-8bd1-23cd027f9edf,a3cd009f-0ab0-420d-9278-b9fdab939bbc,6a2d0734-bd9e-4ddf-946e-caa52498cb75,d9937e59-61fe-4ec6-92ab-7ac5a19c89b0,d1346436-ac96-4271-b863-1f4fdead95b0,971bdb23-3ff6-43eb-b422-1c30165a3663,17debcc3-0a6b-4b8a-b00b-dc58b885581e,711ebe11-f673-4cd9-9a83-63c60ba54c5b,c0143906-9aed-447e-9436-2ae8512d1b6e,14da1725-c4c2-42b4-ab08-ee0aeb6898b3,081cab31-dccd-428e-8652-f2404cc81c47,78e0584a-4343-4727-8f37-e14e65c2a2db,871c3b6c-7379-419d-bda3-794b239ab90d,ff9b0199-ce04-4cfe-86cc-6c719f08d6e4,de1c2107-70c8-4021-8459-6399f24d01c6,cbf30902-517f-40dc-af90-a550bac27cf1,5c601d96-e4c7-4698-991b-7ee674b11079
9-11-2026 16:14:39-debug:   Number of all scenes: 1
9-11-2026 16:14:39-debug:   Number of all scripts: 42
9-11-2026 16:14:39-debug:   Number of other assets: 486
9-11-2026 16:14:39-debug: Init bundle root assets success..., progress: 0%
9-11-2026 16:14:39-debug: // ---- build task Query asset bundle ---- (6ms)
9-11-2026 16:14:39-log: run build task Query asset bundle success in 6 ms√, progress: 5%
9-11-2026 16:14:39-debug: [Build Memory track]: Query asset bundle start:224.70MB, end 225.57MB, increase: 890.19KB
9-11-2026 16:14:39-debug: // ---- build task Query asset bundle ----
9-11-2026 16:14:39-debug: Query asset bundle start, progress: 5%
9-11-2026 16:14:39-debug: // ---- build task Query asset bundle ---- (2ms)
9-11-2026 16:14:39-log: run build task Query asset bundle success in 2 ms√, progress: 10%
9-11-2026 16:14:39-debug: [Build Memory track]: Query asset bundle start:225.62MB, end 225.79MB, increase: 176.31KB
9-11-2026 16:14:39-debug: // ---- build task Sort some build options to settings.json ----
9-11-2026 16:14:39-debug: Sort some build options to settings.json start, progress: 10%
9-11-2026 16:14:39-debug: // ---- build task Sort some build options to settings.json ---- (1ms)
9-11-2026 16:14:39-log: run build task Sort some build options to settings.json success in 1 ms√, progress: 12%
9-11-2026 16:14:39-debug: [Build Memory track]: Sort some build options to settings.json start:225.83MB, end 225.87MB, increase: 34.11KB
9-11-2026 16:14:39-debug: Fill script data to settings start, progress: 12%
9-11-2026 16:14:39-debug: // ---- build task Fill script data to settings ----
9-11-2026 16:14:39-debug: // ---- build task Fill script data to settings ---- (1ms)
9-11-2026 16:14:39-log: run build task Fill script data to settings success in 1 ms√, progress: 13%
9-11-2026 16:14:39-debug: [Build Memory track]: Fill script data to settings start:225.91MB, end 225.95MB, increase: 41.93KB
9-11-2026 16:14:39-debug: // ---- build task Sort some build options to settings.json ----
9-11-2026 16:14:39-debug: Sort some build options to settings.json start, progress: 13%
9-11-2026 16:14:39-debug: // ---- build task Sort some build options to settings.json ---- (4ms)
9-11-2026 16:14:39-log: run build task Sort some build options to settings.json success in 4 ms√, progress: 15%
9-11-2026 16:14:39-debug: [Build Memory track]: Sort some build options to settings.json start:225.99MB, end 224.68MB, increase: -1341.45KB
9-11-2026 16:14:44-debug: Query all assets info in project
9-11-2026 16:14:44-debug: init custom config: keepNodeUuid: false, useCache: true
9-11-2026 16:14:44-debug: Skip compress image, progress: 0%
9-11-2026 16:14:44-debug: Init all bundles start..., progress: 0%
9-11-2026 16:14:44-debug: Num of bundles: 2..., progress: 0%
9-11-2026 16:14:44-debug: Query asset bundle start, progress: 0%
9-11-2026 16:14:44-debug: Init bundle root assets start..., progress: 0%
9-11-2026 16:14:44-debug: // ---- build task Query asset bundle ----
9-11-2026 16:14:44-debug: Query preload assets/scripts from cc.config.json: 60f7195c-ec2a-45eb-ba94-8955f60e81d0,1c02ae6f-4492-4915-b8f8-7492a3b1e4cd,810e96e4-e456-4468-9b59-f4e8f39732c0,efe8e2a3-eace-427b-b4f1-cb8a937ec77d,e9aa9a3e-5b2b-4ac7-a2c7-073de2b2b24f,8bbdbcdd-5cd4-4100-b6d5-b7c9625b6107,50f4348b-c883-4e2f-8f11-ce233b859fa1,fda095cb-831d-4601-ad94-846013963de8,f92806d7-1768-443f-afe8-12bcde84d0f0,dd3a144d-ab7f-41f0-82b8-2e43a090d496,f0416e68-0200-4b77-a926-4f9d16e494da,511d2633-09a7-4bdd-ac42-f778032124b3,5d45aa00-e064-4938-b314-4265f0c2258c,9361fd90-ba52-4f84-aa93-6e878fd576ca,970b0598-bcb0-4714-91fb-2e81440dccd8,bcd64cc6-2dd9-43f6-abbe-66318d332032,d930590d-bb92-4cc8-8bd1-23cd027f9edf,a3cd009f-0ab0-420d-9278-b9fdab939bbc,6a2d0734-bd9e-4ddf-946e-caa52498cb75,d9937e59-61fe-4ec6-92ab-7ac5a19c89b0,d1346436-ac96-4271-b863-1f4fdead95b0,971bdb23-3ff6-43eb-b422-1c30165a3663,17debcc3-0a6b-4b8a-b00b-dc58b885581e,711ebe11-f673-4cd9-9a83-63c60ba54c5b,c0143906-9aed-447e-9436-2ae8512d1b6e,14da1725-c4c2-42b4-ab08-ee0aeb6898b3,081cab31-dccd-428e-8652-f2404cc81c47,78e0584a-4343-4727-8f37-e14e65c2a2db,871c3b6c-7379-419d-bda3-794b239ab90d,ff9b0199-ce04-4cfe-86cc-6c719f08d6e4,de1c2107-70c8-4021-8459-6399f24d01c6,cbf30902-517f-40dc-af90-a550bac27cf1,5c601d96-e4c7-4698-991b-7ee674b11079
9-11-2026 16:14:44-debug:   Number of all scenes: 1
9-11-2026 16:14:44-debug:   Number of all scripts: 42
9-11-2026 16:14:44-debug: Init bundle root assets success..., progress: 0%
9-11-2026 16:14:44-debug:   Number of other assets: 486
9-11-2026 16:14:44-debug: // ---- build task Query asset bundle ---- (4ms)
9-11-2026 16:14:44-log: run build task Query asset bundle success in 4 ms√, progress: 5%
9-11-2026 16:14:44-debug: [Build Memory track]: Query asset bundle start:226.09MB, end 225.37MB, increase: -744.04KB
9-11-2026 16:14:44-debug: // ---- build task Query asset bundle ----
9-11-2026 16:14:44-debug: Query asset bundle start, progress: 5%
9-11-2026 16:14:44-debug: // ---- build task Query asset bundle ---- (2ms)
9-11-2026 16:14:44-log: run build task Query asset bundle success in 2 ms√, progress: 10%
9-11-2026 16:14:44-debug: [Build Memory track]: Query asset bundle start:225.40MB, end 224.69MB, increase: -732.38KB
9-11-2026 16:14:44-debug: // ---- build task Sort some build options to settings.json ----
9-11-2026 16:14:44-debug: Sort some build options to settings.json start, progress: 10%
9-11-2026 16:14:44-debug: // ---- build task Sort some build options to settings.json ---- (1ms)
9-11-2026 16:14:44-debug: [Build Memory track]: Sort some build options to settings.json start:224.74MB, end 224.77MB, increase: 34.34KB
9-11-2026 16:14:44-log: run build task Sort some build options to settings.json success in 1 ms√, progress: 12%
9-11-2026 16:14:44-debug: Fill script data to settings start, progress: 12%
9-11-2026 16:14:44-debug: // ---- build task Fill script data to settings ----
9-11-2026 16:14:44-debug: // ---- build task Fill script data to settings ---- (1ms)
9-11-2026 16:14:44-log: run build task Fill script data to settings success in 1 ms√, progress: 13%
9-11-2026 16:14:44-debug: [Build Memory track]: Fill script data to settings start:224.81MB, end 224.85MB, increase: 36.55KB
9-11-2026 16:14:44-debug: Sort some build options to settings.json start, progress: 13%
9-11-2026 16:14:44-debug: // ---- build task Sort some build options to settings.json ----
9-11-2026 16:14:44-debug: // ---- build task Sort some build options to settings.json ---- (9ms)
9-11-2026 16:14:44-log: run build task Sort some build options to settings.json success in 9 ms√, progress: 15%
9-11-2026 16:14:44-debug: [Build Memory track]: Sort some build options to settings.json start:224.89MB, end 225.02MB, increase: 135.46KB
9-11-2026 16:29:06-debug: refresh db internal success
9-11-2026 16:29:06-debug: %cImport%c: D:\Works\Github\BattleGame\assets\scripts\UnitSpawner.tsbackground: #aaff85; color: #000;color: #000;
9-11-2026 16:29:06-debug: refresh db assets success
9-11-2026 16:29:06-debug: Run asset db hook engine-extends:afterRefresh ...
9-11-2026 16:29:06-debug: Run asset db hook engine-extends:afterRefresh success!
9-11-2026 16:29:06-debug: asset-db:refresh-all-database (64ms)
9-11-2026 16:29:06-debug: asset-db:worker-effect-data-processing (1ms)
9-11-2026 16:29:06-debug: asset-db-hook-engine-extends-afterRefresh (2ms)
9-11-2026 16:29:07-debug: Query all assets info in project
9-11-2026 16:29:07-debug: init custom config: keepNodeUuid: false, useCache: true
9-11-2026 16:29:07-debug: Skip compress image, progress: 0%
9-11-2026 16:29:07-debug: Init all bundles start..., progress: 0%
9-11-2026 16:29:07-debug: // ---- build task Query asset bundle ----
9-11-2026 16:29:07-debug: Init bundle root assets start..., progress: 0%
9-11-2026 16:29:07-debug: Num of bundles: 2..., progress: 0%
9-11-2026 16:29:07-debug: Query asset bundle start, progress: 0%
9-11-2026 16:29:07-debug: Query preload assets/scripts from cc.config.json: 60f7195c-ec2a-45eb-ba94-8955f60e81d0,1c02ae6f-4492-4915-b8f8-7492a3b1e4cd,810e96e4-e456-4468-9b59-f4e8f39732c0,efe8e2a3-eace-427b-b4f1-cb8a937ec77d,e9aa9a3e-5b2b-4ac7-a2c7-073de2b2b24f,8bbdbcdd-5cd4-4100-b6d5-b7c9625b6107,50f4348b-c883-4e2f-8f11-ce233b859fa1,fda095cb-831d-4601-ad94-846013963de8,f92806d7-1768-443f-afe8-12bcde84d0f0,dd3a144d-ab7f-41f0-82b8-2e43a090d496,f0416e68-0200-4b77-a926-4f9d16e494da,511d2633-09a7-4bdd-ac42-f778032124b3,5d45aa00-e064-4938-b314-4265f0c2258c,9361fd90-ba52-4f84-aa93-6e878fd576ca,970b0598-bcb0-4714-91fb-2e81440dccd8,bcd64cc6-2dd9-43f6-abbe-66318d332032,d930590d-bb92-4cc8-8bd1-23cd027f9edf,a3cd009f-0ab0-420d-9278-b9fdab939bbc,6a2d0734-bd9e-4ddf-946e-caa52498cb75,d9937e59-61fe-4ec6-92ab-7ac5a19c89b0,d1346436-ac96-4271-b863-1f4fdead95b0,971bdb23-3ff6-43eb-b422-1c30165a3663,17debcc3-0a6b-4b8a-b00b-dc58b885581e,711ebe11-f673-4cd9-9a83-63c60ba54c5b,c0143906-9aed-447e-9436-2ae8512d1b6e,14da1725-c4c2-42b4-ab08-ee0aeb6898b3,081cab31-dccd-428e-8652-f2404cc81c47,78e0584a-4343-4727-8f37-e14e65c2a2db,871c3b6c-7379-419d-bda3-794b239ab90d,ff9b0199-ce04-4cfe-86cc-6c719f08d6e4,de1c2107-70c8-4021-8459-6399f24d01c6,cbf30902-517f-40dc-af90-a550bac27cf1,5c601d96-e4c7-4698-991b-7ee674b11079
9-11-2026 16:29:07-debug:   Number of all scenes: 1
9-11-2026 16:29:07-debug:   Number of all scripts: 42
9-11-2026 16:29:07-debug:   Number of other assets: 486
9-11-2026 16:29:07-debug: Init bundle root assets success..., progress: 0%
9-11-2026 16:29:07-debug: // ---- build task Query asset bundle ---- (6ms)
9-11-2026 16:29:07-log: run build task Query asset bundle success in 6 ms√, progress: 5%
9-11-2026 16:29:07-debug: [Build Memory track]: Query asset bundle start:223.54MB, end 224.33MB, increase: 809.54KB
9-11-2026 16:29:07-debug: Query asset bundle start, progress: 5%
9-11-2026 16:29:07-debug: // ---- build task Query asset bundle ----
9-11-2026 16:29:07-debug: // ---- build task Query asset bundle ---- (4ms)
9-11-2026 16:29:07-log: run build task Query asset bundle success in 4 ms√, progress: 10%
9-11-2026 16:29:07-debug: [Build Memory track]: Query asset bundle start:224.37MB, end 224.53MB, increase: 170.63KB
9-11-2026 16:29:07-debug: // ---- build task Sort some build options to settings.json ----
9-11-2026 16:29:07-debug: Sort some build options to settings.json start, progress: 10%
9-11-2026 16:29:07-debug: // ---- build task Sort some build options to settings.json ---- (1ms)
9-11-2026 16:29:07-debug: [Build Memory track]: Sort some build options to settings.json start:224.57MB, end 224.61MB, increase: 32.68KB
9-11-2026 16:29:07-debug: Fill script data to settings start, progress: 12%
9-11-2026 16:29:07-log: run build task Sort some build options to settings.json success in 1 ms√, progress: 12%
9-11-2026 16:29:07-debug: // ---- build task Fill script data to settings ----
9-11-2026 16:29:07-log: run build task Fill script data to settings success in 2 ms√, progress: 13%
9-11-2026 16:29:07-debug: [Build Memory track]: Fill script data to settings start:224.64MB, end 224.68MB, increase: 33.87KB
9-11-2026 16:29:07-debug: // ---- build task Sort some build options to settings.json ----
9-11-2026 16:29:07-debug: // ---- build task Fill script data to settings ---- (2ms)
9-11-2026 16:29:07-debug: Sort some build options to settings.json start, progress: 13%
9-11-2026 16:29:07-log: run build task Sort some build options to settings.json success in 8 ms√, progress: 15%
9-11-2026 16:29:07-debug: [Build Memory track]: Sort some build options to settings.json start:224.72MB, end 223.29MB, increase: -1459.82KB
9-11-2026 16:29:07-debug: // ---- build task Sort some build options to settings.json ---- (8ms)
9-11-2026 16:29:20-debug: refresh db internal success
9-11-2026 16:29:20-debug: refresh db assets success
9-11-2026 16:29:20-debug: Run asset db hook engine-extends:afterRefresh ...
9-11-2026 16:29:20-debug: Run asset db hook engine-extends:afterRefresh success!
9-11-2026 16:29:20-debug: asset-db:refresh-all-database (55ms)
9-11-2026 16:29:20-debug: asset-db:worker-effect-data-processing (2ms)
9-11-2026 16:29:20-debug: asset-db-hook-engine-extends-afterRefresh (2ms)
9-11-2026 17:06:56-debug: refresh db internal success
9-11-2026 17:06:56-debug: %cImport%c: D:\Works\Github\BattleGame\assets\scripts\BattleArmyBrain.tsbackground: #aaff85; color: #000;color: #000;
9-11-2026 17:06:56-debug: %cImport%c: D:\Works\Github\BattleGame\assets\scripts\BattleTelemetry.tsbackground: #aaff85; color: #000;color: #000;
9-11-2026 17:06:56-debug: %cImport%c: D:\Works\Github\BattleGame\assets\scripts\GameManager.tsbackground: #aaff85; color: #000;color: #000;
9-11-2026 17:06:56-debug: refresh db assets success
9-11-2026 17:06:56-debug: Run asset db hook engine-extends:afterRefresh ...
9-11-2026 17:06:56-debug: Run asset db hook engine-extends:afterRefresh success!
9-11-2026 17:06:56-debug: asset-db:refresh-all-database (60ms)
9-11-2026 17:06:56-debug: asset-db:worker-effect-data-processing (1ms)
9-11-2026 17:06:56-debug: asset-db-hook-engine-extends-afterRefresh (1ms)
9-11-2026 17:07:00-debug: Query all assets info in project
9-11-2026 17:07:00-debug: init custom config: keepNodeUuid: false, useCache: true
9-11-2026 17:07:00-debug: Skip compress image, progress: 0%
9-11-2026 17:07:00-debug: Init all bundles start..., progress: 0%
9-11-2026 17:07:00-debug: Init bundle root assets start..., progress: 0%
9-11-2026 17:07:00-debug: // ---- build task Query asset bundle ----
9-11-2026 17:07:00-debug: Query asset bundle start, progress: 0%
9-11-2026 17:07:00-debug: Num of bundles: 2..., progress: 0%
9-11-2026 17:07:00-debug: Query preload assets/scripts from cc.config.json: 60f7195c-ec2a-45eb-ba94-8955f60e81d0,1c02ae6f-4492-4915-b8f8-7492a3b1e4cd,810e96e4-e456-4468-9b59-f4e8f39732c0,efe8e2a3-eace-427b-b4f1-cb8a937ec77d,e9aa9a3e-5b2b-4ac7-a2c7-073de2b2b24f,8bbdbcdd-5cd4-4100-b6d5-b7c9625b6107,50f4348b-c883-4e2f-8f11-ce233b859fa1,fda095cb-831d-4601-ad94-846013963de8,f92806d7-1768-443f-afe8-12bcde84d0f0,dd3a144d-ab7f-41f0-82b8-2e43a090d496,f0416e68-0200-4b77-a926-4f9d16e494da,511d2633-09a7-4bdd-ac42-f778032124b3,5d45aa00-e064-4938-b314-4265f0c2258c,9361fd90-ba52-4f84-aa93-6e878fd576ca,970b0598-bcb0-4714-91fb-2e81440dccd8,bcd64cc6-2dd9-43f6-abbe-66318d332032,d930590d-bb92-4cc8-8bd1-23cd027f9edf,a3cd009f-0ab0-420d-9278-b9fdab939bbc,6a2d0734-bd9e-4ddf-946e-caa52498cb75,d9937e59-61fe-4ec6-92ab-7ac5a19c89b0,d1346436-ac96-4271-b863-1f4fdead95b0,971bdb23-3ff6-43eb-b422-1c30165a3663,17debcc3-0a6b-4b8a-b00b-dc58b885581e,711ebe11-f673-4cd9-9a83-63c60ba54c5b,c0143906-9aed-447e-9436-2ae8512d1b6e,14da1725-c4c2-42b4-ab08-ee0aeb6898b3,081cab31-dccd-428e-8652-f2404cc81c47,78e0584a-4343-4727-8f37-e14e65c2a2db,871c3b6c-7379-419d-bda3-794b239ab90d,ff9b0199-ce04-4cfe-86cc-6c719f08d6e4,de1c2107-70c8-4021-8459-6399f24d01c6,cbf30902-517f-40dc-af90-a550bac27cf1,5c601d96-e4c7-4698-991b-7ee674b11079
9-11-2026 17:07:00-debug:   Number of all scripts: 42
9-11-2026 17:07:00-debug:   Number of other assets: 486
9-11-2026 17:07:00-debug: Init bundle root assets success..., progress: 0%
9-11-2026 17:07:00-debug:   Number of all scenes: 1
9-11-2026 17:07:00-debug: // ---- build task Query asset bundle ---- (6ms)
9-11-2026 17:07:00-log: run build task Query asset bundle success in 6 ms√, progress: 5%
9-11-2026 17:07:00-debug: [Build Memory track]: Query asset bundle start:227.21MB, end 227.24MB, increase: 29.71KB
9-11-2026 17:07:00-debug: Query asset bundle start, progress: 5%
9-11-2026 17:07:00-debug: // ---- build task Query asset bundle ----
9-11-2026 17:07:00-debug: // ---- build task Query asset bundle ---- (5ms)
9-11-2026 17:07:00-log: run build task Query asset bundle success in 5 ms√, progress: 10%
9-11-2026 17:07:00-debug: Sort some build options to settings.json start, progress: 10%
9-11-2026 17:07:00-debug: [Build Memory track]: Query asset bundle start:227.27MB, end 226.68MB, increase: -608.14KB
9-11-2026 17:07:00-debug: // ---- build task Sort some build options to settings.json ----
9-11-2026 17:07:00-debug: // ---- build task Sort some build options to settings.json ---- (2ms)
9-11-2026 17:07:00-log: run build task Sort some build options to settings.json success in 2 ms√, progress: 12%
9-11-2026 17:07:00-debug: [Build Memory track]: Sort some build options to settings.json start:226.72MB, end 226.75MB, increase: 33.59KB
9-11-2026 17:07:00-debug: // ---- build task Fill script data to settings ----
9-11-2026 17:07:00-debug: Fill script data to settings start, progress: 12%
9-11-2026 17:07:00-debug: // ---- build task Fill script data to settings ---- (1ms)
9-11-2026 17:07:00-log: run build task Fill script data to settings success in 1 ms√, progress: 13%
9-11-2026 17:07:00-debug: [Build Memory track]: Fill script data to settings start:226.79MB, end 226.82MB, increase: 32.97KB
9-11-2026 17:07:00-debug: Sort some build options to settings.json start, progress: 13%
9-11-2026 17:07:00-debug: // ---- build task Sort some build options to settings.json ----
9-11-2026 17:07:00-debug: // ---- build task Sort some build options to settings.json ---- (4ms)
9-11-2026 17:07:00-log: run build task Sort some build options to settings.json success in 4 ms√, progress: 15%
9-11-2026 17:07:00-debug: [Build Memory track]: Sort some build options to settings.json start:226.86MB, end 226.99MB, increase: 133.19KB
9-11-2026 17:07:41-debug: refresh db internal success
9-11-2026 17:07:41-debug: refresh db assets success
9-11-2026 17:07:41-debug: Run asset db hook engine-extends:afterRefresh ...
9-11-2026 17:07:41-debug: Run asset db hook engine-extends:afterRefresh success!
9-11-2026 17:07:41-debug: asset-db:refresh-all-database (49ms)
9-11-2026 17:07:41-debug: asset-db:worker-effect-data-processing (1ms)
9-11-2026 17:07:41-debug: asset-db-hook-engine-extends-afterRefresh (3ms)
9-11-2026 17:07:46-debug: refresh db internal success
9-11-2026 17:07:46-debug: refresh db assets success
9-11-2026 17:07:46-debug: Run asset db hook engine-extends:afterRefresh ...
9-11-2026 17:07:46-debug: Run asset db hook engine-extends:afterRefresh success!
9-11-2026 17:07:46-debug: asset-db:refresh-all-database (52ms)
9-11-2026 17:07:46-debug: asset-db:worker-effect-data-processing (2ms)
9-11-2026 17:07:46-debug: asset-db-hook-engine-extends-afterRefresh (2ms)
9-11-2026 17:08:42-debug: refresh db internal success
9-11-2026 17:08:42-debug: %cImport%c: D:\Works\Github\BattleGame\assets\scripts\LevelSettings.tsbackground: #aaff85; color: #000;color: #000;
9-11-2026 17:08:42-debug: refresh db assets success
9-11-2026 17:08:42-debug: Run asset db hook engine-extends:afterRefresh ...
9-11-2026 17:08:42-debug: Run asset db hook engine-extends:afterRefresh success!
9-11-2026 17:08:42-debug: asset-db:refresh-all-database (52ms)
9-11-2026 17:08:45-debug: Query all assets info in project
9-11-2026 17:08:45-debug: init custom config: keepNodeUuid: false, useCache: true
9-11-2026 17:08:45-debug: Skip compress image, progress: 0%
9-11-2026 17:08:45-debug: Init all bundles start..., progress: 0%
9-11-2026 17:08:45-debug: Num of bundles: 2..., progress: 0%
9-11-2026 17:08:45-debug: Query asset bundle start, progress: 0%
9-11-2026 17:08:45-debug: Init bundle root assets start..., progress: 0%
9-11-2026 17:08:45-debug: // ---- build task Query asset bundle ----
9-11-2026 17:08:45-debug: Query preload assets/scripts from cc.config.json: 60f7195c-ec2a-45eb-ba94-8955f60e81d0,1c02ae6f-4492-4915-b8f8-7492a3b1e4cd,810e96e4-e456-4468-9b59-f4e8f39732c0,efe8e2a3-eace-427b-b4f1-cb8a937ec77d,e9aa9a3e-5b2b-4ac7-a2c7-073de2b2b24f,8bbdbcdd-5cd4-4100-b6d5-b7c9625b6107,50f4348b-c883-4e2f-8f11-ce233b859fa1,fda095cb-831d-4601-ad94-846013963de8,f92806d7-1768-443f-afe8-12bcde84d0f0,dd3a144d-ab7f-41f0-82b8-2e43a090d496,f0416e68-0200-4b77-a926-4f9d16e494da,511d2633-09a7-4bdd-ac42-f778032124b3,5d45aa00-e064-4938-b314-4265f0c2258c,9361fd90-ba52-4f84-aa93-6e878fd576ca,970b0598-bcb0-4714-91fb-2e81440dccd8,bcd64cc6-2dd9-43f6-abbe-66318d332032,d930590d-bb92-4cc8-8bd1-23cd027f9edf,a3cd009f-0ab0-420d-9278-b9fdab939bbc,6a2d0734-bd9e-4ddf-946e-caa52498cb75,d9937e59-61fe-4ec6-92ab-7ac5a19c89b0,d1346436-ac96-4271-b863-1f4fdead95b0,971bdb23-3ff6-43eb-b422-1c30165a3663,17debcc3-0a6b-4b8a-b00b-dc58b885581e,711ebe11-f673-4cd9-9a83-63c60ba54c5b,c0143906-9aed-447e-9436-2ae8512d1b6e,14da1725-c4c2-42b4-ab08-ee0aeb6898b3,081cab31-dccd-428e-8652-f2404cc81c47,78e0584a-4343-4727-8f37-e14e65c2a2db,871c3b6c-7379-419d-bda3-794b239ab90d,ff9b0199-ce04-4cfe-86cc-6c719f08d6e4,de1c2107-70c8-4021-8459-6399f24d01c6,cbf30902-517f-40dc-af90-a550bac27cf1,5c601d96-e4c7-4698-991b-7ee674b11079
9-11-2026 17:08:45-debug:   Number of all scenes: 1
9-11-2026 17:08:45-debug:   Number of other assets: 486
9-11-2026 17:08:45-debug:   Number of all scripts: 42
9-11-2026 17:08:45-debug: Init bundle root assets success..., progress: 0%
9-11-2026 17:08:45-debug: // ---- build task Query asset bundle ---- (10ms)
9-11-2026 17:08:45-log: run build task Query asset bundle success in 10 ms√, progress: 5%
9-11-2026 17:08:45-debug: [Build Memory track]: Query asset bundle start:230.74MB, end 230.59MB, increase: -162.79KB
9-11-2026 17:08:45-debug: // ---- build task Query asset bundle ----
9-11-2026 17:08:45-debug: Query asset bundle start, progress: 5%
9-11-2026 17:08:45-debug: // ---- build task Query asset bundle ---- (6ms)
9-11-2026 17:08:45-log: run build task Query asset bundle success in 6 ms√, progress: 10%
9-11-2026 17:08:45-debug: [Build Memory track]: Query asset bundle start:230.71MB, end 230.78MB, increase: 71.10KB
9-11-2026 17:08:45-debug: Sort some build options to settings.json start, progress: 10%
9-11-2026 17:08:45-debug: // ---- build task Sort some build options to settings.json ----
9-11-2026 17:08:45-debug: // ---- build task Sort some build options to settings.json ---- (1ms)
9-11-2026 17:08:45-log: run build task Sort some build options to settings.json success in 1 ms√, progress: 12%
9-11-2026 17:08:45-debug: [Build Memory track]: Sort some build options to settings.json start:230.81MB, end 230.85MB, increase: 35.46KB
9-11-2026 17:08:45-debug: Fill script data to settings start, progress: 12%
9-11-2026 17:08:45-debug: // ---- build task Fill script data to settings ----
9-11-2026 17:08:45-debug: // ---- build task Fill script data to settings ---- (3ms)
9-11-2026 17:08:45-log: run build task Fill script data to settings success in 3 ms√, progress: 13%
9-11-2026 17:08:45-debug: [Build Memory track]: Fill script data to settings start:230.88MB, end 230.90MB, increase: 27.59KB
9-11-2026 17:08:45-debug: Sort some build options to settings.json start, progress: 13%
9-11-2026 17:08:45-debug: // ---- build task Sort some build options to settings.json ----
9-11-2026 17:08:45-debug: // ---- build task Sort some build options to settings.json ---- (9ms)
9-11-2026 17:08:45-debug: [Build Memory track]: Sort some build options to settings.json start:230.93MB, end 231.07MB, increase: 137.78KB
9-11-2026 17:08:45-log: run build task Sort some build options to settings.json success in 9 ms√, progress: 15%
9-11-2026 17:09:55-debug: refresh db internal success
9-11-2026 17:09:55-debug: refresh db assets success
9-11-2026 17:09:55-debug: Run asset db hook engine-extends:afterRefresh ...
9-11-2026 17:09:55-debug: Run asset db hook engine-extends:afterRefresh success!
9-11-2026 17:09:55-debug: asset-db:refresh-all-database (52ms)
9-11-2026 17:09:55-debug: asset-db:worker-effect-data-processing (2ms)
9-11-2026 17:09:55-debug: asset-db-hook-engine-extends-afterRefresh (2ms)
9-11-2026 17:10:00-debug: refresh db internal success
9-11-2026 17:10:00-debug: refresh db assets success
9-11-2026 17:10:00-debug: Run asset db hook engine-extends:afterRefresh ...
9-11-2026 17:10:00-debug: Run asset db hook engine-extends:afterRefresh success!
9-11-2026 17:10:00-debug: asset-db:refresh-all-database (58ms)
9-11-2026 17:10:00-debug: asset-db:worker-effect-data-processing (2ms)
9-11-2026 17:10:00-debug: asset-db-hook-engine-extends-afterRefresh (2ms)
9-11-2026 17:10:10-debug: %cImport%c: D:\Works\Github\BattleGame\assets\Battle.scenebackground: #aaff85; color: #000;color: #000;
9-11-2026 17:10:10-debug: asset-db:reimport-asset1effe86e-a401-4769-9dbc-62218c68834d (13ms)
9-11-2026 17:10:11-debug: Query all assets info in project
9-11-2026 17:10:11-debug: init custom config: keepNodeUuid: false, useCache: true
9-11-2026 17:10:11-debug: Skip compress image, progress: 0%
9-11-2026 17:10:11-debug: Init all bundles start..., progress: 0%
9-11-2026 17:10:11-debug: Num of bundles: 2..., progress: 0%
9-11-2026 17:10:11-debug: Query asset bundle start, progress: 0%
9-11-2026 17:10:11-debug: // ---- build task Query asset bundle ----
9-11-2026 17:10:11-debug: Init bundle root assets start..., progress: 0%
9-11-2026 17:10:11-debug: Query preload assets/scripts from cc.config.json: 60f7195c-ec2a-45eb-ba94-8955f60e81d0,1c02ae6f-4492-4915-b8f8-7492a3b1e4cd,810e96e4-e456-4468-9b59-f4e8f39732c0,efe8e2a3-eace-427b-b4f1-cb8a937ec77d,e9aa9a3e-5b2b-4ac7-a2c7-073de2b2b24f,8bbdbcdd-5cd4-4100-b6d5-b7c9625b6107,50f4348b-c883-4e2f-8f11-ce233b859fa1,fda095cb-831d-4601-ad94-846013963de8,f92806d7-1768-443f-afe8-12bcde84d0f0,dd3a144d-ab7f-41f0-82b8-2e43a090d496,f0416e68-0200-4b77-a926-4f9d16e494da,511d2633-09a7-4bdd-ac42-f778032124b3,5d45aa00-e064-4938-b314-4265f0c2258c,9361fd90-ba52-4f84-aa93-6e878fd576ca,970b0598-bcb0-4714-91fb-2e81440dccd8,bcd64cc6-2dd9-43f6-abbe-66318d332032,d930590d-bb92-4cc8-8bd1-23cd027f9edf,a3cd009f-0ab0-420d-9278-b9fdab939bbc,6a2d0734-bd9e-4ddf-946e-caa52498cb75,d9937e59-61fe-4ec6-92ab-7ac5a19c89b0,d1346436-ac96-4271-b863-1f4fdead95b0,971bdb23-3ff6-43eb-b422-1c30165a3663,17debcc3-0a6b-4b8a-b00b-dc58b885581e,711ebe11-f673-4cd9-9a83-63c60ba54c5b,c0143906-9aed-447e-9436-2ae8512d1b6e,14da1725-c4c2-42b4-ab08-ee0aeb6898b3,081cab31-dccd-428e-8652-f2404cc81c47,78e0584a-4343-4727-8f37-e14e65c2a2db,871c3b6c-7379-419d-bda3-794b239ab90d,ff9b0199-ce04-4cfe-86cc-6c719f08d6e4,de1c2107-70c8-4021-8459-6399f24d01c6,cbf30902-517f-40dc-af90-a550bac27cf1,5c601d96-e4c7-4698-991b-7ee674b11079
9-11-2026 17:10:11-debug:   Number of all scenes: 1
9-11-2026 17:10:11-debug:   Number of other assets: 486
9-11-2026 17:10:11-debug:   Number of all scripts: 42
9-11-2026 17:10:11-debug: Init bundle root assets success..., progress: 0%
9-11-2026 17:10:11-debug: // ---- build task Query asset bundle ---- (13ms)
9-11-2026 17:10:11-log: run build task Query asset bundle success in 13 ms√, progress: 5%
9-11-2026 17:10:11-debug: [Build Memory track]: Query asset bundle start:233.36MB, end 234.07MB, increase: 727.04KB
9-11-2026 17:10:11-debug: Query asset bundle start, progress: 5%
9-11-2026 17:10:11-debug: // ---- build task Query asset bundle ----
9-11-2026 17:10:11-debug: // ---- build task Query asset bundle ---- (6ms)
9-11-2026 17:10:11-log: run build task Query asset bundle success in 6 ms√, progress: 10%
9-11-2026 17:10:11-debug: [Build Memory track]: Query asset bundle start:233.21MB, end 233.34MB, increase: 140.01KB
9-11-2026 17:10:11-debug: // ---- build task Sort some build options to settings.json ----
9-11-2026 17:10:11-debug: Sort some build options to settings.json start, progress: 10%
9-11-2026 17:10:11-debug: // ---- build task Sort some build options to settings.json ---- (1ms)
9-11-2026 17:10:11-log: run build task Sort some build options to settings.json success in 1 ms√, progress: 12%
9-11-2026 17:10:11-debug: [Build Memory track]: Sort some build options to settings.json start:233.37MB, end 233.40MB, increase: 26.77KB
9-11-2026 17:10:11-debug: Fill script data to settings start, progress: 12%
9-11-2026 17:10:11-debug: // ---- build task Fill script data to settings ----
9-11-2026 17:10:11-log: run build task Fill script data to settings success in √, progress: 13%
9-11-2026 17:10:11-debug: [Build Memory track]: Fill script data to settings start:233.43MB, end 233.44MB, increase: 16.83KB
9-11-2026 17:10:11-debug: Sort some build options to settings.json start, progress: 13%
9-11-2026 17:10:11-debug: // ---- build task Sort some build options to settings.json ----
9-11-2026 17:10:11-debug: // ---- build task Sort some build options to settings.json ---- (5ms)
9-11-2026 17:10:11-log: run build task Sort some build options to settings.json success in 5 ms√, progress: 15%
9-11-2026 17:10:11-debug: [Build Memory track]: Sort some build options to settings.json start:233.47MB, end 233.60MB, increase: 126.14KB
9-11-2026 17:11:22-debug: refresh db internal success
9-11-2026 17:11:22-debug: refresh db assets success
9-11-2026 17:11:22-debug: Run asset db hook engine-extends:afterRefresh ...
9-11-2026 17:11:22-debug: Run asset db hook engine-extends:afterRefresh success!
9-11-2026 17:11:22-debug: asset-db:refresh-all-database (52ms)
9-11-2026 17:11:22-debug: asset-db:worker-effect-data-processing (1ms)
9-11-2026 17:11:22-debug: asset-db-hook-engine-extends-afterRefresh (1ms)
9-11-2026 17:11:53-debug: %cImport%c: D:\Works\Github\BattleGame\assets\Battle.scenebackground: #aaff85; color: #000;color: #000;
9-11-2026 17:11:53-debug: asset-db:reimport-asset1effe86e-a401-4769-9dbc-62218c68834d (13ms)
9-11-2026 17:11:54-debug: Query all assets info in project
9-11-2026 17:11:54-debug: init custom config: keepNodeUuid: false, useCache: true
9-11-2026 17:11:54-debug: Skip compress image, progress: 0%
9-11-2026 17:11:54-debug: Init all bundles start..., progress: 0%
9-11-2026 17:11:54-debug: Num of bundles: 2..., progress: 0%
9-11-2026 17:11:54-debug: Query asset bundle start, progress: 0%
9-11-2026 17:11:54-debug: // ---- build task Query asset bundle ----
9-11-2026 17:11:54-debug: Init bundle root assets start..., progress: 0%
9-11-2026 17:11:54-debug: Query preload assets/scripts from cc.config.json: 60f7195c-ec2a-45eb-ba94-8955f60e81d0,1c02ae6f-4492-4915-b8f8-7492a3b1e4cd,810e96e4-e456-4468-9b59-f4e8f39732c0,efe8e2a3-eace-427b-b4f1-cb8a937ec77d,e9aa9a3e-5b2b-4ac7-a2c7-073de2b2b24f,8bbdbcdd-5cd4-4100-b6d5-b7c9625b6107,50f4348b-c883-4e2f-8f11-ce233b859fa1,fda095cb-831d-4601-ad94-846013963de8,f92806d7-1768-443f-afe8-12bcde84d0f0,dd3a144d-ab7f-41f0-82b8-2e43a090d496,f0416e68-0200-4b77-a926-4f9d16e494da,511d2633-09a7-4bdd-ac42-f778032124b3,5d45aa00-e064-4938-b314-4265f0c2258c,9361fd90-ba52-4f84-aa93-6e878fd576ca,970b0598-bcb0-4714-91fb-2e81440dccd8,bcd64cc6-2dd9-43f6-abbe-66318d332032,d930590d-bb92-4cc8-8bd1-23cd027f9edf,a3cd009f-0ab0-420d-9278-b9fdab939bbc,6a2d0734-bd9e-4ddf-946e-caa52498cb75,d9937e59-61fe-4ec6-92ab-7ac5a19c89b0,d1346436-ac96-4271-b863-1f4fdead95b0,971bdb23-3ff6-43eb-b422-1c30165a3663,17debcc3-0a6b-4b8a-b00b-dc58b885581e,711ebe11-f673-4cd9-9a83-63c60ba54c5b,c0143906-9aed-447e-9436-2ae8512d1b6e,14da1725-c4c2-42b4-ab08-ee0aeb6898b3,081cab31-dccd-428e-8652-f2404cc81c47,78e0584a-4343-4727-8f37-e14e65c2a2db,871c3b6c-7379-419d-bda3-794b239ab90d,ff9b0199-ce04-4cfe-86cc-6c719f08d6e4,de1c2107-70c8-4021-8459-6399f24d01c6,cbf30902-517f-40dc-af90-a550bac27cf1,5c601d96-e4c7-4698-991b-7ee674b11079
9-11-2026 17:11:54-debug:   Number of all scenes: 1
9-11-2026 17:11:54-debug:   Number of other assets: 486
9-11-2026 17:11:54-debug: Init bundle root assets success..., progress: 0%
9-11-2026 17:11:54-debug:   Number of all scripts: 42
9-11-2026 17:11:54-debug: // ---- build task Query asset bundle ---- (3ms)
9-11-2026 17:11:54-log: run build task Query asset bundle success in 3 ms√, progress: 5%
9-11-2026 17:11:54-debug: [Build Memory track]: Query asset bundle start:235.41MB, end 235.30MB, increase: -116.62KB
9-11-2026 17:11:54-debug: Query asset bundle start, progress: 5%
9-11-2026 17:11:54-debug: // ---- build task Query asset bundle ----
9-11-2026 17:11:54-debug: // ---- build task Query asset bundle ---- (4ms)
9-11-2026 17:11:54-debug: [Build Memory track]: Query asset bundle start:235.32MB, end 235.49MB, increase: 165.93KB
9-11-2026 17:11:54-log: run build task Query asset bundle success in 4 ms√, progress: 10%
9-11-2026 17:11:54-debug: Sort some build options to settings.json start, progress: 10%
9-11-2026 17:11:54-debug: // ---- build task Sort some build options to settings.json ----
9-11-2026 17:11:54-debug: // ---- build task Sort some build options to settings.json ---- (2ms)
9-11-2026 17:11:54-log: run build task Sort some build options to settings.json success in 2 ms√, progress: 12%
9-11-2026 17:11:54-debug: [Build Memory track]: Sort some build options to settings.json start:235.52MB, end 235.54MB, increase: 28.54KB
9-11-2026 17:11:54-debug: // ---- build task Fill script data to settings ----
9-11-2026 17:11:54-debug: Fill script data to settings start, progress: 12%
9-11-2026 17:11:54-debug: // ---- build task Fill script data to settings ---- (1ms)
9-11-2026 17:11:54-log: run build task Fill script data to settings success in 1 ms√, progress: 13%
9-11-2026 17:11:54-debug: [Build Memory track]: Fill script data to settings start:235.57MB, end 235.60MB, increase: 28.99KB
9-11-2026 17:11:54-debug: Sort some build options to settings.json start, progress: 13%
9-11-2026 17:11:54-debug: // ---- build task Sort some build options to settings.json ----
9-11-2026 17:11:54-debug: // ---- build task Sort some build options to settings.json ---- (6ms)
9-11-2026 17:11:54-debug: [Build Memory track]: Sort some build options to settings.json start:235.63MB, end 235.76MB, increase: 132.93KB
9-11-2026 17:11:54-log: run build task Sort some build options to settings.json success in 6 ms√, progress: 15%
9-11-2026 17:12:18-debug: refresh db internal success
9-11-2026 17:12:18-debug: Run asset db hook engine-extends:afterRefresh success!
9-11-2026 17:12:18-debug: refresh db assets success
9-11-2026 17:12:18-debug: Run asset db hook engine-extends:afterRefresh ...
9-11-2026 17:12:18-debug: asset-db:refresh-all-database (48ms)
9-11-2026 17:12:18-debug: asset-db:worker-effect-data-processing (1ms)
9-11-2026 17:12:18-debug: asset-db-hook-engine-extends-afterRefresh (1ms)
9-11-2026 17:12:29-debug: %cImport%c: D:\Works\Github\BattleGame\assets\Battle.scenebackground: #aaff85; color: #000;color: #000;
9-11-2026 17:12:29-debug: asset-db:reimport-asset1effe86e-a401-4769-9dbc-62218c68834d (12ms)
9-11-2026 17:12:30-debug: Query all assets info in project
9-11-2026 17:12:30-debug: init custom config: keepNodeUuid: false, useCache: true
9-11-2026 17:12:30-debug: Skip compress image, progress: 0%
9-11-2026 17:12:30-debug: Init all bundles start..., progress: 0%
9-11-2026 17:12:30-debug: Num of bundles: 2..., progress: 0%
9-11-2026 17:12:30-debug: Query asset bundle start, progress: 0%
9-11-2026 17:12:30-debug: Init bundle root assets start..., progress: 0%
9-11-2026 17:12:30-debug: // ---- build task Query asset bundle ----
9-11-2026 17:12:30-debug: Query preload assets/scripts from cc.config.json: 60f7195c-ec2a-45eb-ba94-8955f60e81d0,1c02ae6f-4492-4915-b8f8-7492a3b1e4cd,810e96e4-e456-4468-9b59-f4e8f39732c0,efe8e2a3-eace-427b-b4f1-cb8a937ec77d,e9aa9a3e-5b2b-4ac7-a2c7-073de2b2b24f,8bbdbcdd-5cd4-4100-b6d5-b7c9625b6107,50f4348b-c883-4e2f-8f11-ce233b859fa1,fda095cb-831d-4601-ad94-846013963de8,f92806d7-1768-443f-afe8-12bcde84d0f0,dd3a144d-ab7f-41f0-82b8-2e43a090d496,f0416e68-0200-4b77-a926-4f9d16e494da,511d2633-09a7-4bdd-ac42-f778032124b3,5d45aa00-e064-4938-b314-4265f0c2258c,9361fd90-ba52-4f84-aa93-6e878fd576ca,970b0598-bcb0-4714-91fb-2e81440dccd8,bcd64cc6-2dd9-43f6-abbe-66318d332032,d930590d-bb92-4cc8-8bd1-23cd027f9edf,a3cd009f-0ab0-420d-9278-b9fdab939bbc,6a2d0734-bd9e-4ddf-946e-caa52498cb75,d9937e59-61fe-4ec6-92ab-7ac5a19c89b0,d1346436-ac96-4271-b863-1f4fdead95b0,971bdb23-3ff6-43eb-b422-1c30165a3663,17debcc3-0a6b-4b8a-b00b-dc58b885581e,711ebe11-f673-4cd9-9a83-63c60ba54c5b,c0143906-9aed-447e-9436-2ae8512d1b6e,14da1725-c4c2-42b4-ab08-ee0aeb6898b3,081cab31-dccd-428e-8652-f2404cc81c47,78e0584a-4343-4727-8f37-e14e65c2a2db,871c3b6c-7379-419d-bda3-794b239ab90d,ff9b0199-ce04-4cfe-86cc-6c719f08d6e4,de1c2107-70c8-4021-8459-6399f24d01c6,cbf30902-517f-40dc-af90-a550bac27cf1,5c601d96-e4c7-4698-991b-7ee674b11079
9-11-2026 17:12:30-debug:   Number of all scenes: 1
9-11-2026 17:12:30-debug:   Number of all scripts: 42
9-11-2026 17:12:30-debug: Init bundle root assets success..., progress: 0%
9-11-2026 17:12:30-debug:   Number of other assets: 486
9-11-2026 17:12:30-debug: // ---- build task Query asset bundle ---- (6ms)
9-11-2026 17:12:30-log: run build task Query asset bundle success in 6 ms√, progress: 5%
9-11-2026 17:12:30-debug: [Build Memory track]: Query asset bundle start:237.54MB, end 237.34MB, increase: -201.56KB
9-11-2026 17:12:30-debug: Query asset bundle start, progress: 5%
9-11-2026 17:12:30-debug: // ---- build task Query asset bundle ----
9-11-2026 17:12:30-debug: // ---- build task Query asset bundle ---- (4ms)
9-11-2026 17:12:30-log: run build task Query asset bundle success in 4 ms√, progress: 10%
9-11-2026 17:12:30-debug: // ---- build task Sort some build options to settings.json ----
9-11-2026 17:12:30-debug: [Build Memory track]: Query asset bundle start:237.37MB, end 237.51MB, increase: 145.63KB
9-11-2026 17:12:30-debug: Sort some build options to settings.json start, progress: 10%
9-11-2026 17:12:30-debug: // ---- build task Sort some build options to settings.json ---- (2ms)
9-11-2026 17:12:30-log: run build task Sort some build options to settings.json success in 2 ms√, progress: 12%
9-11-2026 17:12:30-debug: Fill script data to settings start, progress: 12%
9-11-2026 17:12:30-debug: [Build Memory track]: Sort some build options to settings.json start:237.54MB, end 237.57MB, increase: 26.58KB
9-11-2026 17:12:30-debug: // ---- build task Fill script data to settings ----
9-11-2026 17:12:30-log: run build task Fill script data to settings success in √, progress: 13%
9-11-2026 17:12:30-debug: [Build Memory track]: Fill script data to settings start:237.59MB, end 237.61MB, increase: 15.62KB
9-11-2026 17:12:30-debug: Sort some build options to settings.json start, progress: 13%
9-11-2026 17:12:30-debug: // ---- build task Sort some build options to settings.json ----
9-11-2026 17:12:30-debug: // ---- build task Sort some build options to settings.json ---- (5ms)
9-11-2026 17:12:30-log: run build task Sort some build options to settings.json success in 5 ms√, progress: 15%
9-11-2026 17:12:30-debug: [Build Memory track]: Sort some build options to settings.json start:237.64MB, end 237.76MB, increase: 126.95KB
9-11-2026 17:13:02-debug: refresh db internal success
9-11-2026 17:13:02-debug: refresh db assets success
9-11-2026 17:13:02-debug: Run asset db hook engine-extends:afterRefresh ...
9-11-2026 17:13:02-debug: Run asset db hook engine-extends:afterRefresh success!
9-11-2026 17:13:02-debug: asset-db:refresh-all-database (51ms)
9-11-2026 17:13:02-debug: asset-db:worker-effect-data-processing (1ms)
9-11-2026 17:13:02-debug: asset-db-hook-engine-extends-afterRefresh (1ms)
9-11-2026 17:13:12-debug: %cImport%c: D:\Works\Github\BattleGame\assets\Battle.scenebackground: #aaff85; color: #000;color: #000;
9-11-2026 17:13:12-debug: asset-db:reimport-asset1effe86e-a401-4769-9dbc-62218c68834d (13ms)
9-11-2026 17:13:13-debug: Query all assets info in project
9-11-2026 17:13:13-debug: init custom config: keepNodeUuid: false, useCache: true
9-11-2026 17:13:13-debug: Skip compress image, progress: 0%
9-11-2026 17:13:13-debug: Init all bundles start..., progress: 0%
9-11-2026 17:13:13-debug: // ---- build task Query asset bundle ----
9-11-2026 17:13:13-debug: Query asset bundle start, progress: 0%
9-11-2026 17:13:13-debug: Init bundle root assets start..., progress: 0%
9-11-2026 17:13:13-debug: Num of bundles: 2..., progress: 0%
9-11-2026 17:13:13-debug: Query preload assets/scripts from cc.config.json: 60f7195c-ec2a-45eb-ba94-8955f60e81d0,1c02ae6f-4492-4915-b8f8-7492a3b1e4cd,810e96e4-e456-4468-9b59-f4e8f39732c0,efe8e2a3-eace-427b-b4f1-cb8a937ec77d,e9aa9a3e-5b2b-4ac7-a2c7-073de2b2b24f,8bbdbcdd-5cd4-4100-b6d5-b7c9625b6107,50f4348b-c883-4e2f-8f11-ce233b859fa1,fda095cb-831d-4601-ad94-846013963de8,f92806d7-1768-443f-afe8-12bcde84d0f0,dd3a144d-ab7f-41f0-82b8-2e43a090d496,f0416e68-0200-4b77-a926-4f9d16e494da,511d2633-09a7-4bdd-ac42-f778032124b3,5d45aa00-e064-4938-b314-4265f0c2258c,9361fd90-ba52-4f84-aa93-6e878fd576ca,970b0598-bcb0-4714-91fb-2e81440dccd8,bcd64cc6-2dd9-43f6-abbe-66318d332032,d930590d-bb92-4cc8-8bd1-23cd027f9edf,a3cd009f-0ab0-420d-9278-b9fdab939bbc,6a2d0734-bd9e-4ddf-946e-caa52498cb75,d9937e59-61fe-4ec6-92ab-7ac5a19c89b0,d1346436-ac96-4271-b863-1f4fdead95b0,971bdb23-3ff6-43eb-b422-1c30165a3663,17debcc3-0a6b-4b8a-b00b-dc58b885581e,711ebe11-f673-4cd9-9a83-63c60ba54c5b,c0143906-9aed-447e-9436-2ae8512d1b6e,14da1725-c4c2-42b4-ab08-ee0aeb6898b3,081cab31-dccd-428e-8652-f2404cc81c47,78e0584a-4343-4727-8f37-e14e65c2a2db,871c3b6c-7379-419d-bda3-794b239ab90d,ff9b0199-ce04-4cfe-86cc-6c719f08d6e4,de1c2107-70c8-4021-8459-6399f24d01c6,cbf30902-517f-40dc-af90-a550bac27cf1,5c601d96-e4c7-4698-991b-7ee674b11079
9-11-2026 17:13:13-debug:   Number of all scripts: 42
9-11-2026 17:13:13-debug:   Number of other assets: 486
9-11-2026 17:13:13-debug: Init bundle root assets success..., progress: 0%
9-11-2026 17:13:13-debug:   Number of all scenes: 1
9-11-2026 17:13:13-debug: // ---- build task Query asset bundle ---- (5ms)
9-11-2026 17:13:13-log: run build task Query asset bundle success in 5 ms√, progress: 5%
9-11-2026 17:13:13-debug: Query asset bundle start, progress: 5%
9-11-2026 17:13:13-debug: [Build Memory track]: Query asset bundle start:239.20MB, end 238.99MB, increase: -218.47KB
9-11-2026 17:13:13-debug: // ---- build task Query asset bundle ----
9-11-2026 17:13:13-debug: // ---- build task Query asset bundle ---- (6ms)
9-11-2026 17:13:13-log: run build task Query asset bundle success in 6 ms√, progress: 10%
9-11-2026 17:13:13-debug: [Build Memory track]: Query asset bundle start:239.02MB, end 239.17MB, increase: 149.97KB
9-11-2026 17:13:13-debug: // ---- build task Sort some build options to settings.json ----
9-11-2026 17:13:13-debug: Sort some build options to settings.json start, progress: 10%
9-11-2026 17:13:13-debug: // ---- build task Sort some build options to settings.json ---- (1ms)
9-11-2026 17:13:13-log: run build task Sort some build options to settings.json success in 1 ms√, progress: 12%
9-11-2026 17:13:13-debug: [Build Memory track]: Sort some build options to settings.json start:239.19MB, end 239.23MB, increase: 32.09KB
9-11-2026 17:13:13-debug: // ---- build task Fill script data to settings ----
9-11-2026 17:13:13-debug: Fill script data to settings start, progress: 12%
9-11-2026 17:13:13-debug: // ---- build task Fill script data to settings ---- (2ms)
9-11-2026 17:13:13-debug: [Build Memory track]: Fill script data to settings start:239.25MB, end 239.28MB, increase: 25.93KB
9-11-2026 17:13:13-debug: Sort some build options to settings.json start, progress: 13%
9-11-2026 17:13:13-debug: // ---- build task Sort some build options to settings.json ----
9-11-2026 17:13:13-log: run build task Fill script data to settings success in 2 ms√, progress: 13%
9-11-2026 17:13:13-debug: // ---- build task Sort some build options to settings.json ---- (10ms)
9-11-2026 17:13:13-log: run build task Sort some build options to settings.json success in 10 ms√, progress: 15%
9-11-2026 17:13:13-debug: [Build Memory track]: Sort some build options to settings.json start:239.31MB, end 239.44MB, increase: 131.45KB
9-11-2026 17:14:03-debug: refresh db internal success
9-11-2026 17:14:03-debug: refresh db assets success
9-11-2026 17:14:03-debug: Run asset db hook engine-extends:afterRefresh ...
9-11-2026 17:14:03-debug: Run asset db hook engine-extends:afterRefresh success!
9-11-2026 17:14:03-debug: asset-db:worker-effect-data-processing (1ms)
9-11-2026 17:14:03-debug: asset-db:refresh-all-database (51ms)
9-11-2026 17:14:03-debug: asset-db-hook-engine-extends-afterRefresh (1ms)
9-11-2026 17:36:53-debug: refresh db internal success
9-11-2026 17:36:53-debug: refresh db assets success
9-11-2026 17:36:53-debug: Run asset db hook engine-extends:afterRefresh ...
9-11-2026 17:36:53-debug: Run asset db hook engine-extends:afterRefresh success!
9-11-2026 17:36:53-debug: asset-db:refresh-all-database (54ms)
9-11-2026 17:36:53-debug: asset-db:worker-effect-data-processing (2ms)
9-11-2026 17:36:53-debug: asset-db-hook-engine-extends-afterRefresh (2ms)
9-11-2026 18:13:09-debug: refresh db internal success
9-11-2026 18:13:09-debug: refresh db assets success
9-11-2026 18:13:09-debug: Run asset db hook engine-extends:afterRefresh ...
9-11-2026 18:13:09-debug: Run asset db hook engine-extends:afterRefresh success!
9-11-2026 18:13:09-debug: asset-db:refresh-all-database (58ms)
9-11-2026 18:13:09-debug: asset-db-hook-engine-extends-afterRefresh (1ms)
9-11-2026 18:26:45-debug: refresh db internal success
9-11-2026 18:26:45-debug: refresh db assets success
9-11-2026 18:26:45-debug: Run asset db hook engine-extends:afterRefresh success!
9-11-2026 18:26:45-debug: Run asset db hook engine-extends:afterRefresh ...
9-11-2026 18:26:45-debug: asset-db:refresh-all-database (98ms)
9-11-2026 18:26:45-debug: asset-db:worker-effect-data-processing (2ms)
9-11-2026 18:26:45-debug: asset-db-hook-engine-extends-afterRefresh (2ms)
