9-11-2026 13:47:56-log: Cannot access game frame or container.
9-11-2026 13:47:56-debug: asset-db:require-engine-code (422ms)
9-11-2026 13:47:56-log: meshopt wasm decoder initialized
9-11-2026 13:47:56-log: [box2d]:box2d wasm lib loaded.
9-11-2026 13:47:56-log: [bullet]:bullet wasm lib loaded.
9-11-2026 13:47:56-log: Cocos Creator v3.8.8
9-11-2026 13:47:56-log: Using legacy pipeline
9-11-2026 13:47:56-debug: [Assets Memory track]: asset-db:worker-init: initEngine start:27.55MB, end 78.80MB, increase: 51.25MB
9-11-2026 13:47:56-log: Forward render pipeline initialized.
9-11-2026 13:47:57-debug: [Assets Memory track]: asset-db:worker-init: initPlugin start:78.87MB, end 273.82MB, increase: 194.95MB
9-11-2026 13:47:57-debug: run package(channel-upload-tools) handler(enable) start
9-11-2026 13:47:57-debug: run package(channel-upload-tools) handler(enable) success!
9-11-2026 13:47:57-debug: run package(fb-instant-games) handler(enable) start
9-11-2026 13:47:57-debug: run package(fb-instant-games) handler(enable) success!
9-11-2026 13:47:57-debug: run package(google-play) handler(enable) start
9-11-2026 13:47:57-debug: run package(google-play) handler(enable) success!
9-11-2026 13:47:57-debug: run package(harmonyos-next) handler(enable) success!
9-11-2026 13:47:57-debug: run package(honor-mini-game) handler(enable) start
9-11-2026 13:47:57-debug: run package(honor-mini-game) handler(enable) success!
9-11-2026 13:47:57-debug: run package(huawei-agc) handler(enable) start
9-11-2026 13:47:57-debug: run package(huawei-agc) handler(enable) success!
9-11-2026 13:47:57-debug: run package(harmonyos-next) handler(enable) start
9-11-2026 13:47:57-debug: run package(huawei-quick-game) handler(enable) start
9-11-2026 13:47:57-debug: run package(huawei-quick-game) handler(enable) success!
9-11-2026 13:47:57-debug: run package(ios) handler(enable) success!
9-11-2026 13:47:57-debug: run package(ios) handler(enable) start
9-11-2026 13:47:57-debug: run package(linux) handler(enable) start
9-11-2026 13:47:57-debug: run package(linux) handler(enable) success!
9-11-2026 13:47:57-debug: run package(mac) handler(enable) start
9-11-2026 13:47:57-debug: run package(migu-mini-game) handler(enable) start
9-11-2026 13:47:57-debug: run package(migu-mini-game) handler(enable) success!
9-11-2026 13:47:57-debug: run package(native) handler(enable) start
9-11-2026 13:47:57-debug: run package(native) handler(enable) success!
9-11-2026 13:47:57-debug: run package(mac) handler(enable) success!
9-11-2026 13:47:57-debug: run package(ohos) handler(enable) success!
9-11-2026 13:47:57-debug: run package(oppo-mini-game) handler(enable) success!
9-11-2026 13:47:57-debug: run package(ohos) handler(enable) start
9-11-2026 13:47:57-debug: run package(oppo-mini-game) handler(enable) start
9-11-2026 13:47:57-debug: run package(runtime-dev-tools) handler(enable) start
9-11-2026 13:47:57-debug: run package(runtime-dev-tools) handler(enable) success!
9-11-2026 13:47:57-debug: run package(vivo-mini-game) handler(enable) start
9-11-2026 13:47:57-debug: run package(taobao-mini-game) handler(enable) success!
9-11-2026 13:47:57-debug: run package(taobao-mini-game) handler(enable) start
9-11-2026 13:47:57-debug: run package(vivo-mini-game) handler(enable) success!
9-11-2026 13:47:57-debug: run package(web-desktop) handler(enable) start
9-11-2026 13:47:57-debug: run package(web-desktop) handler(enable) success!
9-11-2026 13:47:57-debug: run package(wechatgame) handler(enable) start
9-11-2026 13:47:57-debug: run package(web-mobile) handler(enable) success!
9-11-2026 13:47:57-debug: run package(wechatgame) handler(enable) success!
9-11-2026 13:47:57-debug: run package(web-mobile) handler(enable) start
9-11-2026 13:47:57-debug: run package(wechatprogram) handler(enable) start
9-11-2026 13:47:57-debug: run package(wechatprogram) handler(enable) success!
9-11-2026 13:47:57-debug: run package(xiaomi-quick-game) handler(enable) start
9-11-2026 13:47:57-debug: run package(windows) handler(enable) success!
9-11-2026 13:47:57-debug: run package(xiaomi-quick-game) handler(enable) success!
9-11-2026 13:47:57-debug: run package(cocos-service) handler(enable) start
9-11-2026 13:47:57-debug: run package(cocos-service) handler(enable) success!
9-11-2026 13:47:57-debug: run package(im-plugin) handler(enable) success!
9-11-2026 13:47:57-debug: run package(windows) handler(enable) start
9-11-2026 13:47:57-debug: run package(im-plugin) handler(enable) start
9-11-2026 13:47:57-debug: run package(placeholder) handler(enable) start
9-11-2026 13:47:57-debug: run package(placeholder) handler(enable) success!
9-11-2026 13:47:57-debug: asset-db:worker-init: initPlugin (1137ms)
9-11-2026 13:47:57-debug: [Assets Memory track]: asset-db:worker-init start:27.54MB, end 271.80MB, increase: 244.25MB
9-11-2026 13:47:57-debug: Run asset db hook programming:beforePreStart ...
9-11-2026 13:47:57-debug: Run asset db hook programming:beforePreStart success!
9-11-2026 13:47:57-debug: Run asset db hook engine-extends:beforePreStart ...
9-11-2026 13:47:57-debug: Run asset db hook engine-extends:beforePreStart success!
9-11-2026 13:47:57-debug: asset-db:worker-init (1697ms)
9-11-2026 13:47:57-debug: asset-db-hook-programming-beforePreStart (51ms)
9-11-2026 13:47:57-debug: asset-db-hook-engine-extends-beforePreStart (51ms)
9-11-2026 13:47:57-debug: Preimport db internal success
9-11-2026 13:47:57-debug: Run asset db hook programming:afterPreStart ...
9-11-2026 13:47:57-debug: starting packer-driver...
9-11-2026 13:47:57-debug: Preimport db assets success
9-11-2026 13:47:59-debug: initialize scripting environment...
9-11-2026 13:47:59-debug: [[Executor]] prepare before lock
9-11-2026 13:47:59-debug: Set detail map pack:///resolution-detail-map.json: {}
9-11-2026 13:47:59-debug: [[Executor]] prepare after unlock
9-11-2026 13:47:59-debug: Run asset db hook programming:afterPreStart success!
9-11-2026 13:47:59-debug: Run asset db hook engine-extends:afterPreStart ...
9-11-2026 13:47:59-debug: Run asset db hook engine-extends:afterPreStart success!
9-11-2026 13:47:59-debug: [Assets Memory track]: asset-db:worker-init: preStart start:271.81MB, end 277.74MB, increase: 5.93MB
9-11-2026 13:47:59-debug: Start up the 'internal' database...
9-11-2026 13:47:59-debug: asset-db-hook-programming-afterPreStart (1745ms)
9-11-2026 13:47:59-debug: asset-db:worker-effect-data-processing (198ms)
9-11-2026 13:47:59-debug: asset-db-hook-engine-extends-afterPreStart (199ms)
9-11-2026 13:47:59-debug: Run asset db hook engine-extends:afterStartDB ...
9-11-2026 13:47:59-debug: recompile effect.bin success
9-11-2026 13:47:59-debug: Start up the 'assets' database...
9-11-2026 13:47:59-debug: Run asset db hook engine-extends:afterStartDB success!
9-11-2026 13:47:59-debug: asset-db:worker-effect-data-processing (240ms)
9-11-2026 13:47:59-debug: asset-db-hook-engine-extends-afterStartDB (241ms)
9-11-2026 13:47:59-debug: Run asset db hook engine-extends:afterStartDB ...
9-11-2026 13:47:59-debug: recompile effect.bin success
9-11-2026 13:47:59-debug: Run asset db hook engine-extends:afterStartDB success!
9-11-2026 13:47:59-debug: [Assets Memory track]: asset-db:worker-init: startup start:277.75MB, end 309.66MB, increase: 31.91MB
9-11-2026 13:47:59-debug: lazy register asset handler text
9-11-2026 13:47:59-debug: lazy register asset handler directory
9-11-2026 13:47:59-debug: lazy register asset handler *
9-11-2026 13:47:59-debug: lazy register asset handler spine-data
9-11-2026 13:47:59-debug: lazy register asset handler dragonbones
9-11-2026 13:47:59-debug: lazy register asset handler dragonbones-atlas
9-11-2026 13:47:59-debug: lazy register asset handler terrain
9-11-2026 13:47:59-debug: lazy register asset handler typescript
9-11-2026 13:47:59-debug: lazy register asset handler javascript
9-11-2026 13:47:59-debug: lazy register asset handler scene
9-11-2026 13:47:59-debug: lazy register asset handler prefab
9-11-2026 13:47:59-debug: lazy register asset handler tiled-map
9-11-2026 13:47:59-debug: lazy register asset handler sprite-frame
9-11-2026 13:47:59-debug: lazy register asset handler buffer
9-11-2026 13:47:59-debug: lazy register asset handler sign-image
9-11-2026 13:47:59-debug: lazy register asset handler alpha-image
9-11-2026 13:47:59-debug: lazy register asset handler texture
9-11-2026 13:47:59-debug: lazy register asset handler texture-cube
9-11-2026 13:47:59-debug: lazy register asset handler erp-texture-cube
9-11-2026 13:47:59-debug: lazy register asset handler image
9-11-2026 13:47:59-debug: lazy register asset handler render-texture
9-11-2026 13:47:59-debug: lazy register asset handler texture-cube-face
9-11-2026 13:47:59-debug: lazy register asset handler json
9-11-2026 13:47:59-debug: lazy register asset handler rt-sprite-frame
9-11-2026 13:47:59-debug: lazy register asset handler gltf-mesh
9-11-2026 13:47:59-debug: lazy register asset handler gltf-animation
9-11-2026 13:47:59-debug: lazy register asset handler gltf-skeleton
9-11-2026 13:47:59-debug: lazy register asset handler gltf
9-11-2026 13:47:59-debug: lazy register asset handler gltf-material
9-11-2026 13:47:59-debug: lazy register asset handler gltf-embeded-image
9-11-2026 13:47:59-debug: lazy register asset handler material
9-11-2026 13:47:59-debug: lazy register asset handler fbx
9-11-2026 13:47:59-debug: lazy register asset handler gltf-scene
9-11-2026 13:47:59-debug: lazy register asset handler physics-material
9-11-2026 13:47:59-debug: lazy register asset handler audio-clip
9-11-2026 13:47:59-debug: lazy register asset handler effect-header
9-11-2026 13:47:59-debug: lazy register asset handler animation-clip
9-11-2026 13:47:59-debug: lazy register asset handler animation-graph
9-11-2026 13:47:59-debug: lazy register asset handler animation-graph-variant
9-11-2026 13:47:59-debug: lazy register asset handler ttf-font
9-11-2026 13:47:59-debug: lazy register asset handler animation-mask
9-11-2026 13:47:59-debug: lazy register asset handler particle
9-11-2026 13:47:59-debug: lazy register asset handler bitmap-font
9-11-2026 13:47:59-debug: lazy register asset handler sprite-atlas
9-11-2026 13:47:59-debug: lazy register asset handler label-atlas
9-11-2026 13:47:59-debug: lazy register asset handler auto-atlas
9-11-2026 13:47:59-debug: lazy register asset handler render-stage
9-11-2026 13:47:59-debug: lazy register asset handler render-pipeline
9-11-2026 13:47:59-debug: lazy register asset handler instantiation-material
9-11-2026 13:47:59-debug: lazy register asset handler effect
9-11-2026 13:47:59-debug: lazy register asset handler render-flow
9-11-2026 13:47:59-debug: lazy register asset handler instantiation-skeleton
9-11-2026 13:47:59-debug: lazy register asset handler instantiation-animation
9-11-2026 13:47:59-debug: lazy register asset handler video-clip
9-11-2026 13:47:59-debug: lazy register asset handler instantiation-mesh
9-11-2026 13:47:59-debug: asset-db:worker-effect-data-processing (227ms)
9-11-2026 13:47:59-debug: asset-db-hook-engine-extends-afterStartDB (228ms)
9-11-2026 13:47:59-debug: asset-db:ready (5569ms)
9-11-2026 13:47:59-debug: asset-db:start-database (2361ms)
9-11-2026 13:47:59-debug: init worker message success
9-11-2026 13:48:00-debug: programming:execute-script (533ms)
9-11-2026 13:48:00-debug: [Build Memory track]: builder:worker-init start:308.08MB, end 318.00MB, increase: 9.92MB
9-11-2026 13:48:00-debug: builder:worker-init (227ms)
9-11-2026 13:48:00-debug: Query all assets info in project
9-11-2026 13:48:00-debug: init custom config: keepNodeUuid: false, useCache: true
9-11-2026 13:48:00-debug: Skip compress image, progress: 0%
9-11-2026 13:48:00-debug: Init all bundles start..., progress: 0%
9-11-2026 13:48:00-debug: // ---- build task Query asset bundle ----
9-11-2026 13:48:00-debug: Num of bundles: 2..., progress: 0%
9-11-2026 13:48:00-debug: Init bundle root assets start..., progress: 0%
9-11-2026 13:48:00-debug: Query asset bundle start, progress: 0%
9-11-2026 13:48:00-debug: Query preload assets/scripts from cc.config.json: 60f7195c-ec2a-45eb-ba94-8955f60e81d0,1c02ae6f-4492-4915-b8f8-7492a3b1e4cd,810e96e4-e456-4468-9b59-f4e8f39732c0,efe8e2a3-eace-427b-b4f1-cb8a937ec77d,e9aa9a3e-5b2b-4ac7-a2c7-073de2b2b24f,8bbdbcdd-5cd4-4100-b6d5-b7c9625b6107,50f4348b-c883-4e2f-8f11-ce233b859fa1,fda095cb-831d-4601-ad94-846013963de8,f92806d7-1768-443f-afe8-12bcde84d0f0,dd3a144d-ab7f-41f0-82b8-2e43a090d496,f0416e68-0200-4b77-a926-4f9d16e494da,511d2633-09a7-4bdd-ac42-f778032124b3,5d45aa00-e064-4938-b314-4265f0c2258c,9361fd90-ba52-4f84-aa93-6e878fd576ca,970b0598-bcb0-4714-91fb-2e81440dccd8,bcd64cc6-2dd9-43f6-abbe-66318d332032,d930590d-bb92-4cc8-8bd1-23cd027f9edf,a3cd009f-0ab0-420d-9278-b9fdab939bbc,6a2d0734-bd9e-4ddf-946e-caa52498cb75,d9937e59-61fe-4ec6-92ab-7ac5a19c89b0,d1346436-ac96-4271-b863-1f4fdead95b0,971bdb23-3ff6-43eb-b422-1c30165a3663,17debcc3-0a6b-4b8a-b00b-dc58b885581e,711ebe11-f673-4cd9-9a83-63c60ba54c5b,c0143906-9aed-447e-9436-2ae8512d1b6e,14da1725-c4c2-42b4-ab08-ee0aeb6898b3,081cab31-dccd-428e-8652-f2404cc81c47,78e0584a-4343-4727-8f37-e14e65c2a2db,871c3b6c-7379-419d-bda3-794b239ab90d,ff9b0199-ce04-4cfe-86cc-6c719f08d6e4,de1c2107-70c8-4021-8459-6399f24d01c6,cbf30902-517f-40dc-af90-a550bac27cf1,5c601d96-e4c7-4698-991b-7ee674b11079
9-11-2026 13:48:00-debug:   Number of other assets: 486
9-11-2026 13:48:00-debug: Init bundle root assets success..., progress: 0%
9-11-2026 13:48:00-debug:   Number of all scenes: 1
9-11-2026 13:48:00-debug:   Number of all scripts: 42
9-11-2026 13:48:00-debug: // ---- build task Query asset bundle ---- (5ms)
9-11-2026 13:48:00-log: run build task Query asset bundle success in 5 ms√, progress: 5%
9-11-2026 13:48:00-debug: [Build Memory track]: Query asset bundle start:323.58MB, end 317.86MB, increase: -5860.53KB
9-11-2026 13:48:00-debug: Query asset bundle start, progress: 5%
9-11-2026 13:48:00-debug: // ---- build task Query asset bundle ----
9-11-2026 13:48:00-debug: // ---- build task Query asset bundle ---- (2ms)
9-11-2026 13:48:00-log: run build task Query asset bundle success in 2 ms√, progress: 10%
9-11-2026 13:48:00-debug: [Build Memory track]: Query asset bundle start:317.90MB, end 318.07MB, increase: 174.48KB
9-11-2026 13:48:00-debug: // ---- build task Sort some build options to settings.json ----
9-11-2026 13:48:00-debug: Sort some build options to settings.json start, progress: 10%
9-11-2026 13:48:00-debug: // ---- build task Sort some build options to settings.json ---- (2ms)
9-11-2026 13:48:00-log: run build task Sort some build options to settings.json success in 2 ms√, progress: 12%
9-11-2026 13:48:00-debug: [Build Memory track]: Sort some build options to settings.json start:318.12MB, end 318.16MB, increase: 47.63KB
9-11-2026 13:48:00-debug: Fill script data to settings start, progress: 12%
9-11-2026 13:48:00-debug: // ---- build task Fill script data to settings ----
9-11-2026 13:48:00-debug: // ---- build task Fill script data to settings ---- (1ms)
9-11-2026 13:48:00-log: run build task Fill script data to settings success in 1 ms√, progress: 13%
9-11-2026 13:48:00-debug: [Build Memory track]: Fill script data to settings start:318.20MB, end 318.24MB, increase: 34.38KB
9-11-2026 13:48:00-debug: Sort some build options to settings.json start, progress: 13%
9-11-2026 13:48:00-debug: // ---- build task Sort some build options to settings.json ----
9-11-2026 13:48:00-debug: // ---- build task Sort some build options to settings.json ---- (5ms)
9-11-2026 13:48:00-log: run build task Sort some build options to settings.json success in 5 ms√, progress: 15%
9-11-2026 13:48:00-debug: [Build Memory track]: Sort some build options to settings.json start:318.28MB, end 318.44MB, increase: 170.04KB
9-11-2026 13:48:01-debug: Query all assets info in project
9-11-2026 13:48:01-debug: init custom config: keepNodeUuid: false, useCache: true
9-11-2026 13:48:01-debug: Skip compress image, progress: 0%
9-11-2026 13:48:01-debug: Num of bundles: 2..., progress: 0%
9-11-2026 13:48:01-debug: Init all bundles start..., progress: 0%
9-11-2026 13:48:01-debug: // ---- build task Query asset bundle ----
9-11-2026 13:48:01-debug: Query asset bundle start, progress: 0%
9-11-2026 13:48:01-debug: Init bundle root assets start..., progress: 0%
9-11-2026 13:48:01-debug: Query preload assets/scripts from cc.config.json: 60f7195c-ec2a-45eb-ba94-8955f60e81d0,1c02ae6f-4492-4915-b8f8-7492a3b1e4cd,810e96e4-e456-4468-9b59-f4e8f39732c0,efe8e2a3-eace-427b-b4f1-cb8a937ec77d,e9aa9a3e-5b2b-4ac7-a2c7-073de2b2b24f,8bbdbcdd-5cd4-4100-b6d5-b7c9625b6107,50f4348b-c883-4e2f-8f11-ce233b859fa1,fda095cb-831d-4601-ad94-846013963de8,f92806d7-1768-443f-afe8-12bcde84d0f0,dd3a144d-ab7f-41f0-82b8-2e43a090d496,f0416e68-0200-4b77-a926-4f9d16e494da,511d2633-09a7-4bdd-ac42-f778032124b3,5d45aa00-e064-4938-b314-4265f0c2258c,9361fd90-ba52-4f84-aa93-6e878fd576ca,970b0598-bcb0-4714-91fb-2e81440dccd8,bcd64cc6-2dd9-43f6-abbe-66318d332032,d930590d-bb92-4cc8-8bd1-23cd027f9edf,a3cd009f-0ab0-420d-9278-b9fdab939bbc,6a2d0734-bd9e-4ddf-946e-caa52498cb75,d9937e59-61fe-4ec6-92ab-7ac5a19c89b0,d1346436-ac96-4271-b863-1f4fdead95b0,971bdb23-3ff6-43eb-b422-1c30165a3663,17debcc3-0a6b-4b8a-b00b-dc58b885581e,711ebe11-f673-4cd9-9a83-63c60ba54c5b,c0143906-9aed-447e-9436-2ae8512d1b6e,14da1725-c4c2-42b4-ab08-ee0aeb6898b3,081cab31-dccd-428e-8652-f2404cc81c47,78e0584a-4343-4727-8f37-e14e65c2a2db,871c3b6c-7379-419d-bda3-794b239ab90d,ff9b0199-ce04-4cfe-86cc-6c719f08d6e4,de1c2107-70c8-4021-8459-6399f24d01c6,cbf30902-517f-40dc-af90-a550bac27cf1,5c601d96-e4c7-4698-991b-7ee674b11079
9-11-2026 13:48:01-debug:   Number of all scenes: 1
9-11-2026 13:48:01-debug:   Number of all scripts: 42
9-11-2026 13:48:01-debug:   Number of other assets: 486
9-11-2026 13:48:01-debug: Init bundle root assets success..., progress: 0%
9-11-2026 13:48:01-debug: // ---- build task Query asset bundle ---- (7ms)
9-11-2026 13:48:01-log: run build task Query asset bundle success in 7 ms√, progress: 5%
9-11-2026 13:48:01-debug: [Build Memory track]: Query asset bundle start:222.03MB, end 222.81MB, increase: 797.88KB
9-11-2026 13:48:01-debug: // ---- build task Query asset bundle ----
9-11-2026 13:48:01-debug: Query asset bundle start, progress: 5%
9-11-2026 13:48:01-debug: // ---- build task Query asset bundle ---- (3ms)
9-11-2026 13:48:01-log: run build task Query asset bundle success in 3 ms√, progress: 10%
9-11-2026 13:48:01-debug: [Build Memory track]: Query asset bundle start:222.85MB, end 222.99MB, increase: 148.36KB
9-11-2026 13:48:01-debug: // ---- build task Sort some build options to settings.json ----
9-11-2026 13:48:01-debug: Sort some build options to settings.json start, progress: 10%
9-11-2026 13:48:01-debug: // ---- build task Sort some build options to settings.json ---- (1ms)
9-11-2026 13:48:01-log: run build task Sort some build options to settings.json success in 1 ms√, progress: 12%
9-11-2026 13:48:01-debug: [Build Memory track]: Sort some build options to settings.json start:223.04MB, end 223.08MB, increase: 34.17KB
9-11-2026 13:48:01-debug: // ---- build task Fill script data to settings ----
9-11-2026 13:48:01-debug: Fill script data to settings start, progress: 12%
9-11-2026 13:48:01-debug: // ---- build task Fill script data to settings ---- (3ms)
9-11-2026 13:48:01-debug: [Build Memory track]: Fill script data to settings start:223.12MB, end 223.15MB, increase: 37.79KB
9-11-2026 13:48:01-log: run build task Fill script data to settings success in 3 ms√, progress: 13%
9-11-2026 13:48:01-debug: Sort some build options to settings.json start, progress: 13%
9-11-2026 13:48:01-debug: // ---- build task Sort some build options to settings.json ----
9-11-2026 13:48:01-debug: // ---- build task Sort some build options to settings.json ---- (11ms)
9-11-2026 13:48:01-debug: [Build Memory track]: Sort some build options to settings.json start:223.19MB, end 223.33MB, increase: 143.68KB
9-11-2026 13:48:01-log: run build task Sort some build options to settings.json success in 11 ms√, progress: 15%
9-11-2026 13:48:06-debug: refresh db internal success
9-11-2026 13:48:06-debug: refresh db assets success
9-11-2026 13:48:06-debug: Run asset db hook engine-extends:afterRefresh ...
9-11-2026 13:48:06-debug: Run asset db hook engine-extends:afterRefresh success!
9-11-2026 13:48:06-debug: asset-db:refresh-all-database (61ms)
9-11-2026 13:48:06-debug: asset-db:worker-effect-data-processing (1ms)
9-11-2026 13:48:06-debug: asset-db-hook-engine-extends-afterRefresh (1ms)
9-11-2026 13:48:06-debug: Query all assets info in project
9-11-2026 13:48:06-debug: init custom config: keepNodeUuid: false, useCache: true
9-11-2026 13:48:06-debug: Skip compress image, progress: 0%
9-11-2026 13:48:06-debug: Init all bundles start..., progress: 0%
9-11-2026 13:48:06-debug: Num of bundles: 2..., progress: 0%
9-11-2026 13:48:06-debug: Query asset bundle start, progress: 0%
9-11-2026 13:48:06-debug: // ---- build task Query asset bundle ----
9-11-2026 13:48:06-debug: Init bundle root assets start..., progress: 0%
9-11-2026 13:48:06-debug: Query preload assets/scripts from cc.config.json: 60f7195c-ec2a-45eb-ba94-8955f60e81d0,1c02ae6f-4492-4915-b8f8-7492a3b1e4cd,810e96e4-e456-4468-9b59-f4e8f39732c0,efe8e2a3-eace-427b-b4f1-cb8a937ec77d,e9aa9a3e-5b2b-4ac7-a2c7-073de2b2b24f,8bbdbcdd-5cd4-4100-b6d5-b7c9625b6107,50f4348b-c883-4e2f-8f11-ce233b859fa1,fda095cb-831d-4601-ad94-846013963de8,f92806d7-1768-443f-afe8-12bcde84d0f0,dd3a144d-ab7f-41f0-82b8-2e43a090d496,f0416e68-0200-4b77-a926-4f9d16e494da,511d2633-09a7-4bdd-ac42-f778032124b3,5d45aa00-e064-4938-b314-4265f0c2258c,9361fd90-ba52-4f84-aa93-6e878fd576ca,970b0598-bcb0-4714-91fb-2e81440dccd8,bcd64cc6-2dd9-43f6-abbe-66318d332032,d930590d-bb92-4cc8-8bd1-23cd027f9edf,a3cd009f-0ab0-420d-9278-b9fdab939bbc,6a2d0734-bd9e-4ddf-946e-caa52498cb75,d9937e59-61fe-4ec6-92ab-7ac5a19c89b0,d1346436-ac96-4271-b863-1f4fdead95b0,971bdb23-3ff6-43eb-b422-1c30165a3663,17debcc3-0a6b-4b8a-b00b-dc58b885581e,711ebe11-f673-4cd9-9a83-63c60ba54c5b,c0143906-9aed-447e-9436-2ae8512d1b6e,14da1725-c4c2-42b4-ab08-ee0aeb6898b3,081cab31-dccd-428e-8652-f2404cc81c47,78e0584a-4343-4727-8f37-e14e65c2a2db,871c3b6c-7379-419d-bda3-794b239ab90d,ff9b0199-ce04-4cfe-86cc-6c719f08d6e4,de1c2107-70c8-4021-8459-6399f24d01c6,cbf30902-517f-40dc-af90-a550bac27cf1,5c601d96-e4c7-4698-991b-7ee674b11079
9-11-2026 13:48:06-debug:   Number of all scenes: 1
9-11-2026 13:48:06-debug:   Number of all scripts: 42
9-11-2026 13:48:06-debug: Init bundle root assets success..., progress: 0%
9-11-2026 13:48:06-debug:   Number of other assets: 486
9-11-2026 13:48:06-debug: // ---- build task Query asset bundle ---- (4ms)
9-11-2026 13:48:06-log: run build task Query asset bundle success in 4 ms√, progress: 5%
9-11-2026 13:48:06-debug: [Build Memory track]: Query asset bundle start:223.69MB, end 224.47MB, increase: 795.23KB
9-11-2026 13:48:06-debug: Query asset bundle start, progress: 5%
9-11-2026 13:48:06-debug: // ---- build task Query asset bundle ----
9-11-2026 13:48:06-debug: // ---- build task Query asset bundle ---- (3ms)
9-11-2026 13:48:06-log: run build task Query asset bundle success in 3 ms√, progress: 10%
9-11-2026 13:48:06-debug: // ---- build task Sort some build options to settings.json ----
9-11-2026 13:48:06-debug: [Build Memory track]: Query asset bundle start:224.51MB, end 224.65MB, increase: 146.84KB
9-11-2026 13:48:06-debug: Sort some build options to settings.json start, progress: 10%
9-11-2026 13:48:06-debug: // ---- build task Sort some build options to settings.json ---- (2ms)
9-11-2026 13:48:06-log: run build task Sort some build options to settings.json success in 2 ms√, progress: 12%
9-11-2026 13:48:06-debug: [Build Memory track]: Sort some build options to settings.json start:224.69MB, end 224.72MB, increase: 33.77KB
9-11-2026 13:48:06-debug: Fill script data to settings start, progress: 12%
9-11-2026 13:48:06-debug: // ---- build task Fill script data to settings ----
9-11-2026 13:48:06-debug: // ---- build task Fill script data to settings ---- (1ms)
9-11-2026 13:48:06-log: run build task Fill script data to settings success in 1 ms√, progress: 13%
9-11-2026 13:48:06-debug: // ---- build task Sort some build options to settings.json ----
9-11-2026 13:48:06-debug: [Build Memory track]: Fill script data to settings start:224.76MB, end 224.79MB, increase: 32.17KB
9-11-2026 13:48:06-debug: Sort some build options to settings.json start, progress: 13%
9-11-2026 13:48:06-debug: // ---- build task Sort some build options to settings.json ---- (4ms)
9-11-2026 13:48:06-log: run build task Sort some build options to settings.json success in 4 ms√, progress: 15%
9-11-2026 13:48:06-debug: [Build Memory track]: Sort some build options to settings.json start:224.83MB, end 224.97MB, increase: 140.71KB
9-11-2026 13:48:13-debug: Query all assets info in project
9-11-2026 13:48:13-debug: init custom config: keepNodeUuid: false, useCache: true
9-11-2026 13:48:13-debug: Skip compress image, progress: 0%
9-11-2026 13:48:13-debug: Num of bundles: 2..., progress: 0%
9-11-2026 13:48:13-debug: Init all bundles start..., progress: 0%
9-11-2026 13:48:13-debug: // ---- build task Query asset bundle ----
9-11-2026 13:48:13-debug: Query asset bundle start, progress: 0%
9-11-2026 13:48:13-debug: Init bundle root assets start..., progress: 0%
9-11-2026 13:48:13-debug: Query preload assets/scripts from cc.config.json: 60f7195c-ec2a-45eb-ba94-8955f60e81d0,1c02ae6f-4492-4915-b8f8-7492a3b1e4cd,810e96e4-e456-4468-9b59-f4e8f39732c0,efe8e2a3-eace-427b-b4f1-cb8a937ec77d,e9aa9a3e-5b2b-4ac7-a2c7-073de2b2b24f,8bbdbcdd-5cd4-4100-b6d5-b7c9625b6107,50f4348b-c883-4e2f-8f11-ce233b859fa1,fda095cb-831d-4601-ad94-846013963de8,f92806d7-1768-443f-afe8-12bcde84d0f0,dd3a144d-ab7f-41f0-82b8-2e43a090d496,f0416e68-0200-4b77-a926-4f9d16e494da,511d2633-09a7-4bdd-ac42-f778032124b3,5d45aa00-e064-4938-b314-4265f0c2258c,9361fd90-ba52-4f84-aa93-6e878fd576ca,970b0598-bcb0-4714-91fb-2e81440dccd8,bcd64cc6-2dd9-43f6-abbe-66318d332032,d930590d-bb92-4cc8-8bd1-23cd027f9edf,a3cd009f-0ab0-420d-9278-b9fdab939bbc,6a2d0734-bd9e-4ddf-946e-caa52498cb75,d9937e59-61fe-4ec6-92ab-7ac5a19c89b0,d1346436-ac96-4271-b863-1f4fdead95b0,971bdb23-3ff6-43eb-b422-1c30165a3663,17debcc3-0a6b-4b8a-b00b-dc58b885581e,711ebe11-f673-4cd9-9a83-63c60ba54c5b,c0143906-9aed-447e-9436-2ae8512d1b6e,14da1725-c4c2-42b4-ab08-ee0aeb6898b3,081cab31-dccd-428e-8652-f2404cc81c47,78e0584a-4343-4727-8f37-e14e65c2a2db,871c3b6c-7379-419d-bda3-794b239ab90d,ff9b0199-ce04-4cfe-86cc-6c719f08d6e4,de1c2107-70c8-4021-8459-6399f24d01c6,cbf30902-517f-40dc-af90-a550bac27cf1,5c601d96-e4c7-4698-991b-7ee674b11079
9-11-2026 13:48:13-debug:   Number of all scenes: 1
9-11-2026 13:48:13-debug: Init bundle root assets success..., progress: 0%
9-11-2026 13:48:13-debug:   Number of all scripts: 42
9-11-2026 13:48:13-debug:   Number of other assets: 486
9-11-2026 13:48:13-debug: // ---- build task Query asset bundle ---- (5ms)
9-11-2026 13:48:13-log: run build task Query asset bundle success in 5 ms√, progress: 5%
9-11-2026 13:48:13-debug: Query asset bundle start, progress: 5%
9-11-2026 13:48:13-debug: [Build Memory track]: Query asset bundle start:226.39MB, end 227.14MB, increase: 776.96KB
9-11-2026 13:48:13-debug: // ---- build task Query asset bundle ----
9-11-2026 13:48:13-debug: // ---- build task Query asset bundle ---- (3ms)
9-11-2026 13:48:13-log: run build task Query asset bundle success in 3 ms√, progress: 10%
9-11-2026 13:48:13-debug: [Build Memory track]: Query asset bundle start:227.18MB, end 227.33MB, increase: 149.51KB
9-11-2026 13:48:13-debug: Sort some build options to settings.json start, progress: 10%
9-11-2026 13:48:13-debug: // ---- build task Sort some build options to settings.json ----
9-11-2026 13:48:13-debug: // ---- build task Sort some build options to settings.json ---- (1ms)
9-11-2026 13:48:13-log: run build task Sort some build options to settings.json success in 1 ms√, progress: 12%
9-11-2026 13:48:13-debug: [Build Memory track]: Sort some build options to settings.json start:227.37MB, end 227.40MB, increase: 33.57KB
9-11-2026 13:48:13-debug: // ---- build task Fill script data to settings ----
9-11-2026 13:48:13-debug: Fill script data to settings start, progress: 12%
9-11-2026 13:48:13-debug: // ---- build task Fill script data to settings ---- (1ms)
9-11-2026 13:48:13-log: run build task Fill script data to settings success in 1 ms√, progress: 13%
9-11-2026 13:48:13-debug: [Build Memory track]: Fill script data to settings start:227.44MB, end 227.47MB, increase: 33.05KB
9-11-2026 13:48:13-debug: // ---- build task Sort some build options to settings.json ----
9-11-2026 13:48:13-debug: Sort some build options to settings.json start, progress: 13%
9-11-2026 13:48:13-debug: // ---- build task Sort some build options to settings.json ---- (4ms)
9-11-2026 13:48:13-log: run build task Sort some build options to settings.json success in 4 ms√, progress: 15%
9-11-2026 13:48:13-debug: [Build Memory track]: Sort some build options to settings.json start:227.51MB, end 227.64MB, increase: 133.73KB
9-11-2026 14:04:56-debug: refresh db internal success
9-11-2026 14:04:56-debug: %cImport%c: D:\Works\Github\BattleGame\assets\scripts\GameManager.tsbackground: #aaff85; color: #000;color: #000;
9-11-2026 14:04:56-debug: refresh db assets success
9-11-2026 14:04:56-debug: Run asset db hook engine-extends:afterRefresh ...
9-11-2026 14:04:56-debug: Run asset db hook engine-extends:afterRefresh success!
9-11-2026 14:04:56-debug: asset-db:refresh-all-database (65ms)
9-11-2026 14:04:56-debug: asset-db:worker-effect-data-processing (1ms)
9-11-2026 14:04:56-debug: asset-db-hook-engine-extends-afterRefresh (1ms)
9-11-2026 14:04:59-debug: Query all assets info in project
9-11-2026 14:04:59-debug: init custom config: keepNodeUuid: false, useCache: true
9-11-2026 14:04:59-debug: Skip compress image, progress: 0%
9-11-2026 14:04:59-debug: Query all assets info in project
9-11-2026 14:04:59-debug: Init all bundles start..., progress: 0%
9-11-2026 14:04:59-debug: Num of bundles: 2..., progress: 0%
9-11-2026 14:04:59-debug: Query asset bundle start, progress: 0%
9-11-2026 14:04:59-debug: Init bundle root assets start..., progress: 0%
9-11-2026 14:04:59-debug: // ---- build task Query asset bundle ----
9-11-2026 14:04:59-debug: Query preload assets/scripts from cc.config.json: 60f7195c-ec2a-45eb-ba94-8955f60e81d0,1c02ae6f-4492-4915-b8f8-7492a3b1e4cd,810e96e4-e456-4468-9b59-f4e8f39732c0,efe8e2a3-eace-427b-b4f1-cb8a937ec77d,e9aa9a3e-5b2b-4ac7-a2c7-073de2b2b24f,8bbdbcdd-5cd4-4100-b6d5-b7c9625b6107,50f4348b-c883-4e2f-8f11-ce233b859fa1,fda095cb-831d-4601-ad94-846013963de8,f92806d7-1768-443f-afe8-12bcde84d0f0,dd3a144d-ab7f-41f0-82b8-2e43a090d496,f0416e68-0200-4b77-a926-4f9d16e494da,511d2633-09a7-4bdd-ac42-f778032124b3,5d45aa00-e064-4938-b314-4265f0c2258c,9361fd90-ba52-4f84-aa93-6e878fd576ca,970b0598-bcb0-4714-91fb-2e81440dccd8,bcd64cc6-2dd9-43f6-abbe-66318d332032,d930590d-bb92-4cc8-8bd1-23cd027f9edf,a3cd009f-0ab0-420d-9278-b9fdab939bbc,6a2d0734-bd9e-4ddf-946e-caa52498cb75,d9937e59-61fe-4ec6-92ab-7ac5a19c89b0,d1346436-ac96-4271-b863-1f4fdead95b0,971bdb23-3ff6-43eb-b422-1c30165a3663,17debcc3-0a6b-4b8a-b00b-dc58b885581e,711ebe11-f673-4cd9-9a83-63c60ba54c5b,c0143906-9aed-447e-9436-2ae8512d1b6e,14da1725-c4c2-42b4-ab08-ee0aeb6898b3,081cab31-dccd-428e-8652-f2404cc81c47,78e0584a-4343-4727-8f37-e14e65c2a2db,871c3b6c-7379-419d-bda3-794b239ab90d,ff9b0199-ce04-4cfe-86cc-6c719f08d6e4,de1c2107-70c8-4021-8459-6399f24d01c6,cbf30902-517f-40dc-af90-a550bac27cf1,5c601d96-e4c7-4698-991b-7ee674b11079
9-11-2026 14:04:59-debug:   Number of all scenes: 1
9-11-2026 14:04:59-debug:   Number of all scripts: 42
9-11-2026 14:04:59-debug:   Number of other assets: 486
9-11-2026 14:04:59-debug: Init bundle root assets success..., progress: 0%
9-11-2026 14:04:59-debug: // ---- build task Query asset bundle ---- (10ms)
9-11-2026 14:04:59-log: run build task Query asset bundle success in 10 ms√, progress: 5%
9-11-2026 14:04:59-debug: [Build Memory track]: Query asset bundle start:223.57MB, end 223.45MB, increase: -129.81KB
9-11-2026 14:04:59-debug: // ---- build task Query asset bundle ----
9-11-2026 14:04:59-debug: Query asset bundle start, progress: 5%
9-11-2026 14:04:59-debug: // ---- build task Query asset bundle ---- (6ms)
9-11-2026 14:04:59-log: run build task Query asset bundle success in 6 ms√, progress: 10%
9-11-2026 14:04:59-debug: [Build Memory track]: Query asset bundle start:223.48MB, end 223.64MB, increase: 155.72KB
9-11-2026 14:04:59-debug: // ---- build task Sort some build options to settings.json ----
9-11-2026 14:04:59-debug: Sort some build options to settings.json start, progress: 10%
9-11-2026 14:04:59-debug: // ---- build task Sort some build options to settings.json ---- (2ms)
9-11-2026 14:04:59-log: run build task Sort some build options to settings.json success in 2 ms√, progress: 12%
9-11-2026 14:04:59-debug: [Build Memory track]: Sort some build options to settings.json start:223.68MB, end 223.88MB, increase: 207.98KB
9-11-2026 14:04:59-debug: // ---- build task Fill script data to settings ----
9-11-2026 14:04:59-debug: Fill script data to settings start, progress: 12%
9-11-2026 14:04:59-debug: // ---- build task Fill script data to settings ---- (6ms)
9-11-2026 14:04:59-log: run build task Fill script data to settings success in 6 ms√, progress: 13%
9-11-2026 14:04:59-debug: [Build Memory track]: Fill script data to settings start:223.92MB, end 223.95MB, increase: 34.04KB
9-11-2026 14:04:59-debug: init custom config: keepNodeUuid: false, useCache: true
9-11-2026 14:04:59-debug: Sort some build options to settings.json start, progress: 13%
9-11-2026 14:04:59-debug: // ---- build task Sort some build options to settings.json ----
9-11-2026 14:04:59-debug: Skip compress image, progress: 0%
9-11-2026 14:04:59-debug: Init all bundles start..., progress: 0%
9-11-2026 14:04:59-debug: Query asset bundle start, progress: 0%
9-11-2026 14:04:59-debug: // ---- build task Query asset bundle ----
9-11-2026 14:04:59-debug: Init bundle root assets start..., progress: 0%
9-11-2026 14:04:59-debug: Num of bundles: 2..., progress: 0%
9-11-2026 14:04:59-debug: // ---- build task Sort some build options to settings.json ---- (13ms)
9-11-2026 14:04:59-log: run build task Sort some build options to settings.json success in 13 ms√, progress: 15%
9-11-2026 14:04:59-debug: [Build Memory track]: Sort some build options to settings.json start:223.99MB, end 223.61MB, increase: -391.38KB
9-11-2026 14:04:59-debug: Query preload assets/scripts from cc.config.json: 60f7195c-ec2a-45eb-ba94-8955f60e81d0,1c02ae6f-4492-4915-b8f8-7492a3b1e4cd,810e96e4-e456-4468-9b59-f4e8f39732c0,efe8e2a3-eace-427b-b4f1-cb8a937ec77d,e9aa9a3e-5b2b-4ac7-a2c7-073de2b2b24f,8bbdbcdd-5cd4-4100-b6d5-b7c9625b6107,50f4348b-c883-4e2f-8f11-ce233b859fa1,fda095cb-831d-4601-ad94-846013963de8,f92806d7-1768-443f-afe8-12bcde84d0f0,dd3a144d-ab7f-41f0-82b8-2e43a090d496,f0416e68-0200-4b77-a926-4f9d16e494da,511d2633-09a7-4bdd-ac42-f778032124b3,5d45aa00-e064-4938-b314-4265f0c2258c,9361fd90-ba52-4f84-aa93-6e878fd576ca,970b0598-bcb0-4714-91fb-2e81440dccd8,bcd64cc6-2dd9-43f6-abbe-66318d332032,d930590d-bb92-4cc8-8bd1-23cd027f9edf,a3cd009f-0ab0-420d-9278-b9fdab939bbc,6a2d0734-bd9e-4ddf-946e-caa52498cb75,d9937e59-61fe-4ec6-92ab-7ac5a19c89b0,d1346436-ac96-4271-b863-1f4fdead95b0,971bdb23-3ff6-43eb-b422-1c30165a3663,17debcc3-0a6b-4b8a-b00b-dc58b885581e,711ebe11-f673-4cd9-9a83-63c60ba54c5b,c0143906-9aed-447e-9436-2ae8512d1b6e,14da1725-c4c2-42b4-ab08-ee0aeb6898b3,081cab31-dccd-428e-8652-f2404cc81c47,78e0584a-4343-4727-8f37-e14e65c2a2db,871c3b6c-7379-419d-bda3-794b239ab90d,ff9b0199-ce04-4cfe-86cc-6c719f08d6e4,de1c2107-70c8-4021-8459-6399f24d01c6,cbf30902-517f-40dc-af90-a550bac27cf1,5c601d96-e4c7-4698-991b-7ee674b11079
9-11-2026 14:04:59-debug:   Number of all scenes: 1
9-11-2026 14:04:59-debug:   Number of all scripts: 42
9-11-2026 14:04:59-debug: Init bundle root assets success..., progress: 0%
9-11-2026 14:04:59-debug:   Number of other assets: 486
9-11-2026 14:04:59-debug: // ---- build task Query asset bundle ---- (10ms)
9-11-2026 14:04:59-log: run build task Query asset bundle success in 10 ms√, progress: 5%
9-11-2026 14:04:59-debug: [Build Memory track]: Query asset bundle start:223.50MB, end 223.64MB, increase: 147.09KB
9-11-2026 14:04:59-debug: Query asset bundle start, progress: 5%
9-11-2026 14:04:59-debug: // ---- build task Query asset bundle ----
9-11-2026 14:04:59-debug: // ---- build task Query asset bundle ---- (6ms)
9-11-2026 14:04:59-debug: [Build Memory track]: Query asset bundle start:223.68MB, end 223.70MB, increase: 18.76KB
9-11-2026 14:04:59-log: run build task Query asset bundle success in 6 ms√, progress: 10%
9-11-2026 14:04:59-debug: Sort some build options to settings.json start, progress: 10%
9-11-2026 14:04:59-debug: // ---- build task Sort some build options to settings.json ----
9-11-2026 14:04:59-debug: // ---- build task Sort some build options to settings.json ---- (2ms)
9-11-2026 14:04:59-log: run build task Sort some build options to settings.json success in 2 ms√, progress: 12%
9-11-2026 14:04:59-debug: [Build Memory track]: Sort some build options to settings.json start:223.72MB, end 223.75MB, increase: 26.66KB
9-11-2026 14:04:59-debug: Fill script data to settings start, progress: 12%
9-11-2026 14:04:59-debug: // ---- build task Fill script data to settings ----
9-11-2026 14:04:59-debug: // ---- build task Fill script data to settings ---- (2ms)
9-11-2026 14:04:59-log: run build task Fill script data to settings success in 2 ms√, progress: 13%
9-11-2026 14:04:59-debug: [Build Memory track]: Fill script data to settings start:223.78MB, end 223.81MB, increase: 27.23KB
9-11-2026 14:04:59-debug: Sort some build options to settings.json start, progress: 13%
9-11-2026 14:04:59-debug: // ---- build task Sort some build options to settings.json ----
9-11-2026 14:04:59-debug: // ---- build task Sort some build options to settings.json ---- (5ms)
9-11-2026 14:04:59-debug: [Build Memory track]: Sort some build options to settings.json start:223.83MB, end 223.96MB, increase: 126.60KB
9-11-2026 14:04:59-log: run build task Sort some build options to settings.json success in 5 ms√, progress: 15%
9-11-2026 14:05:00-debug: %cImport%c: D:\Works\Github\BattleGame\assets\Battle.scenebackground: #aaff85; color: #000;color: #000;
9-11-2026 14:05:00-debug: asset-db:reimport-asset1effe86e-a401-4769-9dbc-62218c68834d (13ms)
9-11-2026 14:05:01-debug: Query all assets info in project
9-11-2026 14:05:01-debug: Query all assets info in project
9-11-2026 14:05:01-debug: init custom config: keepNodeUuid: false, useCache: true
9-11-2026 14:05:01-debug: Skip compress image, progress: 0%
9-11-2026 14:05:01-debug: Skip compress image, progress: 0%
9-11-2026 14:05:01-debug: init custom config: keepNodeUuid: false, useCache: true
9-11-2026 14:05:01-debug: Init all bundles start..., progress: 0%
9-11-2026 14:05:01-debug: Query asset bundle start, progress: 0%
9-11-2026 14:05:01-debug: Num of bundles: 2..., progress: 0%
9-11-2026 14:05:01-debug: // ---- build task Query asset bundle ----
9-11-2026 14:05:01-debug: Init bundle root assets start..., progress: 0%
9-11-2026 14:05:01-debug: Query preload assets/scripts from cc.config.json: 60f7195c-ec2a-45eb-ba94-8955f60e81d0,1c02ae6f-4492-4915-b8f8-7492a3b1e4cd,810e96e4-e456-4468-9b59-f4e8f39732c0,efe8e2a3-eace-427b-b4f1-cb8a937ec77d,e9aa9a3e-5b2b-4ac7-a2c7-073de2b2b24f,8bbdbcdd-5cd4-4100-b6d5-b7c9625b6107,50f4348b-c883-4e2f-8f11-ce233b859fa1,fda095cb-831d-4601-ad94-846013963de8,f92806d7-1768-443f-afe8-12bcde84d0f0,dd3a144d-ab7f-41f0-82b8-2e43a090d496,f0416e68-0200-4b77-a926-4f9d16e494da,511d2633-09a7-4bdd-ac42-f778032124b3,5d45aa00-e064-4938-b314-4265f0c2258c,9361fd90-ba52-4f84-aa93-6e878fd576ca,970b0598-bcb0-4714-91fb-2e81440dccd8,bcd64cc6-2dd9-43f6-abbe-66318d332032,d930590d-bb92-4cc8-8bd1-23cd027f9edf,a3cd009f-0ab0-420d-9278-b9fdab939bbc,6a2d0734-bd9e-4ddf-946e-caa52498cb75,d9937e59-61fe-4ec6-92ab-7ac5a19c89b0,d1346436-ac96-4271-b863-1f4fdead95b0,971bdb23-3ff6-43eb-b422-1c30165a3663,17debcc3-0a6b-4b8a-b00b-dc58b885581e,711ebe11-f673-4cd9-9a83-63c60ba54c5b,c0143906-9aed-447e-9436-2ae8512d1b6e,14da1725-c4c2-42b4-ab08-ee0aeb6898b3,081cab31-dccd-428e-8652-f2404cc81c47,78e0584a-4343-4727-8f37-e14e65c2a2db,871c3b6c-7379-419d-bda3-794b239ab90d,ff9b0199-ce04-4cfe-86cc-6c719f08d6e4,de1c2107-70c8-4021-8459-6399f24d01c6,cbf30902-517f-40dc-af90-a550bac27cf1,5c601d96-e4c7-4698-991b-7ee674b11079
9-11-2026 14:05:01-debug:   Number of all scripts: 42
9-11-2026 14:05:01-debug: Init bundle root assets success..., progress: 0%
9-11-2026 14:05:01-debug:   Number of other assets: 486
9-11-2026 14:05:01-debug:   Number of all scenes: 1
9-11-2026 14:05:01-debug: // ---- build task Query asset bundle ---- (8ms)
9-11-2026 14:05:01-log: run build task Query asset bundle success in 8 ms√, progress: 5%
9-11-2026 14:05:01-debug: [Build Memory track]: Query asset bundle start:225.61MB, end 224.78MB, increase: -850.52KB
9-11-2026 14:05:01-debug: Query asset bundle start, progress: 5%
9-11-2026 14:05:01-debug: Init all bundles start..., progress: 0%
9-11-2026 14:05:01-debug: Query asset bundle start, progress: 0%
9-11-2026 14:05:01-debug: // ---- build task Query asset bundle ----
9-11-2026 14:05:01-debug: Init bundle root assets start..., progress: 0%
9-11-2026 14:05:01-debug: Num of bundles: 2..., progress: 0%
9-11-2026 14:05:01-debug: // ---- build task Query asset bundle ----
9-11-2026 14:05:01-debug: Query preload assets/scripts from cc.config.json: 60f7195c-ec2a-45eb-ba94-8955f60e81d0,1c02ae6f-4492-4915-b8f8-7492a3b1e4cd,810e96e4-e456-4468-9b59-f4e8f39732c0,efe8e2a3-eace-427b-b4f1-cb8a937ec77d,e9aa9a3e-5b2b-4ac7-a2c7-073de2b2b24f,8bbdbcdd-5cd4-4100-b6d5-b7c9625b6107,50f4348b-c883-4e2f-8f11-ce233b859fa1,fda095cb-831d-4601-ad94-846013963de8,f92806d7-1768-443f-afe8-12bcde84d0f0,dd3a144d-ab7f-41f0-82b8-2e43a090d496,f0416e68-0200-4b77-a926-4f9d16e494da,511d2633-09a7-4bdd-ac42-f778032124b3,5d45aa00-e064-4938-b314-4265f0c2258c,9361fd90-ba52-4f84-aa93-6e878fd576ca,970b0598-bcb0-4714-91fb-2e81440dccd8,bcd64cc6-2dd9-43f6-abbe-66318d332032,d930590d-bb92-4cc8-8bd1-23cd027f9edf,a3cd009f-0ab0-420d-9278-b9fdab939bbc,6a2d0734-bd9e-4ddf-946e-caa52498cb75,d9937e59-61fe-4ec6-92ab-7ac5a19c89b0,d1346436-ac96-4271-b863-1f4fdead95b0,971bdb23-3ff6-43eb-b422-1c30165a3663,17debcc3-0a6b-4b8a-b00b-dc58b885581e,711ebe11-f673-4cd9-9a83-63c60ba54c5b,c0143906-9aed-447e-9436-2ae8512d1b6e,14da1725-c4c2-42b4-ab08-ee0aeb6898b3,081cab31-dccd-428e-8652-f2404cc81c47,78e0584a-4343-4727-8f37-e14e65c2a2db,871c3b6c-7379-419d-bda3-794b239ab90d,ff9b0199-ce04-4cfe-86cc-6c719f08d6e4,de1c2107-70c8-4021-8459-6399f24d01c6,cbf30902-517f-40dc-af90-a550bac27cf1,5c601d96-e4c7-4698-991b-7ee674b11079
9-11-2026 14:05:01-debug:   Number of other assets: 486
9-11-2026 14:05:01-debug: Init bundle root assets success..., progress: 0%
9-11-2026 14:05:01-debug:   Number of all scenes: 1
9-11-2026 14:05:01-debug:   Number of all scripts: 42
9-11-2026 14:05:01-debug: // ---- build task Query asset bundle ---- (7ms)
9-11-2026 14:05:01-log: run build task Query asset bundle success in 7 ms√, progress: 5%
9-11-2026 14:05:01-debug: [Build Memory track]: Query asset bundle start:224.97MB, end 224.22MB, increase: -769.16KB
9-11-2026 14:05:01-debug: Query asset bundle start, progress: 5%
9-11-2026 14:05:01-debug: // ---- build task Query asset bundle ----
9-11-2026 14:05:01-log: run build task Query asset bundle success in √, progress: 10%
9-11-2026 14:05:01-debug: [Build Memory track]: Query asset bundle start:224.25MB, end 224.27MB, increase: 19.55KB
9-11-2026 14:05:01-debug: Sort some build options to settings.json start, progress: 10%
9-11-2026 14:05:01-debug: // ---- build task Sort some build options to settings.json ----
9-11-2026 14:05:01-debug: // ---- build task Sort some build options to settings.json ---- (2ms)
9-11-2026 14:05:01-log: run build task Sort some build options to settings.json success in 2 ms√, progress: 12%
9-11-2026 14:05:01-debug: Fill script data to settings start, progress: 12%
9-11-2026 14:05:01-debug: [Build Memory track]: Sort some build options to settings.json start:224.30MB, end 224.32MB, increase: 26.55KB
9-11-2026 14:05:01-debug: // ---- build task Fill script data to settings ----
9-11-2026 14:05:01-log: run build task Fill script data to settings success in 1 ms√, progress: 13%
9-11-2026 14:05:01-debug: [Build Memory track]: Fill script data to settings start:224.35MB, end 224.38MB, increase: 26.23KB
9-11-2026 14:05:01-debug: // ---- build task Sort some build options to settings.json ----
9-11-2026 14:05:01-debug: // ---- build task Fill script data to settings ---- (1ms)
9-11-2026 14:05:01-debug: Sort some build options to settings.json start, progress: 13%
9-11-2026 14:05:01-log: run build task Query asset bundle success in √, progress: 10%
9-11-2026 14:05:01-debug: Sort some build options to settings.json start, progress: 10%
9-11-2026 14:05:01-debug: // ---- build task Sort some build options to settings.json ----
9-11-2026 14:05:01-debug: // ---- build task Sort some build options to settings.json ---- (1ms)
9-11-2026 14:05:01-debug: Fill script data to settings start, progress: 12%
9-11-2026 14:05:01-log: run build task Sort some build options to settings.json success in 1 ms√, progress: 12%
9-11-2026 14:05:01-debug: [Build Memory track]: Sort some build options to settings.json start:224.58MB, end 224.60MB, increase: 26.04KB
9-11-2026 14:05:01-debug: // ---- build task Fill script data to settings ----
9-11-2026 14:05:01-debug: // ---- build task Fill script data to settings ---- (2ms)
9-11-2026 14:05:01-debug: [Build Memory track]: Fill script data to settings start:224.63MB, end 224.66MB, increase: 31.40KB
9-11-2026 14:05:01-log: run build task Fill script data to settings success in 2 ms√, progress: 13%
9-11-2026 14:05:01-debug: Sort some build options to settings.json start, progress: 13%
9-11-2026 14:05:01-debug: // ---- build task Sort some build options to settings.json ----
9-11-2026 14:05:01-debug: // ---- build task Sort some build options to settings.json ---- (7ms)
9-11-2026 14:05:01-log: run build task Sort some build options to settings.json success in 7 ms√, progress: 15%
9-11-2026 14:05:01-debug: [Build Memory track]: Sort some build options to settings.json start:224.69MB, end 224.81MB, increase: 126.18KB
9-11-2026 14:05:01-log: run build task Sort some build options to settings.json success in √, progress: 15%
9-11-2026 16:14:07-debug: refresh db internal success
9-11-2026 16:14:07-debug: %cImport%c: D:\Works\Github\BattleGame\assets\scripts\BattleTelemetry.tsbackground: #aaff85; color: #000;color: #000;
9-11-2026 16:14:07-debug: %cImport%c: D:\Works\Github\BattleGame\assets\scripts\GameManager.tsbackground: #aaff85; color: #000;color: #000;
9-11-2026 16:14:07-debug: %cImport%c: D:\Works\Github\BattleGame\assets\scripts\Unit.tsbackground: #aaff85; color: #000;color: #000;
9-11-2026 16:14:07-debug: refresh db assets success
9-11-2026 16:14:07-debug: Run asset db hook engine-extends:afterRefresh ...
9-11-2026 16:14:07-debug: Run asset db hook engine-extends:afterRefresh success!
9-11-2026 16:14:07-debug: asset-db:refresh-all-database (74ms)
9-11-2026 16:14:07-debug: asset-db:worker-effect-data-processing (1ms)
9-11-2026 16:14:07-debug: asset-db-hook-engine-extends-afterRefresh (1ms)
