9-14-2026 11:06:19-log: Cannot access game frame or container.
9-14-2026 11:06:19-debug: asset-db:require-engine-code (450ms)
9-14-2026 11:06:19-log: meshopt wasm decoder initialized
9-14-2026 11:06:19-log: [bullet]:bullet wasm lib loaded.
9-14-2026 11:06:19-log: [box2d]:box2d wasm lib loaded.
9-14-2026 11:06:19-log: Cocos Creator v3.8.8
9-14-2026 11:06:19-log: Forward render pipeline initialized.
9-14-2026 11:06:19-log: Using legacy pipeline
9-14-2026 11:06:19-debug: [Assets Memory track]: asset-db:worker-init: initEngine start:28.01MB, end 79.53MB, increase: 51.52MB
9-14-2026 11:06:20-debug: [Assets Memory track]: asset-db:worker-init: initPlugin start:79.57MB, end 340.90MB, increase: 261.33MB
9-14-2026 11:06:20-debug: run package(linux) handler(enable) start
9-14-2026 11:06:20-debug: run package(mac) handler(enable) success!
9-14-2026 11:06:20-debug: run package(linux) handler(enable) success!
9-14-2026 11:06:20-debug: run package(migu-mini-game) handler(enable) start
9-14-2026 11:06:20-debug: run package(migu-mini-game) handler(enable) success!
9-14-2026 11:06:20-debug: run package(mac) handler(enable) start
9-14-2026 11:06:20-debug: run package(native) handler(enable) start
9-14-2026 11:06:20-debug: run package(native) handler(enable) success!
9-14-2026 11:06:20-debug: run package(oppo-mini-game) handler(enable) start
9-14-2026 11:06:20-debug: run package(ohos) handler(enable) success!
9-14-2026 11:06:20-debug: run package(oppo-mini-game) handler(enable) success!
9-14-2026 11:06:20-debug: run package(runtime-dev-tools) handler(enable) start
9-14-2026 11:06:20-debug: run package(ohos) handler(enable) start
9-14-2026 11:06:20-debug: run package(runtime-dev-tools) handler(enable) success!
9-14-2026 11:06:20-debug: run package(taobao-mini-game) handler(enable) start
9-14-2026 11:06:20-debug: run package(vivo-mini-game) handler(enable) success!
9-14-2026 11:06:20-debug: run package(taobao-mini-game) handler(enable) success!
9-14-2026 11:06:20-debug: run package(web-desktop) handler(enable) start
9-14-2026 11:06:20-debug: run package(vivo-mini-game) handler(enable) start
9-14-2026 11:06:20-debug: run package(web-desktop) handler(enable) success!
9-14-2026 11:06:20-debug: run package(web-mobile) handler(enable) success!
9-14-2026 11:06:20-debug: run package(web-mobile) handler(enable) start
9-14-2026 11:06:20-debug: run package(wechatgame) handler(enable) start
9-14-2026 11:06:20-debug: run package(wechatprogram) handler(enable) start
9-14-2026 11:06:20-debug: run package(windows) handler(enable) start
9-14-2026 11:06:20-debug: run package(wechatgame) handler(enable) success!
9-14-2026 11:06:20-debug: run package(windows) handler(enable) success!
9-14-2026 11:06:20-debug: run package(wechatprogram) handler(enable) success!
9-14-2026 11:06:20-debug: run package(xiaomi-quick-game) handler(enable) success!
9-14-2026 11:06:20-debug: run package(xiaomi-quick-game) handler(enable) start
9-14-2026 11:06:20-debug: run package(cocos-service) handler(enable) start
9-14-2026 11:06:20-debug: run package(cocos-service) handler(enable) success!
9-14-2026 11:06:20-debug: run package(im-plugin) handler(enable) success!
9-14-2026 11:06:20-debug: run package(im-plugin) handler(enable) start
9-14-2026 11:06:20-debug: run package(placeholder) handler(enable) start
9-14-2026 11:06:20-debug: run package(placeholder) handler(enable) success!
9-14-2026 11:06:20-debug: asset-db:worker-init: initPlugin (1215ms)
9-14-2026 11:06:20-debug: [Assets Memory track]: asset-db:worker-init start:28.00MB, end 342.47MB, increase: 314.47MB
9-14-2026 11:06:20-debug: Run asset db hook programming:beforePreStart ...
9-14-2026 11:06:20-debug: Run asset db hook programming:beforePreStart success!
9-14-2026 11:06:20-debug: Run asset db hook engine-extends:beforePreStart success!
9-14-2026 11:06:20-debug: Run asset db hook engine-extends:beforePreStart ...
9-14-2026 11:06:22-debug: asset-db:worker-init (3189ms)
9-14-2026 11:06:22-debug: asset-db-hook-programming-beforePreStart (1327ms)
9-14-2026 11:06:22-debug: asset-db-hook-engine-extends-beforePreStart (1327ms)
9-14-2026 11:06:22-debug: Preimport db internal success
9-14-2026 11:06:22-debug: Preimport db assets success
9-14-2026 11:06:22-debug: starting packer-driver...
9-14-2026 11:06:22-debug: Run asset db hook programming:afterPreStart ...
9-14-2026 11:06:23-debug: initialize scripting environment...
9-14-2026 11:06:23-debug: [[Executor]] prepare before lock
9-14-2026 11:06:23-debug: Set detail map pack:///resolution-detail-map.json: {}
9-14-2026 11:06:23-debug: [[Executor]] prepare after unlock
9-14-2026 11:06:23-debug: Run asset db hook programming:afterPreStart success!
9-14-2026 11:06:23-debug: Run asset db hook engine-extends:afterPreStart success!
9-14-2026 11:06:23-debug: Start up the 'internal' database...
9-14-2026 11:06:23-debug: Run asset db hook engine-extends:afterPreStart ...
9-14-2026 11:06:23-debug: [Assets Memory track]: asset-db:worker-init: preStart start:342.49MB, end 348.76MB, increase: 6.27MB
9-14-2026 11:06:24-debug: asset-db-hook-programming-afterPreStart (1505ms)
9-14-2026 11:06:24-debug: asset-db:worker-effect-data-processing (853ms)
9-14-2026 11:06:24-debug: asset-db-hook-engine-extends-afterPreStart (854ms)
9-14-2026 11:06:24-debug: Run asset db hook engine-extends:afterStartDB ...
9-14-2026 11:06:25-debug: recompile effect.bin success
9-14-2026 11:06:25-debug: Run asset db hook engine-extends:afterStartDB success!
9-14-2026 11:06:25-debug: Start up the 'assets' database...
9-14-2026 11:06:25-debug: asset-db:worker-effect-data-processing (992ms)
9-14-2026 11:06:25-debug: asset-db-hook-engine-extends-afterStartDB (993ms)
9-14-2026 11:06:25-debug: Run asset db hook engine-extends:afterStartDB ...
9-14-2026 11:06:25-debug: recompile effect.bin success
9-14-2026 11:06:25-debug: Run asset db hook engine-extends:afterStartDB success!
9-14-2026 11:06:25-debug: lazy register asset handler *
9-14-2026 11:06:25-debug: lazy register asset handler directory
9-14-2026 11:06:25-debug: lazy register asset handler spine-data
9-14-2026 11:06:25-debug: lazy register asset handler text
9-14-2026 11:06:25-debug: lazy register asset handler dragonbones
9-14-2026 11:06:25-debug: lazy register asset handler dragonbones-atlas
9-14-2026 11:06:25-debug: lazy register asset handler terrain
9-14-2026 11:06:25-debug: lazy register asset handler javascript
9-14-2026 11:06:25-debug: lazy register asset handler scene
9-14-2026 11:06:25-debug: lazy register asset handler typescript
9-14-2026 11:06:25-debug: lazy register asset handler sprite-frame
9-14-2026 11:06:25-debug: lazy register asset handler json
9-14-2026 11:06:25-debug: lazy register asset handler prefab
9-14-2026 11:06:25-debug: lazy register asset handler tiled-map
9-14-2026 11:06:25-debug: lazy register asset handler sign-image
9-14-2026 11:06:25-debug: lazy register asset handler buffer
9-14-2026 11:06:25-debug: lazy register asset handler alpha-image
9-14-2026 11:06:25-debug: lazy register asset handler texture
9-14-2026 11:06:25-debug: lazy register asset handler erp-texture-cube
9-14-2026 11:06:25-debug: lazy register asset handler render-texture
9-14-2026 11:06:25-debug: lazy register asset handler texture-cube-face
9-14-2026 11:06:25-debug: lazy register asset handler rt-sprite-frame
9-14-2026 11:06:25-debug: lazy register asset handler gltf
9-14-2026 11:06:25-debug: lazy register asset handler texture-cube
9-14-2026 11:06:25-debug: lazy register asset handler gltf-animation
9-14-2026 11:06:25-debug: lazy register asset handler gltf-skeleton
9-14-2026 11:06:25-debug: lazy register asset handler image
9-14-2026 11:06:25-debug: lazy register asset handler gltf-mesh
9-14-2026 11:06:25-debug: lazy register asset handler gltf-scene
9-14-2026 11:06:25-debug: lazy register asset handler gltf-embeded-image
9-14-2026 11:06:25-debug: lazy register asset handler material
9-14-2026 11:06:25-debug: lazy register asset handler gltf-material
9-14-2026 11:06:25-debug: lazy register asset handler physics-material
9-14-2026 11:06:25-debug: lazy register asset handler effect
9-14-2026 11:06:25-debug: lazy register asset handler effect-header
9-14-2026 11:06:25-debug: lazy register asset handler animation-clip
9-14-2026 11:06:25-debug: lazy register asset handler audio-clip
9-14-2026 11:06:25-debug: lazy register asset handler animation-graph
9-14-2026 11:06:25-debug: lazy register asset handler fbx
9-14-2026 11:06:25-debug: lazy register asset handler animation-mask
9-14-2026 11:06:25-debug: lazy register asset handler animation-graph-variant
9-14-2026 11:06:25-debug: lazy register asset handler bitmap-font
9-14-2026 11:06:25-debug: lazy register asset handler sprite-atlas
9-14-2026 11:06:25-debug: lazy register asset handler particle
9-14-2026 11:06:25-debug: lazy register asset handler label-atlas
9-14-2026 11:06:25-debug: lazy register asset handler ttf-font
9-14-2026 11:06:25-debug: lazy register asset handler auto-atlas
9-14-2026 11:06:25-debug: lazy register asset handler render-pipeline
9-14-2026 11:06:25-debug: lazy register asset handler instantiation-material
9-14-2026 11:06:25-debug: lazy register asset handler render-flow
9-14-2026 11:06:25-debug: lazy register asset handler render-stage
9-14-2026 11:06:25-debug: lazy register asset handler instantiation-mesh
9-14-2026 11:06:25-debug: lazy register asset handler instantiation-skeleton
9-14-2026 11:06:25-debug: lazy register asset handler instantiation-animation
9-14-2026 11:06:25-debug: lazy register asset handler video-clip
9-14-2026 11:06:25-debug: asset-db:worker-effect-data-processing (264ms)
9-14-2026 11:06:25-debug: asset-db-hook-engine-extends-afterStartDB (265ms)
9-14-2026 11:06:25-debug: asset-db:start-database (4871ms)
9-14-2026 11:06:25-debug: asset-db:ready (8848ms)
9-14-2026 11:06:25-debug: init worker message success
9-14-2026 11:06:26-debug: [Build Memory track]: builder:worker-init start:219.88MB, end 227.88MB, increase: 8.00MB
9-14-2026 11:06:26-debug: builder:worker-init (216ms)
9-14-2026 11:06:41-debug: Query all assets info in project
9-14-2026 11:06:41-debug: init custom config: keepNodeUuid: false, useCache: true
9-14-2026 11:06:41-debug: Skip compress image, progress: 0%
9-14-2026 11:06:41-debug: Num of bundles: 2..., progress: 0%
9-14-2026 11:06:41-debug: Init all bundles start..., progress: 0%
9-14-2026 11:06:41-debug: Init bundle root assets start..., progress: 0%
9-14-2026 11:06:41-debug: Query asset bundle start, progress: 0%
9-14-2026 11:06:41-debug: // ---- build task Query asset bundle ----
9-14-2026 11:06:41-debug: Query preload assets/scripts from cc.config.json: 60f7195c-ec2a-45eb-ba94-8955f60e81d0,1c02ae6f-4492-4915-b8f8-7492a3b1e4cd,810e96e4-e456-4468-9b59-f4e8f39732c0,efe8e2a3-eace-427b-b4f1-cb8a937ec77d,e9aa9a3e-5b2b-4ac7-a2c7-073de2b2b24f,8bbdbcdd-5cd4-4100-b6d5-b7c9625b6107,50f4348b-c883-4e2f-8f11-ce233b859fa1,fda095cb-831d-4601-ad94-846013963de8,f92806d7-1768-443f-afe8-12bcde84d0f0,dd3a144d-ab7f-41f0-82b8-2e43a090d496,f0416e68-0200-4b77-a926-4f9d16e494da,511d2633-09a7-4bdd-ac42-f778032124b3,5d45aa00-e064-4938-b314-4265f0c2258c,9361fd90-ba52-4f84-aa93-6e878fd576ca,970b0598-bcb0-4714-91fb-2e81440dccd8,bcd64cc6-2dd9-43f6-abbe-66318d332032,d930590d-bb92-4cc8-8bd1-23cd027f9edf,a3cd009f-0ab0-420d-9278-b9fdab939bbc,6a2d0734-bd9e-4ddf-946e-caa52498cb75,d9937e59-61fe-4ec6-92ab-7ac5a19c89b0,d1346436-ac96-4271-b863-1f4fdead95b0,971bdb23-3ff6-43eb-b422-1c30165a3663,17debcc3-0a6b-4b8a-b00b-dc58b885581e,711ebe11-f673-4cd9-9a83-63c60ba54c5b,c0143906-9aed-447e-9436-2ae8512d1b6e,14da1725-c4c2-42b4-ab08-ee0aeb6898b3,081cab31-dccd-428e-8652-f2404cc81c47,78e0584a-4343-4727-8f37-e14e65c2a2db,871c3b6c-7379-419d-bda3-794b239ab90d,ff9b0199-ce04-4cfe-86cc-6c719f08d6e4,de1c2107-70c8-4021-8459-6399f24d01c6,cbf30902-517f-40dc-af90-a550bac27cf1,5c601d96-e4c7-4698-991b-7ee674b11079
9-14-2026 11:06:41-debug:   Number of all scenes: 1
9-14-2026 11:06:41-debug:   Number of other assets: 486
9-14-2026 11:06:41-debug: Init bundle root assets success..., progress: 0%
9-14-2026 11:06:41-debug:   Number of all scripts: 42
9-14-2026 11:06:41-debug: // ---- build task Query asset bundle ---- (5ms)
9-14-2026 11:06:41-log: run build task Query asset bundle success in 5 ms√, progress: 5%
9-14-2026 11:06:41-debug: // ---- build task Query asset bundle ----
9-14-2026 11:06:41-debug: [Build Memory track]: Query asset bundle start:229.34MB, end 230.21MB, increase: 886.20KB
9-14-2026 11:06:41-debug: Query asset bundle start, progress: 5%
9-14-2026 11:06:41-debug: // ---- build task Query asset bundle ---- (10ms)
9-14-2026 11:06:41-debug: [Build Memory track]: Query asset bundle start:230.25MB, end 230.40MB, increase: 157.71KB
9-14-2026 11:06:41-debug: // ---- build task Sort some build options to settings.json ----
9-14-2026 11:06:41-log: run build task Query asset bundle success in 10 ms√, progress: 10%
9-14-2026 11:06:41-debug: Sort some build options to settings.json start, progress: 10%
9-14-2026 11:06:41-log: run build task Sort some build options to settings.json success in √, progress: 12%
9-14-2026 11:06:41-debug: [Build Memory track]: Sort some build options to settings.json start:230.44MB, end 230.46MB, increase: 21.29KB
9-14-2026 11:06:41-debug: // ---- build task Fill script data to settings ----
9-14-2026 11:06:41-debug: Fill script data to settings start, progress: 12%
9-14-2026 11:06:41-debug: // ---- build task Fill script data to settings ---- (-2ms)
9-14-2026 11:06:41-log: run build task Fill script data to settings success in -1 h -1 min -1 s√, progress: 13%
9-14-2026 11:06:41-debug: [Build Memory track]: Fill script data to settings start:230.51MB, end 230.54MB, increase: 32.52KB
9-14-2026 11:06:41-debug: Sort some build options to settings.json start, progress: 13%
9-14-2026 11:06:41-debug: // ---- build task Sort some build options to settings.json ----
9-14-2026 11:06:41-debug: // ---- build task Sort some build options to settings.json ---- (4ms)
9-14-2026 11:06:41-log: run build task Sort some build options to settings.json success in 4 ms√, progress: 15%
9-14-2026 11:06:41-debug: [Build Memory track]: Sort some build options to settings.json start:230.58MB, end 230.73MB, increase: 148.64KB
9-14-2026 11:06:47-debug: refresh db internal success
9-14-2026 11:06:47-debug: refresh db assets success
9-14-2026 11:06:47-debug: Run asset db hook engine-extends:afterRefresh success!
9-14-2026 11:06:47-debug: Run asset db hook engine-extends:afterRefresh ...
9-14-2026 11:06:47-debug: asset-db:worker-effect-data-processing (-1ms)
9-14-2026 11:06:47-debug: asset-db:refresh-all-database (60ms)
9-14-2026 11:06:47-debug: asset-db-hook-engine-extends-afterRefresh (-1ms)
9-14-2026 11:06:52-debug: Query all assets info in project
9-14-2026 11:06:52-debug: init custom config: keepNodeUuid: false, useCache: true
9-14-2026 11:06:52-debug: Skip compress image, progress: 0%
9-14-2026 11:06:52-debug: Init all bundles start..., progress: 0%
9-14-2026 11:06:52-debug: // ---- build task Query asset bundle ----
9-14-2026 11:06:52-debug: Init bundle root assets start..., progress: 0%
9-14-2026 11:06:52-debug: Num of bundles: 2..., progress: 0%
9-14-2026 11:06:52-debug: Query asset bundle start, progress: 0%
9-14-2026 11:06:52-debug: Query preload assets/scripts from cc.config.json: 60f7195c-ec2a-45eb-ba94-8955f60e81d0,1c02ae6f-4492-4915-b8f8-7492a3b1e4cd,810e96e4-e456-4468-9b59-f4e8f39732c0,efe8e2a3-eace-427b-b4f1-cb8a937ec77d,e9aa9a3e-5b2b-4ac7-a2c7-073de2b2b24f,8bbdbcdd-5cd4-4100-b6d5-b7c9625b6107,50f4348b-c883-4e2f-8f11-ce233b859fa1,fda095cb-831d-4601-ad94-846013963de8,f92806d7-1768-443f-afe8-12bcde84d0f0,dd3a144d-ab7f-41f0-82b8-2e43a090d496,f0416e68-0200-4b77-a926-4f9d16e494da,511d2633-09a7-4bdd-ac42-f778032124b3,5d45aa00-e064-4938-b314-4265f0c2258c,9361fd90-ba52-4f84-aa93-6e878fd576ca,970b0598-bcb0-4714-91fb-2e81440dccd8,bcd64cc6-2dd9-43f6-abbe-66318d332032,d930590d-bb92-4cc8-8bd1-23cd027f9edf,a3cd009f-0ab0-420d-9278-b9fdab939bbc,6a2d0734-bd9e-4ddf-946e-caa52498cb75,d9937e59-61fe-4ec6-92ab-7ac5a19c89b0,d1346436-ac96-4271-b863-1f4fdead95b0,971bdb23-3ff6-43eb-b422-1c30165a3663,17debcc3-0a6b-4b8a-b00b-dc58b885581e,711ebe11-f673-4cd9-9a83-63c60ba54c5b,c0143906-9aed-447e-9436-2ae8512d1b6e,14da1725-c4c2-42b4-ab08-ee0aeb6898b3,081cab31-dccd-428e-8652-f2404cc81c47,78e0584a-4343-4727-8f37-e14e65c2a2db,871c3b6c-7379-419d-bda3-794b239ab90d,ff9b0199-ce04-4cfe-86cc-6c719f08d6e4,de1c2107-70c8-4021-8459-6399f24d01c6,cbf30902-517f-40dc-af90-a550bac27cf1,5c601d96-e4c7-4698-991b-7ee674b11079
9-14-2026 11:06:52-debug:   Number of all scenes: 1
9-14-2026 11:06:52-debug:   Number of all scripts: 42
9-14-2026 11:06:52-debug: Init bundle root assets success..., progress: 0%
9-14-2026 11:06:52-debug:   Number of other assets: 486
9-14-2026 11:06:52-debug: // ---- build task Query asset bundle ---- (2ms)
9-14-2026 11:06:52-log: run build task Query asset bundle success in 2 ms√, progress: 5%
9-14-2026 11:06:52-debug: [Build Memory track]: Query asset bundle start:223.22MB, end 223.12MB, increase: -97.73KB
9-14-2026 11:06:52-debug: // ---- build task Query asset bundle ----
9-14-2026 11:06:52-debug: Query asset bundle start, progress: 5%
9-14-2026 11:06:52-debug: // ---- build task Query asset bundle ---- (2ms)
9-14-2026 11:06:52-log: run build task Query asset bundle success in 2 ms√, progress: 10%
9-14-2026 11:06:52-debug: Sort some build options to settings.json start, progress: 10%
9-14-2026 11:06:52-debug: // ---- build task Sort some build options to settings.json ----
9-14-2026 11:06:52-debug: [Build Memory track]: Query asset bundle start:223.16MB, end 223.33MB, increase: 168.22KB
9-14-2026 11:06:52-debug: // ---- build task Sort some build options to settings.json ---- (-1ms)
9-14-2026 11:06:52-log: run build task Sort some build options to settings.json success in -1 h -1 min -1 s√, progress: 12%
9-14-2026 11:06:52-debug: [Build Memory track]: Sort some build options to settings.json start:223.38MB, end 223.41MB, increase: 33.89KB
9-14-2026 11:06:52-debug: // ---- build task Fill script data to settings ----
9-14-2026 11:06:52-debug: Fill script data to settings start, progress: 12%
9-14-2026 11:06:52-debug: // ---- build task Fill script data to settings ---- (-1ms)
9-14-2026 11:06:52-debug: [Build Memory track]: Fill script data to settings start:223.45MB, end 223.49MB, increase: 37.64KB
9-14-2026 11:06:52-debug: Sort some build options to settings.json start, progress: 13%
9-14-2026 11:06:52-log: run build task Fill script data to settings success in -1 h -1 min -1 s√, progress: 13%
9-14-2026 11:06:52-debug: // ---- build task Sort some build options to settings.json ----
9-14-2026 11:06:52-debug: // ---- build task Sort some build options to settings.json ---- (6ms)
9-14-2026 11:06:52-log: run build task Sort some build options to settings.json success in 6 ms√, progress: 15%
9-14-2026 11:06:52-debug: [Build Memory track]: Sort some build options to settings.json start:223.52MB, end 223.66MB, increase: 138.30KB
9-14-2026 11:06:57-debug: Query all assets info in project
9-14-2026 11:06:57-debug: init custom config: keepNodeUuid: false, useCache: true
9-14-2026 11:06:57-debug: Skip compress image, progress: 0%
9-14-2026 11:06:58-debug: Init all bundles start..., progress: 0%
9-14-2026 11:06:58-debug: // ---- build task Query asset bundle ----
9-14-2026 11:06:58-debug: Init bundle root assets start..., progress: 0%
9-14-2026 11:06:58-debug: Num of bundles: 2..., progress: 0%
9-14-2026 11:06:58-debug: Query asset bundle start, progress: 0%
9-14-2026 11:06:58-debug: Query preload assets/scripts from cc.config.json: 60f7195c-ec2a-45eb-ba94-8955f60e81d0,1c02ae6f-4492-4915-b8f8-7492a3b1e4cd,810e96e4-e456-4468-9b59-f4e8f39732c0,efe8e2a3-eace-427b-b4f1-cb8a937ec77d,e9aa9a3e-5b2b-4ac7-a2c7-073de2b2b24f,8bbdbcdd-5cd4-4100-b6d5-b7c9625b6107,50f4348b-c883-4e2f-8f11-ce233b859fa1,fda095cb-831d-4601-ad94-846013963de8,f92806d7-1768-443f-afe8-12bcde84d0f0,dd3a144d-ab7f-41f0-82b8-2e43a090d496,f0416e68-0200-4b77-a926-4f9d16e494da,511d2633-09a7-4bdd-ac42-f778032124b3,5d45aa00-e064-4938-b314-4265f0c2258c,9361fd90-ba52-4f84-aa93-6e878fd576ca,970b0598-bcb0-4714-91fb-2e81440dccd8,bcd64cc6-2dd9-43f6-abbe-66318d332032,d930590d-bb92-4cc8-8bd1-23cd027f9edf,a3cd009f-0ab0-420d-9278-b9fdab939bbc,6a2d0734-bd9e-4ddf-946e-caa52498cb75,d9937e59-61fe-4ec6-92ab-7ac5a19c89b0,d1346436-ac96-4271-b863-1f4fdead95b0,971bdb23-3ff6-43eb-b422-1c30165a3663,17debcc3-0a6b-4b8a-b00b-dc58b885581e,711ebe11-f673-4cd9-9a83-63c60ba54c5b,c0143906-9aed-447e-9436-2ae8512d1b6e,14da1725-c4c2-42b4-ab08-ee0aeb6898b3,081cab31-dccd-428e-8652-f2404cc81c47,78e0584a-4343-4727-8f37-e14e65c2a2db,871c3b6c-7379-419d-bda3-794b239ab90d,ff9b0199-ce04-4cfe-86cc-6c719f08d6e4,de1c2107-70c8-4021-8459-6399f24d01c6,cbf30902-517f-40dc-af90-a550bac27cf1,5c601d96-e4c7-4698-991b-7ee674b11079
9-14-2026 11:06:58-debug:   Number of all scenes: 1
9-14-2026 11:06:58-debug:   Number of all scripts: 42
9-14-2026 11:06:58-debug:   Number of other assets: 486
9-14-2026 11:06:58-debug: Init bundle root assets success..., progress: 0%
9-14-2026 11:06:58-debug: // ---- build task Query asset bundle ---- (2ms)
9-14-2026 11:06:58-log: run build task Query asset bundle success in 2 ms√, progress: 5%
9-14-2026 11:06:58-debug: [Build Memory track]: Query asset bundle start:221.87MB, end 221.75MB, increase: -131.64KB
9-14-2026 11:06:58-debug: Query asset bundle start, progress: 5%
9-14-2026 11:06:58-debug: // ---- build task Query asset bundle ----
9-14-2026 11:06:58-debug: // ---- build task Query asset bundle ---- (1ms)
9-14-2026 11:06:58-log: run build task Query asset bundle success in 1 ms√, progress: 10%
9-14-2026 11:06:58-debug: [Build Memory track]: Query asset bundle start:221.78MB, end 221.93MB, increase: 147.16KB
9-14-2026 11:06:58-debug: Sort some build options to settings.json start, progress: 10%
9-14-2026 11:06:58-debug: // ---- build task Sort some build options to settings.json ----
9-14-2026 11:06:58-debug: // ---- build task Sort some build options to settings.json ---- (-1ms)
9-14-2026 11:06:58-debug: [Build Memory track]: Sort some build options to settings.json start:221.97MB, end 222.00MB, increase: 33.78KB
9-14-2026 11:06:58-log: run build task Sort some build options to settings.json success in -1 h -1 min -1 s√, progress: 12%
9-14-2026 11:06:58-debug: Fill script data to settings start, progress: 12%
9-14-2026 11:06:58-debug: // ---- build task Fill script data to settings ----
9-14-2026 11:06:58-debug: // ---- build task Fill script data to settings ---- (-1ms)
9-14-2026 11:06:58-debug: [Build Memory track]: Fill script data to settings start:222.21MB, end 222.18MB, increase: -31.62KB
9-14-2026 11:06:58-debug: Sort some build options to settings.json start, progress: 13%
9-14-2026 11:06:58-log: run build task Fill script data to settings success in -1 h -1 min -1 s√, progress: 13%
9-14-2026 11:06:58-debug: // ---- build task Sort some build options to settings.json ----
9-14-2026 11:06:58-log: run build task Sort some build options to settings.json success in √, progress: 15%
9-14-2026 11:06:58-debug: [Build Memory track]: Sort some build options to settings.json start:222.13MB, end 222.27MB, increase: 138.12KB
9-14-2026 11:08:40-debug: refresh db internal success
9-14-2026 11:08:40-debug: refresh db assets success
9-14-2026 11:08:40-debug: Run asset db hook engine-extends:afterRefresh ...
9-14-2026 11:08:40-debug: Run asset db hook engine-extends:afterRefresh success!
9-14-2026 11:08:40-debug: asset-db:refresh-all-database (84ms)
9-14-2026 11:08:40-debug: asset-db:worker-effect-data-processing (1ms)
9-14-2026 11:08:40-debug: asset-db-hook-engine-extends-afterRefresh (1ms)
9-14-2026 16:40:07-debug: refresh db internal success
9-14-2026 16:40:07-debug: %cImport%c: D:\Works\Github\BattleGame\assets\scripts\BattleTelemetry.tsbackground: #aaff85; color: #000;color: #000;
9-14-2026 16:40:07-debug: %cImport%c: D:\Works\Github\BattleGame\assets\scripts\BattleWave.tsbackground: #aaff85; color: #000;color: #000;
9-14-2026 16:40:07-debug: %cImport%c: D:\Works\Github\BattleGame\assets\scripts\GameManager.tsbackground: #aaff85; color: #000;color: #000;
9-14-2026 16:40:07-debug: %cImport%c: D:\Works\Github\BattleGame\assets\scripts\Unit.tsbackground: #aaff85; color: #000;color: #000;
9-14-2026 16:40:07-debug: refresh db assets success
9-14-2026 16:40:07-debug: Run asset db hook engine-extends:afterRefresh ...
9-14-2026 16:40:07-debug: Run asset db hook engine-extends:afterRefresh success!
9-14-2026 16:40:07-debug: asset-db:refresh-all-database (96ms)
9-14-2026 16:40:07-debug: asset-db:worker-effect-data-processing (1ms)
9-14-2026 16:40:07-debug: asset-db-hook-engine-extends-afterRefresh (3ms)
9-14-2026 16:40:12-debug: Query all assets info in project
9-14-2026 16:40:12-debug: init custom config: keepNodeUuid: false, useCache: true
9-14-2026 16:40:12-debug: Skip compress image, progress: 0%
9-14-2026 16:40:12-debug: // ---- build task Query asset bundle ----
9-14-2026 16:40:12-debug: Init all bundles start..., progress: 0%
9-14-2026 16:40:12-debug: Init bundle root assets start..., progress: 0%
9-14-2026 16:40:12-debug: Query asset bundle start, progress: 0%
9-14-2026 16:40:12-debug: Num of bundles: 2..., progress: 0%
9-14-2026 16:40:12-debug: Query preload assets/scripts from cc.config.json: 60f7195c-ec2a-45eb-ba94-8955f60e81d0,1c02ae6f-4492-4915-b8f8-7492a3b1e4cd,810e96e4-e456-4468-9b59-f4e8f39732c0,efe8e2a3-eace-427b-b4f1-cb8a937ec77d,e9aa9a3e-5b2b-4ac7-a2c7-073de2b2b24f,8bbdbcdd-5cd4-4100-b6d5-b7c9625b6107,50f4348b-c883-4e2f-8f11-ce233b859fa1,fda095cb-831d-4601-ad94-846013963de8,f92806d7-1768-443f-afe8-12bcde84d0f0,dd3a144d-ab7f-41f0-82b8-2e43a090d496,f0416e68-0200-4b77-a926-4f9d16e494da,511d2633-09a7-4bdd-ac42-f778032124b3,5d45aa00-e064-4938-b314-4265f0c2258c,9361fd90-ba52-4f84-aa93-6e878fd576ca,970b0598-bcb0-4714-91fb-2e81440dccd8,bcd64cc6-2dd9-43f6-abbe-66318d332032,d930590d-bb92-4cc8-8bd1-23cd027f9edf,a3cd009f-0ab0-420d-9278-b9fdab939bbc,6a2d0734-bd9e-4ddf-946e-caa52498cb75,d9937e59-61fe-4ec6-92ab-7ac5a19c89b0,d1346436-ac96-4271-b863-1f4fdead95b0,971bdb23-3ff6-43eb-b422-1c30165a3663,17debcc3-0a6b-4b8a-b00b-dc58b885581e,711ebe11-f673-4cd9-9a83-63c60ba54c5b,c0143906-9aed-447e-9436-2ae8512d1b6e,14da1725-c4c2-42b4-ab08-ee0aeb6898b3,081cab31-dccd-428e-8652-f2404cc81c47,78e0584a-4343-4727-8f37-e14e65c2a2db,871c3b6c-7379-419d-bda3-794b239ab90d,ff9b0199-ce04-4cfe-86cc-6c719f08d6e4,de1c2107-70c8-4021-8459-6399f24d01c6,cbf30902-517f-40dc-af90-a550bac27cf1,5c601d96-e4c7-4698-991b-7ee674b11079
9-14-2026 16:40:12-debug:   Number of all scenes: 1
9-14-2026 16:40:12-debug:   Number of other assets: 486
9-14-2026 16:40:12-debug: Init bundle root assets success..., progress: 0%
9-14-2026 16:40:12-debug:   Number of all scripts: 42
9-14-2026 16:40:12-debug: // ---- build task Query asset bundle ---- (11ms)
9-14-2026 16:40:12-log: run build task Query asset bundle success in 11 ms√, progress: 5%
9-14-2026 16:40:12-debug: [Build Memory track]: Query asset bundle start:226.38MB, end 225.46MB, increase: -946.19KB
9-14-2026 16:40:12-debug: Query asset bundle start, progress: 5%
9-14-2026 16:40:12-debug: // ---- build task Query asset bundle ----
9-14-2026 16:40:12-debug: // ---- build task Query asset bundle ---- (4ms)
9-14-2026 16:40:12-log: run build task Query asset bundle success in 4 ms√, progress: 10%
9-14-2026 16:40:12-debug: Sort some build options to settings.json start, progress: 10%
9-14-2026 16:40:12-debug: [Build Memory track]: Query asset bundle start:225.50MB, end 225.64MB, increase: 150.35KB
9-14-2026 16:40:12-debug: // ---- build task Sort some build options to settings.json ----
9-14-2026 16:40:12-debug: // ---- build task Sort some build options to settings.json ---- (1ms)
9-14-2026 16:40:12-log: run build task Sort some build options to settings.json success in 1 ms√, progress: 12%
9-14-2026 16:40:12-debug: [Build Memory track]: Sort some build options to settings.json start:225.68MB, end 225.72MB, increase: 33.43KB
9-14-2026 16:40:12-debug: // ---- build task Fill script data to settings ----
9-14-2026 16:40:12-debug: Fill script data to settings start, progress: 12%
9-14-2026 16:40:12-debug: // ---- build task Fill script data to settings ---- (1ms)
9-14-2026 16:40:12-log: run build task Fill script data to settings success in 1 ms√, progress: 13%
9-14-2026 16:40:12-debug: [Build Memory track]: Fill script data to settings start:225.75MB, end 225.79MB, increase: 33.00KB
9-14-2026 16:40:12-debug: Sort some build options to settings.json start, progress: 13%
9-14-2026 16:40:12-debug: // ---- build task Sort some build options to settings.json ----
9-14-2026 16:40:12-debug: // ---- build task Sort some build options to settings.json ---- (4ms)
9-14-2026 16:40:12-debug: [Build Memory track]: Sort some build options to settings.json start:225.83MB, end 225.96MB, increase: 133.61KB
9-14-2026 16:40:12-log: run build task Sort some build options to settings.json success in 4 ms√, progress: 15%
9-14-2026 16:41:57-debug: refresh db internal success
9-14-2026 16:41:57-debug: refresh db assets success
9-14-2026 16:41:57-debug: Run asset db hook engine-extends:afterRefresh ...
9-14-2026 16:41:57-debug: Run asset db hook engine-extends:afterRefresh success!
9-14-2026 16:41:57-debug: asset-db:refresh-all-database (52ms)
9-14-2026 16:41:57-debug: asset-db:worker-effect-data-processing (1ms)
9-14-2026 16:41:57-debug: asset-db-hook-engine-extends-afterRefresh (1ms)
9-14-2026 16:42:02-debug: %cImport%c: D:\Works\Github\BattleGame\assets\Battle.scenebackground: #aaff85; color: #000;color: #000;
9-14-2026 16:42:02-debug: asset-db:reimport-asset1effe86e-a401-4769-9dbc-62218c68834d (19ms)
9-14-2026 16:42:03-debug: Query all assets info in project
9-14-2026 16:42:03-debug: init custom config: keepNodeUuid: false, useCache: true
9-14-2026 16:42:03-debug: Skip compress image, progress: 0%
9-14-2026 16:42:03-debug: Num of bundles: 2..., progress: 0%
9-14-2026 16:42:03-debug: Init all bundles start..., progress: 0%
9-14-2026 16:42:03-debug: Init bundle root assets start..., progress: 0%
9-14-2026 16:42:03-debug: // ---- build task Query asset bundle ----
9-14-2026 16:42:03-debug: Query asset bundle start, progress: 0%
9-14-2026 16:42:03-debug:   Number of all scenes: 1
9-14-2026 16:42:03-debug: Query preload assets/scripts from cc.config.json: 60f7195c-ec2a-45eb-ba94-8955f60e81d0,1c02ae6f-4492-4915-b8f8-7492a3b1e4cd,810e96e4-e456-4468-9b59-f4e8f39732c0,efe8e2a3-eace-427b-b4f1-cb8a937ec77d,e9aa9a3e-5b2b-4ac7-a2c7-073de2b2b24f,8bbdbcdd-5cd4-4100-b6d5-b7c9625b6107,50f4348b-c883-4e2f-8f11-ce233b859fa1,fda095cb-831d-4601-ad94-846013963de8,f92806d7-1768-443f-afe8-12bcde84d0f0,dd3a144d-ab7f-41f0-82b8-2e43a090d496,f0416e68-0200-4b77-a926-4f9d16e494da,511d2633-09a7-4bdd-ac42-f778032124b3,5d45aa00-e064-4938-b314-4265f0c2258c,9361fd90-ba52-4f84-aa93-6e878fd576ca,970b0598-bcb0-4714-91fb-2e81440dccd8,bcd64cc6-2dd9-43f6-abbe-66318d332032,d930590d-bb92-4cc8-8bd1-23cd027f9edf,a3cd009f-0ab0-420d-9278-b9fdab939bbc,6a2d0734-bd9e-4ddf-946e-caa52498cb75,d9937e59-61fe-4ec6-92ab-7ac5a19c89b0,d1346436-ac96-4271-b863-1f4fdead95b0,971bdb23-3ff6-43eb-b422-1c30165a3663,17debcc3-0a6b-4b8a-b00b-dc58b885581e,711ebe11-f673-4cd9-9a83-63c60ba54c5b,c0143906-9aed-447e-9436-2ae8512d1b6e,14da1725-c4c2-42b4-ab08-ee0aeb6898b3,081cab31-dccd-428e-8652-f2404cc81c47,78e0584a-4343-4727-8f37-e14e65c2a2db,871c3b6c-7379-419d-bda3-794b239ab90d,ff9b0199-ce04-4cfe-86cc-6c719f08d6e4,de1c2107-70c8-4021-8459-6399f24d01c6,cbf30902-517f-40dc-af90-a550bac27cf1,5c601d96-e4c7-4698-991b-7ee674b11079
9-14-2026 16:42:03-debug: Init bundle root assets success..., progress: 0%
9-14-2026 16:42:03-debug:   Number of other assets: 486
9-14-2026 16:42:03-debug:   Number of all scripts: 42
9-14-2026 16:42:03-debug: // ---- build task Query asset bundle ---- (5ms)
9-14-2026 16:42:03-log: run build task Query asset bundle success in 5 ms√, progress: 5%
9-14-2026 16:42:03-debug: [Build Memory track]: Query asset bundle start:227.52MB, end 227.37MB, increase: -149.47KB
9-14-2026 16:42:03-debug: // ---- build task Query asset bundle ----
9-14-2026 16:42:03-debug: Query asset bundle start, progress: 5%
9-14-2026 16:42:03-debug: // ---- build task Query asset bundle ---- (2ms)
9-14-2026 16:42:03-log: run build task Query asset bundle success in 2 ms√, progress: 10%
9-14-2026 16:42:03-debug: [Build Memory track]: Query asset bundle start:227.41MB, end 227.56MB, increase: 147.60KB
9-14-2026 16:42:03-debug: // ---- build task Sort some build options to settings.json ----
9-14-2026 16:42:03-debug: Sort some build options to settings.json start, progress: 10%
9-14-2026 16:42:03-log: run build task Sort some build options to settings.json success in √, progress: 12%
9-14-2026 16:42:03-debug: [Build Memory track]: Sort some build options to settings.json start:227.59MB, end 227.62MB, increase: 28.50KB
9-14-2026 16:42:03-debug: Fill script data to settings start, progress: 12%
9-14-2026 16:42:03-debug: // ---- build task Fill script data to settings ----
9-14-2026 16:42:03-log: run build task Fill script data to settings success in √, progress: 13%
9-14-2026 16:42:03-debug: [Build Memory track]: Fill script data to settings start:227.66MB, end 227.68MB, increase: 20.51KB
9-14-2026 16:42:03-debug: Sort some build options to settings.json start, progress: 13%
9-14-2026 16:42:03-debug: // ---- build task Sort some build options to settings.json ----
9-14-2026 16:42:03-debug: // ---- build task Sort some build options to settings.json ---- (4ms)
9-14-2026 16:42:03-log: run build task Sort some build options to settings.json success in 4 ms√, progress: 15%
9-14-2026 16:42:03-debug: [Build Memory track]: Sort some build options to settings.json start:227.72MB, end 227.85MB, increase: 133.24KB
9-14-2026 16:42:13-debug: refresh db internal success
9-14-2026 16:42:13-debug: refresh db assets success
9-14-2026 16:42:13-debug: Run asset db hook engine-extends:afterRefresh ...
9-14-2026 16:42:13-debug: Run asset db hook engine-extends:afterRefresh success!
9-14-2026 16:42:13-debug: asset-db:refresh-all-database (48ms)
9-14-2026 16:42:13-debug: asset-db:worker-effect-data-processing (1ms)
9-14-2026 16:42:13-debug: asset-db-hook-engine-extends-afterRefresh (1ms)
9-14-2026 16:42:15-debug: %cImport%c: D:\Works\Github\BattleGame\assets\Battle.scenebackground: #aaff85; color: #000;color: #000;
9-14-2026 16:42:15-debug: asset-db:reimport-asset1effe86e-a401-4769-9dbc-62218c68834d (14ms)
9-14-2026 16:42:16-debug: Query all assets info in project
9-14-2026 16:42:16-debug: init custom config: keepNodeUuid: false, useCache: true
9-14-2026 16:42:16-debug: Skip compress image, progress: 0%
9-14-2026 16:42:16-debug: Init all bundles start..., progress: 0%
9-14-2026 16:42:16-debug: Num of bundles: 2..., progress: 0%
9-14-2026 16:42:16-debug: // ---- build task Query asset bundle ----
9-14-2026 16:42:16-debug: Init bundle root assets start..., progress: 0%
9-14-2026 16:42:16-debug: Query asset bundle start, progress: 0%
9-14-2026 16:42:16-debug: Query preload assets/scripts from cc.config.json: 60f7195c-ec2a-45eb-ba94-8955f60e81d0,1c02ae6f-4492-4915-b8f8-7492a3b1e4cd,810e96e4-e456-4468-9b59-f4e8f39732c0,efe8e2a3-eace-427b-b4f1-cb8a937ec77d,e9aa9a3e-5b2b-4ac7-a2c7-073de2b2b24f,8bbdbcdd-5cd4-4100-b6d5-b7c9625b6107,50f4348b-c883-4e2f-8f11-ce233b859fa1,fda095cb-831d-4601-ad94-846013963de8,f92806d7-1768-443f-afe8-12bcde84d0f0,dd3a144d-ab7f-41f0-82b8-2e43a090d496,f0416e68-0200-4b77-a926-4f9d16e494da,511d2633-09a7-4bdd-ac42-f778032124b3,5d45aa00-e064-4938-b314-4265f0c2258c,9361fd90-ba52-4f84-aa93-6e878fd576ca,970b0598-bcb0-4714-91fb-2e81440dccd8,bcd64cc6-2dd9-43f6-abbe-66318d332032,d930590d-bb92-4cc8-8bd1-23cd027f9edf,a3cd009f-0ab0-420d-9278-b9fdab939bbc,6a2d0734-bd9e-4ddf-946e-caa52498cb75,d9937e59-61fe-4ec6-92ab-7ac5a19c89b0,d1346436-ac96-4271-b863-1f4fdead95b0,971bdb23-3ff6-43eb-b422-1c30165a3663,17debcc3-0a6b-4b8a-b00b-dc58b885581e,711ebe11-f673-4cd9-9a83-63c60ba54c5b,c0143906-9aed-447e-9436-2ae8512d1b6e,14da1725-c4c2-42b4-ab08-ee0aeb6898b3,081cab31-dccd-428e-8652-f2404cc81c47,78e0584a-4343-4727-8f37-e14e65c2a2db,871c3b6c-7379-419d-bda3-794b239ab90d,ff9b0199-ce04-4cfe-86cc-6c719f08d6e4,de1c2107-70c8-4021-8459-6399f24d01c6,cbf30902-517f-40dc-af90-a550bac27cf1,5c601d96-e4c7-4698-991b-7ee674b11079
9-14-2026 16:42:16-debug:   Number of all scenes: 1
9-14-2026 16:42:16-debug:   Number of other assets: 486
9-14-2026 16:42:16-debug: Init bundle root assets success..., progress: 0%
9-14-2026 16:42:16-debug:   Number of all scripts: 42
9-14-2026 16:42:16-debug: // ---- build task Query asset bundle ---- (8ms)
9-14-2026 16:42:16-log: run build task Query asset bundle success in 8 ms√, progress: 5%
9-14-2026 16:42:16-debug: [Build Memory track]: Query asset bundle start:229.58MB, end 228.70MB, increase: -904.43KB
9-14-2026 16:42:16-debug: // ---- build task Query asset bundle ----
9-14-2026 16:42:16-debug: Query asset bundle start, progress: 5%
9-14-2026 16:42:16-debug: // ---- build task Query asset bundle ---- (5ms)
9-14-2026 16:42:16-debug: [Build Memory track]: Query asset bundle start:228.73MB, end 228.90MB, increase: 167.70KB
9-14-2026 16:42:16-log: run build task Query asset bundle success in 5 ms√, progress: 10%
9-14-2026 16:42:16-debug: Sort some build options to settings.json start, progress: 10%
9-14-2026 16:42:16-debug: // ---- build task Sort some build options to settings.json ----
9-14-2026 16:42:16-debug: // ---- build task Sort some build options to settings.json ---- (5ms)
9-14-2026 16:42:16-log: run build task Sort some build options to settings.json success in 5 ms√, progress: 12%
9-14-2026 16:42:16-debug: [Build Memory track]: Sort some build options to settings.json start:228.93MB, end 228.95MB, increase: 28.32KB
9-14-2026 16:42:16-debug: Fill script data to settings start, progress: 12%
9-14-2026 16:42:16-debug: // ---- build task Fill script data to settings ----
9-14-2026 16:42:16-debug: // ---- build task Fill script data to settings ---- (3ms)
9-14-2026 16:42:16-log: run build task Fill script data to settings success in 3 ms√, progress: 13%
9-14-2026 16:42:16-debug: [Build Memory track]: Fill script data to settings start:228.98MB, end 229.01MB, increase: 26.62KB
9-14-2026 16:42:16-debug: Sort some build options to settings.json start, progress: 13%
9-14-2026 16:42:16-debug: // ---- build task Sort some build options to settings.json ----
9-14-2026 16:42:16-debug: // ---- build task Sort some build options to settings.json ---- (5ms)
9-14-2026 16:42:16-log: run build task Sort some build options to settings.json success in 5 ms√, progress: 15%
9-14-2026 16:42:16-debug: [Build Memory track]: Sort some build options to settings.json start:229.04MB, end 229.16MB, increase: 129.23KB
9-14-2026 18:35:49-debug: refresh db internal success
9-14-2026 18:35:49-debug: refresh db assets success
9-14-2026 18:35:49-debug: Run asset db hook engine-extends:afterRefresh success!
9-14-2026 18:35:49-debug: Run asset db hook engine-extends:afterRefresh ...
9-14-2026 18:35:49-debug: asset-db:refresh-all-database (66ms)
9-14-2026 18:35:49-debug: asset-db-hook-engine-extends-afterRefresh (1ms)
