9-15-2026 13:59:59-log: Cannot access game frame or container.
9-15-2026 13:59:59-debug: asset-db:require-engine-code (462ms)
9-15-2026 13:59:59-log: meshopt wasm decoder initialized
9-15-2026 14:00:00-log: [box2d]:box2d wasm lib loaded.
9-15-2026 14:00:00-log: [bullet]:bullet wasm lib loaded.
9-15-2026 14:00:00-log: Cocos Creator v3.8.8
9-15-2026 14:00:00-log: Using legacy pipeline
9-15-2026 14:00:00-debug: [Assets Memory track]: asset-db:worker-init: initEngine start:28.01MB, end 79.07MB, increase: 51.07MB
9-15-2026 14:00:00-log: Forward render pipeline initialized.
9-15-2026 14:00:01-debug: [Assets Memory track]: asset-db:worker-init: initPlugin start:79.15MB, end 340.62MB, increase: 261.47MB
9-15-2026 14:00:01-debug: run package(linux) handler(enable) start
9-15-2026 14:00:01-debug: run package(mac) handler(enable) start
9-15-2026 14:00:01-debug: run package(mac) handler(enable) success!
9-15-2026 14:00:01-debug: run package(migu-mini-game) handler(enable) start
9-15-2026 14:00:01-debug: run package(migu-mini-game) handler(enable) success!
9-15-2026 14:00:01-debug: run package(linux) handler(enable) success!
9-15-2026 14:00:01-debug: run package(native) handler(enable) success!
9-15-2026 14:00:01-debug: run package(ohos) handler(enable) success!
9-15-2026 14:00:01-debug: run package(ohos) handler(enable) start
9-15-2026 14:00:01-debug: run package(native) handler(enable) start
9-15-2026 14:00:01-debug: run package(oppo-mini-game) handler(enable) success!
9-15-2026 14:00:01-debug: run package(runtime-dev-tools) handler(enable) success!
9-15-2026 14:00:01-debug: run package(runtime-dev-tools) handler(enable) start
9-15-2026 14:00:01-debug: run package(taobao-mini-game) handler(enable) start
9-15-2026 14:00:01-debug: run package(taobao-mini-game) handler(enable) success!
9-15-2026 14:00:01-debug: run package(oppo-mini-game) handler(enable) start
9-15-2026 14:00:01-debug: run package(vivo-mini-game) handler(enable) success!
9-15-2026 14:00:01-debug: run package(vivo-mini-game) handler(enable) start
9-15-2026 14:00:01-debug: run package(web-mobile) handler(enable) start
9-15-2026 14:00:01-debug: run package(web-desktop) handler(enable) success!
9-15-2026 14:00:01-debug: run package(web-desktop) handler(enable) start
9-15-2026 14:00:01-debug: run package(web-mobile) handler(enable) success!
9-15-2026 14:00:01-debug: run package(wechatgame) handler(enable) start
9-15-2026 14:00:01-debug: run package(wechatprogram) handler(enable) start
9-15-2026 14:00:01-debug: run package(wechatgame) handler(enable) success!
9-15-2026 14:00:01-debug: run package(wechatprogram) handler(enable) success!
9-15-2026 14:00:01-debug: run package(xiaomi-quick-game) handler(enable) start
9-15-2026 14:00:01-debug: run package(windows) handler(enable) success!
9-15-2026 14:00:01-debug: run package(xiaomi-quick-game) handler(enable) success!
9-15-2026 14:00:01-debug: run package(cocos-service) handler(enable) success!
9-15-2026 14:00:01-debug: run package(windows) handler(enable) start
9-15-2026 14:00:01-debug: run package(im-plugin) handler(enable) start
9-15-2026 14:00:01-debug: run package(im-plugin) handler(enable) success!
9-15-2026 14:00:01-debug: run package(cocos-service) handler(enable) start
9-15-2026 14:00:01-debug: run package(placeholder) handler(enable) success!
9-15-2026 14:00:01-debug: run package(placeholder) handler(enable) start
9-15-2026 14:00:01-debug: asset-db:worker-init: initPlugin (1194ms)
9-15-2026 14:00:01-debug: [Assets Memory track]: asset-db:worker-init start:28.00MB, end 342.19MB, increase: 314.19MB
9-15-2026 14:00:01-debug: Run asset db hook programming:beforePreStart success!
9-15-2026 14:00:01-debug: Run asset db hook programming:beforePreStart ...
9-15-2026 14:00:01-debug: Run asset db hook engine-extends:beforePreStart ...
9-15-2026 14:00:01-debug: Run asset db hook engine-extends:beforePreStart success!
9-15-2026 14:00:02-debug: asset-db:worker-init (3424ms)
9-15-2026 14:00:02-debug: asset-db-hook-programming-beforePreStart (1632ms)
9-15-2026 14:00:02-debug: asset-db-hook-engine-extends-beforePreStart (1632ms)
9-15-2026 14:00:03-debug: Preimport db internal success
9-15-2026 14:00:03-debug: %cImport%c: D:\Works\Github\BattleGame\assets\scripts\BattleWave.tsbackground: #aaff85; color: #000;color: #000;
9-15-2026 14:00:03-debug: %cImport%c: D:\Works\Github\BattleGame\assets\scripts\GameManager.tsbackground: #aaff85; color: #000;color: #000;
9-15-2026 14:00:03-debug: %cImport%c: D:\Works\Github\BattleGame\assets\scripts\Unit.tsbackground: #aaff85; color: #000;color: #000;
9-15-2026 14:00:03-debug: Preimport db assets success
9-15-2026 14:00:03-debug: Run asset db hook programming:afterPreStart ...
9-15-2026 14:00:03-debug: starting packer-driver...
9-15-2026 14:00:07-debug: initialize scripting environment...
9-15-2026 14:00:07-debug: [[Executor]] prepare before lock
9-15-2026 14:00:07-debug: Set detail map pack:///resolution-detail-map.json: {}
9-15-2026 14:00:07-debug: [[Executor]] prepare after unlock
9-15-2026 14:00:07-debug: Run asset db hook programming:afterPreStart success!
9-15-2026 14:00:07-debug: Run asset db hook engine-extends:afterPreStart ...
9-15-2026 14:00:07-debug: Run asset db hook engine-extends:afterPreStart success!
9-15-2026 14:00:07-debug: Start up the 'internal' database...
9-15-2026 14:00:08-debug: asset-db:worker-effect-data-processing (933ms)
9-15-2026 14:00:08-debug: asset-db-hook-programming-afterPreStart (4807ms)
9-15-2026 14:00:08-debug: asset-db-hook-engine-extends-afterPreStart (933ms)
9-15-2026 14:00:08-debug: Run asset db hook engine-extends:afterStartDB ...
9-15-2026 14:00:09-debug: recompile effect.bin success
9-15-2026 14:00:09-debug: Run asset db hook engine-extends:afterStartDB success!
9-15-2026 14:00:09-debug: Start up the 'assets' database...
9-15-2026 14:00:09-debug: asset-db:worker-effect-data-processing (705ms)
9-15-2026 14:00:09-debug: asset-db-hook-engine-extends-afterStartDB (705ms)
9-15-2026 14:00:09-debug: Run asset db hook engine-extends:afterStartDB ...
9-15-2026 14:00:09-debug: recompile effect.bin success
9-15-2026 14:00:09-debug: Run asset db hook engine-extends:afterStartDB success!
9-15-2026 14:00:09-debug: [Assets Memory track]: asset-db:worker-init: startup start:199.49MB, end 215.99MB, increase: 16.49MB
9-15-2026 14:00:09-debug: lazy register asset handler directory
9-15-2026 14:00:09-debug: lazy register asset handler text
9-15-2026 14:00:09-debug: lazy register asset handler *
9-15-2026 14:00:09-debug: lazy register asset handler json
9-15-2026 14:00:09-debug: lazy register asset handler spine-data
9-15-2026 14:00:09-debug: lazy register asset handler dragonbones-atlas
9-15-2026 14:00:09-debug: lazy register asset handler dragonbones
9-15-2026 14:00:09-debug: lazy register asset handler terrain
9-15-2026 14:00:09-debug: lazy register asset handler javascript
9-15-2026 14:00:09-debug: lazy register asset handler typescript
9-15-2026 14:00:09-debug: lazy register asset handler sprite-frame
9-15-2026 14:00:09-debug: lazy register asset handler buffer
9-15-2026 14:00:09-debug: lazy register asset handler image
9-15-2026 14:00:09-debug: lazy register asset handler sign-image
9-15-2026 14:00:09-debug: lazy register asset handler alpha-image
9-15-2026 14:00:09-debug: lazy register asset handler texture
9-15-2026 14:00:09-debug: lazy register asset handler texture-cube
9-15-2026 14:00:09-debug: lazy register asset handler erp-texture-cube
9-15-2026 14:00:09-debug: lazy register asset handler render-texture
9-15-2026 14:00:09-debug: lazy register asset handler texture-cube-face
9-15-2026 14:00:09-debug: lazy register asset handler rt-sprite-frame
9-15-2026 14:00:09-debug: lazy register asset handler scene
9-15-2026 14:00:09-debug: lazy register asset handler prefab
9-15-2026 14:00:09-debug: lazy register asset handler gltf-mesh
9-15-2026 14:00:09-debug: lazy register asset handler gltf-animation
9-15-2026 14:00:09-debug: lazy register asset handler gltf-material
9-15-2026 14:00:09-debug: lazy register asset handler gltf-scene
9-15-2026 14:00:09-debug: lazy register asset handler gltf-embeded-image
9-15-2026 14:00:09-debug: lazy register asset handler gltf
9-15-2026 14:00:09-debug: lazy register asset handler gltf-skeleton
9-15-2026 14:00:09-debug: lazy register asset handler fbx
9-15-2026 14:00:09-debug: lazy register asset handler material
9-15-2026 14:00:09-debug: lazy register asset handler physics-material
9-15-2026 14:00:09-debug: lazy register asset handler tiled-map
9-15-2026 14:00:09-debug: lazy register asset handler effect-header
9-15-2026 14:00:09-debug: lazy register asset handler effect
9-15-2026 14:00:09-debug: lazy register asset handler animation-graph-variant
9-15-2026 14:00:09-debug: lazy register asset handler animation-mask
9-15-2026 14:00:09-debug: lazy register asset handler animation-clip
9-15-2026 14:00:09-debug: lazy register asset handler ttf-font
9-15-2026 14:00:09-debug: lazy register asset handler animation-graph
9-15-2026 14:00:09-debug: lazy register asset handler bitmap-font
9-15-2026 14:00:09-debug: lazy register asset handler audio-clip
9-15-2026 14:00:09-debug: lazy register asset handler auto-atlas
9-15-2026 14:00:09-debug: lazy register asset handler particle
9-15-2026 14:00:09-debug: lazy register asset handler sprite-atlas
9-15-2026 14:00:09-debug: lazy register asset handler render-pipeline
9-15-2026 14:00:09-debug: lazy register asset handler label-atlas
9-15-2026 14:00:09-debug: lazy register asset handler render-stage
9-15-2026 14:00:09-debug: lazy register asset handler instantiation-material
9-15-2026 14:00:09-debug: lazy register asset handler instantiation-mesh
9-15-2026 14:00:09-debug: lazy register asset handler render-flow
9-15-2026 14:00:09-debug: lazy register asset handler instantiation-skeleton
9-15-2026 14:00:09-debug: lazy register asset handler instantiation-animation
9-15-2026 14:00:09-debug: lazy register asset handler video-clip
9-15-2026 14:00:09-debug: asset-db:worker-effect-data-processing (250ms)
9-15-2026 14:00:09-debug: asset-db-hook-engine-extends-afterStartDB (251ms)
9-15-2026 14:00:09-debug: asset-db:start-database (8058ms)
9-15-2026 14:00:09-debug: asset-db:ready (11813ms)
9-15-2026 14:00:09-debug: init worker message success
9-15-2026 14:00:09-debug: programming:execute-script (4ms)
9-15-2026 14:00:09-debug: [Build Memory track]: builder:worker-init start:220.10MB, end 228.28MB, increase: 8.17MB
9-15-2026 14:00:09-debug: builder:worker-init (304ms)
9-15-2026 14:04:22-debug: refresh db internal success
9-15-2026 14:04:22-debug: refresh db assets success
9-15-2026 14:04:22-debug: Run asset db hook engine-extends:afterRefresh ...
9-15-2026 14:04:22-debug: Run asset db hook engine-extends:afterRefresh success!
9-15-2026 14:04:22-debug: asset-db:refresh-all-database (600ms)
9-15-2026 14:04:22-debug: asset-db:worker-effect-data-processing (533ms)
9-15-2026 14:04:22-debug: asset-db-hook-engine-extends-afterRefresh (534ms)
9-15-2026 14:04:22-debug: Query all assets info in project
9-15-2026 14:04:22-debug: init custom config: keepNodeUuid: false, useCache: true
9-15-2026 14:04:22-debug: Skip compress image, progress: 0%
9-15-2026 14:04:22-debug: Init all bundles start..., progress: 0%
9-15-2026 14:04:22-debug: Num of bundles: 2..., progress: 0%
9-15-2026 14:04:22-debug: Query asset bundle start, progress: 0%
9-15-2026 14:04:22-debug: Init bundle root assets start..., progress: 0%
9-15-2026 14:04:22-debug: // ---- build task Query asset bundle ----
9-15-2026 14:04:22-debug: Query preload assets/scripts from cc.config.json: 60f7195c-ec2a-45eb-ba94-8955f60e81d0,1c02ae6f-4492-4915-b8f8-7492a3b1e4cd,810e96e4-e456-4468-9b59-f4e8f39732c0,efe8e2a3-eace-427b-b4f1-cb8a937ec77d,e9aa9a3e-5b2b-4ac7-a2c7-073de2b2b24f,8bbdbcdd-5cd4-4100-b6d5-b7c9625b6107,50f4348b-c883-4e2f-8f11-ce233b859fa1,fda095cb-831d-4601-ad94-846013963de8,f92806d7-1768-443f-afe8-12bcde84d0f0,dd3a144d-ab7f-41f0-82b8-2e43a090d496,f0416e68-0200-4b77-a926-4f9d16e494da,511d2633-09a7-4bdd-ac42-f778032124b3,5d45aa00-e064-4938-b314-4265f0c2258c,9361fd90-ba52-4f84-aa93-6e878fd576ca,970b0598-bcb0-4714-91fb-2e81440dccd8,bcd64cc6-2dd9-43f6-abbe-66318d332032,d930590d-bb92-4cc8-8bd1-23cd027f9edf,a3cd009f-0ab0-420d-9278-b9fdab939bbc,6a2d0734-bd9e-4ddf-946e-caa52498cb75,d9937e59-61fe-4ec6-92ab-7ac5a19c89b0,d1346436-ac96-4271-b863-1f4fdead95b0,971bdb23-3ff6-43eb-b422-1c30165a3663,17debcc3-0a6b-4b8a-b00b-dc58b885581e,711ebe11-f673-4cd9-9a83-63c60ba54c5b,c0143906-9aed-447e-9436-2ae8512d1b6e,14da1725-c4c2-42b4-ab08-ee0aeb6898b3,081cab31-dccd-428e-8652-f2404cc81c47,78e0584a-4343-4727-8f37-e14e65c2a2db,871c3b6c-7379-419d-bda3-794b239ab90d,ff9b0199-ce04-4cfe-86cc-6c719f08d6e4,de1c2107-70c8-4021-8459-6399f24d01c6,cbf30902-517f-40dc-af90-a550bac27cf1,5c601d96-e4c7-4698-991b-7ee674b11079
9-15-2026 14:04:22-debug:   Number of all scenes: 1
9-15-2026 14:04:22-debug:   Number of all scripts: 42
9-15-2026 14:04:22-debug: Init bundle root assets success..., progress: 0%
9-15-2026 14:04:22-debug:   Number of other assets: 486
9-15-2026 14:04:22-debug: // ---- build task Query asset bundle ---- (5ms)
9-15-2026 14:04:22-log: run build task Query asset bundle success in 5 ms√, progress: 5%
9-15-2026 14:04:22-debug: Query asset bundle start, progress: 5%
9-15-2026 14:04:22-debug: [Build Memory track]: Query asset bundle start:223.63MB, end 223.63MB, increase: -0.45KB
9-15-2026 14:04:22-debug: // ---- build task Query asset bundle ----
9-15-2026 14:04:22-debug: // ---- build task Query asset bundle ---- (2ms)
9-15-2026 14:04:22-log: run build task Query asset bundle success in 2 ms√, progress: 10%
9-15-2026 14:04:22-debug: [Build Memory track]: Query asset bundle start:223.67MB, end 223.84MB, increase: 175.56KB
9-15-2026 14:04:22-debug: Sort some build options to settings.json start, progress: 10%
9-15-2026 14:04:22-debug: // ---- build task Sort some build options to settings.json ----
9-15-2026 14:04:22-debug: // ---- build task Sort some build options to settings.json ---- (2ms)
9-15-2026 14:04:22-log: run build task Sort some build options to settings.json success in 2 ms√, progress: 12%
9-15-2026 14:04:22-debug: [Build Memory track]: Sort some build options to settings.json start:223.88MB, end 223.21MB, increase: -691.18KB
9-15-2026 14:04:22-debug: Fill script data to settings start, progress: 12%
9-15-2026 14:04:22-debug: // ---- build task Fill script data to settings ----
9-15-2026 14:04:22-log: run build task Fill script data to settings success in √, progress: 13%
9-15-2026 14:04:22-debug: [Build Memory track]: Fill script data to settings start:223.25MB, end 223.27MB, increase: 21.03KB
9-15-2026 14:04:22-debug: Sort some build options to settings.json start, progress: 13%
9-15-2026 14:04:22-debug: // ---- build task Sort some build options to settings.json ----
9-15-2026 14:04:22-debug: // ---- build task Sort some build options to settings.json ---- (4ms)
9-15-2026 14:04:22-debug: [Build Memory track]: Sort some build options to settings.json start:223.31MB, end 223.47MB, increase: 159.34KB
9-15-2026 14:04:22-log: run build task Sort some build options to settings.json success in 4 ms√, progress: 15%
9-15-2026 14:04:27-debug: Query all assets info in project
9-15-2026 14:04:27-debug: init custom config: keepNodeUuid: false, useCache: true
9-15-2026 14:04:27-debug: Skip compress image, progress: 0%
9-15-2026 14:04:27-debug: Init all bundles start..., progress: 0%
9-15-2026 14:04:27-debug: Num of bundles: 2..., progress: 0%
9-15-2026 14:04:27-debug: Query asset bundle start, progress: 0%
9-15-2026 14:04:27-debug: // ---- build task Query asset bundle ----
9-15-2026 14:04:27-debug: Init bundle root assets start..., progress: 0%
9-15-2026 14:04:27-debug:   Number of all scenes: 1
9-15-2026 14:04:27-debug: Query preload assets/scripts from cc.config.json: 60f7195c-ec2a-45eb-ba94-8955f60e81d0,1c02ae6f-4492-4915-b8f8-7492a3b1e4cd,810e96e4-e456-4468-9b59-f4e8f39732c0,efe8e2a3-eace-427b-b4f1-cb8a937ec77d,e9aa9a3e-5b2b-4ac7-a2c7-073de2b2b24f,8bbdbcdd-5cd4-4100-b6d5-b7c9625b6107,50f4348b-c883-4e2f-8f11-ce233b859fa1,fda095cb-831d-4601-ad94-846013963de8,f92806d7-1768-443f-afe8-12bcde84d0f0,dd3a144d-ab7f-41f0-82b8-2e43a090d496,f0416e68-0200-4b77-a926-4f9d16e494da,511d2633-09a7-4bdd-ac42-f778032124b3,5d45aa00-e064-4938-b314-4265f0c2258c,9361fd90-ba52-4f84-aa93-6e878fd576ca,970b0598-bcb0-4714-91fb-2e81440dccd8,bcd64cc6-2dd9-43f6-abbe-66318d332032,d930590d-bb92-4cc8-8bd1-23cd027f9edf,a3cd009f-0ab0-420d-9278-b9fdab939bbc,6a2d0734-bd9e-4ddf-946e-caa52498cb75,d9937e59-61fe-4ec6-92ab-7ac5a19c89b0,d1346436-ac96-4271-b863-1f4fdead95b0,971bdb23-3ff6-43eb-b422-1c30165a3663,17debcc3-0a6b-4b8a-b00b-dc58b885581e,711ebe11-f673-4cd9-9a83-63c60ba54c5b,c0143906-9aed-447e-9436-2ae8512d1b6e,14da1725-c4c2-42b4-ab08-ee0aeb6898b3,081cab31-dccd-428e-8652-f2404cc81c47,78e0584a-4343-4727-8f37-e14e65c2a2db,871c3b6c-7379-419d-bda3-794b239ab90d,ff9b0199-ce04-4cfe-86cc-6c719f08d6e4,de1c2107-70c8-4021-8459-6399f24d01c6,cbf30902-517f-40dc-af90-a550bac27cf1,5c601d96-e4c7-4698-991b-7ee674b11079
9-15-2026 14:04:27-debug:   Number of all scripts: 42
9-15-2026 14:04:27-debug:   Number of other assets: 486
9-15-2026 14:04:27-debug: Init bundle root assets success..., progress: 0%
9-15-2026 14:04:27-debug: // ---- build task Query asset bundle ---- (5ms)
9-15-2026 14:04:27-log: run build task Query asset bundle success in 5 ms√, progress: 5%
9-15-2026 14:04:27-debug: [Build Memory track]: Query asset bundle start:223.49MB, end 223.39MB, increase: -106.34KB
9-15-2026 14:04:27-debug: Query asset bundle start, progress: 5%
9-15-2026 14:04:27-debug: // ---- build task Query asset bundle ----
9-15-2026 14:04:27-debug: // ---- build task Query asset bundle ---- (2ms)
9-15-2026 14:04:27-log: run build task Query asset bundle success in 2 ms√, progress: 10%
9-15-2026 14:04:27-debug: [Build Memory track]: Query asset bundle start:223.43MB, end 223.57MB, increase: 148.46KB
9-15-2026 14:04:27-debug: Sort some build options to settings.json start, progress: 10%
9-15-2026 14:04:27-debug: // ---- build task Sort some build options to settings.json ----
9-15-2026 14:04:27-debug: // ---- build task Sort some build options to settings.json ---- (1ms)
9-15-2026 14:04:27-log: run build task Sort some build options to settings.json success in 1 ms√, progress: 12%
9-15-2026 14:04:27-debug: [Build Memory track]: Sort some build options to settings.json start:223.62MB, end 223.65MB, increase: 33.67KB
9-15-2026 14:04:27-debug: Fill script data to settings start, progress: 12%
9-15-2026 14:04:27-debug: // ---- build task Fill script data to settings ----
9-15-2026 14:04:27-debug: // ---- build task Fill script data to settings ---- (1ms)
9-15-2026 14:04:27-log: run build task Fill script data to settings success in 1 ms√, progress: 13%
9-15-2026 14:04:27-debug: [Build Memory track]: Fill script data to settings start:223.69MB, end 223.73MB, increase: 37.38KB
9-15-2026 14:04:27-debug: Sort some build options to settings.json start, progress: 13%
9-15-2026 14:04:27-debug: // ---- build task Sort some build options to settings.json ----
9-15-2026 14:04:27-debug: // ---- build task Sort some build options to settings.json ---- (3ms)
9-15-2026 14:04:27-log: run build task Sort some build options to settings.json success in 3 ms√, progress: 15%
9-15-2026 14:04:27-debug: [Build Memory track]: Sort some build options to settings.json start:223.77MB, end 223.92MB, increase: 156.46KB
9-15-2026 14:31:57-debug: refresh db internal success
9-15-2026 14:31:57-debug: refresh db assets success
9-15-2026 14:31:57-debug: Run asset db hook engine-extends:afterRefresh ...
9-15-2026 14:31:57-debug: Run asset db hook engine-extends:afterRefresh success!
9-15-2026 14:31:57-debug: asset-db:refresh-all-database (60ms)
9-15-2026 14:31:57-debug: asset-db:worker-effect-data-processing (2ms)
9-15-2026 14:31:57-debug: asset-db-hook-engine-extends-afterRefresh (2ms)
9-15-2026 14:50:33-debug: refresh db internal success
9-15-2026 14:50:33-debug: refresh db assets success
9-15-2026 14:50:33-debug: Run asset db hook engine-extends:afterRefresh ...
9-15-2026 14:50:33-debug: Run asset db hook engine-extends:afterRefresh success!
9-15-2026 14:50:33-debug: asset-db:refresh-all-database (46ms)
9-15-2026 15:18:11-debug: refresh db internal success
9-15-2026 15:18:11-debug: refresh db assets success
9-15-2026 15:18:11-debug: Run asset db hook engine-extends:afterRefresh ...
9-15-2026 15:18:11-debug: Run asset db hook engine-extends:afterRefresh success!
9-15-2026 15:18:11-debug: asset-db:refresh-all-database (86ms)
9-15-2026 15:18:11-debug: asset-db:worker-effect-data-processing (2ms)
9-15-2026 15:18:11-debug: asset-db-hook-engine-extends-afterRefresh (2ms)
9-15-2026 15:18:13-debug: %cImport%c: D:\Works\Github\BattleGame\assets\Battle.scenebackground: #aaff85; color: #000;color: #000;
9-15-2026 15:18:13-debug: asset-db:reimport-asset1effe86e-a401-4769-9dbc-62218c68834d (15ms)
9-15-2026 15:18:13-debug: Query all assets info in project
9-15-2026 15:18:13-debug: init custom config: keepNodeUuid: false, useCache: true
9-15-2026 15:18:13-debug: Skip compress image, progress: 0%
9-15-2026 15:18:13-debug: Init all bundles start..., progress: 0%
9-15-2026 15:18:13-debug: Query asset bundle start, progress: 0%
9-15-2026 15:18:13-debug: // ---- build task Query asset bundle ----
9-15-2026 15:18:13-debug: Init bundle root assets start..., progress: 0%
9-15-2026 15:18:13-debug: Num of bundles: 2..., progress: 0%
9-15-2026 15:18:13-debug: Query preload assets/scripts from cc.config.json: 60f7195c-ec2a-45eb-ba94-8955f60e81d0,1c02ae6f-4492-4915-b8f8-7492a3b1e4cd,810e96e4-e456-4468-9b59-f4e8f39732c0,efe8e2a3-eace-427b-b4f1-cb8a937ec77d,e9aa9a3e-5b2b-4ac7-a2c7-073de2b2b24f,8bbdbcdd-5cd4-4100-b6d5-b7c9625b6107,50f4348b-c883-4e2f-8f11-ce233b859fa1,fda095cb-831d-4601-ad94-846013963de8,f92806d7-1768-443f-afe8-12bcde84d0f0,dd3a144d-ab7f-41f0-82b8-2e43a090d496,f0416e68-0200-4b77-a926-4f9d16e494da,511d2633-09a7-4bdd-ac42-f778032124b3,5d45aa00-e064-4938-b314-4265f0c2258c,9361fd90-ba52-4f84-aa93-6e878fd576ca,970b0598-bcb0-4714-91fb-2e81440dccd8,bcd64cc6-2dd9-43f6-abbe-66318d332032,d930590d-bb92-4cc8-8bd1-23cd027f9edf,a3cd009f-0ab0-420d-9278-b9fdab939bbc,6a2d0734-bd9e-4ddf-946e-caa52498cb75,d9937e59-61fe-4ec6-92ab-7ac5a19c89b0,d1346436-ac96-4271-b863-1f4fdead95b0,971bdb23-3ff6-43eb-b422-1c30165a3663,17debcc3-0a6b-4b8a-b00b-dc58b885581e,711ebe11-f673-4cd9-9a83-63c60ba54c5b,c0143906-9aed-447e-9436-2ae8512d1b6e,14da1725-c4c2-42b4-ab08-ee0aeb6898b3,081cab31-dccd-428e-8652-f2404cc81c47,78e0584a-4343-4727-8f37-e14e65c2a2db,871c3b6c-7379-419d-bda3-794b239ab90d,ff9b0199-ce04-4cfe-86cc-6c719f08d6e4,de1c2107-70c8-4021-8459-6399f24d01c6,cbf30902-517f-40dc-af90-a550bac27cf1,5c601d96-e4c7-4698-991b-7ee674b11079
9-15-2026 15:18:13-debug:   Number of all scenes: 1
9-15-2026 15:18:13-debug:   Number of all scripts: 42
9-15-2026 15:18:13-debug: Init bundle root assets success..., progress: 0%
9-15-2026 15:18:13-debug:   Number of other assets: 486
9-15-2026 15:18:13-debug: // ---- build task Query asset bundle ---- (5ms)
9-15-2026 15:18:13-log: run build task Query asset bundle success in 5 ms√, progress: 5%
9-15-2026 15:18:13-debug: [Build Memory track]: Query asset bundle start:229.02MB, end 229.80MB, increase: 796.36KB
9-15-2026 15:18:13-debug: // ---- build task Query asset bundle ----
9-15-2026 15:18:13-debug: Query asset bundle start, progress: 5%
9-15-2026 15:18:13-debug: // ---- build task Query asset bundle ---- (5ms)
9-15-2026 15:18:13-log: run build task Query asset bundle success in 5 ms√, progress: 10%
9-15-2026 15:18:13-debug: [Build Memory track]: Query asset bundle start:229.83MB, end 229.98MB, increase: 146.84KB
9-15-2026 15:18:13-debug: Sort some build options to settings.json start, progress: 10%
9-15-2026 15:18:13-debug: // ---- build task Sort some build options to settings.json ----
9-15-2026 15:18:13-debug: // ---- build task Sort some build options to settings.json ---- (2ms)
9-15-2026 15:18:13-log: run build task Sort some build options to settings.json success in 2 ms√, progress: 12%
9-15-2026 15:18:13-debug: [Build Memory track]: Sort some build options to settings.json start:230.02MB, end 230.05MB, increase: 33.50KB
9-15-2026 15:18:13-debug: // ---- build task Fill script data to settings ----
9-15-2026 15:18:13-debug: Fill script data to settings start, progress: 12%
9-15-2026 15:18:13-debug: // ---- build task Fill script data to settings ---- (3ms)
9-15-2026 15:18:13-log: run build task Fill script data to settings success in 3 ms√, progress: 13%
9-15-2026 15:18:13-debug: Sort some build options to settings.json start, progress: 13%
9-15-2026 15:18:13-debug: // ---- build task Sort some build options to settings.json ----
9-15-2026 15:18:13-debug: [Build Memory track]: Fill script data to settings start:230.09MB, end 230.12MB, increase: 32.92KB
9-15-2026 15:18:13-debug: // ---- build task Sort some build options to settings.json ---- (4ms)
9-15-2026 15:18:13-log: run build task Sort some build options to settings.json success in 4 ms√, progress: 15%
9-15-2026 15:18:13-debug: [Build Memory track]: Sort some build options to settings.json start:230.16MB, end 228.83MB, increase: -1358.41KB
9-15-2026 15:20:25-debug: refresh db internal success
9-15-2026 15:20:25-debug: Run asset db hook engine-extends:afterRefresh success!
9-15-2026 15:20:25-debug: refresh db assets success
9-15-2026 15:20:25-debug: Run asset db hook engine-extends:afterRefresh ...
9-15-2026 15:20:25-debug: asset-db:refresh-all-database (50ms)
9-15-2026 15:20:25-debug: asset-db-hook-engine-extends-afterRefresh (1ms)
9-15-2026 15:20:25-debug: asset-db:worker-effect-data-processing (1ms)
9-15-2026 15:30:32-debug: refresh db internal success
9-15-2026 15:30:32-debug: refresh db assets success
9-15-2026 15:30:32-debug: Run asset db hook engine-extends:afterRefresh success!
9-15-2026 15:30:32-debug: Run asset db hook engine-extends:afterRefresh ...
9-15-2026 15:30:32-debug: asset-db:refresh-all-database (50ms)
9-15-2026 15:30:32-debug: asset-db-hook-engine-extends-afterRefresh (2ms)
9-15-2026 15:30:32-debug: asset-db:worker-effect-data-processing (2ms)
9-15-2026 15:30:53-debug: refresh db internal success
9-15-2026 15:30:53-debug: refresh db assets success
9-15-2026 15:30:53-debug: Run asset db hook engine-extends:afterRefresh success!
9-15-2026 15:30:53-debug: Run asset db hook engine-extends:afterRefresh ...
9-15-2026 15:30:53-debug: asset-db:refresh-all-database (64ms)
9-15-2026 15:30:53-debug: asset-db-hook-engine-extends-afterRefresh (1ms)
9-15-2026 15:30:53-debug: asset-db:worker-effect-data-processing (1ms)
9-15-2026 16:29:49-debug: refresh db internal success
9-15-2026 16:29:49-debug: refresh db assets success
9-15-2026 16:29:49-debug: Run asset db hook engine-extends:afterRefresh ...
9-15-2026 16:29:49-debug: Run asset db hook engine-extends:afterRefresh success!
9-15-2026 16:29:49-debug: asset-db:refresh-all-database (58ms)
9-15-2026 16:29:49-debug: asset-db:worker-effect-data-processing (1ms)
9-15-2026 16:29:49-debug: asset-db-hook-engine-extends-afterRefresh (1ms)
9-15-2026 16:32:31-debug: %cImport%c: D:\Works\Github\BattleGame\assets\Battle.scenebackground: #aaff85; color: #000;color: #000;
9-15-2026 16:32:31-debug: asset-db:reimport-asset1effe86e-a401-4769-9dbc-62218c68834d (14ms)
9-15-2026 16:32:32-debug: Query all assets info in project
9-15-2026 16:32:32-debug: init custom config: keepNodeUuid: false, useCache: true
9-15-2026 16:32:32-debug: Skip compress image, progress: 0%
9-15-2026 16:32:32-debug: Init all bundles start..., progress: 0%
9-15-2026 16:32:32-debug: Num of bundles: 2..., progress: 0%
9-15-2026 16:32:32-debug: Query asset bundle start, progress: 0%
9-15-2026 16:32:32-debug: // ---- build task Query asset bundle ----
9-15-2026 16:32:32-debug: Init bundle root assets start..., progress: 0%
9-15-2026 16:32:32-debug:   Number of all scenes: 1
9-15-2026 16:32:32-debug: Query preload assets/scripts from cc.config.json: 60f7195c-ec2a-45eb-ba94-8955f60e81d0,1c02ae6f-4492-4915-b8f8-7492a3b1e4cd,810e96e4-e456-4468-9b59-f4e8f39732c0,efe8e2a3-eace-427b-b4f1-cb8a937ec77d,e9aa9a3e-5b2b-4ac7-a2c7-073de2b2b24f,8bbdbcdd-5cd4-4100-b6d5-b7c9625b6107,50f4348b-c883-4e2f-8f11-ce233b859fa1,fda095cb-831d-4601-ad94-846013963de8,f92806d7-1768-443f-afe8-12bcde84d0f0,dd3a144d-ab7f-41f0-82b8-2e43a090d496,f0416e68-0200-4b77-a926-4f9d16e494da,511d2633-09a7-4bdd-ac42-f778032124b3,5d45aa00-e064-4938-b314-4265f0c2258c,9361fd90-ba52-4f84-aa93-6e878fd576ca,970b0598-bcb0-4714-91fb-2e81440dccd8,bcd64cc6-2dd9-43f6-abbe-66318d332032,d930590d-bb92-4cc8-8bd1-23cd027f9edf,a3cd009f-0ab0-420d-9278-b9fdab939bbc,6a2d0734-bd9e-4ddf-946e-caa52498cb75,d9937e59-61fe-4ec6-92ab-7ac5a19c89b0,d1346436-ac96-4271-b863-1f4fdead95b0,971bdb23-3ff6-43eb-b422-1c30165a3663,17debcc3-0a6b-4b8a-b00b-dc58b885581e,711ebe11-f673-4cd9-9a83-63c60ba54c5b,c0143906-9aed-447e-9436-2ae8512d1b6e,14da1725-c4c2-42b4-ab08-ee0aeb6898b3,081cab31-dccd-428e-8652-f2404cc81c47,78e0584a-4343-4727-8f37-e14e65c2a2db,871c3b6c-7379-419d-bda3-794b239ab90d,ff9b0199-ce04-4cfe-86cc-6c719f08d6e4,de1c2107-70c8-4021-8459-6399f24d01c6,cbf30902-517f-40dc-af90-a550bac27cf1,5c601d96-e4c7-4698-991b-7ee674b11079
9-15-2026 16:32:32-debug:   Number of all scripts: 42
9-15-2026 16:32:32-debug: Init bundle root assets success..., progress: 0%
9-15-2026 16:32:32-debug:   Number of other assets: 486
9-15-2026 16:32:32-debug: // ---- build task Query asset bundle ---- (5ms)
9-15-2026 16:32:32-log: run build task Query asset bundle success in 5 ms√, progress: 5%
9-15-2026 16:32:32-debug: [Build Memory track]: Query asset bundle start:234.25MB, end 234.11MB, increase: -144.93KB
9-15-2026 16:32:32-debug: // ---- build task Query asset bundle ----
9-15-2026 16:32:32-debug: Query asset bundle start, progress: 5%
9-15-2026 16:32:32-debug: // ---- build task Query asset bundle ---- (6ms)
9-15-2026 16:32:32-log: run build task Query asset bundle success in 6 ms√, progress: 10%
9-15-2026 16:32:32-debug: [Build Memory track]: Query asset bundle start:234.15MB, end 234.30MB, increase: 154.89KB
9-15-2026 16:32:32-debug: // ---- build task Sort some build options to settings.json ----
9-15-2026 16:32:32-debug: Sort some build options to settings.json start, progress: 10%
9-15-2026 16:32:32-debug: // ---- build task Sort some build options to settings.json ---- (2ms)
9-15-2026 16:32:32-log: run build task Sort some build options to settings.json success in 2 ms√, progress: 12%
9-15-2026 16:32:32-debug: [Build Memory track]: Sort some build options to settings.json start:234.34MB, end 234.37MB, increase: 33.60KB
9-15-2026 16:32:32-debug: Fill script data to settings start, progress: 12%
9-15-2026 16:32:32-debug: // ---- build task Fill script data to settings ----
9-15-2026 16:32:32-debug: // ---- build task Fill script data to settings ---- (1ms)
9-15-2026 16:32:32-log: run build task Fill script data to settings success in 1 ms√, progress: 13%
9-15-2026 16:32:32-debug: [Build Memory track]: Fill script data to settings start:234.41MB, end 234.44MB, increase: 33.00KB
9-15-2026 16:32:32-debug: // ---- build task Sort some build options to settings.json ----
9-15-2026 16:32:32-debug: Sort some build options to settings.json start, progress: 13%
9-15-2026 16:32:32-log: run build task Sort some build options to settings.json success in 5 ms√, progress: 15%
9-15-2026 16:32:32-debug: [Build Memory track]: Sort some build options to settings.json start:234.48MB, end 233.92MB, increase: -580.56KB
9-15-2026 16:32:32-debug: // ---- build task Sort some build options to settings.json ---- (5ms)
9-15-2026 16:50:23-debug: refresh db internal success
9-15-2026 16:50:23-debug: %cImport%c: D:\Works\Github\BattleGame\assets\scripts\BattleTelemetry.tsbackground: #aaff85; color: #000;color: #000;
9-15-2026 16:50:23-debug: %cImport%c: D:\Works\Github\BattleGame\assets\scripts\GameManager.tsbackground: #aaff85; color: #000;color: #000;
9-15-2026 16:50:23-debug: refresh db assets success
9-15-2026 16:50:23-debug: Run asset db hook engine-extends:afterRefresh ...
9-15-2026 16:50:23-debug: Run asset db hook engine-extends:afterRefresh success!
9-15-2026 16:50:23-debug: asset-db:refresh-all-database (53ms)
9-15-2026 16:50:23-debug: asset-db:worker-effect-data-processing (1ms)
9-15-2026 16:50:23-debug: asset-db-hook-engine-extends-afterRefresh (1ms)
9-15-2026 16:50:26-debug: Query all assets info in project
9-15-2026 16:50:26-debug: init custom config: keepNodeUuid: false, useCache: true
9-15-2026 16:50:26-debug: Skip compress image, progress: 0%
9-15-2026 16:50:26-debug: Init all bundles start..., progress: 0%
9-15-2026 16:50:26-debug: // ---- build task Query asset bundle ----
9-15-2026 16:50:26-debug: Init bundle root assets start..., progress: 0%
9-15-2026 16:50:26-debug: Num of bundles: 2..., progress: 0%
9-15-2026 16:50:26-debug: Query asset bundle start, progress: 0%
9-15-2026 16:50:26-debug:   Number of all scenes: 1
9-15-2026 16:50:26-debug: Query preload assets/scripts from cc.config.json: 60f7195c-ec2a-45eb-ba94-8955f60e81d0,1c02ae6f-4492-4915-b8f8-7492a3b1e4cd,810e96e4-e456-4468-9b59-f4e8f39732c0,efe8e2a3-eace-427b-b4f1-cb8a937ec77d,e9aa9a3e-5b2b-4ac7-a2c7-073de2b2b24f,8bbdbcdd-5cd4-4100-b6d5-b7c9625b6107,50f4348b-c883-4e2f-8f11-ce233b859fa1,fda095cb-831d-4601-ad94-846013963de8,f92806d7-1768-443f-afe8-12bcde84d0f0,dd3a144d-ab7f-41f0-82b8-2e43a090d496,f0416e68-0200-4b77-a926-4f9d16e494da,511d2633-09a7-4bdd-ac42-f778032124b3,5d45aa00-e064-4938-b314-4265f0c2258c,9361fd90-ba52-4f84-aa93-6e878fd576ca,970b0598-bcb0-4714-91fb-2e81440dccd8,bcd64cc6-2dd9-43f6-abbe-66318d332032,d930590d-bb92-4cc8-8bd1-23cd027f9edf,a3cd009f-0ab0-420d-9278-b9fdab939bbc,6a2d0734-bd9e-4ddf-946e-caa52498cb75,d9937e59-61fe-4ec6-92ab-7ac5a19c89b0,d1346436-ac96-4271-b863-1f4fdead95b0,971bdb23-3ff6-43eb-b422-1c30165a3663,17debcc3-0a6b-4b8a-b00b-dc58b885581e,711ebe11-f673-4cd9-9a83-63c60ba54c5b,c0143906-9aed-447e-9436-2ae8512d1b6e,14da1725-c4c2-42b4-ab08-ee0aeb6898b3,081cab31-dccd-428e-8652-f2404cc81c47,78e0584a-4343-4727-8f37-e14e65c2a2db,871c3b6c-7379-419d-bda3-794b239ab90d,ff9b0199-ce04-4cfe-86cc-6c719f08d6e4,de1c2107-70c8-4021-8459-6399f24d01c6,cbf30902-517f-40dc-af90-a550bac27cf1,5c601d96-e4c7-4698-991b-7ee674b11079
9-15-2026 16:50:26-debug:   Number of all scripts: 42
9-15-2026 16:50:26-debug:   Number of other assets: 486
9-15-2026 16:50:26-debug: Init bundle root assets success..., progress: 0%
9-15-2026 16:50:26-debug: // ---- build task Query asset bundle ---- (6ms)
9-15-2026 16:50:26-debug: [Build Memory track]: Query asset bundle start:235.85MB, end 235.86MB, increase: 6.52KB
9-15-2026 16:50:26-debug: Query asset bundle start, progress: 5%
9-15-2026 16:50:26-log: run build task Query asset bundle success in 6 ms√, progress: 5%
9-15-2026 16:50:26-debug: // ---- build task Query asset bundle ----
9-15-2026 16:50:26-debug: // ---- build task Query asset bundle ---- (5ms)
9-15-2026 16:50:26-log: run build task Query asset bundle success in 5 ms√, progress: 10%
9-15-2026 16:50:26-debug: [Build Memory track]: Query asset bundle start:235.90MB, end 235.31MB, increase: -603.68KB
9-15-2026 16:50:26-debug: Sort some build options to settings.json start, progress: 10%
9-15-2026 16:50:26-debug: // ---- build task Sort some build options to settings.json ----
9-15-2026 16:50:26-log: run build task Sort some build options to settings.json success in 1 ms√, progress: 12%
9-15-2026 16:50:26-debug: [Build Memory track]: Sort some build options to settings.json start:235.35MB, end 235.64MB, increase: 297.33KB
9-15-2026 16:50:26-debug: // ---- build task Sort some build options to settings.json ---- (1ms)
9-15-2026 16:50:26-debug: Fill script data to settings start, progress: 12%
9-15-2026 16:50:26-debug: // ---- build task Fill script data to settings ----
9-15-2026 16:50:26-debug: // ---- build task Fill script data to settings ---- (1ms)
9-15-2026 16:50:26-log: run build task Fill script data to settings success in 1 ms√, progress: 13%
9-15-2026 16:50:26-debug: [Build Memory track]: Fill script data to settings start:235.67MB, end 235.71MB, increase: 35.95KB
9-15-2026 16:50:26-debug: // ---- build task Sort some build options to settings.json ----
9-15-2026 16:50:26-debug: Sort some build options to settings.json start, progress: 13%
9-15-2026 16:50:26-debug: // ---- build task Sort some build options to settings.json ---- (4ms)
9-15-2026 16:50:26-debug: [Build Memory track]: Sort some build options to settings.json start:235.75MB, end 235.64MB, increase: -107.63KB
9-15-2026 16:50:26-log: run build task Sort some build options to settings.json success in 4 ms√, progress: 15%
9-15-2026 16:58:37-debug: refresh db internal success
9-15-2026 16:58:37-debug: %cImport%c: D:\Works\Github\BattleGame\assets\Battle.scenebackground: #aaff85; color: #000;color: #000;
9-15-2026 16:58:37-debug: refresh db assets success
9-15-2026 16:58:37-debug: Run asset db hook engine-extends:afterRefresh ...
9-15-2026 16:58:37-debug: Run asset db hook engine-extends:afterRefresh success!
9-15-2026 16:58:37-debug: asset-db:refresh-all-database (57ms)
9-15-2026 16:58:37-debug: asset-db-hook-engine-extends-afterRefresh (1ms)
9-15-2026 16:58:37-debug: asset-db:worker-effect-data-processing (1ms)
9-15-2026 16:58:41-debug: %cImport%c: D:\Works\Github\BattleGame\assets\Battle.scenebackground: #aaff85; color: #000;color: #000;
9-15-2026 16:58:41-debug: asset-db:reimport-asset1effe86e-a401-4769-9dbc-62218c68834d (13ms)
9-15-2026 16:58:42-debug: Query all assets info in project
9-15-2026 16:58:42-debug: init custom config: keepNodeUuid: false, useCache: true
9-15-2026 16:58:42-debug: Skip compress image, progress: 0%
9-15-2026 16:58:42-debug: Init all bundles start..., progress: 0%
9-15-2026 16:58:42-debug: Num of bundles: 2..., progress: 0%
9-15-2026 16:58:42-debug: Query asset bundle start, progress: 0%
9-15-2026 16:58:42-debug: Init bundle root assets start..., progress: 0%
9-15-2026 16:58:42-debug: // ---- build task Query asset bundle ----
9-15-2026 16:58:42-debug: Query preload assets/scripts from cc.config.json: 60f7195c-ec2a-45eb-ba94-8955f60e81d0,1c02ae6f-4492-4915-b8f8-7492a3b1e4cd,810e96e4-e456-4468-9b59-f4e8f39732c0,efe8e2a3-eace-427b-b4f1-cb8a937ec77d,e9aa9a3e-5b2b-4ac7-a2c7-073de2b2b24f,8bbdbcdd-5cd4-4100-b6d5-b7c9625b6107,50f4348b-c883-4e2f-8f11-ce233b859fa1,fda095cb-831d-4601-ad94-846013963de8,f92806d7-1768-443f-afe8-12bcde84d0f0,dd3a144d-ab7f-41f0-82b8-2e43a090d496,f0416e68-0200-4b77-a926-4f9d16e494da,511d2633-09a7-4bdd-ac42-f778032124b3,5d45aa00-e064-4938-b314-4265f0c2258c,9361fd90-ba52-4f84-aa93-6e878fd576ca,970b0598-bcb0-4714-91fb-2e81440dccd8,bcd64cc6-2dd9-43f6-abbe-66318d332032,d930590d-bb92-4cc8-8bd1-23cd027f9edf,a3cd009f-0ab0-420d-9278-b9fdab939bbc,6a2d0734-bd9e-4ddf-946e-caa52498cb75,d9937e59-61fe-4ec6-92ab-7ac5a19c89b0,d1346436-ac96-4271-b863-1f4fdead95b0,971bdb23-3ff6-43eb-b422-1c30165a3663,17debcc3-0a6b-4b8a-b00b-dc58b885581e,711ebe11-f673-4cd9-9a83-63c60ba54c5b,c0143906-9aed-447e-9436-2ae8512d1b6e,14da1725-c4c2-42b4-ab08-ee0aeb6898b3,081cab31-dccd-428e-8652-f2404cc81c47,78e0584a-4343-4727-8f37-e14e65c2a2db,871c3b6c-7379-419d-bda3-794b239ab90d,ff9b0199-ce04-4cfe-86cc-6c719f08d6e4,de1c2107-70c8-4021-8459-6399f24d01c6,cbf30902-517f-40dc-af90-a550bac27cf1,5c601d96-e4c7-4698-991b-7ee674b11079
9-15-2026 16:58:42-debug:   Number of all scenes: 1
9-15-2026 16:58:42-debug:   Number of all scripts: 42
9-15-2026 16:58:42-debug:   Number of other assets: 486
9-15-2026 16:58:42-debug: Init bundle root assets success..., progress: 0%
9-15-2026 16:58:42-debug: // ---- build task Query asset bundle ---- (8ms)
9-15-2026 16:58:42-log: run build task Query asset bundle success in 8 ms√, progress: 5%
9-15-2026 16:58:42-debug: Query asset bundle start, progress: 5%
9-15-2026 16:58:42-debug: [Build Memory track]: Query asset bundle start:237.12MB, end 237.83MB, increase: 724.24KB
9-15-2026 16:58:42-debug: // ---- build task Query asset bundle ----
9-15-2026 16:58:42-log: run build task Query asset bundle success in 5 ms√, progress: 10%
9-15-2026 16:58:42-debug: [Build Memory track]: Query asset bundle start:237.86MB, end 237.08MB, increase: -794.74KB
9-15-2026 16:58:42-debug: Sort some build options to settings.json start, progress: 10%
9-15-2026 16:58:42-debug: // ---- build task Sort some build options to settings.json ----
9-15-2026 16:58:42-debug: // ---- build task Query asset bundle ---- (5ms)
9-15-2026 16:58:42-debug: // ---- build task Sort some build options to settings.json ---- (1ms)
9-15-2026 16:58:42-log: run build task Sort some build options to settings.json success in 1 ms√, progress: 12%
9-15-2026 16:58:42-debug: [Build Memory track]: Sort some build options to settings.json start:237.11MB, end 237.14MB, increase: 31.53KB
9-15-2026 16:58:42-debug: Fill script data to settings start, progress: 12%
9-15-2026 16:58:42-debug: // ---- build task Fill script data to settings ----
9-15-2026 16:58:42-debug: // ---- build task Fill script data to settings ---- (2ms)
9-15-2026 16:58:42-debug: [Build Memory track]: Fill script data to settings start:237.17MB, end 237.20MB, increase: 27.47KB
9-15-2026 16:58:42-log: run build task Fill script data to settings success in 2 ms√, progress: 13%
9-15-2026 16:58:42-debug: Sort some build options to settings.json start, progress: 13%
9-15-2026 16:58:42-debug: // ---- build task Sort some build options to settings.json ----
9-15-2026 16:58:42-debug: // ---- build task Sort some build options to settings.json ---- (5ms)
9-15-2026 16:58:42-log: run build task Sort some build options to settings.json success in 5 ms√, progress: 15%
9-15-2026 16:58:42-debug: [Build Memory track]: Sort some build options to settings.json start:237.23MB, end 237.35MB, increase: 126.76KB
9-15-2026 17:00:01-debug: refresh db internal success
9-15-2026 17:00:01-debug: refresh db assets success
9-15-2026 17:00:01-debug: Run asset db hook engine-extends:afterRefresh ...
9-15-2026 17:00:01-debug: Run asset db hook engine-extends:afterRefresh success!
9-15-2026 17:00:01-debug: asset-db:refresh-all-database (50ms)
9-15-2026 17:34:30-debug: refresh db internal success
9-15-2026 17:34:30-debug: Run asset db hook engine-extends:afterRefresh ...
9-15-2026 17:34:30-debug: refresh db assets success
9-15-2026 17:34:30-debug: Run asset db hook engine-extends:afterRefresh success!
9-15-2026 17:34:30-debug: asset-db:refresh-all-database (54ms)
9-15-2026 17:34:30-debug: asset-db:worker-effect-data-processing (3ms)
9-15-2026 17:34:30-debug: asset-db-hook-engine-extends-afterRefresh (3ms)
9-15-2026 17:37:05-debug: refresh db internal success
9-15-2026 17:37:05-debug: %cImport%c: D:\Works\Github\BattleGame\assets\Battle.scenebackground: #aaff85; color: #000;color: #000;
9-15-2026 17:37:05-debug: refresh db assets success
9-15-2026 17:37:05-debug: Run asset db hook engine-extends:afterRefresh ...
9-15-2026 17:37:05-debug: Run asset db hook engine-extends:afterRefresh success!
9-15-2026 17:37:05-debug: asset-db:refresh-all-database (57ms)
9-15-2026 17:37:05-debug: asset-db:worker-effect-data-processing (1ms)
9-15-2026 17:37:05-debug: asset-db-hook-engine-extends-afterRefresh (1ms)
9-15-2026 17:37:09-debug: %cImport%c: D:\Works\Github\BattleGame\assets\Battle.scenebackground: #aaff85; color: #000;color: #000;
9-15-2026 17:37:09-debug: asset-db:reimport-asset1effe86e-a401-4769-9dbc-62218c68834d (13ms)
9-15-2026 17:37:10-debug: Query all assets info in project
9-15-2026 17:37:10-debug: init custom config: keepNodeUuid: false, useCache: true
9-15-2026 17:37:10-debug: Skip compress image, progress: 0%
9-15-2026 17:37:10-debug: Init all bundles start..., progress: 0%
9-15-2026 17:37:10-debug: Init bundle root assets start..., progress: 0%
9-15-2026 17:37:10-debug: Query asset bundle start, progress: 0%
9-15-2026 17:37:10-debug: // ---- build task Query asset bundle ----
9-15-2026 17:37:10-debug: Num of bundles: 2..., progress: 0%
9-15-2026 17:37:10-debug: Query preload assets/scripts from cc.config.json: 60f7195c-ec2a-45eb-ba94-8955f60e81d0,1c02ae6f-4492-4915-b8f8-7492a3b1e4cd,810e96e4-e456-4468-9b59-f4e8f39732c0,efe8e2a3-eace-427b-b4f1-cb8a937ec77d,e9aa9a3e-5b2b-4ac7-a2c7-073de2b2b24f,8bbdbcdd-5cd4-4100-b6d5-b7c9625b6107,50f4348b-c883-4e2f-8f11-ce233b859fa1,fda095cb-831d-4601-ad94-846013963de8,f92806d7-1768-443f-afe8-12bcde84d0f0,dd3a144d-ab7f-41f0-82b8-2e43a090d496,f0416e68-0200-4b77-a926-4f9d16e494da,511d2633-09a7-4bdd-ac42-f778032124b3,5d45aa00-e064-4938-b314-4265f0c2258c,9361fd90-ba52-4f84-aa93-6e878fd576ca,970b0598-bcb0-4714-91fb-2e81440dccd8,bcd64cc6-2dd9-43f6-abbe-66318d332032,d930590d-bb92-4cc8-8bd1-23cd027f9edf,a3cd009f-0ab0-420d-9278-b9fdab939bbc,6a2d0734-bd9e-4ddf-946e-caa52498cb75,d9937e59-61fe-4ec6-92ab-7ac5a19c89b0,d1346436-ac96-4271-b863-1f4fdead95b0,971bdb23-3ff6-43eb-b422-1c30165a3663,17debcc3-0a6b-4b8a-b00b-dc58b885581e,711ebe11-f673-4cd9-9a83-63c60ba54c5b,c0143906-9aed-447e-9436-2ae8512d1b6e,14da1725-c4c2-42b4-ab08-ee0aeb6898b3,081cab31-dccd-428e-8652-f2404cc81c47,78e0584a-4343-4727-8f37-e14e65c2a2db,871c3b6c-7379-419d-bda3-794b239ab90d,ff9b0199-ce04-4cfe-86cc-6c719f08d6e4,de1c2107-70c8-4021-8459-6399f24d01c6,cbf30902-517f-40dc-af90-a550bac27cf1,5c601d96-e4c7-4698-991b-7ee674b11079
9-15-2026 17:37:10-debug:   Number of all scenes: 1
9-15-2026 17:37:10-debug:   Number of all scripts: 42
9-15-2026 17:37:10-debug:   Number of other assets: 486
9-15-2026 17:37:10-debug: Init bundle root assets success..., progress: 0%
9-15-2026 17:37:10-debug: // ---- build task Query asset bundle ---- (7ms)
9-15-2026 17:37:10-log: run build task Query asset bundle success in 7 ms√, progress: 5%
9-15-2026 17:37:10-debug: [Build Memory track]: Query asset bundle start:241.72MB, end 241.64MB, increase: -76.27KB
9-15-2026 17:37:10-debug: Query asset bundle start, progress: 5%
9-15-2026 17:37:10-debug: // ---- build task Query asset bundle ----
9-15-2026 17:37:10-debug: // ---- build task Query asset bundle ---- (6ms)
9-15-2026 17:37:10-log: run build task Query asset bundle success in 6 ms√, progress: 10%
9-15-2026 17:37:10-debug: [Build Memory track]: Query asset bundle start:241.67MB, end 241.02MB, increase: -667.44KB
9-15-2026 17:37:10-debug: // ---- build task Sort some build options to settings.json ----
9-15-2026 17:37:10-debug: Sort some build options to settings.json start, progress: 10%
9-15-2026 17:37:10-debug: // ---- build task Sort some build options to settings.json ---- (3ms)
9-15-2026 17:37:10-log: run build task Sort some build options to settings.json success in 3 ms√, progress: 12%
9-15-2026 17:37:10-debug: Fill script data to settings start, progress: 12%
9-15-2026 17:37:10-debug: // ---- build task Fill script data to settings ----
9-15-2026 17:37:10-debug: [Build Memory track]: Sort some build options to settings.json start:241.05MB, end 241.07MB, increase: 26.65KB
9-15-2026 17:37:10-debug: // ---- build task Fill script data to settings ---- (3ms)
9-15-2026 17:37:10-log: run build task Fill script data to settings success in 3 ms√, progress: 13%
9-15-2026 17:37:10-debug: [Build Memory track]: Fill script data to settings start:241.10MB, end 241.13MB, increase: 25.97KB
9-15-2026 17:37:10-debug: // ---- build task Sort some build options to settings.json ----
9-15-2026 17:37:10-debug: Sort some build options to settings.json start, progress: 13%
9-15-2026 17:37:10-debug: // ---- build task Sort some build options to settings.json ---- (8ms)
9-15-2026 17:37:10-log: run build task Sort some build options to settings.json success in 8 ms√, progress: 15%
9-15-2026 17:37:10-debug: [Build Memory track]: Sort some build options to settings.json start:241.16MB, end 241.29MB, increase: 133.51KB
9-15-2026 17:42:42-debug: refresh db internal success
9-15-2026 17:42:42-debug: refresh db assets success
9-15-2026 17:42:42-debug: Run asset db hook engine-extends:afterRefresh ...
9-15-2026 17:42:42-debug: Run asset db hook engine-extends:afterRefresh success!
9-15-2026 17:42:42-debug: asset-db:refresh-all-database (92ms)
9-15-2026 17:42:42-debug: asset-db:worker-effect-data-processing (1ms)
9-15-2026 17:42:42-debug: asset-db-hook-engine-extends-afterRefresh (1ms)
9-15-2026 18:21:31-debug: refresh db internal success
9-15-2026 18:21:31-debug: refresh db assets success
9-15-2026 18:21:31-debug: Run asset db hook engine-extends:afterRefresh ...
9-15-2026 18:21:31-debug: Run asset db hook engine-extends:afterRefresh success!
9-15-2026 18:21:31-debug: asset-db:refresh-all-database (51ms)
9-15-2026 18:21:31-debug: asset-db-hook-engine-extends-afterRefresh (1ms)
9-15-2026 18:21:31-debug: asset-db:worker-effect-data-processing (1ms)
9-15-2026 18:31:24-debug: refresh db internal success
9-15-2026 18:31:24-debug: %cImport%c: D:\Works\Github\BattleGame\assets\Battle.scenebackground: #aaff85; color: #000;color: #000;
9-15-2026 18:31:24-debug: refresh db assets success
9-15-2026 18:31:24-debug: Run asset db hook engine-extends:afterRefresh ...
9-15-2026 18:31:24-debug: Run asset db hook engine-extends:afterRefresh success!
9-15-2026 18:31:24-debug: asset-db:refresh-all-database (63ms)
9-15-2026 18:31:24-debug: asset-db-hook-engine-extends-afterRefresh (1ms)
9-15-2026 18:31:24-debug: asset-db:worker-effect-data-processing (1ms)
