9-16-2026 11:26:53-log: Cannot access game frame or container.
9-16-2026 11:26:54-debug: asset-db:require-engine-code (491ms)
9-16-2026 11:26:54-log: meshopt wasm decoder initialized
9-16-2026 11:26:54-log: [bullet]:bullet wasm lib loaded.
9-16-2026 11:26:54-log: [box2d]:box2d wasm lib loaded.
9-16-2026 11:26:54-log: Using legacy pipeline
9-16-2026 11:26:54-log: Forward render pipeline initialized.
9-16-2026 11:26:54-debug: [Assets Memory track]: asset-db:worker-init: initEngine start:28.07MB, end 79.03MB, increase: 50.96MB
9-16-2026 11:26:54-log: Cocos Creator v3.8.8
9-16-2026 11:26:55-debug: [Assets Memory track]: asset-db:worker-init: initPlugin start:79.11MB, end 340.66MB, increase: 261.55MB
9-16-2026 11:26:55-debug: run package(ohos) handler(enable) start
9-16-2026 11:26:55-debug: run package(ohos) handler(enable) success!
9-16-2026 11:26:55-debug: run package(oppo-mini-game) handler(enable) success!
9-16-2026 11:26:55-debug: run package(runtime-dev-tools) handler(enable) success!
9-16-2026 11:26:55-debug: run package(runtime-dev-tools) handler(enable) start
9-16-2026 11:26:55-debug: run package(oppo-mini-game) handler(enable) start
9-16-2026 11:26:55-debug: run package(taobao-mini-game) handler(enable) start
9-16-2026 11:26:55-debug: run package(taobao-mini-game) handler(enable) success!
9-16-2026 11:26:55-debug: run package(vivo-mini-game) handler(enable) start
9-16-2026 11:26:55-debug: run package(vivo-mini-game) handler(enable) success!
9-16-2026 11:26:55-debug: run package(web-desktop) handler(enable) start
9-16-2026 11:26:55-debug: run package(web-desktop) handler(enable) success!
9-16-2026 11:26:55-debug: run package(web-mobile) handler(enable) start
9-16-2026 11:26:55-debug: run package(web-mobile) handler(enable) success!
9-16-2026 11:26:55-debug: run package(wechatgame) handler(enable) start
9-16-2026 11:26:55-debug: run package(wechatgame) handler(enable) success!
9-16-2026 11:26:55-debug: run package(wechatprogram) handler(enable) success!
9-16-2026 11:26:55-debug: run package(windows) handler(enable) start
9-16-2026 11:26:55-debug: run package(wechatprogram) handler(enable) start
9-16-2026 11:26:55-debug: run package(xiaomi-quick-game) handler(enable) start
9-16-2026 11:26:55-debug: run package(xiaomi-quick-game) handler(enable) success!
9-16-2026 11:26:55-debug: run package(cocos-service) handler(enable) success!
9-16-2026 11:26:55-debug: run package(windows) handler(enable) success!
9-16-2026 11:26:55-debug: run package(cocos-service) handler(enable) start
9-16-2026 11:26:55-debug: run package(placeholder) handler(enable) start
9-16-2026 11:26:55-debug: run package(im-plugin) handler(enable) success!
9-16-2026 11:26:55-debug: run package(placeholder) handler(enable) success!
9-16-2026 11:26:55-debug: asset-db:worker-init: initPlugin (1272ms)
9-16-2026 11:26:55-debug: run package(im-plugin) handler(enable) start
9-16-2026 11:26:55-debug: [Assets Memory track]: asset-db:worker-init start:28.06MB, end 341.99MB, increase: 313.93MB
9-16-2026 11:26:55-debug: Run asset db hook programming:beforePreStart ...
9-16-2026 11:26:55-debug: Run asset db hook programming:beforePreStart success!
9-16-2026 11:26:55-debug: Run asset db hook engine-extends:beforePreStart ...
9-16-2026 11:26:55-debug: Run asset db hook engine-extends:beforePreStart success!
9-16-2026 11:26:57-debug: asset-db:worker-init (3471ms)
9-16-2026 11:26:57-debug: asset-db-hook-programming-beforePreStart (1512ms)
9-16-2026 11:26:57-debug: asset-db-hook-engine-extends-beforePreStart (1512ms)
9-16-2026 11:26:57-debug: Preimport db internal success
9-16-2026 11:26:57-debug: Preimport db assets success
9-16-2026 11:26:57-debug: Run asset db hook programming:afterPreStart ...
9-16-2026 11:26:57-debug: starting packer-driver...
9-16-2026 11:26:58-debug: initialize scripting environment...
9-16-2026 11:26:58-debug: [[Executor]] prepare before lock
9-16-2026 11:26:58-debug: Set detail map pack:///resolution-detail-map.json: {}
9-16-2026 11:26:58-debug: [[Executor]] prepare after unlock
9-16-2026 11:26:58-debug: Run asset db hook programming:afterPreStart success!
9-16-2026 11:26:58-debug: [Assets Memory track]: asset-db:worker-init: preStart start:342.00MB, end 348.23MB, increase: 6.23MB
9-16-2026 11:26:58-debug: Start up the 'internal' database...
9-16-2026 11:26:58-debug: Run asset db hook engine-extends:afterPreStart ...
9-16-2026 11:26:58-debug: Run asset db hook engine-extends:afterPreStart success!
9-16-2026 11:26:59-debug: Run asset db hook engine-extends:afterStartDB ...
9-16-2026 11:26:59-debug: asset-db:worker-effect-data-processing (1237ms)
9-16-2026 11:26:59-debug: asset-db-hook-programming-afterPreStart (1875ms)
9-16-2026 11:26:59-debug: asset-db-hook-engine-extends-afterPreStart (1237ms)
9-16-2026 11:27:00-debug: Run asset db hook engine-extends:afterStartDB success!
9-16-2026 11:27:00-debug: Start up the 'assets' database...
9-16-2026 11:27:00-debug: recompile effect.bin success
9-16-2026 11:27:00-debug: asset-db:worker-effect-data-processing (1064ms)
9-16-2026 11:27:00-debug: asset-db-hook-engine-extends-afterStartDB (1064ms)
9-16-2026 11:27:00-debug: Run asset db hook engine-extends:afterStartDB ...
9-16-2026 11:27:00-debug: recompile effect.bin success
9-16-2026 11:27:00-debug: Run asset db hook engine-extends:afterStartDB success!
9-16-2026 11:27:00-debug: lazy register asset handler text
9-16-2026 11:27:00-debug: lazy register asset handler directory
9-16-2026 11:27:00-debug: lazy register asset handler spine-data
9-16-2026 11:27:00-debug: lazy register asset handler json
9-16-2026 11:27:00-debug: lazy register asset handler dragonbones
9-16-2026 11:27:00-debug: lazy register asset handler dragonbones-atlas
9-16-2026 11:27:00-debug: lazy register asset handler *
9-16-2026 11:27:00-debug: lazy register asset handler javascript
9-16-2026 11:27:00-debug: lazy register asset handler typescript
9-16-2026 11:27:00-debug: lazy register asset handler scene
9-16-2026 11:27:00-debug: lazy register asset handler terrain
9-16-2026 11:27:00-debug: lazy register asset handler sprite-frame
9-16-2026 11:27:00-debug: lazy register asset handler tiled-map
9-16-2026 11:27:00-debug: lazy register asset handler prefab
9-16-2026 11:27:00-debug: lazy register asset handler sign-image
9-16-2026 11:27:00-debug: lazy register asset handler buffer
9-16-2026 11:27:00-debug: lazy register asset handler alpha-image
9-16-2026 11:27:00-debug: lazy register asset handler image
9-16-2026 11:27:00-debug: lazy register asset handler texture-cube
9-16-2026 11:27:00-debug: lazy register asset handler render-texture
9-16-2026 11:27:00-debug: lazy register asset handler erp-texture-cube
9-16-2026 11:27:00-debug: lazy register asset handler texture-cube-face
9-16-2026 11:27:00-debug: lazy register asset handler rt-sprite-frame
9-16-2026 11:27:00-debug: lazy register asset handler texture
9-16-2026 11:27:00-debug: lazy register asset handler gltf-mesh
9-16-2026 11:27:00-debug: lazy register asset handler gltf
9-16-2026 11:27:00-debug: lazy register asset handler gltf-skeleton
9-16-2026 11:27:00-debug: lazy register asset handler gltf-animation
9-16-2026 11:27:00-debug: lazy register asset handler gltf-material
9-16-2026 11:27:00-debug: lazy register asset handler fbx
9-16-2026 11:27:00-debug: lazy register asset handler gltf-embeded-image
9-16-2026 11:27:00-debug: lazy register asset handler gltf-scene
9-16-2026 11:27:00-debug: lazy register asset handler material
9-16-2026 11:27:00-debug: lazy register asset handler effect
9-16-2026 11:27:00-debug: lazy register asset handler physics-material
9-16-2026 11:27:00-debug: lazy register asset handler audio-clip
9-16-2026 11:27:00-debug: lazy register asset handler effect-header
9-16-2026 11:27:00-debug: lazy register asset handler animation-clip
9-16-2026 11:27:00-debug: lazy register asset handler animation-graph-variant
9-16-2026 11:27:00-debug: lazy register asset handler animation-mask
9-16-2026 11:27:00-debug: lazy register asset handler animation-graph
9-16-2026 11:27:00-debug: lazy register asset handler bitmap-font
9-16-2026 11:27:00-debug: lazy register asset handler sprite-atlas
9-16-2026 11:27:00-debug: lazy register asset handler particle
9-16-2026 11:27:00-debug: lazy register asset handler auto-atlas
9-16-2026 11:27:00-debug: lazy register asset handler ttf-font
9-16-2026 11:27:00-debug: lazy register asset handler label-atlas
9-16-2026 11:27:00-debug: lazy register asset handler render-flow
9-16-2026 11:27:00-debug: lazy register asset handler render-stage
9-16-2026 11:27:00-debug: lazy register asset handler render-pipeline
9-16-2026 11:27:00-debug: lazy register asset handler instantiation-mesh
9-16-2026 11:27:00-debug: lazy register asset handler instantiation-material
9-16-2026 11:27:00-debug: lazy register asset handler instantiation-animation
9-16-2026 11:27:00-debug: lazy register asset handler instantiation-skeleton
9-16-2026 11:27:00-debug: lazy register asset handler video-clip
9-16-2026 11:27:00-debug: asset-db:worker-effect-data-processing (220ms)
9-16-2026 11:27:00-debug: asset-db-hook-engine-extends-afterStartDB (220ms)
9-16-2026 11:27:00-debug: asset-db:start-database (5139ms)
9-16-2026 11:27:00-debug: asset-db:ready (9183ms)
9-16-2026 11:27:00-debug: init worker message success
9-16-2026 11:27:00-debug: programming:execute-script (3ms)
9-16-2026 11:27:00-debug: [Build Memory track]: builder:worker-init start:220.14MB, end 228.22MB, increase: 8.07MB
9-16-2026 11:27:00-debug: builder:worker-init (235ms)
9-16-2026 11:27:00-debug: Query all assets info in project
9-16-2026 11:27:00-debug: init custom config: keepNodeUuid: false, useCache: true
9-16-2026 11:27:00-debug: Skip compress image, progress: 0%
9-16-2026 11:27:00-debug: Init all bundles start..., progress: 0%
9-16-2026 11:27:00-debug: Num of bundles: 2..., progress: 0%
9-16-2026 11:27:00-debug: // ---- build task Query asset bundle ----
9-16-2026 11:27:00-debug: Init bundle root assets start..., progress: 0%
9-16-2026 11:27:00-debug: Query asset bundle start, progress: 0%
9-16-2026 11:27:00-debug: Query preload assets/scripts from cc.config.json: 60f7195c-ec2a-45eb-ba94-8955f60e81d0,1c02ae6f-4492-4915-b8f8-7492a3b1e4cd,810e96e4-e456-4468-9b59-f4e8f39732c0,efe8e2a3-eace-427b-b4f1-cb8a937ec77d,e9aa9a3e-5b2b-4ac7-a2c7-073de2b2b24f,8bbdbcdd-5cd4-4100-b6d5-b7c9625b6107,50f4348b-c883-4e2f-8f11-ce233b859fa1,fda095cb-831d-4601-ad94-846013963de8,f92806d7-1768-443f-afe8-12bcde84d0f0,dd3a144d-ab7f-41f0-82b8-2e43a090d496,f0416e68-0200-4b77-a926-4f9d16e494da,511d2633-09a7-4bdd-ac42-f778032124b3,5d45aa00-e064-4938-b314-4265f0c2258c,9361fd90-ba52-4f84-aa93-6e878fd576ca,970b0598-bcb0-4714-91fb-2e81440dccd8,bcd64cc6-2dd9-43f6-abbe-66318d332032,d930590d-bb92-4cc8-8bd1-23cd027f9edf,a3cd009f-0ab0-420d-9278-b9fdab939bbc,6a2d0734-bd9e-4ddf-946e-caa52498cb75,d9937e59-61fe-4ec6-92ab-7ac5a19c89b0,d1346436-ac96-4271-b863-1f4fdead95b0,971bdb23-3ff6-43eb-b422-1c30165a3663,17debcc3-0a6b-4b8a-b00b-dc58b885581e,711ebe11-f673-4cd9-9a83-63c60ba54c5b,c0143906-9aed-447e-9436-2ae8512d1b6e,14da1725-c4c2-42b4-ab08-ee0aeb6898b3,081cab31-dccd-428e-8652-f2404cc81c47,78e0584a-4343-4727-8f37-e14e65c2a2db,871c3b6c-7379-419d-bda3-794b239ab90d,ff9b0199-ce04-4cfe-86cc-6c719f08d6e4,de1c2107-70c8-4021-8459-6399f24d01c6,cbf30902-517f-40dc-af90-a550bac27cf1,5c601d96-e4c7-4698-991b-7ee674b11079
9-16-2026 11:27:00-debug:   Number of all scenes: 1
9-16-2026 11:27:00-debug:   Number of all scripts: 42
9-16-2026 11:27:00-debug: Init bundle root assets success..., progress: 0%
9-16-2026 11:27:00-debug:   Number of other assets: 486
9-16-2026 11:27:00-debug: // ---- build task Query asset bundle ---- (7ms)
9-16-2026 11:27:00-log: run build task Query asset bundle success in 7 ms√, progress: 5%
9-16-2026 11:27:00-debug: [Build Memory track]: Query asset bundle start:227.30MB, end 228.16MB, increase: 884.11KB
9-16-2026 11:27:00-debug: Query asset bundle start, progress: 5%
9-16-2026 11:27:00-debug: // ---- build task Query asset bundle ----
9-16-2026 11:27:00-debug: // ---- build task Query asset bundle ---- (3ms)
9-16-2026 11:27:00-log: run build task Query asset bundle success in 3 ms√, progress: 10%
9-16-2026 11:27:00-debug: Sort some build options to settings.json start, progress: 10%
9-16-2026 11:27:00-debug: [Build Memory track]: Query asset bundle start:228.20MB, end 228.37MB, increase: 172.35KB
9-16-2026 11:27:00-debug: // ---- build task Sort some build options to settings.json ----
9-16-2026 11:27:00-debug: // ---- build task Sort some build options to settings.json ---- (1ms)
9-16-2026 11:27:00-debug: Fill script data to settings start, progress: 12%
9-16-2026 11:27:00-log: run build task Sort some build options to settings.json success in 1 ms√, progress: 12%
9-16-2026 11:27:00-debug: [Build Memory track]: Sort some build options to settings.json start:228.42MB, end 228.45MB, increase: 34.49KB
9-16-2026 11:27:00-debug: // ---- build task Fill script data to settings ----
9-16-2026 11:27:00-log: run build task Fill script data to settings success in √, progress: 13%
9-16-2026 11:27:00-debug: Sort some build options to settings.json start, progress: 13%
9-16-2026 11:27:00-debug: [Build Memory track]: Fill script data to settings start:228.49MB, end 228.51MB, increase: 21.31KB
9-16-2026 11:27:00-debug: // ---- build task Sort some build options to settings.json ----
9-16-2026 11:27:00-debug: // ---- build task Sort some build options to settings.json ---- (3ms)
9-16-2026 11:27:00-log: run build task Sort some build options to settings.json success in 3 ms√, progress: 15%
9-16-2026 11:27:00-debug: [Build Memory track]: Sort some build options to settings.json start:228.56MB, end 228.70MB, increase: 149.29KB
9-16-2026 11:27:01-debug: Query all assets info in project
9-16-2026 11:27:01-debug: init custom config: keepNodeUuid: false, useCache: true
9-16-2026 11:27:01-debug: Skip compress image, progress: 0%
9-16-2026 11:27:01-debug: Init all bundles start..., progress: 0%
9-16-2026 11:27:01-debug: Query asset bundle start, progress: 0%
9-16-2026 11:27:01-debug: Init bundle root assets start..., progress: 0%
9-16-2026 11:27:01-debug: Num of bundles: 2..., progress: 0%
9-16-2026 11:27:01-debug: // ---- build task Query asset bundle ----
9-16-2026 11:27:01-debug: Query preload assets/scripts from cc.config.json: 60f7195c-ec2a-45eb-ba94-8955f60e81d0,1c02ae6f-4492-4915-b8f8-7492a3b1e4cd,810e96e4-e456-4468-9b59-f4e8f39732c0,efe8e2a3-eace-427b-b4f1-cb8a937ec77d,e9aa9a3e-5b2b-4ac7-a2c7-073de2b2b24f,8bbdbcdd-5cd4-4100-b6d5-b7c9625b6107,50f4348b-c883-4e2f-8f11-ce233b859fa1,fda095cb-831d-4601-ad94-846013963de8,f92806d7-1768-443f-afe8-12bcde84d0f0,dd3a144d-ab7f-41f0-82b8-2e43a090d496,f0416e68-0200-4b77-a926-4f9d16e494da,511d2633-09a7-4bdd-ac42-f778032124b3,5d45aa00-e064-4938-b314-4265f0c2258c,9361fd90-ba52-4f84-aa93-6e878fd576ca,970b0598-bcb0-4714-91fb-2e81440dccd8,bcd64cc6-2dd9-43f6-abbe-66318d332032,d930590d-bb92-4cc8-8bd1-23cd027f9edf,a3cd009f-0ab0-420d-9278-b9fdab939bbc,6a2d0734-bd9e-4ddf-946e-caa52498cb75,d9937e59-61fe-4ec6-92ab-7ac5a19c89b0,d1346436-ac96-4271-b863-1f4fdead95b0,971bdb23-3ff6-43eb-b422-1c30165a3663,17debcc3-0a6b-4b8a-b00b-dc58b885581e,711ebe11-f673-4cd9-9a83-63c60ba54c5b,c0143906-9aed-447e-9436-2ae8512d1b6e,14da1725-c4c2-42b4-ab08-ee0aeb6898b3,081cab31-dccd-428e-8652-f2404cc81c47,78e0584a-4343-4727-8f37-e14e65c2a2db,871c3b6c-7379-419d-bda3-794b239ab90d,ff9b0199-ce04-4cfe-86cc-6c719f08d6e4,de1c2107-70c8-4021-8459-6399f24d01c6,cbf30902-517f-40dc-af90-a550bac27cf1,5c601d96-e4c7-4698-991b-7ee674b11079
9-16-2026 11:27:01-debug:   Number of all scenes: 1
9-16-2026 11:27:01-debug:   Number of all scripts: 42
9-16-2026 11:27:01-debug:   Number of other assets: 486
9-16-2026 11:27:01-debug: Init bundle root assets success..., progress: 0%
9-16-2026 11:27:01-debug: // ---- build task Query asset bundle ---- (4ms)
9-16-2026 11:27:01-debug: Query asset bundle start, progress: 5%
9-16-2026 11:27:01-log: run build task Query asset bundle success in 4 ms√, progress: 5%
9-16-2026 11:27:01-debug: [Build Memory track]: Query asset bundle start:229.67MB, end 230.44MB, increase: 785.41KB
9-16-2026 11:27:01-debug: // ---- build task Query asset bundle ----
9-16-2026 11:27:01-debug: // ---- build task Query asset bundle ---- (2ms)
9-16-2026 11:27:01-log: run build task Query asset bundle success in 2 ms√, progress: 10%
9-16-2026 11:27:01-debug: [Build Memory track]: Query asset bundle start:230.48MB, end 230.62MB, increase: 147.61KB
9-16-2026 11:27:01-debug: // ---- build task Sort some build options to settings.json ----
9-16-2026 11:27:01-debug: Sort some build options to settings.json start, progress: 10%
9-16-2026 11:27:01-debug: // ---- build task Sort some build options to settings.json ---- (1ms)
9-16-2026 11:27:01-log: run build task Sort some build options to settings.json success in 1 ms√, progress: 12%
9-16-2026 11:27:01-debug: [Build Memory track]: Sort some build options to settings.json start:230.67MB, end 230.71MB, increase: 38.64KB
9-16-2026 11:27:01-debug: Fill script data to settings start, progress: 12%
9-16-2026 11:27:01-debug: // ---- build task Fill script data to settings ----
9-16-2026 11:27:01-debug: // ---- build task Fill script data to settings ---- (1ms)
9-16-2026 11:27:01-log: run build task Fill script data to settings success in 1 ms√, progress: 13%
9-16-2026 11:27:01-debug: [Build Memory track]: Fill script data to settings start:230.75MB, end 230.80MB, increase: 49.61KB
9-16-2026 11:27:01-debug: // ---- build task Sort some build options to settings.json ----
9-16-2026 11:27:01-debug: Sort some build options to settings.json start, progress: 13%
9-16-2026 11:27:01-debug: // ---- build task Sort some build options to settings.json ---- (4ms)
9-16-2026 11:27:01-log: run build task Sort some build options to settings.json success in 4 ms√, progress: 15%
9-16-2026 11:27:01-debug: [Build Memory track]: Sort some build options to settings.json start:230.84MB, end 230.97MB, increase: 135.31KB
9-16-2026 11:27:05-debug: Query all assets info in project
9-16-2026 11:27:05-debug: init custom config: keepNodeUuid: false, useCache: true
9-16-2026 11:27:05-debug: Skip compress image, progress: 0%
9-16-2026 11:27:05-debug: Init all bundles start..., progress: 0%
9-16-2026 11:27:05-debug: Num of bundles: 2..., progress: 0%
9-16-2026 11:27:05-debug: Query asset bundle start, progress: 0%
9-16-2026 11:27:05-debug: Init bundle root assets start..., progress: 0%
9-16-2026 11:27:05-debug: // ---- build task Query asset bundle ----
9-16-2026 11:27:05-debug: Query preload assets/scripts from cc.config.json: 60f7195c-ec2a-45eb-ba94-8955f60e81d0,1c02ae6f-4492-4915-b8f8-7492a3b1e4cd,810e96e4-e456-4468-9b59-f4e8f39732c0,efe8e2a3-eace-427b-b4f1-cb8a937ec77d,e9aa9a3e-5b2b-4ac7-a2c7-073de2b2b24f,8bbdbcdd-5cd4-4100-b6d5-b7c9625b6107,50f4348b-c883-4e2f-8f11-ce233b859fa1,fda095cb-831d-4601-ad94-846013963de8,f92806d7-1768-443f-afe8-12bcde84d0f0,dd3a144d-ab7f-41f0-82b8-2e43a090d496,f0416e68-0200-4b77-a926-4f9d16e494da,511d2633-09a7-4bdd-ac42-f778032124b3,5d45aa00-e064-4938-b314-4265f0c2258c,9361fd90-ba52-4f84-aa93-6e878fd576ca,970b0598-bcb0-4714-91fb-2e81440dccd8,bcd64cc6-2dd9-43f6-abbe-66318d332032,d930590d-bb92-4cc8-8bd1-23cd027f9edf,a3cd009f-0ab0-420d-9278-b9fdab939bbc,6a2d0734-bd9e-4ddf-946e-caa52498cb75,d9937e59-61fe-4ec6-92ab-7ac5a19c89b0,d1346436-ac96-4271-b863-1f4fdead95b0,971bdb23-3ff6-43eb-b422-1c30165a3663,17debcc3-0a6b-4b8a-b00b-dc58b885581e,711ebe11-f673-4cd9-9a83-63c60ba54c5b,c0143906-9aed-447e-9436-2ae8512d1b6e,14da1725-c4c2-42b4-ab08-ee0aeb6898b3,081cab31-dccd-428e-8652-f2404cc81c47,78e0584a-4343-4727-8f37-e14e65c2a2db,871c3b6c-7379-419d-bda3-794b239ab90d,ff9b0199-ce04-4cfe-86cc-6c719f08d6e4,de1c2107-70c8-4021-8459-6399f24d01c6,cbf30902-517f-40dc-af90-a550bac27cf1,5c601d96-e4c7-4698-991b-7ee674b11079
9-16-2026 11:27:05-debug:   Number of all scripts: 42
9-16-2026 11:27:05-debug:   Number of other assets: 486
9-16-2026 11:27:05-debug: Init bundle root assets success..., progress: 0%
9-16-2026 11:27:05-debug:   Number of all scenes: 1
9-16-2026 11:27:05-debug: // ---- build task Query asset bundle ---- (4ms)
9-16-2026 11:27:05-log: run build task Query asset bundle success in 4 ms√, progress: 5%
9-16-2026 11:27:05-debug: [Build Memory track]: Query asset bundle start:227.38MB, end 228.14MB, increase: 774.34KB
9-16-2026 11:27:05-debug: Query asset bundle start, progress: 5%
9-16-2026 11:27:05-debug: // ---- build task Query asset bundle ----
9-16-2026 11:27:05-debug: // ---- build task Query asset bundle ---- (5ms)
9-16-2026 11:27:05-log: run build task Query asset bundle success in 5 ms√, progress: 10%
9-16-2026 11:27:05-debug: [Build Memory track]: Query asset bundle start:228.18MB, end 228.35MB, increase: 178.65KB
9-16-2026 11:27:05-debug: Sort some build options to settings.json start, progress: 10%
9-16-2026 11:27:05-debug: // ---- build task Sort some build options to settings.json ----
9-16-2026 11:27:05-debug: // ---- build task Sort some build options to settings.json ---- (2ms)
9-16-2026 11:27:05-log: run build task Sort some build options to settings.json success in 2 ms√, progress: 12%
9-16-2026 11:27:05-debug: [Build Memory track]: Sort some build options to settings.json start:228.39MB, end 228.42MB, increase: 33.86KB
9-16-2026 11:27:05-debug: Fill script data to settings start, progress: 12%
9-16-2026 11:27:05-debug: // ---- build task Fill script data to settings ----
9-16-2026 11:27:05-debug: // ---- build task Fill script data to settings ---- (1ms)
9-16-2026 11:27:05-log: run build task Fill script data to settings success in 1 ms√, progress: 13%
9-16-2026 11:27:05-debug: Sort some build options to settings.json start, progress: 13%
9-16-2026 11:27:05-debug: [Build Memory track]: Fill script data to settings start:228.46MB, end 228.50MB, increase: 33.23KB
9-16-2026 11:27:05-debug: // ---- build task Sort some build options to settings.json ----
9-16-2026 11:27:05-debug: // ---- build task Sort some build options to settings.json ---- (3ms)
9-16-2026 11:27:05-debug: [Build Memory track]: Sort some build options to settings.json start:228.53MB, end 228.67MB, increase: 139.51KB
9-16-2026 11:27:05-log: run build task Sort some build options to settings.json success in 3 ms√, progress: 15%
9-16-2026 11:27:12-debug: Query all assets info in project
9-16-2026 11:27:12-debug: init custom config: keepNodeUuid: false, useCache: true
9-16-2026 11:27:12-debug: Skip compress image, progress: 0%
9-16-2026 11:27:12-debug: Init all bundles start..., progress: 0%
9-16-2026 11:27:12-debug: Num of bundles: 2..., progress: 0%
9-16-2026 11:27:12-debug: Query asset bundle start, progress: 0%
9-16-2026 11:27:12-debug: // ---- build task Query asset bundle ----
9-16-2026 11:27:12-debug: Init bundle root assets start..., progress: 0%
9-16-2026 11:27:12-debug: Query preload assets/scripts from cc.config.json: 60f7195c-ec2a-45eb-ba94-8955f60e81d0,1c02ae6f-4492-4915-b8f8-7492a3b1e4cd,810e96e4-e456-4468-9b59-f4e8f39732c0,efe8e2a3-eace-427b-b4f1-cb8a937ec77d,e9aa9a3e-5b2b-4ac7-a2c7-073de2b2b24f,8bbdbcdd-5cd4-4100-b6d5-b7c9625b6107,50f4348b-c883-4e2f-8f11-ce233b859fa1,fda095cb-831d-4601-ad94-846013963de8,f92806d7-1768-443f-afe8-12bcde84d0f0,dd3a144d-ab7f-41f0-82b8-2e43a090d496,f0416e68-0200-4b77-a926-4f9d16e494da,511d2633-09a7-4bdd-ac42-f778032124b3,5d45aa00-e064-4938-b314-4265f0c2258c,9361fd90-ba52-4f84-aa93-6e878fd576ca,970b0598-bcb0-4714-91fb-2e81440dccd8,bcd64cc6-2dd9-43f6-abbe-66318d332032,d930590d-bb92-4cc8-8bd1-23cd027f9edf,a3cd009f-0ab0-420d-9278-b9fdab939bbc,6a2d0734-bd9e-4ddf-946e-caa52498cb75,d9937e59-61fe-4ec6-92ab-7ac5a19c89b0,d1346436-ac96-4271-b863-1f4fdead95b0,971bdb23-3ff6-43eb-b422-1c30165a3663,17debcc3-0a6b-4b8a-b00b-dc58b885581e,711ebe11-f673-4cd9-9a83-63c60ba54c5b,c0143906-9aed-447e-9436-2ae8512d1b6e,14da1725-c4c2-42b4-ab08-ee0aeb6898b3,081cab31-dccd-428e-8652-f2404cc81c47,78e0584a-4343-4727-8f37-e14e65c2a2db,871c3b6c-7379-419d-bda3-794b239ab90d,ff9b0199-ce04-4cfe-86cc-6c719f08d6e4,de1c2107-70c8-4021-8459-6399f24d01c6,cbf30902-517f-40dc-af90-a550bac27cf1,5c601d96-e4c7-4698-991b-7ee674b11079
9-16-2026 11:27:12-debug:   Number of all scenes: 1
9-16-2026 11:27:12-debug:   Number of all scripts: 42
9-16-2026 11:27:12-debug: Init bundle root assets success..., progress: 0%
9-16-2026 11:27:12-debug:   Number of other assets: 486
9-16-2026 11:27:12-debug: // ---- build task Query asset bundle ---- (4ms)
9-16-2026 11:27:12-log: run build task Query asset bundle success in 4 ms√, progress: 5%
9-16-2026 11:27:12-debug: // ---- build task Query asset bundle ----
9-16-2026 11:27:12-debug: [Build Memory track]: Query asset bundle start:230.09MB, end 230.85MB, increase: 777.87KB
9-16-2026 11:27:12-debug: Query asset bundle start, progress: 5%
9-16-2026 11:27:12-debug: // ---- build task Query asset bundle ---- (2ms)
9-16-2026 11:27:12-log: run build task Query asset bundle success in 2 ms√, progress: 10%
9-16-2026 11:27:12-debug: [Build Memory track]: Query asset bundle start:230.90MB, end 231.04MB, increase: 148.77KB
9-16-2026 11:27:12-debug: // ---- build task Sort some build options to settings.json ----
9-16-2026 11:27:12-debug: Sort some build options to settings.json start, progress: 10%
9-16-2026 11:27:12-debug: // ---- build task Sort some build options to settings.json ---- (2ms)
9-16-2026 11:27:12-debug: [Build Memory track]: Sort some build options to settings.json start:231.08MB, end 231.12MB, increase: 33.88KB
9-16-2026 11:27:12-debug: // ---- build task Fill script data to settings ----
9-16-2026 11:27:12-debug: Fill script data to settings start, progress: 12%
9-16-2026 11:27:12-log: run build task Sort some build options to settings.json success in 2 ms√, progress: 12%
9-16-2026 11:27:12-debug: // ---- build task Fill script data to settings ---- (1ms)
9-16-2026 11:27:12-log: run build task Fill script data to settings success in 1 ms√, progress: 13%
9-16-2026 11:27:12-debug: [Build Memory track]: Fill script data to settings start:231.15MB, end 231.19MB, increase: 33.26KB
9-16-2026 11:27:12-debug: Sort some build options to settings.json start, progress: 13%
9-16-2026 11:27:12-debug: // ---- build task Sort some build options to settings.json ----
9-16-2026 11:27:12-debug: // ---- build task Sort some build options to settings.json ---- (3ms)
9-16-2026 11:27:12-log: run build task Sort some build options to settings.json success in 3 ms√, progress: 15%
9-16-2026 11:27:12-debug: [Build Memory track]: Sort some build options to settings.json start:231.23MB, end 231.36MB, increase: 137.22KB
9-16-2026 11:32:12-debug: refresh db internal success
9-16-2026 11:32:12-debug: refresh db assets success
9-16-2026 11:32:12-debug: Run asset db hook engine-extends:afterRefresh ...
9-16-2026 11:32:12-debug: Run asset db hook engine-extends:afterRefresh success!
9-16-2026 11:32:12-debug: asset-db:refresh-all-database (60ms)
9-16-2026 11:32:12-debug: asset-db:worker-effect-data-processing (1ms)
9-16-2026 11:32:12-debug: asset-db-hook-engine-extends-afterRefresh (1ms)
9-16-2026 13:57:44-debug: Query all assets info in project
9-16-2026 13:57:44-debug: init custom config: keepNodeUuid: false, useCache: true
9-16-2026 13:57:44-debug: Skip compress image, progress: 0%
9-16-2026 13:57:44-debug: Init all bundles start..., progress: 0%
9-16-2026 13:57:44-debug: // ---- build task Query asset bundle ----
9-16-2026 13:57:44-debug: Init bundle root assets start..., progress: 0%
9-16-2026 13:57:44-debug: Num of bundles: 2..., progress: 0%
9-16-2026 13:57:44-debug: Query asset bundle start, progress: 0%
9-16-2026 13:57:44-debug: Query preload assets/scripts from cc.config.json: 60f7195c-ec2a-45eb-ba94-8955f60e81d0,1c02ae6f-4492-4915-b8f8-7492a3b1e4cd,810e96e4-e456-4468-9b59-f4e8f39732c0,efe8e2a3-eace-427b-b4f1-cb8a937ec77d,e9aa9a3e-5b2b-4ac7-a2c7-073de2b2b24f,8bbdbcdd-5cd4-4100-b6d5-b7c9625b6107,50f4348b-c883-4e2f-8f11-ce233b859fa1,fda095cb-831d-4601-ad94-846013963de8,f92806d7-1768-443f-afe8-12bcde84d0f0,dd3a144d-ab7f-41f0-82b8-2e43a090d496,f0416e68-0200-4b77-a926-4f9d16e494da,511d2633-09a7-4bdd-ac42-f778032124b3,5d45aa00-e064-4938-b314-4265f0c2258c,9361fd90-ba52-4f84-aa93-6e878fd576ca,970b0598-bcb0-4714-91fb-2e81440dccd8,bcd64cc6-2dd9-43f6-abbe-66318d332032,d930590d-bb92-4cc8-8bd1-23cd027f9edf,a3cd009f-0ab0-420d-9278-b9fdab939bbc,6a2d0734-bd9e-4ddf-946e-caa52498cb75,d9937e59-61fe-4ec6-92ab-7ac5a19c89b0,d1346436-ac96-4271-b863-1f4fdead95b0,971bdb23-3ff6-43eb-b422-1c30165a3663,17debcc3-0a6b-4b8a-b00b-dc58b885581e,711ebe11-f673-4cd9-9a83-63c60ba54c5b,c0143906-9aed-447e-9436-2ae8512d1b6e,14da1725-c4c2-42b4-ab08-ee0aeb6898b3,081cab31-dccd-428e-8652-f2404cc81c47,78e0584a-4343-4727-8f37-e14e65c2a2db,871c3b6c-7379-419d-bda3-794b239ab90d,ff9b0199-ce04-4cfe-86cc-6c719f08d6e4,de1c2107-70c8-4021-8459-6399f24d01c6,cbf30902-517f-40dc-af90-a550bac27cf1,5c601d96-e4c7-4698-991b-7ee674b11079
9-16-2026 13:57:44-debug:   Number of all scripts: 42
9-16-2026 13:57:44-debug:   Number of other assets: 486
9-16-2026 13:57:44-debug:   Number of all scenes: 1
9-16-2026 13:57:44-debug: // ---- build task Query asset bundle ---- (8ms)
9-16-2026 13:57:44-log: run build task Query asset bundle success in 8 ms√, progress: 5%
9-16-2026 13:57:44-debug: Init bundle root assets success..., progress: 0%
9-16-2026 13:57:44-debug: [Build Memory track]: Query asset bundle start:223.37MB, end 223.27MB, increase: -102.61KB
9-16-2026 13:57:44-debug: Query asset bundle start, progress: 5%
9-16-2026 13:57:44-debug: // ---- build task Query asset bundle ----
9-16-2026 13:57:44-debug: // ---- build task Query asset bundle ---- (3ms)
9-16-2026 13:57:44-log: run build task Query asset bundle success in 3 ms√, progress: 10%
9-16-2026 13:57:44-debug: [Build Memory track]: Query asset bundle start:223.31MB, end 223.46MB, increase: 150.57KB
9-16-2026 13:57:44-debug: // ---- build task Sort some build options to settings.json ----
9-16-2026 13:57:44-debug: Sort some build options to settings.json start, progress: 10%
9-16-2026 13:57:44-debug: // ---- build task Sort some build options to settings.json ---- (2ms)
9-16-2026 13:57:44-log: run build task Sort some build options to settings.json success in 2 ms√, progress: 12%
9-16-2026 13:57:44-debug: [Build Memory track]: Sort some build options to settings.json start:223.50MB, end 223.54MB, increase: 42.86KB
9-16-2026 13:57:44-debug: Fill script data to settings start, progress: 12%
9-16-2026 13:57:44-debug: // ---- build task Fill script data to settings ----
9-16-2026 13:57:44-debug: // ---- build task Fill script data to settings ---- (2ms)
9-16-2026 13:57:44-log: run build task Fill script data to settings success in 2 ms√, progress: 13%
9-16-2026 13:57:44-debug: [Build Memory track]: Fill script data to settings start:223.58MB, end 223.61MB, increase: 33.06KB
9-16-2026 13:57:44-debug: Sort some build options to settings.json start, progress: 13%
9-16-2026 13:57:44-debug: // ---- build task Sort some build options to settings.json ----
9-16-2026 13:57:44-debug: // ---- build task Sort some build options to settings.json ---- (7ms)
9-16-2026 13:57:44-log: run build task Sort some build options to settings.json success in 7 ms√, progress: 15%
9-16-2026 13:57:44-debug: [Build Memory track]: Sort some build options to settings.json start:223.65MB, end 223.79MB, increase: 141.72KB
9-16-2026 14:02:04-debug: refresh db internal success
9-16-2026 14:02:04-debug: %cImport%c: D:\Works\Github\BattleGame\assets\Battle.scenebackground: #aaff85; color: #000;color: #000;
9-16-2026 14:02:04-debug: refresh db assets success
9-16-2026 14:02:04-debug: Run asset db hook engine-extends:afterRefresh ...
9-16-2026 14:02:04-debug: Run asset db hook engine-extends:afterRefresh success!
9-16-2026 14:02:04-debug: asset-db:refresh-all-database (85ms)
9-16-2026 14:02:04-debug: asset-db-hook-engine-extends-afterRefresh (1ms)
9-16-2026 14:02:04-debug: asset-db:worker-effect-data-processing (1ms)
9-16-2026 14:02:04-debug: Query all assets info in project
9-16-2026 14:02:04-debug: init custom config: keepNodeUuid: false, useCache: true
9-16-2026 14:02:04-debug: Skip compress image, progress: 0%
9-16-2026 14:02:04-debug: Init all bundles start..., progress: 0%
9-16-2026 14:02:04-debug: Query asset bundle start, progress: 0%
9-16-2026 14:02:04-debug: // ---- build task Query asset bundle ----
9-16-2026 14:02:04-debug: Init bundle root assets start..., progress: 0%
9-16-2026 14:02:04-debug: Num of bundles: 2..., progress: 0%
9-16-2026 14:02:04-debug: Query preload assets/scripts from cc.config.json: 60f7195c-ec2a-45eb-ba94-8955f60e81d0,1c02ae6f-4492-4915-b8f8-7492a3b1e4cd,810e96e4-e456-4468-9b59-f4e8f39732c0,efe8e2a3-eace-427b-b4f1-cb8a937ec77d,e9aa9a3e-5b2b-4ac7-a2c7-073de2b2b24f,8bbdbcdd-5cd4-4100-b6d5-b7c9625b6107,50f4348b-c883-4e2f-8f11-ce233b859fa1,fda095cb-831d-4601-ad94-846013963de8,f92806d7-1768-443f-afe8-12bcde84d0f0,dd3a144d-ab7f-41f0-82b8-2e43a090d496,f0416e68-0200-4b77-a926-4f9d16e494da,511d2633-09a7-4bdd-ac42-f778032124b3,5d45aa00-e064-4938-b314-4265f0c2258c,9361fd90-ba52-4f84-aa93-6e878fd576ca,970b0598-bcb0-4714-91fb-2e81440dccd8,bcd64cc6-2dd9-43f6-abbe-66318d332032,d930590d-bb92-4cc8-8bd1-23cd027f9edf,a3cd009f-0ab0-420d-9278-b9fdab939bbc,6a2d0734-bd9e-4ddf-946e-caa52498cb75,d9937e59-61fe-4ec6-92ab-7ac5a19c89b0,d1346436-ac96-4271-b863-1f4fdead95b0,971bdb23-3ff6-43eb-b422-1c30165a3663,17debcc3-0a6b-4b8a-b00b-dc58b885581e,711ebe11-f673-4cd9-9a83-63c60ba54c5b,c0143906-9aed-447e-9436-2ae8512d1b6e,14da1725-c4c2-42b4-ab08-ee0aeb6898b3,081cab31-dccd-428e-8652-f2404cc81c47,78e0584a-4343-4727-8f37-e14e65c2a2db,871c3b6c-7379-419d-bda3-794b239ab90d,ff9b0199-ce04-4cfe-86cc-6c719f08d6e4,de1c2107-70c8-4021-8459-6399f24d01c6,cbf30902-517f-40dc-af90-a550bac27cf1,5c601d96-e4c7-4698-991b-7ee674b11079
9-16-2026 14:02:04-debug:   Number of all scripts: 42
9-16-2026 14:02:04-debug: Init bundle root assets success..., progress: 0%
9-16-2026 14:02:04-debug:   Number of all scenes: 1
9-16-2026 14:02:04-debug:   Number of other assets: 486
9-16-2026 14:02:04-debug: // ---- build task Query asset bundle ---- (5ms)
9-16-2026 14:02:04-log: run build task Query asset bundle success in 5 ms√, progress: 5%
9-16-2026 14:02:04-debug: // ---- build task Query asset bundle ----
9-16-2026 14:02:04-debug: [Build Memory track]: Query asset bundle start:225.67MB, end 226.40MB, increase: 748.35KB
9-16-2026 14:02:04-debug: Query asset bundle start, progress: 5%
9-16-2026 14:02:05-debug: // ---- build task Query asset bundle ---- (5ms)
9-16-2026 14:02:05-log: run build task Query asset bundle success in 5 ms√, progress: 10%
9-16-2026 14:02:05-debug: [Build Memory track]: Query asset bundle start:226.44MB, end 226.58MB, increase: 146.87KB
9-16-2026 14:02:05-debug: Sort some build options to settings.json start, progress: 10%
9-16-2026 14:02:05-debug: // ---- build task Sort some build options to settings.json ----
9-16-2026 14:02:05-debug: // ---- build task Sort some build options to settings.json ---- (1ms)
9-16-2026 14:02:05-log: run build task Sort some build options to settings.json success in 1 ms√, progress: 12%
9-16-2026 14:02:05-debug: [Build Memory track]: Sort some build options to settings.json start:226.62MB, end 226.66MB, increase: 34.80KB
9-16-2026 14:02:05-debug: Fill script data to settings start, progress: 12%
9-16-2026 14:02:05-debug: // ---- build task Fill script data to settings ----
9-16-2026 14:02:05-debug: // ---- build task Fill script data to settings ---- (2ms)
9-16-2026 14:02:05-log: run build task Fill script data to settings success in 2 ms√, progress: 13%
9-16-2026 14:02:05-debug: [Build Memory track]: Fill script data to settings start:226.70MB, end 226.73MB, increase: 33.09KB
9-16-2026 14:02:05-debug: // ---- build task Sort some build options to settings.json ----
9-16-2026 14:02:05-debug: Sort some build options to settings.json start, progress: 13%
9-16-2026 14:02:05-debug: // ---- build task Sort some build options to settings.json ---- (3ms)
9-16-2026 14:02:05-log: run build task Sort some build options to settings.json success in 3 ms√, progress: 15%
9-16-2026 14:02:05-debug: [Build Memory track]: Sort some build options to settings.json start:226.77MB, end 225.37MB, increase: -1435.10KB
9-16-2026 14:02:09-debug: %cImport%c: D:\Works\Github\BattleGame\assets\Battle.scenebackground: #aaff85; color: #000;color: #000;
9-16-2026 14:02:09-debug: asset-db:reimport-asset1effe86e-a401-4769-9dbc-62218c68834d (14ms)
9-16-2026 14:02:10-debug: Query all assets info in project
9-16-2026 14:02:10-debug: init custom config: keepNodeUuid: false, useCache: true
9-16-2026 14:02:10-debug: Skip compress image, progress: 0%
9-16-2026 14:02:10-debug: Init all bundles start..., progress: 0%
9-16-2026 14:02:10-debug: // ---- build task Query asset bundle ----
9-16-2026 14:02:10-debug: Query asset bundle start, progress: 0%
9-16-2026 14:02:10-debug: Init bundle root assets start..., progress: 0%
9-16-2026 14:02:10-debug: Num of bundles: 2..., progress: 0%
9-16-2026 14:02:10-debug: Query preload assets/scripts from cc.config.json: 60f7195c-ec2a-45eb-ba94-8955f60e81d0,1c02ae6f-4492-4915-b8f8-7492a3b1e4cd,810e96e4-e456-4468-9b59-f4e8f39732c0,efe8e2a3-eace-427b-b4f1-cb8a937ec77d,e9aa9a3e-5b2b-4ac7-a2c7-073de2b2b24f,8bbdbcdd-5cd4-4100-b6d5-b7c9625b6107,50f4348b-c883-4e2f-8f11-ce233b859fa1,fda095cb-831d-4601-ad94-846013963de8,f92806d7-1768-443f-afe8-12bcde84d0f0,dd3a144d-ab7f-41f0-82b8-2e43a090d496,f0416e68-0200-4b77-a926-4f9d16e494da,511d2633-09a7-4bdd-ac42-f778032124b3,5d45aa00-e064-4938-b314-4265f0c2258c,9361fd90-ba52-4f84-aa93-6e878fd576ca,970b0598-bcb0-4714-91fb-2e81440dccd8,bcd64cc6-2dd9-43f6-abbe-66318d332032,d930590d-bb92-4cc8-8bd1-23cd027f9edf,a3cd009f-0ab0-420d-9278-b9fdab939bbc,6a2d0734-bd9e-4ddf-946e-caa52498cb75,d9937e59-61fe-4ec6-92ab-7ac5a19c89b0,d1346436-ac96-4271-b863-1f4fdead95b0,971bdb23-3ff6-43eb-b422-1c30165a3663,17debcc3-0a6b-4b8a-b00b-dc58b885581e,711ebe11-f673-4cd9-9a83-63c60ba54c5b,c0143906-9aed-447e-9436-2ae8512d1b6e,14da1725-c4c2-42b4-ab08-ee0aeb6898b3,081cab31-dccd-428e-8652-f2404cc81c47,78e0584a-4343-4727-8f37-e14e65c2a2db,871c3b6c-7379-419d-bda3-794b239ab90d,ff9b0199-ce04-4cfe-86cc-6c719f08d6e4,de1c2107-70c8-4021-8459-6399f24d01c6,cbf30902-517f-40dc-af90-a550bac27cf1,5c601d96-e4c7-4698-991b-7ee674b11079
9-16-2026 14:02:10-debug:   Number of all scenes: 1
9-16-2026 14:02:10-debug:   Number of all scripts: 42
9-16-2026 14:02:10-debug: Init bundle root assets success..., progress: 0%
9-16-2026 14:02:10-debug:   Number of other assets: 486
9-16-2026 14:02:10-debug: // ---- build task Query asset bundle ---- (11ms)
9-16-2026 14:02:10-log: run build task Query asset bundle success in 11 ms√, progress: 5%
9-16-2026 14:02:10-debug: [Build Memory track]: Query asset bundle start:227.59MB, end 226.34MB, increase: -1286.80KB
9-16-2026 14:02:10-debug: // ---- build task Query asset bundle ----
9-16-2026 14:02:10-debug: Query asset bundle start, progress: 5%
9-16-2026 14:02:10-debug: // ---- build task Query asset bundle ---- (7ms)
9-16-2026 14:02:10-log: run build task Query asset bundle success in 7 ms√, progress: 10%
9-16-2026 14:02:10-debug: [Build Memory track]: Query asset bundle start:226.38MB, end 226.50MB, increase: 125.48KB
9-16-2026 14:02:10-debug: // ---- build task Sort some build options to settings.json ----
9-16-2026 14:02:10-debug: Sort some build options to settings.json start, progress: 10%
9-16-2026 14:02:10-debug: // ---- build task Sort some build options to settings.json ---- (1ms)
9-16-2026 14:02:10-log: run build task Sort some build options to settings.json success in 1 ms√, progress: 12%
9-16-2026 14:02:10-debug: [Build Memory track]: Sort some build options to settings.json start:226.53MB, end 226.56MB, increase: 26.27KB
9-16-2026 14:02:10-debug: // ---- build task Fill script data to settings ----
9-16-2026 14:02:10-debug: Fill script data to settings start, progress: 12%
9-16-2026 14:02:10-debug: // ---- build task Fill script data to settings ---- (3ms)
9-16-2026 14:02:10-log: run build task Fill script data to settings success in 3 ms√, progress: 13%
9-16-2026 14:02:10-debug: // ---- build task Sort some build options to settings.json ----
9-16-2026 14:02:10-debug: [Build Memory track]: Fill script data to settings start:226.58MB, end 225.70MB, increase: -905.85KB
9-16-2026 14:02:10-debug: Sort some build options to settings.json start, progress: 13%
9-16-2026 14:02:10-debug: // ---- build task Sort some build options to settings.json ---- (5ms)
9-16-2026 14:02:10-log: run build task Sort some build options to settings.json success in 5 ms√, progress: 15%
9-16-2026 14:02:10-debug: [Build Memory track]: Sort some build options to settings.json start:225.73MB, end 225.85MB, increase: 127.23KB
9-16-2026 14:07:40-debug: refresh db internal success
9-16-2026 14:07:40-debug: refresh db assets success
9-16-2026 14:07:40-debug: Run asset db hook engine-extends:afterRefresh ...
9-16-2026 14:07:40-debug: Run asset db hook engine-extends:afterRefresh success!
9-16-2026 14:07:40-debug: asset-db:refresh-all-database (65ms)
9-16-2026 14:07:40-debug: asset-db:worker-effect-data-processing (2ms)
9-16-2026 14:07:40-debug: asset-db-hook-engine-extends-afterRefresh (2ms)
9-16-2026 14:07:42-debug: %cImport%c: D:\Works\Github\BattleGame\assets\Battle.scenebackground: #aaff85; color: #000;color: #000;
9-16-2026 14:07:42-debug: asset-db:reimport-asset1effe86e-a401-4769-9dbc-62218c68834d (14ms)
9-16-2026 14:07:42-debug: Query all assets info in project
9-16-2026 14:07:42-debug: init custom config: keepNodeUuid: false, useCache: true
9-16-2026 14:07:42-debug: Skip compress image, progress: 0%
9-16-2026 14:07:42-debug: Init all bundles start..., progress: 0%
9-16-2026 14:07:42-debug: Query asset bundle start, progress: 0%
9-16-2026 14:07:42-debug: // ---- build task Query asset bundle ----
9-16-2026 14:07:42-debug: Init bundle root assets start..., progress: 0%
9-16-2026 14:07:42-debug: Num of bundles: 2..., progress: 0%
9-16-2026 14:07:42-debug: Query preload assets/scripts from cc.config.json: 60f7195c-ec2a-45eb-ba94-8955f60e81d0,1c02ae6f-4492-4915-b8f8-7492a3b1e4cd,810e96e4-e456-4468-9b59-f4e8f39732c0,efe8e2a3-eace-427b-b4f1-cb8a937ec77d,e9aa9a3e-5b2b-4ac7-a2c7-073de2b2b24f,8bbdbcdd-5cd4-4100-b6d5-b7c9625b6107,50f4348b-c883-4e2f-8f11-ce233b859fa1,fda095cb-831d-4601-ad94-846013963de8,f92806d7-1768-443f-afe8-12bcde84d0f0,dd3a144d-ab7f-41f0-82b8-2e43a090d496,f0416e68-0200-4b77-a926-4f9d16e494da,511d2633-09a7-4bdd-ac42-f778032124b3,5d45aa00-e064-4938-b314-4265f0c2258c,9361fd90-ba52-4f84-aa93-6e878fd576ca,970b0598-bcb0-4714-91fb-2e81440dccd8,bcd64cc6-2dd9-43f6-abbe-66318d332032,d930590d-bb92-4cc8-8bd1-23cd027f9edf,a3cd009f-0ab0-420d-9278-b9fdab939bbc,6a2d0734-bd9e-4ddf-946e-caa52498cb75,d9937e59-61fe-4ec6-92ab-7ac5a19c89b0,d1346436-ac96-4271-b863-1f4fdead95b0,971bdb23-3ff6-43eb-b422-1c30165a3663,17debcc3-0a6b-4b8a-b00b-dc58b885581e,711ebe11-f673-4cd9-9a83-63c60ba54c5b,c0143906-9aed-447e-9436-2ae8512d1b6e,14da1725-c4c2-42b4-ab08-ee0aeb6898b3,081cab31-dccd-428e-8652-f2404cc81c47,78e0584a-4343-4727-8f37-e14e65c2a2db,871c3b6c-7379-419d-bda3-794b239ab90d,ff9b0199-ce04-4cfe-86cc-6c719f08d6e4,de1c2107-70c8-4021-8459-6399f24d01c6,cbf30902-517f-40dc-af90-a550bac27cf1,5c601d96-e4c7-4698-991b-7ee674b11079
9-16-2026 14:07:42-debug:   Number of all scenes: 1
9-16-2026 14:07:42-debug:   Number of all scripts: 42
9-16-2026 14:07:42-debug:   Number of other assets: 486
9-16-2026 14:07:42-debug: Init bundle root assets success..., progress: 0%
9-16-2026 14:07:42-debug: // ---- build task Query asset bundle ---- (8ms)
9-16-2026 14:07:42-log: run build task Query asset bundle success in 8 ms√, progress: 5%
9-16-2026 14:07:42-debug: // ---- build task Query asset bundle ----
9-16-2026 14:07:42-debug: [Build Memory track]: Query asset bundle start:229.49MB, end 228.04MB, increase: -1485.56KB
9-16-2026 14:07:42-debug: Query asset bundle start, progress: 5%
9-16-2026 14:07:42-debug: // ---- build task Query asset bundle ---- (3ms)
9-16-2026 14:07:42-log: run build task Query asset bundle success in 3 ms√, progress: 10%
9-16-2026 14:07:42-debug: [Build Memory track]: Query asset bundle start:228.07MB, end 228.21MB, increase: 140.74KB
9-16-2026 14:07:42-debug: Sort some build options to settings.json start, progress: 10%
9-16-2026 14:07:42-debug: // ---- build task Sort some build options to settings.json ----
9-16-2026 14:07:42-debug: // ---- build task Sort some build options to settings.json ---- (2ms)
9-16-2026 14:07:42-log: run build task Sort some build options to settings.json success in 2 ms√, progress: 12%
9-16-2026 14:07:42-debug: [Build Memory track]: Sort some build options to settings.json start:228.24MB, end 228.26MB, increase: 26.54KB
9-16-2026 14:07:42-debug: Fill script data to settings start, progress: 12%
9-16-2026 14:07:42-debug: // ---- build task Fill script data to settings ----
9-16-2026 14:07:42-debug: // ---- build task Fill script data to settings ---- (1ms)
9-16-2026 14:07:42-log: run build task Fill script data to settings success in 1 ms√, progress: 13%
9-16-2026 14:07:42-debug: [Build Memory track]: Fill script data to settings start:228.29MB, end 228.32MB, increase: 25.91KB
9-16-2026 14:07:42-debug: // ---- build task Sort some build options to settings.json ----
9-16-2026 14:07:42-debug: Sort some build options to settings.json start, progress: 13%
9-16-2026 14:07:42-debug: // ---- build task Sort some build options to settings.json ---- (7ms)
9-16-2026 14:07:42-debug: [Build Memory track]: Sort some build options to settings.json start:228.35MB, end 228.47MB, increase: 126.39KB
9-16-2026 14:07:42-log: run build task Sort some build options to settings.json success in 7 ms√, progress: 15%
9-16-2026 14:19:11-debug: refresh db internal success
9-16-2026 14:19:11-debug: refresh db assets success
9-16-2026 14:19:11-debug: Run asset db hook engine-extends:afterRefresh success!
9-16-2026 14:19:11-debug: Run asset db hook engine-extends:afterRefresh ...
9-16-2026 14:19:11-debug: asset-db:refresh-all-database (75ms)
9-16-2026 14:19:11-debug: asset-db-hook-engine-extends-afterRefresh (1ms)
9-16-2026 15:09:04-debug: refresh db internal success
9-16-2026 15:09:04-debug: refresh db assets success
9-16-2026 15:09:04-debug: Run asset db hook engine-extends:afterRefresh ...
9-16-2026 15:09:04-debug: Run asset db hook engine-extends:afterRefresh success!
9-16-2026 15:09:04-debug: asset-db:refresh-all-database (55ms)
9-16-2026 15:09:04-debug: asset-db:worker-effect-data-processing (2ms)
9-16-2026 15:09:04-debug: asset-db-hook-engine-extends-afterRefresh (2ms)
9-16-2026 16:01:03-debug: refresh db internal success
9-16-2026 16:01:03-debug: %cImport%c: D:\Works\Github\BattleGame\assets\Battle.scenebackground: #aaff85; color: #000;color: #000;
9-16-2026 16:01:03-debug: refresh db assets success
9-16-2026 16:01:03-debug: Run asset db hook engine-extends:afterRefresh ...
9-16-2026 16:01:03-debug: Run asset db hook engine-extends:afterRefresh success!
9-16-2026 16:01:03-debug: asset-db:refresh-all-database (77ms)
9-16-2026 16:01:03-debug: asset-db:worker-effect-data-processing (3ms)
9-16-2026 16:01:03-debug: asset-db-hook-engine-extends-afterRefresh (3ms)
9-16-2026 16:01:06-debug: %cImport%c: D:\Works\Github\BattleGame\assets\Battle.scenebackground: #aaff85; color: #000;color: #000;
9-16-2026 16:01:06-debug: asset-db:reimport-asset1effe86e-a401-4769-9dbc-62218c68834d (12ms)
9-16-2026 16:01:07-debug: Query all assets info in project
9-16-2026 16:01:07-debug: init custom config: keepNodeUuid: false, useCache: true
9-16-2026 16:01:07-debug: Skip compress image, progress: 0%
9-16-2026 16:01:07-debug: Num of bundles: 2..., progress: 0%
9-16-2026 16:01:07-debug: Init all bundles start..., progress: 0%
9-16-2026 16:01:07-debug: // ---- build task Query asset bundle ----
9-16-2026 16:01:07-debug: Query asset bundle start, progress: 0%
9-16-2026 16:01:07-debug: Init bundle root assets start..., progress: 0%
9-16-2026 16:01:07-debug: Query preload assets/scripts from cc.config.json: 60f7195c-ec2a-45eb-ba94-8955f60e81d0,1c02ae6f-4492-4915-b8f8-7492a3b1e4cd,810e96e4-e456-4468-9b59-f4e8f39732c0,efe8e2a3-eace-427b-b4f1-cb8a937ec77d,e9aa9a3e-5b2b-4ac7-a2c7-073de2b2b24f,8bbdbcdd-5cd4-4100-b6d5-b7c9625b6107,50f4348b-c883-4e2f-8f11-ce233b859fa1,fda095cb-831d-4601-ad94-846013963de8,f92806d7-1768-443f-afe8-12bcde84d0f0,dd3a144d-ab7f-41f0-82b8-2e43a090d496,f0416e68-0200-4b77-a926-4f9d16e494da,511d2633-09a7-4bdd-ac42-f778032124b3,5d45aa00-e064-4938-b314-4265f0c2258c,9361fd90-ba52-4f84-aa93-6e878fd576ca,970b0598-bcb0-4714-91fb-2e81440dccd8,bcd64cc6-2dd9-43f6-abbe-66318d332032,d930590d-bb92-4cc8-8bd1-23cd027f9edf,a3cd009f-0ab0-420d-9278-b9fdab939bbc,6a2d0734-bd9e-4ddf-946e-caa52498cb75,d9937e59-61fe-4ec6-92ab-7ac5a19c89b0,d1346436-ac96-4271-b863-1f4fdead95b0,971bdb23-3ff6-43eb-b422-1c30165a3663,17debcc3-0a6b-4b8a-b00b-dc58b885581e,711ebe11-f673-4cd9-9a83-63c60ba54c5b,c0143906-9aed-447e-9436-2ae8512d1b6e,14da1725-c4c2-42b4-ab08-ee0aeb6898b3,081cab31-dccd-428e-8652-f2404cc81c47,78e0584a-4343-4727-8f37-e14e65c2a2db,871c3b6c-7379-419d-bda3-794b239ab90d,ff9b0199-ce04-4cfe-86cc-6c719f08d6e4,de1c2107-70c8-4021-8459-6399f24d01c6,cbf30902-517f-40dc-af90-a550bac27cf1,5c601d96-e4c7-4698-991b-7ee674b11079
9-16-2026 16:01:07-debug:   Number of all scenes: 1
9-16-2026 16:01:07-debug:   Number of other assets: 486
9-16-2026 16:01:07-debug:   Number of all scripts: 42
9-16-2026 16:01:07-debug: Init bundle root assets success..., progress: 0%
9-16-2026 16:01:07-debug: // ---- build task Query asset bundle ---- (12ms)
9-16-2026 16:01:07-log: run build task Query asset bundle success in 12 ms√, progress: 5%
9-16-2026 16:01:07-debug: [Build Memory track]: Query asset bundle start:232.88MB, end 232.67MB, increase: -210.61KB
9-16-2026 16:01:07-debug: // ---- build task Query asset bundle ----
9-16-2026 16:01:07-debug: Query asset bundle start, progress: 5%
9-16-2026 16:01:07-debug: // ---- build task Query asset bundle ---- (3ms)
9-16-2026 16:01:07-debug: Sort some build options to settings.json start, progress: 10%
9-16-2026 16:01:07-debug: // ---- build task Sort some build options to settings.json ----
9-16-2026 16:01:07-debug: [Build Memory track]: Query asset bundle start:232.70MB, end 232.85MB, increase: 150.04KB
9-16-2026 16:01:07-log: run build task Query asset bundle success in 3 ms√, progress: 10%
9-16-2026 16:01:07-debug: // ---- build task Sort some build options to settings.json ---- (1ms)
9-16-2026 16:01:07-log: run build task Sort some build options to settings.json success in 1 ms√, progress: 12%
9-16-2026 16:01:07-debug: Fill script data to settings start, progress: 12%
9-16-2026 16:01:07-debug: // ---- build task Fill script data to settings ----
9-16-2026 16:01:07-debug: [Build Memory track]: Sort some build options to settings.json start:232.88MB, end 232.98MB, increase: 110.61KB
9-16-2026 16:01:07-debug: // ---- build task Fill script data to settings ---- (1ms)
9-16-2026 16:01:07-debug: [Build Memory track]: Fill script data to settings start:232.93MB, end 232.96MB, increase: 25.92KB
9-16-2026 16:01:07-debug: // ---- build task Sort some build options to settings.json ----
9-16-2026 16:01:07-log: run build task Fill script data to settings success in 1 ms√, progress: 13%
9-16-2026 16:01:07-debug: Sort some build options to settings.json start, progress: 13%
9-16-2026 16:01:07-debug: // ---- build task Sort some build options to settings.json ---- (4ms)
9-16-2026 16:01:07-debug: [Build Memory track]: Sort some build options to settings.json start:232.99MB, end 233.12MB, increase: 133.64KB
9-16-2026 16:01:07-log: run build task Sort some build options to settings.json success in 4 ms√, progress: 15%
9-16-2026 16:01:15-debug: refresh db internal success
9-16-2026 16:01:15-debug: refresh db assets success
9-16-2026 16:01:15-debug: Run asset db hook engine-extends:afterRefresh ...
9-16-2026 16:01:15-debug: Run asset db hook engine-extends:afterRefresh success!
9-16-2026 16:01:15-debug: asset-db:refresh-all-database (78ms)
9-16-2026 16:01:15-debug: asset-db:worker-effect-data-processing (1ms)
9-16-2026 16:01:15-debug: asset-db-hook-engine-extends-afterRefresh (1ms)
9-16-2026 16:01:15-debug: %cImport%c: D:\Works\Github\BattleGame\assets\Battle.scenebackground: #aaff85; color: #000;color: #000;
9-16-2026 16:01:15-debug: asset-db:reimport-asset1effe86e-a401-4769-9dbc-62218c68834d (9ms)
9-16-2026 16:01:16-debug: Query all assets info in project
9-16-2026 16:01:16-debug: init custom config: keepNodeUuid: false, useCache: true
9-16-2026 16:01:16-debug: Skip compress image, progress: 0%
9-16-2026 16:01:16-debug: Init all bundles start..., progress: 0%
9-16-2026 16:01:16-debug: Num of bundles: 2..., progress: 0%
9-16-2026 16:01:16-debug: Query asset bundle start, progress: 0%
9-16-2026 16:01:16-debug: // ---- build task Query asset bundle ----
9-16-2026 16:01:16-debug: Init bundle root assets start..., progress: 0%
9-16-2026 16:01:16-debug: Query preload assets/scripts from cc.config.json: 60f7195c-ec2a-45eb-ba94-8955f60e81d0,1c02ae6f-4492-4915-b8f8-7492a3b1e4cd,810e96e4-e456-4468-9b59-f4e8f39732c0,efe8e2a3-eace-427b-b4f1-cb8a937ec77d,e9aa9a3e-5b2b-4ac7-a2c7-073de2b2b24f,8bbdbcdd-5cd4-4100-b6d5-b7c9625b6107,50f4348b-c883-4e2f-8f11-ce233b859fa1,fda095cb-831d-4601-ad94-846013963de8,f92806d7-1768-443f-afe8-12bcde84d0f0,dd3a144d-ab7f-41f0-82b8-2e43a090d496,f0416e68-0200-4b77-a926-4f9d16e494da,511d2633-09a7-4bdd-ac42-f778032124b3,5d45aa00-e064-4938-b314-4265f0c2258c,9361fd90-ba52-4f84-aa93-6e878fd576ca,970b0598-bcb0-4714-91fb-2e81440dccd8,bcd64cc6-2dd9-43f6-abbe-66318d332032,d930590d-bb92-4cc8-8bd1-23cd027f9edf,a3cd009f-0ab0-420d-9278-b9fdab939bbc,6a2d0734-bd9e-4ddf-946e-caa52498cb75,d9937e59-61fe-4ec6-92ab-7ac5a19c89b0,d1346436-ac96-4271-b863-1f4fdead95b0,971bdb23-3ff6-43eb-b422-1c30165a3663,17debcc3-0a6b-4b8a-b00b-dc58b885581e,711ebe11-f673-4cd9-9a83-63c60ba54c5b,c0143906-9aed-447e-9436-2ae8512d1b6e,14da1725-c4c2-42b4-ab08-ee0aeb6898b3,081cab31-dccd-428e-8652-f2404cc81c47,78e0584a-4343-4727-8f37-e14e65c2a2db,871c3b6c-7379-419d-bda3-794b239ab90d,ff9b0199-ce04-4cfe-86cc-6c719f08d6e4,de1c2107-70c8-4021-8459-6399f24d01c6,cbf30902-517f-40dc-af90-a550bac27cf1,5c601d96-e4c7-4698-991b-7ee674b11079
9-16-2026 16:01:16-debug:   Number of all scenes: 1
9-16-2026 16:01:16-debug:   Number of all scripts: 42
9-16-2026 16:01:16-debug:   Number of other assets: 486
9-16-2026 16:01:16-debug: Init bundle root assets success..., progress: 0%
9-16-2026 16:01:16-debug: // ---- build task Query asset bundle ---- (8ms)
9-16-2026 16:01:16-log: run build task Query asset bundle success in 8 ms√, progress: 5%
9-16-2026 16:01:16-debug: Query asset bundle start, progress: 5%
9-16-2026 16:01:16-debug: [Build Memory track]: Query asset bundle start:233.98MB, end 234.72MB, increase: 751.75KB
9-16-2026 16:01:16-debug: // ---- build task Query asset bundle ----
9-16-2026 16:01:16-debug: // ---- build task Query asset bundle ---- (3ms)
9-16-2026 16:01:16-log: run build task Query asset bundle success in 3 ms√, progress: 10%
9-16-2026 16:01:16-debug: [Build Memory track]: Query asset bundle start:234.74MB, end 234.88MB, increase: 139.99KB
9-16-2026 16:01:16-debug: Sort some build options to settings.json start, progress: 10%
9-16-2026 16:01:16-debug: // ---- build task Sort some build options to settings.json ----
9-16-2026 16:01:16-debug: // ---- build task Sort some build options to settings.json ---- (1ms)
9-16-2026 16:01:16-log: run build task Sort some build options to settings.json success in 1 ms√, progress: 12%
9-16-2026 16:01:16-debug: [Build Memory track]: Sort some build options to settings.json start:234.91MB, end 234.94MB, increase: 26.59KB
9-16-2026 16:01:16-debug: Fill script data to settings start, progress: 12%
9-16-2026 16:01:16-debug: // ---- build task Fill script data to settings ----
9-16-2026 16:01:16-debug: // ---- build task Fill script data to settings ---- (1ms)
9-16-2026 16:01:16-log: run build task Fill script data to settings success in 1 ms√, progress: 13%
9-16-2026 16:01:16-debug: [Build Memory track]: Fill script data to settings start:234.96MB, end 234.99MB, increase: 27.43KB
9-16-2026 16:01:16-debug: Sort some build options to settings.json start, progress: 13%
9-16-2026 16:01:16-debug: // ---- build task Sort some build options to settings.json ----
9-16-2026 16:01:16-debug: // ---- build task Sort some build options to settings.json ---- (7ms)
9-16-2026 16:01:16-log: run build task Sort some build options to settings.json success in 7 ms√, progress: 15%
9-16-2026 16:01:16-debug: [Build Memory track]: Sort some build options to settings.json start:235.02MB, end 235.15MB, increase: 132.49KB
9-16-2026 16:12:46-debug: refresh db internal success
9-16-2026 16:12:46-debug: refresh db assets success
9-16-2026 16:12:46-debug: Run asset db hook engine-extends:afterRefresh ...
9-16-2026 16:12:46-debug: Run asset db hook engine-extends:afterRefresh success!
9-16-2026 16:12:46-debug: asset-db:refresh-all-database (62ms)
9-16-2026 16:12:46-debug: asset-db:worker-effect-data-processing (1ms)
9-16-2026 16:12:46-debug: asset-db-hook-engine-extends-afterRefresh (1ms)
9-16-2026 17:18:40-debug: refresh db internal success
9-16-2026 17:18:40-debug: refresh db assets success
9-16-2026 17:18:40-debug: Run asset db hook engine-extends:afterRefresh ...
9-16-2026 17:18:40-debug: Run asset db hook engine-extends:afterRefresh success!
9-16-2026 17:18:40-debug: asset-db:refresh-all-database (77ms)
9-16-2026 17:18:40-debug: asset-db:worker-effect-data-processing (1ms)
9-16-2026 17:18:40-debug: asset-db-hook-engine-extends-afterRefresh (1ms)
9-16-2026 18:04:19-debug: refresh db internal success
9-16-2026 18:04:19-debug: %cImport%c: D:\Works\Github\BattleGame\assets\Battle.scenebackground: #aaff85; color: #000;color: #000;
9-16-2026 18:04:19-debug: %cImport%c: D:\Works\Github\BattleGame\assets\scripts\BattleWave.tsbackground: #aaff85; color: #000;color: #000;
9-16-2026 18:04:19-debug: %cImport%c: D:\Works\Github\BattleGame\assets\scripts\GameManager.tsbackground: #aaff85; color: #000;color: #000;
9-16-2026 18:04:19-debug: %cImport%c: D:\Works\Github\BattleGame\assets\scripts\Unit.tsbackground: #aaff85; color: #000;color: #000;
9-16-2026 18:04:19-debug: refresh db assets success
9-16-2026 18:04:19-debug: Run asset db hook engine-extends:afterRefresh ...
9-16-2026 18:04:19-debug: Run asset db hook engine-extends:afterRefresh success!
9-16-2026 18:04:19-debug: asset-db:refresh-all-database (76ms)
9-16-2026 18:04:19-debug: asset-db:worker-effect-data-processing (2ms)
9-16-2026 18:04:19-debug: asset-db-hook-engine-extends-afterRefresh (2ms)
9-16-2026 18:04:24-debug: Query all assets info in project
9-16-2026 18:04:24-debug: init custom config: keepNodeUuid: false, useCache: true
9-16-2026 18:04:24-debug: Skip compress image, progress: 0%
9-16-2026 18:04:24-debug: Init all bundles start..., progress: 0%
9-16-2026 18:04:24-debug: Query asset bundle start, progress: 0%
9-16-2026 18:04:24-debug: // ---- build task Query asset bundle ----
9-16-2026 18:04:24-debug: Init bundle root assets start..., progress: 0%
9-16-2026 18:04:24-debug: Num of bundles: 2..., progress: 0%
9-16-2026 18:04:24-debug: Query preload assets/scripts from cc.config.json: 60f7195c-ec2a-45eb-ba94-8955f60e81d0,1c02ae6f-4492-4915-b8f8-7492a3b1e4cd,810e96e4-e456-4468-9b59-f4e8f39732c0,efe8e2a3-eace-427b-b4f1-cb8a937ec77d,e9aa9a3e-5b2b-4ac7-a2c7-073de2b2b24f,8bbdbcdd-5cd4-4100-b6d5-b7c9625b6107,50f4348b-c883-4e2f-8f11-ce233b859fa1,fda095cb-831d-4601-ad94-846013963de8,f92806d7-1768-443f-afe8-12bcde84d0f0,dd3a144d-ab7f-41f0-82b8-2e43a090d496,f0416e68-0200-4b77-a926-4f9d16e494da,511d2633-09a7-4bdd-ac42-f778032124b3,5d45aa00-e064-4938-b314-4265f0c2258c,9361fd90-ba52-4f84-aa93-6e878fd576ca,970b0598-bcb0-4714-91fb-2e81440dccd8,bcd64cc6-2dd9-43f6-abbe-66318d332032,d930590d-bb92-4cc8-8bd1-23cd027f9edf,a3cd009f-0ab0-420d-9278-b9fdab939bbc,6a2d0734-bd9e-4ddf-946e-caa52498cb75,d9937e59-61fe-4ec6-92ab-7ac5a19c89b0,d1346436-ac96-4271-b863-1f4fdead95b0,971bdb23-3ff6-43eb-b422-1c30165a3663,17debcc3-0a6b-4b8a-b00b-dc58b885581e,711ebe11-f673-4cd9-9a83-63c60ba54c5b,c0143906-9aed-447e-9436-2ae8512d1b6e,14da1725-c4c2-42b4-ab08-ee0aeb6898b3,081cab31-dccd-428e-8652-f2404cc81c47,78e0584a-4343-4727-8f37-e14e65c2a2db,871c3b6c-7379-419d-bda3-794b239ab90d,ff9b0199-ce04-4cfe-86cc-6c719f08d6e4,de1c2107-70c8-4021-8459-6399f24d01c6,cbf30902-517f-40dc-af90-a550bac27cf1,5c601d96-e4c7-4698-991b-7ee674b11079
9-16-2026 18:04:24-debug:   Number of other assets: 486
9-16-2026 18:04:24-debug:   Number of all scenes: 1
9-16-2026 18:04:24-debug:   Number of all scripts: 42
9-16-2026 18:04:24-debug: Init bundle root assets success..., progress: 0%
9-16-2026 18:04:24-debug: // ---- build task Query asset bundle ---- (6ms)
9-16-2026 18:04:24-debug: [Build Memory track]: Query asset bundle start:238.48MB, end 238.33MB, increase: -157.96KB
9-16-2026 18:04:24-debug: // ---- build task Query asset bundle ----
9-16-2026 18:04:24-log: run build task Query asset bundle success in 6 ms√, progress: 5%
9-16-2026 18:04:24-debug: Query asset bundle start, progress: 5%
9-16-2026 18:04:24-debug: // ---- build task Query asset bundle ---- (4ms)
9-16-2026 18:04:24-log: run build task Query asset bundle success in 4 ms√, progress: 10%
9-16-2026 18:04:24-debug: [Build Memory track]: Query asset bundle start:238.36MB, end 237.68MB, increase: -698.00KB
9-16-2026 18:04:24-debug: Sort some build options to settings.json start, progress: 10%
9-16-2026 18:04:24-debug: // ---- build task Sort some build options to settings.json ----
9-16-2026 18:04:24-log: run build task Sort some build options to settings.json success in √, progress: 12%
9-16-2026 18:04:24-debug: [Build Memory track]: Sort some build options to settings.json start:237.71MB, end 237.72MB, increase: 17.27KB
9-16-2026 18:04:24-debug: Fill script data to settings start, progress: 12%
9-16-2026 18:04:24-debug: // ---- build task Fill script data to settings ----
9-16-2026 18:04:24-log: run build task Fill script data to settings success in √, progress: 13%
9-16-2026 18:04:24-debug: [Build Memory track]: Fill script data to settings start:237.75MB, end 237.77MB, increase: 21.86KB
9-16-2026 18:04:24-debug: // ---- build task Sort some build options to settings.json ----
9-16-2026 18:04:24-debug: Sort some build options to settings.json start, progress: 13%
9-16-2026 18:04:24-debug: // ---- build task Sort some build options to settings.json ---- (3ms)
9-16-2026 18:04:24-log: run build task Sort some build options to settings.json success in 3 ms√, progress: 15%
9-16-2026 18:04:24-debug: [Build Memory track]: Sort some build options to settings.json start:237.80MB, end 237.93MB, increase: 129.26KB
9-16-2026 18:04:24-debug: %cImport%c: D:\Works\Github\BattleGame\assets\Battle.scenebackground: #aaff85; color: #000;color: #000;
9-16-2026 18:04:24-debug: asset-db:reimport-asset1effe86e-a401-4769-9dbc-62218c68834d (10ms)
9-16-2026 18:04:25-debug: Query all assets info in project
9-16-2026 18:04:25-debug: init custom config: keepNodeUuid: false, useCache: true
9-16-2026 18:04:25-debug: Skip compress image, progress: 0%
9-16-2026 18:04:25-debug: Init all bundles start..., progress: 0%
9-16-2026 18:04:25-debug: Num of bundles: 2..., progress: 0%
9-16-2026 18:04:25-debug: Query asset bundle start, progress: 0%
9-16-2026 18:04:25-debug: Init bundle root assets start..., progress: 0%
9-16-2026 18:04:25-debug: // ---- build task Query asset bundle ----
9-16-2026 18:04:25-debug: Query preload assets/scripts from cc.config.json: 60f7195c-ec2a-45eb-ba94-8955f60e81d0,1c02ae6f-4492-4915-b8f8-7492a3b1e4cd,810e96e4-e456-4468-9b59-f4e8f39732c0,efe8e2a3-eace-427b-b4f1-cb8a937ec77d,e9aa9a3e-5b2b-4ac7-a2c7-073de2b2b24f,8bbdbcdd-5cd4-4100-b6d5-b7c9625b6107,50f4348b-c883-4e2f-8f11-ce233b859fa1,fda095cb-831d-4601-ad94-846013963de8,f92806d7-1768-443f-afe8-12bcde84d0f0,dd3a144d-ab7f-41f0-82b8-2e43a090d496,f0416e68-0200-4b77-a926-4f9d16e494da,511d2633-09a7-4bdd-ac42-f778032124b3,5d45aa00-e064-4938-b314-4265f0c2258c,9361fd90-ba52-4f84-aa93-6e878fd576ca,970b0598-bcb0-4714-91fb-2e81440dccd8,bcd64cc6-2dd9-43f6-abbe-66318d332032,d930590d-bb92-4cc8-8bd1-23cd027f9edf,a3cd009f-0ab0-420d-9278-b9fdab939bbc,6a2d0734-bd9e-4ddf-946e-caa52498cb75,d9937e59-61fe-4ec6-92ab-7ac5a19c89b0,d1346436-ac96-4271-b863-1f4fdead95b0,971bdb23-3ff6-43eb-b422-1c30165a3663,17debcc3-0a6b-4b8a-b00b-dc58b885581e,711ebe11-f673-4cd9-9a83-63c60ba54c5b,c0143906-9aed-447e-9436-2ae8512d1b6e,14da1725-c4c2-42b4-ab08-ee0aeb6898b3,081cab31-dccd-428e-8652-f2404cc81c47,78e0584a-4343-4727-8f37-e14e65c2a2db,871c3b6c-7379-419d-bda3-794b239ab90d,ff9b0199-ce04-4cfe-86cc-6c719f08d6e4,de1c2107-70c8-4021-8459-6399f24d01c6,cbf30902-517f-40dc-af90-a550bac27cf1,5c601d96-e4c7-4698-991b-7ee674b11079
9-16-2026 18:04:25-debug:   Number of all scenes: 1
9-16-2026 18:04:25-debug:   Number of other assets: 486
9-16-2026 18:04:25-debug: Init bundle root assets success..., progress: 0%
9-16-2026 18:04:25-debug:   Number of all scripts: 42
9-16-2026 18:04:25-debug: // ---- build task Query asset bundle ---- (6ms)
9-16-2026 18:04:25-log: run build task Query asset bundle success in 6 ms√, progress: 5%
9-16-2026 18:04:25-debug: [Build Memory track]: Query asset bundle start:238.70MB, end 238.63MB, increase: -64.37KB
9-16-2026 18:04:25-debug: Query asset bundle start, progress: 5%
9-16-2026 18:04:25-debug: // ---- build task Query asset bundle ----
9-16-2026 18:04:25-debug: // ---- build task Query asset bundle ---- (5ms)
9-16-2026 18:04:25-log: run build task Query asset bundle success in 5 ms√, progress: 10%
9-16-2026 18:04:25-debug: [Build Memory track]: Query asset bundle start:238.66MB, end 237.99MB, increase: -686.64KB
9-16-2026 18:04:25-debug: // ---- build task Sort some build options to settings.json ----
9-16-2026 18:04:25-debug: Sort some build options to settings.json start, progress: 10%
9-16-2026 18:04:25-debug: // ---- build task Sort some build options to settings.json ---- (1ms)
9-16-2026 18:04:25-log: run build task Sort some build options to settings.json success in 1 ms√, progress: 12%
9-16-2026 18:04:25-debug: // ---- build task Fill script data to settings ----
9-16-2026 18:04:25-debug: [Build Memory track]: Sort some build options to settings.json start:238.02MB, end 238.05MB, increase: 33.31KB
9-16-2026 18:04:25-debug: Fill script data to settings start, progress: 12%
9-16-2026 18:04:25-debug: // ---- build task Fill script data to settings ---- (1ms)
9-16-2026 18:04:25-debug: // ---- build task Sort some build options to settings.json ----
9-16-2026 18:04:25-log: run build task Fill script data to settings success in 1 ms√, progress: 13%
9-16-2026 18:04:25-debug: [Build Memory track]: Fill script data to settings start:238.08MB, end 238.11MB, increase: 25.90KB
9-16-2026 18:04:25-debug: Sort some build options to settings.json start, progress: 13%
9-16-2026 18:04:25-debug: // ---- build task Sort some build options to settings.json ---- (3ms)
9-16-2026 18:04:25-log: run build task Sort some build options to settings.json success in 3 ms√, progress: 15%
9-16-2026 18:04:25-debug: [Build Memory track]: Sort some build options to settings.json start:238.13MB, end 238.26MB, increase: 130.07KB
9-16-2026 18:42:00-debug: refresh db internal success
9-16-2026 18:42:00-debug: %cImport%c: D:\Works\Github\BattleGame\assets\scripts\BattleWave.tsbackground: #aaff85; color: #000;color: #000;
9-16-2026 18:42:00-debug: %cImport%c: D:\Works\Github\BattleGame\assets\scripts\GameManager.tsbackground: #aaff85; color: #000;color: #000;
9-16-2026 18:42:00-debug: refresh db assets success
9-16-2026 18:42:00-debug: Run asset db hook engine-extends:afterRefresh ...
9-16-2026 18:42:00-debug: Run asset db hook engine-extends:afterRefresh success!
9-16-2026 18:42:00-debug: asset-db:refresh-all-database (109ms)
9-16-2026 18:42:00-debug: asset-db:worker-effect-data-processing (22ms)
9-16-2026 18:42:00-debug: asset-db-hook-engine-extends-afterRefresh (22ms)
