9-18-2026 14:34:23-log: Cannot access game frame or container.
9-18-2026 14:34:24-debug: asset-db:require-engine-code (513ms)
9-18-2026 14:34:24-log: meshopt wasm decoder initialized
9-18-2026 14:34:24-log: [bullet]:bullet wasm lib loaded.
9-18-2026 14:34:24-log: [box2d]:box2d wasm lib loaded.
9-18-2026 14:34:24-log: Cocos Creator v3.8.8
9-18-2026 14:34:24-log: Forward render pipeline initialized.
9-18-2026 14:34:24-log: Using legacy pipeline
9-18-2026 14:34:24-debug: [Assets Memory track]: asset-db:worker-init: initEngine start:31.36MB, end 79.03MB, increase: 47.66MB
9-18-2026 14:34:25-debug: [Assets Memory track]: asset-db:worker-init: initPlugin start:79.12MB, end 342.85MB, increase: 263.73MB
9-18-2026 14:34:25-debug: run package(runtime-dev-tools) handler(enable) start
9-18-2026 14:34:25-debug: run package(runtime-dev-tools) handler(enable) success!
9-18-2026 14:34:25-debug: run package(taobao-mini-game) handler(enable) success!
9-18-2026 14:34:25-debug: run package(vivo-mini-game) handler(enable) start
9-18-2026 14:34:25-debug: run package(vivo-mini-game) handler(enable) success!
9-18-2026 14:34:25-debug: run package(web-desktop) handler(enable) start
9-18-2026 14:34:25-debug: run package(taobao-mini-game) handler(enable) start
9-18-2026 14:34:25-debug: run package(web-desktop) handler(enable) success!
9-18-2026 14:34:25-debug: run package(web-mobile) handler(enable) start
9-18-2026 14:34:25-debug: run package(web-mobile) handler(enable) success!
9-18-2026 14:34:25-debug: run package(wechatgame) handler(enable) success!
9-18-2026 14:34:25-debug: run package(wechatprogram) handler(enable) success!
9-18-2026 14:34:25-debug: run package(wechatprogram) handler(enable) start
9-18-2026 14:34:25-debug: run package(wechatgame) handler(enable) start
9-18-2026 14:34:25-debug: run package(xiaomi-quick-game) handler(enable) start
9-18-2026 14:34:25-debug: run package(xiaomi-quick-game) handler(enable) success!
9-18-2026 14:34:25-debug: run package(cocos-service) handler(enable) start
9-18-2026 14:34:25-debug: run package(cocos-service) handler(enable) success!
9-18-2026 14:34:25-debug: run package(windows) handler(enable) start
9-18-2026 14:34:25-debug: run package(windows) handler(enable) success!
9-18-2026 14:34:25-debug: run package(im-plugin) handler(enable) success!
9-18-2026 14:34:25-debug: run package(placeholder) handler(enable) success!
9-18-2026 14:34:25-debug: run package(im-plugin) handler(enable) start
9-18-2026 14:34:25-debug: run package(placeholder) handler(enable) start
9-18-2026 14:34:25-debug: asset-db:worker-init: initPlugin (1500ms)
9-18-2026 14:34:25-debug: [Assets Memory track]: asset-db:worker-init start:31.36MB, end 341.18MB, increase: 309.83MB
9-18-2026 14:34:25-debug: Run asset db hook programming:beforePreStart success!
9-18-2026 14:34:25-debug: Run asset db hook programming:beforePreStart ...
9-18-2026 14:34:25-debug: Run asset db hook engine-extends:beforePreStart ...
9-18-2026 14:34:25-debug: Run asset db hook engine-extends:beforePreStart success!
9-18-2026 14:34:27-debug: asset-db:worker-init (3498ms)
9-18-2026 14:34:27-debug: asset-db-hook-programming-beforePreStart (1263ms)
9-18-2026 14:34:27-debug: asset-db-hook-engine-extends-beforePreStart (1262ms)
9-18-2026 14:34:27-debug: Preimport db internal success
9-18-2026 14:34:27-debug: Preimport db assets success
9-18-2026 14:34:27-debug: Run asset db hook programming:afterPreStart ...
9-18-2026 14:34:27-debug: starting packer-driver...
9-18-2026 14:34:28-debug: initialize scripting environment...
9-18-2026 14:34:28-debug: [[Executor]] prepare before lock
9-18-2026 14:34:28-debug: Set detail map pack:///resolution-detail-map.json: {}
9-18-2026 14:34:28-debug: Run asset db hook programming:afterPreStart success!
9-18-2026 14:34:28-debug: Run asset db hook engine-extends:afterPreStart success!
9-18-2026 14:34:28-debug: Run asset db hook engine-extends:afterPreStart ...
9-18-2026 14:34:28-debug: Start up the 'internal' database...
9-18-2026 14:34:28-debug: [[Executor]] prepare after unlock
9-18-2026 14:34:29-debug: asset-db-hook-programming-afterPreStart (1685ms)
9-18-2026 14:34:29-debug: asset-db:worker-effect-data-processing (994ms)
9-18-2026 14:34:29-debug: asset-db-hook-engine-extends-afterPreStart (994ms)
9-18-2026 14:34:29-debug: Run asset db hook engine-extends:afterStartDB ...
9-18-2026 14:34:30-debug: recompile effect.bin success
9-18-2026 14:34:30-debug: Run asset db hook engine-extends:afterStartDB success!
9-18-2026 14:34:30-debug: Start up the 'assets' database...
9-18-2026 14:34:30-debug: asset-db:worker-effect-data-processing (1109ms)
9-18-2026 14:34:30-debug: asset-db-hook-engine-extends-afterStartDB (1109ms)
9-18-2026 14:34:30-debug: Run asset db hook engine-extends:afterStartDB ...
9-18-2026 14:34:31-debug: recompile effect.bin success
9-18-2026 14:34:31-debug: Run asset db hook engine-extends:afterStartDB success!
9-18-2026 14:34:31-debug: [Assets Memory track]: asset-db:worker-init: startup start:199.39MB, end 215.68MB, increase: 16.29MB
9-18-2026 14:34:31-debug: lazy register asset handler *
9-18-2026 14:34:31-debug: lazy register asset handler directory
9-18-2026 14:34:31-debug: lazy register asset handler text
9-18-2026 14:34:31-debug: lazy register asset handler json
9-18-2026 14:34:31-debug: lazy register asset handler spine-data
9-18-2026 14:34:31-debug: lazy register asset handler dragonbones
9-18-2026 14:34:31-debug: lazy register asset handler terrain
9-18-2026 14:34:31-debug: lazy register asset handler javascript
9-18-2026 14:34:31-debug: lazy register asset handler typescript
9-18-2026 14:34:31-debug: lazy register asset handler scene
9-18-2026 14:34:31-debug: lazy register asset handler prefab
9-18-2026 14:34:31-debug: lazy register asset handler sprite-frame
9-18-2026 14:34:31-debug: lazy register asset handler tiled-map
9-18-2026 14:34:31-debug: lazy register asset handler buffer
9-18-2026 14:34:31-debug: lazy register asset handler image
9-18-2026 14:34:31-debug: lazy register asset handler sign-image
9-18-2026 14:34:31-debug: lazy register asset handler alpha-image
9-18-2026 14:34:31-debug: lazy register asset handler texture-cube
9-18-2026 14:34:31-debug: lazy register asset handler erp-texture-cube
9-18-2026 14:34:31-debug: lazy register asset handler dragonbones-atlas
9-18-2026 14:34:31-debug: lazy register asset handler texture
9-18-2026 14:34:31-debug: lazy register asset handler render-texture
9-18-2026 14:34:31-debug: lazy register asset handler gltf
9-18-2026 14:34:31-debug: lazy register asset handler texture-cube-face
9-18-2026 14:34:31-debug: lazy register asset handler rt-sprite-frame
9-18-2026 14:34:31-debug: lazy register asset handler gltf-mesh
9-18-2026 14:34:31-debug: lazy register asset handler gltf-animation
9-18-2026 14:34:31-debug: lazy register asset handler gltf-scene
9-18-2026 14:34:31-debug: lazy register asset handler gltf-skeleton
9-18-2026 14:34:31-debug: lazy register asset handler gltf-embeded-image
9-18-2026 14:34:31-debug: lazy register asset handler material
9-18-2026 14:34:31-debug: lazy register asset handler gltf-material
9-18-2026 14:34:31-debug: lazy register asset handler physics-material
9-18-2026 14:34:31-debug: lazy register asset handler effect-header
9-18-2026 14:34:31-debug: lazy register asset handler audio-clip
9-18-2026 14:34:31-debug: lazy register asset handler fbx
9-18-2026 14:34:31-debug: lazy register asset handler animation-clip
9-18-2026 14:34:31-debug: lazy register asset handler effect
9-18-2026 14:34:31-debug: lazy register asset handler animation-graph
9-18-2026 14:34:31-debug: lazy register asset handler animation-graph-variant
9-18-2026 14:34:31-debug: lazy register asset handler animation-mask
9-18-2026 14:34:31-debug: lazy register asset handler bitmap-font
9-18-2026 14:34:31-debug: lazy register asset handler particle
9-18-2026 14:34:31-debug: lazy register asset handler sprite-atlas
9-18-2026 14:34:31-debug: lazy register asset handler auto-atlas
9-18-2026 14:34:31-debug: lazy register asset handler ttf-font
9-18-2026 14:34:31-debug: lazy register asset handler label-atlas
9-18-2026 14:34:31-debug: lazy register asset handler render-pipeline
9-18-2026 14:34:31-debug: lazy register asset handler instantiation-material
9-18-2026 14:34:31-debug: lazy register asset handler instantiation-mesh
9-18-2026 14:34:31-debug: lazy register asset handler render-stage
9-18-2026 14:34:31-debug: lazy register asset handler instantiation-skeleton
9-18-2026 14:34:31-debug: lazy register asset handler render-flow
9-18-2026 14:34:31-debug: lazy register asset handler video-clip
9-18-2026 14:34:31-debug: lazy register asset handler instantiation-animation
9-18-2026 14:34:31-debug: asset-db:worker-effect-data-processing (212ms)
9-18-2026 14:34:31-debug: asset-db-hook-engine-extends-afterStartDB (213ms)
9-18-2026 14:34:31-debug: asset-db:start-database (5169ms)
9-18-2026 14:34:31-debug: asset-db:ready (9540ms)
9-18-2026 14:34:31-debug: init worker message success
9-18-2026 14:34:31-debug: programming:execute-script (217ms)
9-18-2026 14:34:31-debug: [Build Memory track]: builder:worker-init start:219.77MB, end 227.86MB, increase: 8.09MB
9-18-2026 14:34:31-debug: builder:worker-init (220ms)
9-18-2026 14:38:19-debug: refresh db internal success
9-18-2026 14:38:19-debug: %cImport%c: D:\Works\Github\BattleGame\assets\scripts\BattleWave.tsbackground: #aaff85; color: #000;color: #000;
9-18-2026 14:38:19-debug: %cImport%c: D:\Works\Github\BattleGame\assets\scripts\Unit.tsbackground: #aaff85; color: #000;color: #000;
9-18-2026 14:38:19-debug: refresh db assets success
9-18-2026 14:38:19-debug: Run asset db hook engine-extends:afterRefresh ...
9-18-2026 14:38:19-debug: Run asset db hook engine-extends:afterRefresh success!
9-18-2026 14:38:19-debug: asset-db:refresh-all-database (62ms)
9-18-2026 14:38:19-debug: asset-db:worker-effect-data-processing (2ms)
9-18-2026 14:38:19-debug: asset-db-hook-engine-extends-afterRefresh (2ms)
9-18-2026 14:38:23-debug: Query all assets info in project
9-18-2026 14:38:23-debug: init custom config: keepNodeUuid: false, useCache: true
9-18-2026 14:38:23-debug: Skip compress image, progress: 0%
9-18-2026 14:38:23-debug: Init all bundles start..., progress: 0%
9-18-2026 14:38:23-debug: Num of bundles: 2..., progress: 0%
9-18-2026 14:38:23-debug: // ---- build task Query asset bundle ----
9-18-2026 14:38:23-debug: Query asset bundle start, progress: 0%
9-18-2026 14:38:23-debug: Init bundle root assets start..., progress: 0%
9-18-2026 14:38:23-debug: Query preload assets/scripts from cc.config.json: 60f7195c-ec2a-45eb-ba94-8955f60e81d0,1c02ae6f-4492-4915-b8f8-7492a3b1e4cd,810e96e4-e456-4468-9b59-f4e8f39732c0,efe8e2a3-eace-427b-b4f1-cb8a937ec77d,e9aa9a3e-5b2b-4ac7-a2c7-073de2b2b24f,8bbdbcdd-5cd4-4100-b6d5-b7c9625b6107,50f4348b-c883-4e2f-8f11-ce233b859fa1,fda095cb-831d-4601-ad94-846013963de8,f92806d7-1768-443f-afe8-12bcde84d0f0,dd3a144d-ab7f-41f0-82b8-2e43a090d496,f0416e68-0200-4b77-a926-4f9d16e494da,511d2633-09a7-4bdd-ac42-f778032124b3,5d45aa00-e064-4938-b314-4265f0c2258c,9361fd90-ba52-4f84-aa93-6e878fd576ca,970b0598-bcb0-4714-91fb-2e81440dccd8,bcd64cc6-2dd9-43f6-abbe-66318d332032,d930590d-bb92-4cc8-8bd1-23cd027f9edf,a3cd009f-0ab0-420d-9278-b9fdab939bbc,6a2d0734-bd9e-4ddf-946e-caa52498cb75,d9937e59-61fe-4ec6-92ab-7ac5a19c89b0,d1346436-ac96-4271-b863-1f4fdead95b0,971bdb23-3ff6-43eb-b422-1c30165a3663,17debcc3-0a6b-4b8a-b00b-dc58b885581e,711ebe11-f673-4cd9-9a83-63c60ba54c5b,c0143906-9aed-447e-9436-2ae8512d1b6e,14da1725-c4c2-42b4-ab08-ee0aeb6898b3,081cab31-dccd-428e-8652-f2404cc81c47,78e0584a-4343-4727-8f37-e14e65c2a2db,871c3b6c-7379-419d-bda3-794b239ab90d,ff9b0199-ce04-4cfe-86cc-6c719f08d6e4,de1c2107-70c8-4021-8459-6399f24d01c6,cbf30902-517f-40dc-af90-a550bac27cf1,5c601d96-e4c7-4698-991b-7ee674b11079
9-18-2026 14:38:23-debug:   Number of all scenes: 1
9-18-2026 14:38:23-debug:   Number of all scripts: 42
9-18-2026 14:38:23-debug:   Number of other assets: 486
9-18-2026 14:38:23-debug: Init bundle root assets success..., progress: 0%
9-18-2026 14:38:23-debug: // ---- build task Query asset bundle ---- (8ms)
9-18-2026 14:38:23-log: run build task Query asset bundle success in 8 ms√, progress: 5%
9-18-2026 14:38:23-debug: [Build Memory track]: Query asset bundle start:223.35MB, end 223.35MB, increase: 0.12KB
9-18-2026 14:38:23-debug: Query asset bundle start, progress: 5%
9-18-2026 14:38:23-debug: // ---- build task Query asset bundle ----
9-18-2026 14:38:23-debug: // ---- build task Query asset bundle ---- (3ms)
9-18-2026 14:38:23-log: run build task Query asset bundle success in 3 ms√, progress: 10%
9-18-2026 14:38:23-debug: Sort some build options to settings.json start, progress: 10%
9-18-2026 14:38:23-debug: [Build Memory track]: Query asset bundle start:223.38MB, end 223.55MB, increase: 173.05KB
9-18-2026 14:38:23-debug: // ---- build task Sort some build options to settings.json ----
9-18-2026 14:38:23-debug: // ---- build task Sort some build options to settings.json ---- (1ms)
9-18-2026 14:38:23-log: run build task Sort some build options to settings.json success in 1 ms√, progress: 12%
9-18-2026 14:38:23-debug: [Build Memory track]: Sort some build options to settings.json start:223.59MB, end 223.63MB, increase: 33.20KB
9-18-2026 14:38:23-debug: // ---- build task Fill script data to settings ----
9-18-2026 14:38:23-debug: Fill script data to settings start, progress: 12%
9-18-2026 14:38:23-debug: // ---- build task Fill script data to settings ---- (1ms)
9-18-2026 14:38:23-log: run build task Fill script data to settings success in 1 ms√, progress: 13%
9-18-2026 14:38:23-debug: [Build Memory track]: Fill script data to settings start:223.67MB, end 223.71MB, increase: 35.11KB
9-18-2026 14:38:23-debug: // ---- build task Sort some build options to settings.json ----
9-18-2026 14:38:23-debug: Sort some build options to settings.json start, progress: 13%
9-18-2026 14:38:23-debug: // ---- build task Sort some build options to settings.json ---- (7ms)
9-18-2026 14:38:23-log: run build task Sort some build options to settings.json success in 7 ms√, progress: 15%
9-18-2026 14:38:23-debug: [Build Memory track]: Sort some build options to settings.json start:223.75MB, end 223.22MB, increase: -540.18KB
9-18-2026 14:38:29-debug: Query all assets info in project
9-18-2026 14:38:29-debug: init custom config: keepNodeUuid: false, useCache: true
9-18-2026 14:38:29-debug: Skip compress image, progress: 0%
9-18-2026 14:38:29-debug: Num of bundles: 2..., progress: 0%
9-18-2026 14:38:29-debug: Init all bundles start..., progress: 0%
9-18-2026 14:38:29-debug: Init bundle root assets start..., progress: 0%
9-18-2026 14:38:29-debug: Query asset bundle start, progress: 0%
9-18-2026 14:38:29-debug: // ---- build task Query asset bundle ----
9-18-2026 14:38:29-debug: Query preload assets/scripts from cc.config.json: 60f7195c-ec2a-45eb-ba94-8955f60e81d0,1c02ae6f-4492-4915-b8f8-7492a3b1e4cd,810e96e4-e456-4468-9b59-f4e8f39732c0,efe8e2a3-eace-427b-b4f1-cb8a937ec77d,e9aa9a3e-5b2b-4ac7-a2c7-073de2b2b24f,8bbdbcdd-5cd4-4100-b6d5-b7c9625b6107,50f4348b-c883-4e2f-8f11-ce233b859fa1,fda095cb-831d-4601-ad94-846013963de8,f92806d7-1768-443f-afe8-12bcde84d0f0,dd3a144d-ab7f-41f0-82b8-2e43a090d496,f0416e68-0200-4b77-a926-4f9d16e494da,511d2633-09a7-4bdd-ac42-f778032124b3,5d45aa00-e064-4938-b314-4265f0c2258c,9361fd90-ba52-4f84-aa93-6e878fd576ca,970b0598-bcb0-4714-91fb-2e81440dccd8,bcd64cc6-2dd9-43f6-abbe-66318d332032,d930590d-bb92-4cc8-8bd1-23cd027f9edf,a3cd009f-0ab0-420d-9278-b9fdab939bbc,6a2d0734-bd9e-4ddf-946e-caa52498cb75,d9937e59-61fe-4ec6-92ab-7ac5a19c89b0,d1346436-ac96-4271-b863-1f4fdead95b0,971bdb23-3ff6-43eb-b422-1c30165a3663,17debcc3-0a6b-4b8a-b00b-dc58b885581e,711ebe11-f673-4cd9-9a83-63c60ba54c5b,c0143906-9aed-447e-9436-2ae8512d1b6e,14da1725-c4c2-42b4-ab08-ee0aeb6898b3,081cab31-dccd-428e-8652-f2404cc81c47,78e0584a-4343-4727-8f37-e14e65c2a2db,871c3b6c-7379-419d-bda3-794b239ab90d,ff9b0199-ce04-4cfe-86cc-6c719f08d6e4,de1c2107-70c8-4021-8459-6399f24d01c6,cbf30902-517f-40dc-af90-a550bac27cf1,5c601d96-e4c7-4698-991b-7ee674b11079
9-18-2026 14:38:29-debug:   Number of all scenes: 1
9-18-2026 14:38:29-debug:   Number of all scripts: 42
9-18-2026 14:38:29-debug:   Number of other assets: 486
9-18-2026 14:38:29-debug: Init bundle root assets success..., progress: 0%
9-18-2026 14:38:29-debug: // ---- build task Query asset bundle ---- (6ms)
9-18-2026 14:38:29-log: run build task Query asset bundle success in 6 ms√, progress: 5%
9-18-2026 14:38:29-debug: [Build Memory track]: Query asset bundle start:223.91MB, end 223.73MB, increase: -178.87KB
9-18-2026 14:38:29-debug: // ---- build task Query asset bundle ----
9-18-2026 14:38:29-debug: Query asset bundle start, progress: 5%
9-18-2026 14:38:29-debug: // ---- build task Query asset bundle ---- (2ms)
9-18-2026 14:38:29-log: run build task Query asset bundle success in 2 ms√, progress: 10%
9-18-2026 14:38:29-debug: [Build Memory track]: Query asset bundle start:223.77MB, end 223.92MB, increase: 149.93KB
9-18-2026 14:38:29-debug: // ---- build task Sort some build options to settings.json ----
9-18-2026 14:38:29-debug: Sort some build options to settings.json start, progress: 10%
9-18-2026 14:38:29-debug: // ---- build task Sort some build options to settings.json ---- (2ms)
9-18-2026 14:38:29-debug: [Build Memory track]: Sort some build options to settings.json start:223.96MB, end 224.01MB, increase: 42.38KB
9-18-2026 14:38:29-log: run build task Sort some build options to settings.json success in 2 ms√, progress: 12%
9-18-2026 14:38:29-debug: Fill script data to settings start, progress: 12%
9-18-2026 14:38:29-debug: // ---- build task Fill script data to settings ----
9-18-2026 14:38:29-debug: // ---- build task Fill script data to settings ---- (2ms)
9-18-2026 14:38:29-log: run build task Fill script data to settings success in 2 ms√, progress: 13%
9-18-2026 14:38:29-debug: [Build Memory track]: Fill script data to settings start:224.04MB, end 224.08MB, increase: 37.38KB
9-18-2026 14:38:29-debug: Sort some build options to settings.json start, progress: 13%
9-18-2026 14:38:29-debug: // ---- build task Sort some build options to settings.json ----
9-18-2026 14:38:29-debug: // ---- build task Sort some build options to settings.json ---- (4ms)
9-18-2026 14:38:29-log: run build task Sort some build options to settings.json success in 4 ms√, progress: 15%
9-18-2026 14:38:29-debug: [Build Memory track]: Sort some build options to settings.json start:224.12MB, end 223.48MB, increase: -655.48KB
9-18-2026 14:50:32-debug: refresh db internal success
9-18-2026 14:50:32-debug: %cImport%c: D:\Works\Github\BattleGame\assets\scripts\BattleWave.tsbackground: #aaff85; color: #000;color: #000;
9-18-2026 14:50:32-debug: refresh db assets success
9-18-2026 14:50:32-debug: Run asset db hook engine-extends:afterRefresh ...
9-18-2026 14:50:32-debug: Run asset db hook engine-extends:afterRefresh success!
9-18-2026 14:50:32-debug: asset-db:refresh-all-database (55ms)
9-18-2026 14:50:32-debug: asset-db:worker-effect-data-processing (1ms)
9-18-2026 14:50:32-debug: asset-db-hook-engine-extends-afterRefresh (2ms)
9-18-2026 14:50:33-debug: Query all assets info in project
9-18-2026 14:50:33-debug: init custom config: keepNodeUuid: false, useCache: true
9-18-2026 14:50:33-debug: Skip compress image, progress: 0%
9-18-2026 14:50:33-debug: Init all bundles start..., progress: 0%
9-18-2026 14:50:33-debug: // ---- build task Query asset bundle ----
9-18-2026 14:50:33-debug: Init bundle root assets start..., progress: 0%
9-18-2026 14:50:33-debug: Query asset bundle start, progress: 0%
9-18-2026 14:50:33-debug: Num of bundles: 2..., progress: 0%
9-18-2026 14:50:33-debug: Query preload assets/scripts from cc.config.json: 60f7195c-ec2a-45eb-ba94-8955f60e81d0,1c02ae6f-4492-4915-b8f8-7492a3b1e4cd,810e96e4-e456-4468-9b59-f4e8f39732c0,efe8e2a3-eace-427b-b4f1-cb8a937ec77d,e9aa9a3e-5b2b-4ac7-a2c7-073de2b2b24f,8bbdbcdd-5cd4-4100-b6d5-b7c9625b6107,50f4348b-c883-4e2f-8f11-ce233b859fa1,fda095cb-831d-4601-ad94-846013963de8,f92806d7-1768-443f-afe8-12bcde84d0f0,dd3a144d-ab7f-41f0-82b8-2e43a090d496,f0416e68-0200-4b77-a926-4f9d16e494da,511d2633-09a7-4bdd-ac42-f778032124b3,5d45aa00-e064-4938-b314-4265f0c2258c,9361fd90-ba52-4f84-aa93-6e878fd576ca,970b0598-bcb0-4714-91fb-2e81440dccd8,bcd64cc6-2dd9-43f6-abbe-66318d332032,d930590d-bb92-4cc8-8bd1-23cd027f9edf,a3cd009f-0ab0-420d-9278-b9fdab939bbc,6a2d0734-bd9e-4ddf-946e-caa52498cb75,d9937e59-61fe-4ec6-92ab-7ac5a19c89b0,d1346436-ac96-4271-b863-1f4fdead95b0,971bdb23-3ff6-43eb-b422-1c30165a3663,17debcc3-0a6b-4b8a-b00b-dc58b885581e,711ebe11-f673-4cd9-9a83-63c60ba54c5b,c0143906-9aed-447e-9436-2ae8512d1b6e,14da1725-c4c2-42b4-ab08-ee0aeb6898b3,081cab31-dccd-428e-8652-f2404cc81c47,78e0584a-4343-4727-8f37-e14e65c2a2db,871c3b6c-7379-419d-bda3-794b239ab90d,ff9b0199-ce04-4cfe-86cc-6c719f08d6e4,de1c2107-70c8-4021-8459-6399f24d01c6,cbf30902-517f-40dc-af90-a550bac27cf1,5c601d96-e4c7-4698-991b-7ee674b11079
9-18-2026 14:50:33-debug:   Number of all scenes: 1
9-18-2026 14:50:33-debug:   Number of other assets: 486
9-18-2026 14:50:33-debug: Init bundle root assets success..., progress: 0%
9-18-2026 14:50:33-debug:   Number of all scripts: 42
9-18-2026 14:50:33-debug: // ---- build task Query asset bundle ---- (8ms)
9-18-2026 14:50:33-debug: [Build Memory track]: Query asset bundle start:225.47MB, end 225.31MB, increase: -168.85KB
9-18-2026 14:50:33-debug: // ---- build task Query asset bundle ----
9-18-2026 14:50:33-log: run build task Query asset bundle success in 8 ms√, progress: 5%
9-18-2026 14:50:33-debug: Query asset bundle start, progress: 5%
9-18-2026 14:50:33-debug: // ---- build task Query asset bundle ---- (5ms)
9-18-2026 14:50:33-log: run build task Query asset bundle success in 5 ms√, progress: 10%
9-18-2026 14:50:33-debug: [Build Memory track]: Query asset bundle start:225.35MB, end 225.51MB, increase: 166.98KB
9-18-2026 14:50:33-debug: // ---- build task Sort some build options to settings.json ----
9-18-2026 14:50:33-debug: Sort some build options to settings.json start, progress: 10%
9-18-2026 14:50:33-debug: // ---- build task Sort some build options to settings.json ---- (3ms)
9-18-2026 14:50:33-log: run build task Sort some build options to settings.json success in 3 ms√, progress: 12%
9-18-2026 14:50:33-debug: [Build Memory track]: Sort some build options to settings.json start:225.55MB, end 225.58MB, increase: 33.45KB
9-18-2026 14:50:33-debug: Fill script data to settings start, progress: 12%
9-18-2026 14:50:33-debug: // ---- build task Fill script data to settings ----
9-18-2026 14:50:33-debug: // ---- build task Fill script data to settings ---- (1ms)
9-18-2026 14:50:33-log: run build task Fill script data to settings success in 1 ms√, progress: 13%
9-18-2026 14:50:33-debug: [Build Memory track]: Fill script data to settings start:226.04MB, end 225.67MB, increase: -375.01KB
9-18-2026 14:50:33-debug: Sort some build options to settings.json start, progress: 13%
9-18-2026 14:50:33-debug: // ---- build task Sort some build options to settings.json ----
9-18-2026 14:50:33-debug: // ---- build task Sort some build options to settings.json ---- (6ms)
9-18-2026 14:50:33-log: run build task Sort some build options to settings.json success in 6 ms√, progress: 15%
9-18-2026 14:50:33-debug: [Build Memory track]: Sort some build options to settings.json start:225.71MB, end 225.86MB, increase: 153.17KB
9-18-2026 14:50:35-debug: %cImport%c: D:\Works\Github\BattleGame\assets\Battle.scenebackground: #aaff85; color: #000;color: #000;
9-18-2026 14:50:35-debug: asset-db:reimport-asset1effe86e-a401-4769-9dbc-62218c68834d (16ms)
9-18-2026 14:50:36-debug: Query all assets info in project
9-18-2026 14:50:36-debug: init custom config: keepNodeUuid: false, useCache: true
9-18-2026 14:50:36-debug: Skip compress image, progress: 0%
9-18-2026 14:50:36-debug: Init all bundles start..., progress: 0%
9-18-2026 14:50:36-debug: Num of bundles: 2..., progress: 0%
9-18-2026 14:50:36-debug: // ---- build task Query asset bundle ----
9-18-2026 14:50:36-debug: Init bundle root assets start..., progress: 0%
9-18-2026 14:50:36-debug: Query asset bundle start, progress: 0%
9-18-2026 14:50:36-debug: Query preload assets/scripts from cc.config.json: 60f7195c-ec2a-45eb-ba94-8955f60e81d0,1c02ae6f-4492-4915-b8f8-7492a3b1e4cd,810e96e4-e456-4468-9b59-f4e8f39732c0,efe8e2a3-eace-427b-b4f1-cb8a937ec77d,e9aa9a3e-5b2b-4ac7-a2c7-073de2b2b24f,8bbdbcdd-5cd4-4100-b6d5-b7c9625b6107,50f4348b-c883-4e2f-8f11-ce233b859fa1,fda095cb-831d-4601-ad94-846013963de8,f92806d7-1768-443f-afe8-12bcde84d0f0,dd3a144d-ab7f-41f0-82b8-2e43a090d496,f0416e68-0200-4b77-a926-4f9d16e494da,511d2633-09a7-4bdd-ac42-f778032124b3,5d45aa00-e064-4938-b314-4265f0c2258c,9361fd90-ba52-4f84-aa93-6e878fd576ca,970b0598-bcb0-4714-91fb-2e81440dccd8,bcd64cc6-2dd9-43f6-abbe-66318d332032,d930590d-bb92-4cc8-8bd1-23cd027f9edf,a3cd009f-0ab0-420d-9278-b9fdab939bbc,6a2d0734-bd9e-4ddf-946e-caa52498cb75,d9937e59-61fe-4ec6-92ab-7ac5a19c89b0,d1346436-ac96-4271-b863-1f4fdead95b0,971bdb23-3ff6-43eb-b422-1c30165a3663,17debcc3-0a6b-4b8a-b00b-dc58b885581e,711ebe11-f673-4cd9-9a83-63c60ba54c5b,c0143906-9aed-447e-9436-2ae8512d1b6e,14da1725-c4c2-42b4-ab08-ee0aeb6898b3,081cab31-dccd-428e-8652-f2404cc81c47,78e0584a-4343-4727-8f37-e14e65c2a2db,871c3b6c-7379-419d-bda3-794b239ab90d,ff9b0199-ce04-4cfe-86cc-6c719f08d6e4,de1c2107-70c8-4021-8459-6399f24d01c6,cbf30902-517f-40dc-af90-a550bac27cf1,5c601d96-e4c7-4698-991b-7ee674b11079
9-18-2026 14:50:36-debug:   Number of all scenes: 1
9-18-2026 14:50:36-debug:   Number of all scripts: 42
9-18-2026 14:50:36-debug:   Number of other assets: 486
9-18-2026 14:50:36-debug: Init bundle root assets success..., progress: 0%
9-18-2026 14:50:36-debug: // ---- build task Query asset bundle ---- (6ms)
9-18-2026 14:50:36-log: run build task Query asset bundle success in 6 ms√, progress: 5%
9-18-2026 14:50:36-debug: [Build Memory track]: Query asset bundle start:226.15MB, end 226.02MB, increase: -138.40KB
9-18-2026 14:50:36-debug: Query asset bundle start, progress: 5%
9-18-2026 14:50:36-debug: // ---- build task Query asset bundle ----
9-18-2026 14:50:36-debug: // ---- build task Query asset bundle ---- (4ms)
9-18-2026 14:50:36-log: run build task Query asset bundle success in 4 ms√, progress: 10%
9-18-2026 14:50:36-debug: [Build Memory track]: Query asset bundle start:226.05MB, end 226.20MB, increase: 152.34KB
9-18-2026 14:50:36-debug: Sort some build options to settings.json start, progress: 10%
9-18-2026 14:50:36-debug: // ---- build task Sort some build options to settings.json ----
9-18-2026 14:50:36-debug: // ---- build task Sort some build options to settings.json ---- (1ms)
9-18-2026 14:50:36-debug: [Build Memory track]: Sort some build options to settings.json start:226.24MB, end 226.27MB, increase: 33.92KB
9-18-2026 14:50:36-debug: Fill script data to settings start, progress: 12%
9-18-2026 14:50:36-log: run build task Sort some build options to settings.json success in 1 ms√, progress: 12%
9-18-2026 14:50:36-debug: // ---- build task Fill script data to settings ----
9-18-2026 14:50:36-debug: // ---- build task Fill script data to settings ---- (2ms)
9-18-2026 14:50:36-log: run build task Fill script data to settings success in 2 ms√, progress: 13%
9-18-2026 14:50:36-debug: [Build Memory track]: Fill script data to settings start:226.31MB, end 226.35MB, increase: 33.12KB
9-18-2026 14:50:36-debug: // ---- build task Sort some build options to settings.json ----
9-18-2026 14:50:36-debug: Sort some build options to settings.json start, progress: 13%
9-18-2026 14:50:36-log: run build task Sort some build options to settings.json success in 5 ms√, progress: 15%
9-18-2026 14:50:36-debug: [Build Memory track]: Sort some build options to settings.json start:226.39MB, end 226.52MB, increase: 133.40KB
9-18-2026 14:50:36-debug: // ---- build task Sort some build options to settings.json ---- (5ms)
9-18-2026 14:54:20-debug: refresh db internal success
9-18-2026 14:54:20-debug: Run asset db hook engine-extends:afterRefresh ...
9-18-2026 14:54:20-debug: Run asset db hook engine-extends:afterRefresh success!
9-18-2026 14:54:20-debug: refresh db assets success
9-18-2026 14:54:20-debug: asset-db:refresh-all-database (70ms)
9-18-2026 14:54:20-debug: asset-db:worker-effect-data-processing (1ms)
9-18-2026 14:54:20-debug: asset-db-hook-engine-extends-afterRefresh (1ms)
9-18-2026 15:06:09-debug: refresh db internal success
9-18-2026 15:06:09-debug: %cImport%c: D:\Works\Github\BattleGame\assets\scripts\BattleWave.tsbackground: #aaff85; color: #000;color: #000;
9-18-2026 15:06:09-debug: refresh db assets success
9-18-2026 15:06:09-debug: Run asset db hook engine-extends:afterRefresh ...
9-18-2026 15:06:09-debug: Run asset db hook engine-extends:afterRefresh success!
9-18-2026 15:06:09-debug: asset-db:refresh-all-database (57ms)
9-18-2026 15:06:09-debug: asset-db:worker-effect-data-processing (1ms)
9-18-2026 15:06:09-debug: asset-db-hook-engine-extends-afterRefresh (3ms)
9-18-2026 15:06:11-debug: Query all assets info in project
9-18-2026 15:06:11-debug: init custom config: keepNodeUuid: false, useCache: true
9-18-2026 15:06:11-debug: Skip compress image, progress: 0%
9-18-2026 15:06:11-debug: Init all bundles start..., progress: 0%
9-18-2026 15:06:11-debug: Num of bundles: 2..., progress: 0%
9-18-2026 15:06:11-debug: Query asset bundle start, progress: 0%
9-18-2026 15:06:11-debug: // ---- build task Query asset bundle ----
9-18-2026 15:06:11-debug: Init bundle root assets start..., progress: 0%
9-18-2026 15:06:11-debug: Query preload assets/scripts from cc.config.json: 60f7195c-ec2a-45eb-ba94-8955f60e81d0,1c02ae6f-4492-4915-b8f8-7492a3b1e4cd,810e96e4-e456-4468-9b59-f4e8f39732c0,efe8e2a3-eace-427b-b4f1-cb8a937ec77d,e9aa9a3e-5b2b-4ac7-a2c7-073de2b2b24f,8bbdbcdd-5cd4-4100-b6d5-b7c9625b6107,50f4348b-c883-4e2f-8f11-ce233b859fa1,fda095cb-831d-4601-ad94-846013963de8,f92806d7-1768-443f-afe8-12bcde84d0f0,dd3a144d-ab7f-41f0-82b8-2e43a090d496,f0416e68-0200-4b77-a926-4f9d16e494da,511d2633-09a7-4bdd-ac42-f778032124b3,5d45aa00-e064-4938-b314-4265f0c2258c,9361fd90-ba52-4f84-aa93-6e878fd576ca,970b0598-bcb0-4714-91fb-2e81440dccd8,bcd64cc6-2dd9-43f6-abbe-66318d332032,d930590d-bb92-4cc8-8bd1-23cd027f9edf,a3cd009f-0ab0-420d-9278-b9fdab939bbc,6a2d0734-bd9e-4ddf-946e-caa52498cb75,d9937e59-61fe-4ec6-92ab-7ac5a19c89b0,d1346436-ac96-4271-b863-1f4fdead95b0,971bdb23-3ff6-43eb-b422-1c30165a3663,17debcc3-0a6b-4b8a-b00b-dc58b885581e,711ebe11-f673-4cd9-9a83-63c60ba54c5b,c0143906-9aed-447e-9436-2ae8512d1b6e,14da1725-c4c2-42b4-ab08-ee0aeb6898b3,081cab31-dccd-428e-8652-f2404cc81c47,78e0584a-4343-4727-8f37-e14e65c2a2db,871c3b6c-7379-419d-bda3-794b239ab90d,ff9b0199-ce04-4cfe-86cc-6c719f08d6e4,de1c2107-70c8-4021-8459-6399f24d01c6,cbf30902-517f-40dc-af90-a550bac27cf1,5c601d96-e4c7-4698-991b-7ee674b11079
9-18-2026 15:06:11-debug:   Number of other assets: 486
9-18-2026 15:06:11-debug:   Number of all scenes: 1
9-18-2026 15:06:11-debug: Init bundle root assets success..., progress: 0%
9-18-2026 15:06:11-debug:   Number of all scripts: 42
9-18-2026 15:06:11-debug: // ---- build task Query asset bundle ---- (6ms)
9-18-2026 15:06:11-log: run build task Query asset bundle success in 6 ms√, progress: 5%
9-18-2026 15:06:11-debug: [Build Memory track]: Query asset bundle start:230.53MB, end 229.64MB, increase: -911.38KB
9-18-2026 15:06:11-debug: Query asset bundle start, progress: 5%
9-18-2026 15:06:11-debug: // ---- build task Query asset bundle ----
9-18-2026 15:06:11-debug: // ---- build task Query asset bundle ---- (4ms)
9-18-2026 15:06:11-debug: [Build Memory track]: Query asset bundle start:229.68MB, end 229.83MB, increase: 148.20KB
9-18-2026 15:06:11-log: run build task Query asset bundle success in 4 ms√, progress: 10%
9-18-2026 15:06:11-debug: Sort some build options to settings.json start, progress: 10%
9-18-2026 15:06:11-debug: // ---- build task Sort some build options to settings.json ----
9-18-2026 15:06:11-debug: // ---- build task Sort some build options to settings.json ---- (1ms)
9-18-2026 15:06:11-log: run build task Sort some build options to settings.json success in 1 ms√, progress: 12%
9-18-2026 15:06:11-debug: [Build Memory track]: Sort some build options to settings.json start:229.87MB, end 229.91MB, increase: 42.27KB
9-18-2026 15:06:11-debug: // ---- build task Fill script data to settings ----
9-18-2026 15:06:11-debug: Fill script data to settings start, progress: 12%
9-18-2026 15:06:11-debug: // ---- build task Fill script data to settings ---- (1ms)
9-18-2026 15:06:11-log: run build task Fill script data to settings success in 1 ms√, progress: 13%
9-18-2026 15:06:11-debug: [Build Memory track]: Fill script data to settings start:229.95MB, end 230.16MB, increase: 218.85KB
9-18-2026 15:06:11-debug: Sort some build options to settings.json start, progress: 13%
9-18-2026 15:06:11-debug: // ---- build task Sort some build options to settings.json ----
9-18-2026 15:06:11-debug: // ---- build task Sort some build options to settings.json ---- (4ms)
9-18-2026 15:06:11-log: run build task Sort some build options to settings.json success in 4 ms√, progress: 15%
9-18-2026 15:06:11-debug: [Build Memory track]: Sort some build options to settings.json start:230.02MB, end 230.15MB, increase: 137.89KB
9-18-2026 15:06:13-debug: %cImport%c: D:\Works\Github\BattleGame\assets\Battle.scenebackground: #aaff85; color: #000;color: #000;
9-18-2026 15:06:13-debug: asset-db:reimport-asset1effe86e-a401-4769-9dbc-62218c68834d (15ms)
9-18-2026 15:06:13-debug: Query all assets info in project
9-18-2026 15:06:13-debug: init custom config: keepNodeUuid: false, useCache: true
9-18-2026 15:06:13-debug: Skip compress image, progress: 0%
9-18-2026 15:06:13-debug: Init all bundles start..., progress: 0%
9-18-2026 15:06:13-debug: // ---- build task Query asset bundle ----
9-18-2026 15:06:13-debug: Query asset bundle start, progress: 0%
9-18-2026 15:06:13-debug: Init bundle root assets start..., progress: 0%
9-18-2026 15:06:13-debug: Num of bundles: 2..., progress: 0%
9-18-2026 15:06:13-debug: Query preload assets/scripts from cc.config.json: 60f7195c-ec2a-45eb-ba94-8955f60e81d0,1c02ae6f-4492-4915-b8f8-7492a3b1e4cd,810e96e4-e456-4468-9b59-f4e8f39732c0,efe8e2a3-eace-427b-b4f1-cb8a937ec77d,e9aa9a3e-5b2b-4ac7-a2c7-073de2b2b24f,8bbdbcdd-5cd4-4100-b6d5-b7c9625b6107,50f4348b-c883-4e2f-8f11-ce233b859fa1,fda095cb-831d-4601-ad94-846013963de8,f92806d7-1768-443f-afe8-12bcde84d0f0,dd3a144d-ab7f-41f0-82b8-2e43a090d496,f0416e68-0200-4b77-a926-4f9d16e494da,511d2633-09a7-4bdd-ac42-f778032124b3,5d45aa00-e064-4938-b314-4265f0c2258c,9361fd90-ba52-4f84-aa93-6e878fd576ca,970b0598-bcb0-4714-91fb-2e81440dccd8,bcd64cc6-2dd9-43f6-abbe-66318d332032,d930590d-bb92-4cc8-8bd1-23cd027f9edf,a3cd009f-0ab0-420d-9278-b9fdab939bbc,6a2d0734-bd9e-4ddf-946e-caa52498cb75,d9937e59-61fe-4ec6-92ab-7ac5a19c89b0,d1346436-ac96-4271-b863-1f4fdead95b0,971bdb23-3ff6-43eb-b422-1c30165a3663,17debcc3-0a6b-4b8a-b00b-dc58b885581e,711ebe11-f673-4cd9-9a83-63c60ba54c5b,c0143906-9aed-447e-9436-2ae8512d1b6e,14da1725-c4c2-42b4-ab08-ee0aeb6898b3,081cab31-dccd-428e-8652-f2404cc81c47,78e0584a-4343-4727-8f37-e14e65c2a2db,871c3b6c-7379-419d-bda3-794b239ab90d,ff9b0199-ce04-4cfe-86cc-6c719f08d6e4,de1c2107-70c8-4021-8459-6399f24d01c6,cbf30902-517f-40dc-af90-a550bac27cf1,5c601d96-e4c7-4698-991b-7ee674b11079
9-18-2026 15:06:13-debug:   Number of all scenes: 1
9-18-2026 15:06:13-debug:   Number of all scripts: 42
9-18-2026 15:06:13-debug: Init bundle root assets success..., progress: 0%
9-18-2026 15:06:13-debug:   Number of other assets: 486
9-18-2026 15:06:13-debug: // ---- build task Query asset bundle ---- (8ms)
9-18-2026 15:06:13-log: run build task Query asset bundle success in 8 ms√, progress: 5%
9-18-2026 15:06:13-debug: Query asset bundle start, progress: 5%
9-18-2026 15:06:13-debug: [Build Memory track]: Query asset bundle start:230.48MB, end 229.45MB, increase: -1061.54KB
9-18-2026 15:06:13-debug: // ---- build task Query asset bundle ----
9-18-2026 15:06:13-debug: // ---- build task Query asset bundle ---- (6ms)
9-18-2026 15:06:13-debug: [Build Memory track]: Query asset bundle start:229.85MB, end 229.63MB, increase: -218.75KB
9-18-2026 15:06:13-log: run build task Query asset bundle success in 6 ms√, progress: 10%
9-18-2026 15:06:13-debug: // ---- build task Sort some build options to settings.json ----
9-18-2026 15:06:13-debug: Sort some build options to settings.json start, progress: 10%
9-18-2026 15:06:13-debug: // ---- build task Sort some build options to settings.json ---- (3ms)
9-18-2026 15:06:13-log: run build task Sort some build options to settings.json success in 3 ms√, progress: 12%
9-18-2026 15:06:13-debug: [Build Memory track]: Sort some build options to settings.json start:229.67MB, end 229.70MB, increase: 33.86KB
9-18-2026 15:06:13-debug: Fill script data to settings start, progress: 12%
9-18-2026 15:06:13-debug: // ---- build task Fill script data to settings ----
9-18-2026 15:06:13-debug: // ---- build task Fill script data to settings ---- (3ms)
9-18-2026 15:06:13-log: run build task Fill script data to settings success in 3 ms√, progress: 13%
9-18-2026 15:06:13-debug: [Build Memory track]: Fill script data to settings start:229.74MB, end 229.91MB, increase: 168.04KB
9-18-2026 15:06:13-debug: Sort some build options to settings.json start, progress: 13%
9-18-2026 15:06:13-debug: // ---- build task Sort some build options to settings.json ----
9-18-2026 15:06:13-debug: // ---- build task Sort some build options to settings.json ---- (6ms)
9-18-2026 15:06:13-log: run build task Sort some build options to settings.json success in 6 ms√, progress: 15%
9-18-2026 15:06:13-debug: [Build Memory track]: Sort some build options to settings.json start:229.95MB, end 229.96MB, increase: 11.04KB
9-18-2026 15:11:57-debug: refresh db internal success
9-18-2026 15:11:57-debug: refresh db assets success
9-18-2026 15:11:57-debug: Run asset db hook engine-extends:afterRefresh ...
9-18-2026 15:11:57-debug: Run asset db hook engine-extends:afterRefresh success!
9-18-2026 15:11:57-debug: asset-db:refresh-all-database (56ms)
9-18-2026 15:11:57-debug: asset-db:worker-effect-data-processing (1ms)
9-18-2026 15:11:57-debug: asset-db-hook-engine-extends-afterRefresh (1ms)
9-18-2026 15:16:23-debug: refresh db internal success
9-18-2026 15:16:23-debug: refresh db assets success
9-18-2026 15:16:23-debug: Run asset db hook engine-extends:afterRefresh ...
9-18-2026 15:16:23-debug: Run asset db hook engine-extends:afterRefresh success!
9-18-2026 15:16:23-debug: asset-db:refresh-all-database (46ms)
9-18-2026 15:16:23-debug: asset-db:worker-effect-data-processing (1ms)
9-18-2026 15:16:23-debug: asset-db-hook-engine-extends-afterRefresh (1ms)
9-18-2026 16:58:32-debug: refresh db internal success
9-18-2026 16:58:32-debug: %cImport%c: D:\Works\Github\BattleGame\assets\scripts\BattleWave.tsbackground: #aaff85; color: #000;color: #000;
9-18-2026 16:58:32-debug: %cImport%c: D:\Works\Github\BattleGame\assets\scripts\GameManager.tsbackground: #aaff85; color: #000;color: #000;
9-18-2026 16:58:32-debug: refresh db assets success
9-18-2026 16:58:32-debug: Run asset db hook engine-extends:afterRefresh ...
9-18-2026 16:58:32-debug: Run asset db hook engine-extends:afterRefresh success!
9-18-2026 16:58:32-debug: asset-db:refresh-all-database (56ms)
9-18-2026 16:58:32-debug: asset-db-hook-engine-extends-afterRefresh (2ms)
9-18-2026 16:58:35-debug: Query all assets info in project
9-18-2026 16:58:35-debug: init custom config: keepNodeUuid: false, useCache: true
9-18-2026 16:58:35-debug: Skip compress image, progress: 0%
9-18-2026 16:58:35-debug: Num of bundles: 2..., progress: 0%
9-18-2026 16:58:35-debug: Init all bundles start..., progress: 0%
9-18-2026 16:58:35-debug: // ---- build task Query asset bundle ----
9-18-2026 16:58:35-debug: Init bundle root assets start..., progress: 0%
9-18-2026 16:58:35-debug: Query asset bundle start, progress: 0%
9-18-2026 16:58:35-debug: Query preload assets/scripts from cc.config.json: 60f7195c-ec2a-45eb-ba94-8955f60e81d0,1c02ae6f-4492-4915-b8f8-7492a3b1e4cd,810e96e4-e456-4468-9b59-f4e8f39732c0,efe8e2a3-eace-427b-b4f1-cb8a937ec77d,e9aa9a3e-5b2b-4ac7-a2c7-073de2b2b24f,8bbdbcdd-5cd4-4100-b6d5-b7c9625b6107,50f4348b-c883-4e2f-8f11-ce233b859fa1,fda095cb-831d-4601-ad94-846013963de8,f92806d7-1768-443f-afe8-12bcde84d0f0,dd3a144d-ab7f-41f0-82b8-2e43a090d496,f0416e68-0200-4b77-a926-4f9d16e494da,511d2633-09a7-4bdd-ac42-f778032124b3,5d45aa00-e064-4938-b314-4265f0c2258c,9361fd90-ba52-4f84-aa93-6e878fd576ca,970b0598-bcb0-4714-91fb-2e81440dccd8,bcd64cc6-2dd9-43f6-abbe-66318d332032,d930590d-bb92-4cc8-8bd1-23cd027f9edf,a3cd009f-0ab0-420d-9278-b9fdab939bbc,6a2d0734-bd9e-4ddf-946e-caa52498cb75,d9937e59-61fe-4ec6-92ab-7ac5a19c89b0,d1346436-ac96-4271-b863-1f4fdead95b0,971bdb23-3ff6-43eb-b422-1c30165a3663,17debcc3-0a6b-4b8a-b00b-dc58b885581e,711ebe11-f673-4cd9-9a83-63c60ba54c5b,c0143906-9aed-447e-9436-2ae8512d1b6e,14da1725-c4c2-42b4-ab08-ee0aeb6898b3,081cab31-dccd-428e-8652-f2404cc81c47,78e0584a-4343-4727-8f37-e14e65c2a2db,871c3b6c-7379-419d-bda3-794b239ab90d,ff9b0199-ce04-4cfe-86cc-6c719f08d6e4,de1c2107-70c8-4021-8459-6399f24d01c6,cbf30902-517f-40dc-af90-a550bac27cf1,5c601d96-e4c7-4698-991b-7ee674b11079
9-18-2026 16:58:35-debug:   Number of all scenes: 1
9-18-2026 16:58:35-debug:   Number of other assets: 486
9-18-2026 16:58:35-debug: Init bundle root assets success..., progress: 0%
9-18-2026 16:58:35-debug:   Number of all scripts: 42
9-18-2026 16:58:35-debug: // ---- build task Query asset bundle ---- (5ms)
9-18-2026 16:58:35-log: run build task Query asset bundle success in 5 ms√, progress: 5%
9-18-2026 16:58:35-debug: [Build Memory track]: Query asset bundle start:233.76MB, end 233.55MB, increase: -208.64KB
9-18-2026 16:58:35-debug: Query asset bundle start, progress: 5%
9-18-2026 16:58:35-debug: // ---- build task Query asset bundle ----
9-18-2026 16:58:35-debug: // ---- build task Query asset bundle ---- (2ms)
9-18-2026 16:58:35-debug: Sort some build options to settings.json start, progress: 10%
9-18-2026 16:58:35-log: run build task Query asset bundle success in 2 ms√, progress: 10%
9-18-2026 16:58:35-debug: [Build Memory track]: Query asset bundle start:233.58MB, end 233.72MB, increase: 139.88KB
9-18-2026 16:58:35-debug: // ---- build task Sort some build options to settings.json ----
9-18-2026 16:58:35-log: run build task Sort some build options to settings.json success in √, progress: 12%
9-18-2026 16:58:35-debug: [Build Memory track]: Sort some build options to settings.json start:233.75MB, end 233.76MB, increase: 16.49KB
9-18-2026 16:58:35-debug: // ---- build task Fill script data to settings ----
9-18-2026 16:58:35-debug: Fill script data to settings start, progress: 12%
9-18-2026 16:58:35-log: run build task Fill script data to settings success in √, progress: 13%
9-18-2026 16:58:35-debug: [Build Memory track]: Fill script data to settings start:233.80MB, end 233.81MB, increase: 16.96KB
9-18-2026 16:58:35-debug: Sort some build options to settings.json start, progress: 13%
9-18-2026 16:58:35-debug: // ---- build task Sort some build options to settings.json ----
9-18-2026 16:58:35-debug: // ---- build task Sort some build options to settings.json ---- (4ms)
9-18-2026 16:58:35-log: run build task Sort some build options to settings.json success in 4 ms√, progress: 15%
9-18-2026 16:58:35-debug: [Build Memory track]: Sort some build options to settings.json start:233.84MB, end 233.96MB, increase: 125.88KB
9-18-2026 16:58:36-debug: %cImport%c: D:\Works\Github\BattleGame\assets\Battle.scenebackground: #aaff85; color: #000;color: #000;
9-18-2026 16:58:36-debug: asset-db:reimport-asset1effe86e-a401-4769-9dbc-62218c68834d (13ms)
9-18-2026 16:58:37-debug: Query all assets info in project
9-18-2026 16:58:37-debug: init custom config: keepNodeUuid: false, useCache: true
9-18-2026 16:58:37-debug: Skip compress image, progress: 0%
9-18-2026 16:58:37-debug: Init all bundles start..., progress: 0%
9-18-2026 16:58:37-debug: Query asset bundle start, progress: 0%
9-18-2026 16:58:37-debug: // ---- build task Query asset bundle ----
9-18-2026 16:58:37-debug: Num of bundles: 2..., progress: 0%
9-18-2026 16:58:37-debug: Init bundle root assets start..., progress: 0%
9-18-2026 16:58:37-debug: Query preload assets/scripts from cc.config.json: 60f7195c-ec2a-45eb-ba94-8955f60e81d0,1c02ae6f-4492-4915-b8f8-7492a3b1e4cd,810e96e4-e456-4468-9b59-f4e8f39732c0,efe8e2a3-eace-427b-b4f1-cb8a937ec77d,e9aa9a3e-5b2b-4ac7-a2c7-073de2b2b24f,8bbdbcdd-5cd4-4100-b6d5-b7c9625b6107,50f4348b-c883-4e2f-8f11-ce233b859fa1,fda095cb-831d-4601-ad94-846013963de8,f92806d7-1768-443f-afe8-12bcde84d0f0,dd3a144d-ab7f-41f0-82b8-2e43a090d496,f0416e68-0200-4b77-a926-4f9d16e494da,511d2633-09a7-4bdd-ac42-f778032124b3,5d45aa00-e064-4938-b314-4265f0c2258c,9361fd90-ba52-4f84-aa93-6e878fd576ca,970b0598-bcb0-4714-91fb-2e81440dccd8,bcd64cc6-2dd9-43f6-abbe-66318d332032,d930590d-bb92-4cc8-8bd1-23cd027f9edf,a3cd009f-0ab0-420d-9278-b9fdab939bbc,6a2d0734-bd9e-4ddf-946e-caa52498cb75,d9937e59-61fe-4ec6-92ab-7ac5a19c89b0,d1346436-ac96-4271-b863-1f4fdead95b0,971bdb23-3ff6-43eb-b422-1c30165a3663,17debcc3-0a6b-4b8a-b00b-dc58b885581e,711ebe11-f673-4cd9-9a83-63c60ba54c5b,c0143906-9aed-447e-9436-2ae8512d1b6e,14da1725-c4c2-42b4-ab08-ee0aeb6898b3,081cab31-dccd-428e-8652-f2404cc81c47,78e0584a-4343-4727-8f37-e14e65c2a2db,871c3b6c-7379-419d-bda3-794b239ab90d,ff9b0199-ce04-4cfe-86cc-6c719f08d6e4,de1c2107-70c8-4021-8459-6399f24d01c6,cbf30902-517f-40dc-af90-a550bac27cf1,5c601d96-e4c7-4698-991b-7ee674b11079
9-18-2026 16:58:37-debug:   Number of all scenes: 1
9-18-2026 16:58:37-debug:   Number of all scripts: 42
9-18-2026 16:58:37-debug: Init bundle root assets success..., progress: 0%
9-18-2026 16:58:37-debug:   Number of other assets: 486
9-18-2026 16:58:37-debug: // ---- build task Query asset bundle ---- (4ms)
9-18-2026 16:58:37-log: run build task Query asset bundle success in 4 ms√, progress: 5%
9-18-2026 16:58:37-debug: [Build Memory track]: Query asset bundle start:234.00MB, end 234.70MB, increase: 721.33KB
9-18-2026 16:58:37-debug: Query asset bundle start, progress: 5%
9-18-2026 16:58:37-debug: // ---- build task Query asset bundle ----
9-18-2026 16:58:37-debug: // ---- build task Query asset bundle ---- (2ms)
9-18-2026 16:58:37-log: run build task Query asset bundle success in 2 ms√, progress: 10%
9-18-2026 16:58:37-debug: [Build Memory track]: Query asset bundle start:234.73MB, end 234.87MB, increase: 140.80KB
9-18-2026 16:58:37-debug: // ---- build task Sort some build options to settings.json ----
9-18-2026 16:58:37-debug: Sort some build options to settings.json start, progress: 10%
9-18-2026 16:58:37-debug: // ---- build task Sort some build options to settings.json ---- (1ms)
9-18-2026 16:58:37-log: run build task Sort some build options to settings.json success in 1 ms√, progress: 12%
9-18-2026 16:58:37-debug: [Build Memory track]: Sort some build options to settings.json start:234.89MB, end 234.92MB, increase: 26.61KB
9-18-2026 16:58:37-debug: // ---- build task Fill script data to settings ----
9-18-2026 16:58:37-debug: Fill script data to settings start, progress: 12%
9-18-2026 16:58:37-debug: // ---- build task Fill script data to settings ---- (2ms)
9-18-2026 16:58:37-log: run build task Fill script data to settings success in 2 ms√, progress: 13%
9-18-2026 16:58:37-debug: [Build Memory track]: Fill script data to settings start:234.95MB, end 234.98MB, increase: 27.02KB
9-18-2026 16:58:37-debug: Sort some build options to settings.json start, progress: 13%
9-18-2026 16:58:37-debug: // ---- build task Sort some build options to settings.json ----
9-18-2026 16:58:37-debug: // ---- build task Sort some build options to settings.json ---- (6ms)
9-18-2026 16:58:37-debug: [Build Memory track]: Sort some build options to settings.json start:235.00MB, end 235.14MB, increase: 134.92KB
9-18-2026 16:58:37-log: run build task Sort some build options to settings.json success in 6 ms√, progress: 15%
9-18-2026 16:58:38-debug: refresh db internal success
9-18-2026 16:58:38-debug: refresh db assets success
9-18-2026 16:58:38-debug: Run asset db hook engine-extends:afterRefresh ...
9-18-2026 16:58:38-debug: Run asset db hook engine-extends:afterRefresh success!
9-18-2026 16:58:38-debug: asset-db:refresh-all-database (62ms)
9-18-2026 16:58:38-debug: asset-db:worker-effect-data-processing (1ms)
9-18-2026 16:58:38-debug: asset-db-hook-engine-extends-afterRefresh (1ms)
9-18-2026 17:00:23-debug: refresh db internal success
9-18-2026 17:00:23-debug: refresh db assets success
9-18-2026 17:00:23-debug: Run asset db hook engine-extends:afterRefresh ...
9-18-2026 17:00:23-debug: Run asset db hook engine-extends:afterRefresh success!
9-18-2026 17:00:23-debug: asset-db:worker-effect-data-processing (1ms)
9-18-2026 17:00:23-debug: asset-db-hook-engine-extends-afterRefresh (2ms)
9-18-2026 17:00:23-debug: asset-db:refresh-all-database (53ms)
9-18-2026 17:14:54-debug: refresh db internal success
9-18-2026 17:14:54-debug: %cImport%c: D:\Works\Github\BattleGame\assets\scripts\GameManager.tsbackground: #aaff85; color: #000;color: #000;
9-18-2026 17:14:54-debug: %cImport%c: D:\Works\Github\BattleGame\assets\scripts\Unit.tsbackground: #aaff85; color: #000;color: #000;
9-18-2026 17:14:54-debug: refresh db assets success
9-18-2026 17:14:54-debug: Run asset db hook engine-extends:afterRefresh success!
9-18-2026 17:14:54-debug: Run asset db hook engine-extends:afterRefresh ...
9-18-2026 17:14:54-debug: asset-db:refresh-all-database (56ms)
9-18-2026 17:14:54-debug: asset-db-hook-engine-extends-afterRefresh (1ms)
9-18-2026 17:14:58-debug: Query all assets info in project
9-18-2026 17:14:58-debug: Skip compress image, progress: 0%
9-18-2026 17:14:58-debug: init custom config: keepNodeUuid: false, useCache: true
9-18-2026 17:14:58-debug: Init all bundles start..., progress: 0%
9-18-2026 17:14:58-debug: Num of bundles: 2..., progress: 0%
9-18-2026 17:14:58-debug: // ---- build task Query asset bundle ----
9-18-2026 17:14:58-debug: Query asset bundle start, progress: 0%
9-18-2026 17:14:58-debug: Init bundle root assets start..., progress: 0%
9-18-2026 17:14:58-debug: Query preload assets/scripts from cc.config.json: 60f7195c-ec2a-45eb-ba94-8955f60e81d0,1c02ae6f-4492-4915-b8f8-7492a3b1e4cd,810e96e4-e456-4468-9b59-f4e8f39732c0,efe8e2a3-eace-427b-b4f1-cb8a937ec77d,e9aa9a3e-5b2b-4ac7-a2c7-073de2b2b24f,8bbdbcdd-5cd4-4100-b6d5-b7c9625b6107,50f4348b-c883-4e2f-8f11-ce233b859fa1,fda095cb-831d-4601-ad94-846013963de8,f92806d7-1768-443f-afe8-12bcde84d0f0,dd3a144d-ab7f-41f0-82b8-2e43a090d496,f0416e68-0200-4b77-a926-4f9d16e494da,511d2633-09a7-4bdd-ac42-f778032124b3,5d45aa00-e064-4938-b314-4265f0c2258c,9361fd90-ba52-4f84-aa93-6e878fd576ca,970b0598-bcb0-4714-91fb-2e81440dccd8,bcd64cc6-2dd9-43f6-abbe-66318d332032,d930590d-bb92-4cc8-8bd1-23cd027f9edf,a3cd009f-0ab0-420d-9278-b9fdab939bbc,6a2d0734-bd9e-4ddf-946e-caa52498cb75,d9937e59-61fe-4ec6-92ab-7ac5a19c89b0,d1346436-ac96-4271-b863-1f4fdead95b0,971bdb23-3ff6-43eb-b422-1c30165a3663,17debcc3-0a6b-4b8a-b00b-dc58b885581e,711ebe11-f673-4cd9-9a83-63c60ba54c5b,c0143906-9aed-447e-9436-2ae8512d1b6e,14da1725-c4c2-42b4-ab08-ee0aeb6898b3,081cab31-dccd-428e-8652-f2404cc81c47,78e0584a-4343-4727-8f37-e14e65c2a2db,871c3b6c-7379-419d-bda3-794b239ab90d,ff9b0199-ce04-4cfe-86cc-6c719f08d6e4,de1c2107-70c8-4021-8459-6399f24d01c6,cbf30902-517f-40dc-af90-a550bac27cf1,5c601d96-e4c7-4698-991b-7ee674b11079
9-18-2026 17:14:58-debug:   Number of all scenes: 1
9-18-2026 17:14:58-debug:   Number of all scripts: 42
9-18-2026 17:14:58-debug: Init bundle root assets success..., progress: 0%
9-18-2026 17:14:58-debug:   Number of other assets: 486
9-18-2026 17:14:58-debug: // ---- build task Query asset bundle ---- (6ms)
9-18-2026 17:14:58-log: run build task Query asset bundle success in 6 ms√, progress: 5%
9-18-2026 17:14:58-debug: Query asset bundle start, progress: 5%
9-18-2026 17:14:58-debug: // ---- build task Query asset bundle ----
9-18-2026 17:14:58-debug: [Build Memory track]: Query asset bundle start:237.04MB, end 236.85MB, increase: -196.84KB
9-18-2026 17:14:58-debug: // ---- build task Query asset bundle ---- (2ms)
9-18-2026 17:14:58-log: run build task Query asset bundle success in 2 ms√, progress: 10%
9-18-2026 17:14:58-debug: [Build Memory track]: Query asset bundle start:236.88MB, end 237.04MB, increase: 163.98KB
9-18-2026 17:14:58-debug: Sort some build options to settings.json start, progress: 10%
9-18-2026 17:14:58-debug: // ---- build task Sort some build options to settings.json ----
9-18-2026 17:14:58-log: run build task Sort some build options to settings.json success in √, progress: 12%
9-18-2026 17:14:58-debug: [Build Memory track]: Sort some build options to settings.json start:237.07MB, end 237.08MB, increase: 16.82KB
9-18-2026 17:14:58-debug: Fill script data to settings start, progress: 12%
9-18-2026 17:14:58-debug: // ---- build task Fill script data to settings ----
9-18-2026 17:14:58-debug: // ---- build task Fill script data to settings ---- (1ms)
9-18-2026 17:14:58-debug: [Build Memory track]: Fill script data to settings start:237.11MB, end 237.14MB, increase: 27.79KB
9-18-2026 17:14:58-log: run build task Fill script data to settings success in 1 ms√, progress: 13%
9-18-2026 17:14:58-debug: // ---- build task Sort some build options to settings.json ----
9-18-2026 17:14:58-debug: Sort some build options to settings.json start, progress: 13%
9-18-2026 17:14:58-debug: // ---- build task Sort some build options to settings.json ---- (6ms)
9-18-2026 17:14:58-log: run build task Sort some build options to settings.json success in 6 ms√, progress: 15%
9-18-2026 17:14:58-debug: [Build Memory track]: Sort some build options to settings.json start:237.17MB, end 237.30MB, increase: 131.45KB
9-18-2026 17:19:45-debug: refresh db internal success
9-18-2026 17:19:45-debug: refresh db assets success
9-18-2026 17:19:45-debug: Run asset db hook engine-extends:afterRefresh success!
9-18-2026 17:19:45-debug: Run asset db hook engine-extends:afterRefresh ...
9-18-2026 17:19:45-debug: asset-db:refresh-all-database (49ms)
9-18-2026 17:19:45-debug: asset-db:worker-effect-data-processing (1ms)
9-18-2026 17:19:45-debug: asset-db-hook-engine-extends-afterRefresh (2ms)
9-18-2026 17:31:55-debug: refresh db internal success
9-18-2026 17:31:55-debug: %cImport%c: D:\Works\Github\BattleGame\assets\scripts\BattleWave.tsbackground: #aaff85; color: #000;color: #000;
9-18-2026 17:31:55-debug: %cImport%c: D:\Works\Github\BattleGame\assets\scripts\GameManager.tsbackground: #aaff85; color: #000;color: #000;
9-18-2026 17:31:55-debug: refresh db assets success
9-18-2026 17:31:55-debug: Run asset db hook engine-extends:afterRefresh ...
9-18-2026 17:31:55-debug: Run asset db hook engine-extends:afterRefresh success!
9-18-2026 17:31:55-debug: asset-db:refresh-all-database (55ms)
9-18-2026 17:31:58-debug: Query all assets info in project
9-18-2026 17:31:58-debug: init custom config: keepNodeUuid: false, useCache: true
9-18-2026 17:31:58-debug: Skip compress image, progress: 0%
9-18-2026 17:31:58-debug: Init all bundles start..., progress: 0%
9-18-2026 17:31:58-debug: Num of bundles: 2..., progress: 0%
9-18-2026 17:31:58-debug: Query asset bundle start, progress: 0%
9-18-2026 17:31:58-debug: Init bundle root assets start..., progress: 0%
9-18-2026 17:31:58-debug: // ---- build task Query asset bundle ----
9-18-2026 17:31:58-debug: Query preload assets/scripts from cc.config.json: 60f7195c-ec2a-45eb-ba94-8955f60e81d0,1c02ae6f-4492-4915-b8f8-7492a3b1e4cd,810e96e4-e456-4468-9b59-f4e8f39732c0,efe8e2a3-eace-427b-b4f1-cb8a937ec77d,e9aa9a3e-5b2b-4ac7-a2c7-073de2b2b24f,8bbdbcdd-5cd4-4100-b6d5-b7c9625b6107,50f4348b-c883-4e2f-8f11-ce233b859fa1,fda095cb-831d-4601-ad94-846013963de8,f92806d7-1768-443f-afe8-12bcde84d0f0,dd3a144d-ab7f-41f0-82b8-2e43a090d496,f0416e68-0200-4b77-a926-4f9d16e494da,511d2633-09a7-4bdd-ac42-f778032124b3,5d45aa00-e064-4938-b314-4265f0c2258c,9361fd90-ba52-4f84-aa93-6e878fd576ca,970b0598-bcb0-4714-91fb-2e81440dccd8,bcd64cc6-2dd9-43f6-abbe-66318d332032,d930590d-bb92-4cc8-8bd1-23cd027f9edf,a3cd009f-0ab0-420d-9278-b9fdab939bbc,6a2d0734-bd9e-4ddf-946e-caa52498cb75,d9937e59-61fe-4ec6-92ab-7ac5a19c89b0,d1346436-ac96-4271-b863-1f4fdead95b0,971bdb23-3ff6-43eb-b422-1c30165a3663,17debcc3-0a6b-4b8a-b00b-dc58b885581e,711ebe11-f673-4cd9-9a83-63c60ba54c5b,c0143906-9aed-447e-9436-2ae8512d1b6e,14da1725-c4c2-42b4-ab08-ee0aeb6898b3,081cab31-dccd-428e-8652-f2404cc81c47,78e0584a-4343-4727-8f37-e14e65c2a2db,871c3b6c-7379-419d-bda3-794b239ab90d,ff9b0199-ce04-4cfe-86cc-6c719f08d6e4,de1c2107-70c8-4021-8459-6399f24d01c6,cbf30902-517f-40dc-af90-a550bac27cf1,5c601d96-e4c7-4698-991b-7ee674b11079
9-18-2026 17:31:58-debug:   Number of other assets: 486
9-18-2026 17:31:58-debug: Init bundle root assets success..., progress: 0%
9-18-2026 17:31:58-debug:   Number of all scripts: 42
9-18-2026 17:31:58-debug:   Number of all scenes: 1
9-18-2026 17:31:58-debug: // ---- build task Query asset bundle ---- (4ms)
9-18-2026 17:31:58-log: run build task Query asset bundle success in 4 ms√, progress: 5%
9-18-2026 17:31:58-debug: [Build Memory track]: Query asset bundle start:239.82MB, end 239.75MB, increase: -75.01KB
9-18-2026 17:31:58-debug: // ---- build task Query asset bundle ----
9-18-2026 17:31:58-debug: Query asset bundle start, progress: 5%
9-18-2026 17:31:58-debug: // ---- build task Query asset bundle ---- (2ms)
9-18-2026 17:31:58-log: run build task Query asset bundle success in 2 ms√, progress: 10%
9-18-2026 17:31:58-debug: [Build Memory track]: Query asset bundle start:239.78MB, end 239.13MB, increase: -660.89KB
9-18-2026 17:31:58-debug: // ---- build task Sort some build options to settings.json ----
9-18-2026 17:31:58-debug: Sort some build options to settings.json start, progress: 10%
9-18-2026 17:31:58-debug: // ---- build task Sort some build options to settings.json ---- (1ms)
9-18-2026 17:31:58-log: run build task Sort some build options to settings.json success in 1 ms√, progress: 12%
9-18-2026 17:31:58-debug: [Build Memory track]: Sort some build options to settings.json start:239.16MB, end 239.19MB, increase: 26.49KB
9-18-2026 17:31:58-debug: Fill script data to settings start, progress: 12%
9-18-2026 17:31:58-debug: // ---- build task Fill script data to settings ----
9-18-2026 17:31:58-log: run build task Fill script data to settings success in √, progress: 13%
9-18-2026 17:31:58-debug: [Build Memory track]: Fill script data to settings start:239.21MB, end 239.23MB, increase: 16.93KB
9-18-2026 17:31:58-debug: Sort some build options to settings.json start, progress: 13%
9-18-2026 17:31:58-debug: // ---- build task Sort some build options to settings.json ----
9-18-2026 17:31:58-debug: // ---- build task Sort some build options to settings.json ---- (4ms)
9-18-2026 17:31:58-log: run build task Sort some build options to settings.json success in 4 ms√, progress: 15%
9-18-2026 17:31:58-debug: [Build Memory track]: Sort some build options to settings.json start:239.26MB, end 239.40MB, increase: 148.46KB
