9-18-2026 17:32:20-log: Cannot access game frame or container.
9-18-2026 17:32:20-debug: asset-db:require-engine-code (422ms)
9-18-2026 17:32:20-log: meshopt wasm decoder initialized
9-18-2026 17:32:20-log: [box2d]:box2d wasm lib loaded.
9-18-2026 17:32:20-log: [bullet]:bullet wasm lib loaded.
9-18-2026 17:32:20-log: Cocos Creator v3.8.8
9-18-2026 17:32:20-log: Using legacy pipeline
9-18-2026 17:32:20-log: Forward render pipeline initialized.
9-18-2026 17:32:20-debug: [Assets Memory track]: asset-db:worker-init: initEngine start:27.84MB, end 78.96MB, increase: 51.12MB
9-18-2026 17:32:21-debug: [Assets Memory track]: asset-db:worker-init: initPlugin start:79.03MB, end 343.16MB, increase: 264.13MB
9-18-2026 17:32:21-debug: run package(fb-instant-games) handler(enable) start
9-18-2026 17:32:21-debug: run package(google-play) handler(enable) start
9-18-2026 17:32:21-debug: run package(fb-instant-games) handler(enable) success!
9-18-2026 17:32:21-debug: run package(harmonyos-next) handler(enable) success!
9-18-2026 17:32:21-debug: run package(google-play) handler(enable) success!
9-18-2026 17:32:21-debug: run package(honor-mini-game) handler(enable) start
9-18-2026 17:32:21-debug: run package(harmonyos-next) handler(enable) start
9-18-2026 17:32:21-debug: run package(honor-mini-game) handler(enable) success!
9-18-2026 17:32:21-debug: run package(huawei-agc) handler(enable) start
9-18-2026 17:32:21-debug: run package(huawei-quick-game) handler(enable) start
9-18-2026 17:32:21-debug: run package(huawei-quick-game) handler(enable) success!
9-18-2026 17:32:21-debug: run package(huawei-agc) handler(enable) success!
9-18-2026 17:32:21-debug: run package(ios) handler(enable) success!
9-18-2026 17:32:21-debug: run package(ios) handler(enable) start
9-18-2026 17:32:21-debug: run package(linux) handler(enable) start
9-18-2026 17:32:21-debug: run package(linux) handler(enable) success!
9-18-2026 17:32:21-debug: run package(mac) handler(enable) success!
9-18-2026 17:32:21-debug: run package(migu-mini-game) handler(enable) start
9-18-2026 17:32:21-debug: run package(migu-mini-game) handler(enable) success!
9-18-2026 17:32:21-debug: run package(mac) handler(enable) start
9-18-2026 17:32:21-debug: run package(native) handler(enable) start
9-18-2026 17:32:21-debug: run package(native) handler(enable) success!
9-18-2026 17:32:21-debug: run package(ohos) handler(enable) success!
9-18-2026 17:32:21-debug: run package(oppo-mini-game) handler(enable) start
9-18-2026 17:32:21-debug: run package(oppo-mini-game) handler(enable) success!
9-18-2026 17:32:21-debug: run package(runtime-dev-tools) handler(enable) success!
9-18-2026 17:32:21-debug: run package(runtime-dev-tools) handler(enable) start
9-18-2026 17:32:21-debug: run package(taobao-mini-game) handler(enable) success!
9-18-2026 17:32:21-debug: run package(ohos) handler(enable) start
9-18-2026 17:32:21-debug: run package(taobao-mini-game) handler(enable) start
9-18-2026 17:32:21-debug: run package(vivo-mini-game) handler(enable) success!
9-18-2026 17:32:21-debug: run package(web-desktop) handler(enable) start
9-18-2026 17:32:21-debug: run package(vivo-mini-game) handler(enable) start
9-18-2026 17:32:21-debug: run package(web-mobile) handler(enable) success!
9-18-2026 17:32:21-debug: run package(web-mobile) handler(enable) start
9-18-2026 17:32:21-debug: run package(web-desktop) handler(enable) success!
9-18-2026 17:32:21-debug: run package(wechatprogram) handler(enable) start
9-18-2026 17:32:21-debug: run package(wechatgame) handler(enable) success!
9-18-2026 17:32:21-debug: run package(wechatprogram) handler(enable) success!
9-18-2026 17:32:21-debug: run package(wechatgame) handler(enable) start
9-18-2026 17:32:21-debug: run package(windows) handler(enable) start
9-18-2026 17:32:21-debug: run package(xiaomi-quick-game) handler(enable) start
9-18-2026 17:32:21-debug: run package(xiaomi-quick-game) handler(enable) success!
9-18-2026 17:32:21-debug: run package(windows) handler(enable) success!
9-18-2026 17:32:21-debug: run package(cocos-service) handler(enable) success!
9-18-2026 17:32:21-debug: run package(cocos-service) handler(enable) start
9-18-2026 17:32:21-debug: run package(placeholder) handler(enable) start
9-18-2026 17:32:21-debug: run package(im-plugin) handler(enable) success!
9-18-2026 17:32:21-debug: run package(placeholder) handler(enable) success!
9-18-2026 17:32:21-debug: asset-db:worker-init: initPlugin (1238ms)
9-18-2026 17:32:21-debug: run package(im-plugin) handler(enable) start
9-18-2026 17:32:21-debug: [Assets Memory track]: asset-db:worker-init start:27.83MB, end 342.54MB, increase: 314.71MB
9-18-2026 17:32:21-debug: Run asset db hook programming:beforePreStart ...
9-18-2026 17:32:21-debug: Run asset db hook programming:beforePreStart success!
9-18-2026 17:32:21-debug: Run asset db hook engine-extends:beforePreStart success!
9-18-2026 17:32:21-debug: Run asset db hook engine-extends:beforePreStart ...
9-18-2026 17:32:21-debug: asset-db:worker-init (1811ms)
9-18-2026 17:32:21-debug: asset-db-hook-programming-beforePreStart (57ms)
9-18-2026 17:32:21-debug: asset-db-hook-engine-extends-beforePreStart (57ms)
9-18-2026 17:32:21-debug: Preimport db internal success
9-18-2026 17:32:21-debug: Preimport db assets success
9-18-2026 17:32:21-debug: Run asset db hook programming:afterPreStart ...
9-18-2026 17:32:21-debug: starting packer-driver...
9-18-2026 17:32:23-debug: initialize scripting environment...
9-18-2026 17:32:23-debug: [[Executor]] prepare before lock
9-18-2026 17:32:23-debug: Set detail map pack:///resolution-detail-map.json: {}
9-18-2026 17:32:23-debug: Run asset db hook programming:afterPreStart success!
9-18-2026 17:32:23-debug: Run asset db hook engine-extends:afterPreStart ...
9-18-2026 17:32:23-debug: Run asset db hook engine-extends:afterPreStart success!
9-18-2026 17:32:23-debug: [Assets Memory track]: asset-db:worker-init: preStart start:342.56MB, end 344.78MB, increase: 2.22MB
9-18-2026 17:32:23-debug: [[Executor]] prepare after unlock
9-18-2026 17:32:23-debug: Start up the 'internal' database...
9-18-2026 17:32:23-debug: asset-db-hook-programming-afterPreStart (1413ms)
9-18-2026 17:32:23-debug: asset-db:worker-effect-data-processing (205ms)
9-18-2026 17:32:23-debug: asset-db-hook-engine-extends-afterPreStart (205ms)
9-18-2026 17:32:23-debug: Run asset db hook engine-extends:afterStartDB ...
9-18-2026 17:32:23-debug: recompile effect.bin success
9-18-2026 17:32:23-debug: Start up the 'assets' database...
9-18-2026 17:32:23-debug: Run asset db hook engine-extends:afterStartDB success!
9-18-2026 17:32:23-debug: asset-db:worker-effect-data-processing (229ms)
9-18-2026 17:32:23-debug: asset-db-hook-engine-extends-afterStartDB (229ms)
9-18-2026 17:32:23-debug: Run asset db hook engine-extends:afterStartDB ...
9-18-2026 17:32:23-debug: recompile effect.bin success
9-18-2026 17:32:23-debug: Run asset db hook engine-extends:afterStartDB success!
9-18-2026 17:32:23-debug: [Assets Memory track]: asset-db:worker-init: startup start:344.79MB, end 384.04MB, increase: 39.25MB
9-18-2026 17:32:23-debug: lazy register asset handler *
9-18-2026 17:32:23-debug: lazy register asset handler text
9-18-2026 17:32:23-debug: lazy register asset handler spine-data
9-18-2026 17:32:23-debug: lazy register asset handler json
9-18-2026 17:32:23-debug: lazy register asset handler dragonbones
9-18-2026 17:32:23-debug: lazy register asset handler terrain
9-18-2026 17:32:23-debug: lazy register asset handler directory
9-18-2026 17:32:23-debug: lazy register asset handler dragonbones-atlas
9-18-2026 17:32:23-debug: lazy register asset handler scene
9-18-2026 17:32:23-debug: lazy register asset handler javascript
9-18-2026 17:32:23-debug: lazy register asset handler sprite-frame
9-18-2026 17:32:23-debug: lazy register asset handler tiled-map
9-18-2026 17:32:23-debug: lazy register asset handler typescript
9-18-2026 17:32:23-debug: lazy register asset handler image
9-18-2026 17:32:23-debug: lazy register asset handler buffer
9-18-2026 17:32:23-debug: lazy register asset handler sign-image
9-18-2026 17:32:23-debug: lazy register asset handler prefab
9-18-2026 17:32:23-debug: lazy register asset handler texture
9-18-2026 17:32:23-debug: lazy register asset handler erp-texture-cube
9-18-2026 17:32:23-debug: lazy register asset handler render-texture
9-18-2026 17:32:23-debug: lazy register asset handler texture-cube
9-18-2026 17:32:23-debug: lazy register asset handler texture-cube-face
9-18-2026 17:32:23-debug: lazy register asset handler rt-sprite-frame
9-18-2026 17:32:23-debug: lazy register asset handler alpha-image
9-18-2026 17:32:23-debug: lazy register asset handler gltf-animation
9-18-2026 17:32:23-debug: lazy register asset handler gltf-mesh
9-18-2026 17:32:23-debug: lazy register asset handler gltf-skeleton
9-18-2026 17:32:23-debug: lazy register asset handler gltf
9-18-2026 17:32:23-debug: lazy register asset handler gltf-material
9-18-2026 17:32:23-debug: lazy register asset handler gltf-embeded-image
9-18-2026 17:32:23-debug: lazy register asset handler gltf-scene
9-18-2026 17:32:23-debug: lazy register asset handler physics-material
9-18-2026 17:32:23-debug: lazy register asset handler material
9-18-2026 17:32:23-debug: lazy register asset handler effect-header
9-18-2026 17:32:23-debug: lazy register asset handler effect
9-18-2026 17:32:23-debug: lazy register asset handler audio-clip
9-18-2026 17:32:23-debug: lazy register asset handler animation-graph
9-18-2026 17:32:23-debug: lazy register asset handler animation-graph-variant
9-18-2026 17:32:23-debug: lazy register asset handler fbx
9-18-2026 17:32:23-debug: lazy register asset handler animation-mask
9-18-2026 17:32:23-debug: lazy register asset handler ttf-font
9-18-2026 17:32:23-debug: lazy register asset handler animation-clip
9-18-2026 17:32:23-debug: lazy register asset handler bitmap-font
9-18-2026 17:32:23-debug: lazy register asset handler particle
9-18-2026 17:32:23-debug: lazy register asset handler auto-atlas
9-18-2026 17:32:23-debug: lazy register asset handler render-pipeline
9-18-2026 17:32:23-debug: lazy register asset handler label-atlas
9-18-2026 17:32:23-debug: lazy register asset handler sprite-atlas
9-18-2026 17:32:23-debug: lazy register asset handler render-stage
9-18-2026 17:32:23-debug: lazy register asset handler render-flow
9-18-2026 17:32:23-debug: lazy register asset handler instantiation-material
9-18-2026 17:32:23-debug: lazy register asset handler instantiation-skeleton
9-18-2026 17:32:23-debug: lazy register asset handler instantiation-animation
9-18-2026 17:32:23-debug: lazy register asset handler video-clip
9-18-2026 17:32:23-debug: lazy register asset handler instantiation-mesh
9-18-2026 17:32:23-debug: asset-db:worker-effect-data-processing (226ms)
9-18-2026 17:32:23-debug: asset-db-hook-engine-extends-afterStartDB (226ms)
9-18-2026 17:32:23-debug: asset-db:start-database (2018ms)
9-18-2026 17:32:23-debug: asset-db:ready (5322ms)
9-18-2026 17:32:23-debug: init worker message success
9-18-2026 17:32:24-debug: programming:execute-script (5ms)
9-18-2026 17:32:24-debug: [Build Memory track]: builder:worker-init start:381.26MB, end 392.04MB, increase: 10.78MB
9-18-2026 17:32:24-debug: builder:worker-init (206ms)
9-18-2026 17:32:28-debug: Query all assets info in project
9-18-2026 17:32:28-debug: init custom config: keepNodeUuid: false, useCache: true
9-18-2026 17:32:28-debug: Skip compress image, progress: 0%
9-18-2026 17:32:28-debug: Init all bundles start..., progress: 0%
9-18-2026 17:32:28-debug: // ---- build task Query asset bundle ----
9-18-2026 17:32:28-debug: Init bundle root assets start..., progress: 0%
9-18-2026 17:32:28-debug: Query asset bundle start, progress: 0%
9-18-2026 17:32:28-debug: Num of bundles: 2..., progress: 0%
9-18-2026 17:32:28-debug: Query preload assets/scripts from cc.config.json: 60f7195c-ec2a-45eb-ba94-8955f60e81d0,1c02ae6f-4492-4915-b8f8-7492a3b1e4cd,810e96e4-e456-4468-9b59-f4e8f39732c0,efe8e2a3-eace-427b-b4f1-cb8a937ec77d,e9aa9a3e-5b2b-4ac7-a2c7-073de2b2b24f,8bbdbcdd-5cd4-4100-b6d5-b7c9625b6107,50f4348b-c883-4e2f-8f11-ce233b859fa1,fda095cb-831d-4601-ad94-846013963de8,f92806d7-1768-443f-afe8-12bcde84d0f0,dd3a144d-ab7f-41f0-82b8-2e43a090d496,f0416e68-0200-4b77-a926-4f9d16e494da,511d2633-09a7-4bdd-ac42-f778032124b3,5d45aa00-e064-4938-b314-4265f0c2258c,9361fd90-ba52-4f84-aa93-6e878fd576ca,970b0598-bcb0-4714-91fb-2e81440dccd8,bcd64cc6-2dd9-43f6-abbe-66318d332032,d930590d-bb92-4cc8-8bd1-23cd027f9edf,a3cd009f-0ab0-420d-9278-b9fdab939bbc,6a2d0734-bd9e-4ddf-946e-caa52498cb75,d9937e59-61fe-4ec6-92ab-7ac5a19c89b0,d1346436-ac96-4271-b863-1f4fdead95b0,971bdb23-3ff6-43eb-b422-1c30165a3663,17debcc3-0a6b-4b8a-b00b-dc58b885581e,711ebe11-f673-4cd9-9a83-63c60ba54c5b,c0143906-9aed-447e-9436-2ae8512d1b6e,14da1725-c4c2-42b4-ab08-ee0aeb6898b3,081cab31-dccd-428e-8652-f2404cc81c47,78e0584a-4343-4727-8f37-e14e65c2a2db,871c3b6c-7379-419d-bda3-794b239ab90d,ff9b0199-ce04-4cfe-86cc-6c719f08d6e4,de1c2107-70c8-4021-8459-6399f24d01c6,cbf30902-517f-40dc-af90-a550bac27cf1,5c601d96-e4c7-4698-991b-7ee674b11079
9-18-2026 17:32:28-debug:   Number of all scenes: 1
9-18-2026 17:32:28-debug:   Number of all scripts: 42
9-18-2026 17:32:28-debug: Init bundle root assets success..., progress: 0%
9-18-2026 17:32:28-debug:   Number of other assets: 486
9-18-2026 17:32:28-debug: // ---- build task Query asset bundle ---- (9ms)
9-18-2026 17:32:28-log: run build task Query asset bundle success in 9 ms√, progress: 5%
9-18-2026 17:32:28-debug: [Build Memory track]: Query asset bundle start:222.10MB, end 222.96MB, increase: 888.39KB
9-18-2026 17:32:28-debug: // ---- build task Query asset bundle ----
9-18-2026 17:32:28-debug: Query asset bundle start, progress: 5%
9-18-2026 17:32:28-debug: // ---- build task Query asset bundle ---- (4ms)
9-18-2026 17:32:28-log: run build task Query asset bundle success in 4 ms√, progress: 10%
9-18-2026 17:32:28-debug: [Build Memory track]: Query asset bundle start:223.00MB, end 223.18MB, increase: 174.91KB
9-18-2026 17:32:28-debug: Sort some build options to settings.json start, progress: 10%
9-18-2026 17:32:28-debug: // ---- build task Sort some build options to settings.json ----
9-18-2026 17:32:28-debug: // ---- build task Sort some build options to settings.json ---- (1ms)
9-18-2026 17:32:28-log: run build task Sort some build options to settings.json success in 1 ms√, progress: 12%
9-18-2026 17:32:28-debug: [Build Memory track]: Sort some build options to settings.json start:223.22MB, end 223.26MB, increase: 46.98KB
9-18-2026 17:32:28-debug: Fill script data to settings start, progress: 12%
9-18-2026 17:32:28-debug: // ---- build task Fill script data to settings ----
9-18-2026 17:32:28-debug: // ---- build task Fill script data to settings ---- (2ms)
9-18-2026 17:32:28-log: run build task Fill script data to settings success in 2 ms√, progress: 13%
9-18-2026 17:32:28-debug: [Build Memory track]: Fill script data to settings start:223.30MB, end 223.34MB, increase: 34.36KB
9-18-2026 17:32:28-debug: // ---- build task Sort some build options to settings.json ----
9-18-2026 17:32:28-debug: Sort some build options to settings.json start, progress: 13%
9-18-2026 17:32:28-debug: // ---- build task Sort some build options to settings.json ---- (13ms)
9-18-2026 17:32:28-log: run build task Sort some build options to settings.json success in 13 ms√, progress: 15%
9-18-2026 17:32:28-debug: [Build Memory track]: Sort some build options to settings.json start:223.38MB, end 223.53MB, increase: 154.62KB
9-18-2026 17:32:34-debug: Query all assets info in project
9-18-2026 17:32:34-debug: init custom config: keepNodeUuid: false, useCache: true
9-18-2026 17:32:34-debug: Skip compress image, progress: 0%
9-18-2026 17:32:34-debug: Init all bundles start..., progress: 0%
9-18-2026 17:32:34-debug: Query asset bundle start, progress: 0%
9-18-2026 17:32:34-debug: Init bundle root assets start..., progress: 0%
9-18-2026 17:32:34-debug: // ---- build task Query asset bundle ----
9-18-2026 17:32:34-debug: Num of bundles: 2..., progress: 0%
9-18-2026 17:32:34-debug: Query preload assets/scripts from cc.config.json: 60f7195c-ec2a-45eb-ba94-8955f60e81d0,1c02ae6f-4492-4915-b8f8-7492a3b1e4cd,810e96e4-e456-4468-9b59-f4e8f39732c0,efe8e2a3-eace-427b-b4f1-cb8a937ec77d,e9aa9a3e-5b2b-4ac7-a2c7-073de2b2b24f,8bbdbcdd-5cd4-4100-b6d5-b7c9625b6107,50f4348b-c883-4e2f-8f11-ce233b859fa1,fda095cb-831d-4601-ad94-846013963de8,f92806d7-1768-443f-afe8-12bcde84d0f0,dd3a144d-ab7f-41f0-82b8-2e43a090d496,f0416e68-0200-4b77-a926-4f9d16e494da,511d2633-09a7-4bdd-ac42-f778032124b3,5d45aa00-e064-4938-b314-4265f0c2258c,9361fd90-ba52-4f84-aa93-6e878fd576ca,970b0598-bcb0-4714-91fb-2e81440dccd8,bcd64cc6-2dd9-43f6-abbe-66318d332032,d930590d-bb92-4cc8-8bd1-23cd027f9edf,a3cd009f-0ab0-420d-9278-b9fdab939bbc,6a2d0734-bd9e-4ddf-946e-caa52498cb75,d9937e59-61fe-4ec6-92ab-7ac5a19c89b0,d1346436-ac96-4271-b863-1f4fdead95b0,971bdb23-3ff6-43eb-b422-1c30165a3663,17debcc3-0a6b-4b8a-b00b-dc58b885581e,711ebe11-f673-4cd9-9a83-63c60ba54c5b,c0143906-9aed-447e-9436-2ae8512d1b6e,14da1725-c4c2-42b4-ab08-ee0aeb6898b3,081cab31-dccd-428e-8652-f2404cc81c47,78e0584a-4343-4727-8f37-e14e65c2a2db,871c3b6c-7379-419d-bda3-794b239ab90d,ff9b0199-ce04-4cfe-86cc-6c719f08d6e4,de1c2107-70c8-4021-8459-6399f24d01c6,cbf30902-517f-40dc-af90-a550bac27cf1,5c601d96-e4c7-4698-991b-7ee674b11079
9-18-2026 17:32:34-debug:   Number of all scripts: 42
9-18-2026 17:32:34-debug:   Number of other assets: 486
9-18-2026 17:32:34-debug: Init bundle root assets success..., progress: 0%
9-18-2026 17:32:34-debug:   Number of all scenes: 1
9-18-2026 17:32:34-debug: // ---- build task Query asset bundle ---- (6ms)
9-18-2026 17:32:34-log: run build task Query asset bundle success in 6 ms√, progress: 5%
9-18-2026 17:32:34-debug: [Build Memory track]: Query asset bundle start:224.95MB, end 225.69MB, increase: 754.27KB
9-18-2026 17:32:34-debug: Query asset bundle start, progress: 5%
9-18-2026 17:32:34-debug: // ---- build task Query asset bundle ----
9-18-2026 17:32:34-debug: // ---- build task Query asset bundle ---- (3ms)
9-18-2026 17:32:34-debug: [Build Memory track]: Query asset bundle start:225.73MB, end 225.87MB, increase: 148.97KB
9-18-2026 17:32:34-log: run build task Query asset bundle success in 3 ms√, progress: 10%
9-18-2026 17:32:34-debug: Sort some build options to settings.json start, progress: 10%
9-18-2026 17:32:34-debug: // ---- build task Sort some build options to settings.json ----
9-18-2026 17:32:34-debug: // ---- build task Sort some build options to settings.json ---- (2ms)
9-18-2026 17:32:34-debug: [Build Memory track]: Sort some build options to settings.json start:225.92MB, end 225.95MB, increase: 34.10KB
9-18-2026 17:32:34-log: run build task Sort some build options to settings.json success in 2 ms√, progress: 12%
9-18-2026 17:32:34-debug: Fill script data to settings start, progress: 12%
9-18-2026 17:32:34-debug: // ---- build task Fill script data to settings ----
9-18-2026 17:32:34-debug: // ---- build task Fill script data to settings ---- (2ms)
9-18-2026 17:32:34-debug: [Build Memory track]: Fill script data to settings start:225.99MB, end 226.03MB, increase: 37.72KB
9-18-2026 17:32:34-log: run build task Fill script data to settings success in 2 ms√, progress: 13%
9-18-2026 17:32:34-debug: // ---- build task Sort some build options to settings.json ----
9-18-2026 17:32:34-debug: Sort some build options to settings.json start, progress: 13%
9-18-2026 17:32:34-debug: // ---- build task Sort some build options to settings.json ---- (5ms)
9-18-2026 17:32:34-log: run build task Sort some build options to settings.json success in 5 ms√, progress: 15%
9-18-2026 17:32:34-debug: [Build Memory track]: Sort some build options to settings.json start:226.07MB, end 226.21MB, increase: 150.25KB
9-18-2026 17:36:32-debug: refresh db internal success
9-18-2026 17:36:32-debug: refresh db assets success
9-18-2026 17:36:32-debug: Run asset db hook engine-extends:afterRefresh ...
9-18-2026 17:36:32-debug: Run asset db hook engine-extends:afterRefresh success!
9-18-2026 17:36:32-debug: asset-db:refresh-all-database (58ms)
9-18-2026 17:36:32-debug: asset-db:worker-effect-data-processing (2ms)
9-18-2026 17:36:32-debug: asset-db-hook-engine-extends-afterRefresh (2ms)
9-18-2026 17:40:12-debug: refresh db internal success
9-18-2026 17:40:12-debug: Run asset db hook engine-extends:afterRefresh ...
9-18-2026 17:40:12-debug: Run asset db hook engine-extends:afterRefresh success!
9-18-2026 17:40:12-debug: refresh db assets success
9-18-2026 17:40:12-debug: asset-db:refresh-all-database (74ms)
9-18-2026 17:40:12-debug: asset-db:worker-effect-data-processing (1ms)
9-18-2026 17:40:12-debug: asset-db-hook-engine-extends-afterRefresh (2ms)
9-18-2026 17:40:18-debug: %cImport%c: D:\Works\Github\BattleGame\assets\Battle.scenebackground: #aaff85; color: #000;color: #000;
9-18-2026 17:40:18-debug: asset-db:reimport-asset1effe86e-a401-4769-9dbc-62218c68834d (14ms)
9-18-2026 17:40:19-debug: Query all assets info in project
9-18-2026 17:40:19-debug: init custom config: keepNodeUuid: false, useCache: true
9-18-2026 17:40:19-debug: Skip compress image, progress: 0%
9-18-2026 17:40:19-debug: Init all bundles start..., progress: 0%
9-18-2026 17:40:19-debug: // ---- build task Query asset bundle ----
9-18-2026 17:40:19-debug: Num of bundles: 2..., progress: 0%
9-18-2026 17:40:19-debug: Query asset bundle start, progress: 0%
9-18-2026 17:40:19-debug: Init bundle root assets start..., progress: 0%
9-18-2026 17:40:19-debug: Query preload assets/scripts from cc.config.json: 60f7195c-ec2a-45eb-ba94-8955f60e81d0,1c02ae6f-4492-4915-b8f8-7492a3b1e4cd,810e96e4-e456-4468-9b59-f4e8f39732c0,efe8e2a3-eace-427b-b4f1-cb8a937ec77d,e9aa9a3e-5b2b-4ac7-a2c7-073de2b2b24f,8bbdbcdd-5cd4-4100-b6d5-b7c9625b6107,50f4348b-c883-4e2f-8f11-ce233b859fa1,fda095cb-831d-4601-ad94-846013963de8,f92806d7-1768-443f-afe8-12bcde84d0f0,dd3a144d-ab7f-41f0-82b8-2e43a090d496,f0416e68-0200-4b77-a926-4f9d16e494da,511d2633-09a7-4bdd-ac42-f778032124b3,5d45aa00-e064-4938-b314-4265f0c2258c,9361fd90-ba52-4f84-aa93-6e878fd576ca,970b0598-bcb0-4714-91fb-2e81440dccd8,bcd64cc6-2dd9-43f6-abbe-66318d332032,d930590d-bb92-4cc8-8bd1-23cd027f9edf,a3cd009f-0ab0-420d-9278-b9fdab939bbc,6a2d0734-bd9e-4ddf-946e-caa52498cb75,d9937e59-61fe-4ec6-92ab-7ac5a19c89b0,d1346436-ac96-4271-b863-1f4fdead95b0,971bdb23-3ff6-43eb-b422-1c30165a3663,17debcc3-0a6b-4b8a-b00b-dc58b885581e,711ebe11-f673-4cd9-9a83-63c60ba54c5b,c0143906-9aed-447e-9436-2ae8512d1b6e,14da1725-c4c2-42b4-ab08-ee0aeb6898b3,081cab31-dccd-428e-8652-f2404cc81c47,78e0584a-4343-4727-8f37-e14e65c2a2db,871c3b6c-7379-419d-bda3-794b239ab90d,ff9b0199-ce04-4cfe-86cc-6c719f08d6e4,de1c2107-70c8-4021-8459-6399f24d01c6,cbf30902-517f-40dc-af90-a550bac27cf1,5c601d96-e4c7-4698-991b-7ee674b11079
9-18-2026 17:40:19-debug:   Number of all scenes: 1
9-18-2026 17:40:19-debug:   Number of all scripts: 42
9-18-2026 17:40:19-debug:   Number of other assets: 486
9-18-2026 17:40:19-debug: Init bundle root assets success..., progress: 0%
9-18-2026 17:40:19-debug: // ---- build task Query asset bundle ---- (11ms)
9-18-2026 17:40:19-log: run build task Query asset bundle success in 11 ms√, progress: 5%
9-18-2026 17:40:19-debug: [Build Memory track]: Query asset bundle start:227.09MB, end 225.90MB, increase: -1226.84KB
9-18-2026 17:40:19-debug: // ---- build task Query asset bundle ----
9-18-2026 17:40:19-debug: Query asset bundle start, progress: 5%
9-18-2026 17:40:19-debug: // ---- build task Query asset bundle ---- (8ms)
9-18-2026 17:40:19-log: run build task Query asset bundle success in 8 ms√, progress: 10%
9-18-2026 17:40:19-debug: [Build Memory track]: Query asset bundle start:225.93MB, end 225.24MB, increase: -710.19KB
9-18-2026 17:40:19-debug: // ---- build task Sort some build options to settings.json ----
9-18-2026 17:40:19-debug: Sort some build options to settings.json start, progress: 10%
9-18-2026 17:40:19-debug: // ---- build task Sort some build options to settings.json ---- (1ms)
9-18-2026 17:40:19-debug: [Build Memory track]: Sort some build options to settings.json start:225.28MB, end 225.31MB, increase: 33.64KB
9-18-2026 17:40:19-debug: Fill script data to settings start, progress: 12%
9-18-2026 17:40:19-log: run build task Sort some build options to settings.json success in 1 ms√, progress: 12%
9-18-2026 17:40:19-debug: // ---- build task Fill script data to settings ----
9-18-2026 17:40:19-debug: // ---- build task Fill script data to settings ---- (2ms)
9-18-2026 17:40:19-debug: [Build Memory track]: Fill script data to settings start:225.35MB, end 225.38MB, increase: 32.98KB
9-18-2026 17:40:19-debug: // ---- build task Sort some build options to settings.json ----
9-18-2026 17:40:19-log: run build task Fill script data to settings success in 2 ms√, progress: 13%
9-18-2026 17:40:19-debug: Sort some build options to settings.json start, progress: 13%
9-18-2026 17:40:19-debug: // ---- build task Sort some build options to settings.json ---- (8ms)
9-18-2026 17:40:19-log: run build task Sort some build options to settings.json success in 8 ms√, progress: 15%
9-18-2026 17:40:19-debug: [Build Memory track]: Sort some build options to settings.json start:225.42MB, end 225.56MB, increase: 142.89KB
