9-2-2026 01:07:10-log: Cannot access game frame or container.
9-2-2026 01:07:12-debug: asset-db:require-engine-code (1729ms)
9-2-2026 01:07:12-log: meshopt wasm decoder initialized
9-2-2026 01:07:12-log: [bullet]:bullet wasm lib loaded.
9-2-2026 01:07:12-log: [box2d]:box2d wasm lib loaded.
9-2-2026 01:07:12-log: Using legacy pipeline
9-2-2026 01:07:12-log: Forward render pipeline initialized.
9-2-2026 01:07:12-log: Cocos Creator v3.8.8
9-2-2026 01:07:12-debug: [Assets Memory track]: asset-db:worker-init: initEngine start:28.59MB, end 79.49MB, increase: 50.90MB
9-2-2026 01:07:15-debug: [Assets Memory track]: asset-db:worker-init: initPlugin start:79.53MB, end 198.66MB, increase: 119.13MB
9-2-2026 01:07:15-debug: asset-db:worker-init: initPlugin (3077ms)
9-2-2026 01:07:15-debug: [Assets Memory track]: asset-db:worker-init start:28.58MB, end 198.76MB, increase: 170.17MB
9-2-2026 01:07:15-debug: Run asset db hook engine-extends:beforePreStart ...
9-2-2026 01:07:15-debug: Run asset db hook programming:beforePreStart success!
9-2-2026 01:07:15-debug: Run asset db hook engine-extends:beforePreStart success!
9-2-2026 01:07:15-debug: Run asset db hook programming:beforePreStart ...
9-2-2026 01:07:19-debug: asset-db:worker-init (8890ms)
9-2-2026 01:07:19-debug: asset-db-hook-programming-beforePreStart (3764ms)
9-2-2026 01:07:19-debug: asset-db-hook-engine-extends-beforePreStart (3763ms)
9-2-2026 01:07:21-debug: Preimport db internal success
9-2-2026 01:07:21-debug: Preimport db assets success
9-2-2026 01:07:21-debug: Run asset db hook programming:afterPreStart ...
9-2-2026 01:07:21-debug: starting packer-driver...
9-2-2026 01:07:27-debug: initialize scripting environment...
9-2-2026 01:07:27-debug: [[Executor]] prepare before lock
9-2-2026 01:07:27-debug: Set detail map pack:///resolution-detail-map.json: {}
9-2-2026 01:07:27-debug: [[Executor]] prepare after unlock
9-2-2026 01:07:27-debug: [Assets Memory track]: asset-db:worker-init: preStart start:198.77MB, end 203.92MB, increase: 5.14MB
9-2-2026 01:07:27-debug: Run asset db hook programming:afterPreStart success!
9-2-2026 01:07:27-debug: Run asset db hook engine-extends:afterPreStart success!
9-2-2026 01:07:27-debug: Run asset db hook engine-extends:afterPreStart ...
9-2-2026 01:07:27-debug: Start up the 'internal' database...
9-2-2026 01:07:29-debug: asset-db-hook-programming-afterPreStart (7989ms)
9-2-2026 01:07:29-debug: asset-db:worker-effect-data-processing (1868ms)
9-2-2026 01:07:29-debug: asset-db-hook-engine-extends-afterPreStart (1869ms)
9-2-2026 01:07:29-debug: Run asset db hook engine-extends:afterStartDB ...
9-2-2026 01:07:31-debug: recompile effect.bin success
9-2-2026 01:07:31-debug: Run asset db hook engine-extends:afterStartDB success!
9-2-2026 01:07:31-debug: Start up the 'assets' database...
9-2-2026 01:07:31-debug: asset-db:worker-effect-data-processing (2078ms)
9-2-2026 01:07:31-debug: asset-db-hook-engine-extends-afterStartDB (2079ms)
9-2-2026 01:07:32-debug: Run asset db hook engine-extends:afterStartDB ...
9-2-2026 01:07:32-debug: recompile effect.bin success
9-2-2026 01:07:32-debug: Run asset db hook engine-extends:afterStartDB success!
9-2-2026 01:07:32-debug: lazy register asset handler directory
9-2-2026 01:07:32-debug: lazy register asset handler text
9-2-2026 01:07:32-debug: [Assets Memory track]: asset-db:worker-init: startup start:203.94MB, end 218.40MB, increase: 14.46MB
9-2-2026 01:07:32-debug: lazy register asset handler *
9-2-2026 01:07:32-debug: lazy register asset handler spine-data
9-2-2026 01:07:32-debug: lazy register asset handler dragonbones
9-2-2026 01:07:32-debug: lazy register asset handler dragonbones-atlas
9-2-2026 01:07:32-debug: lazy register asset handler json
9-2-2026 01:07:32-debug: lazy register asset handler terrain
9-2-2026 01:07:32-debug: lazy register asset handler typescript
9-2-2026 01:07:32-debug: lazy register asset handler prefab
9-2-2026 01:07:32-debug: lazy register asset handler scene
9-2-2026 01:07:32-debug: lazy register asset handler javascript
9-2-2026 01:07:32-debug: lazy register asset handler sprite-frame
9-2-2026 01:07:32-debug: lazy register asset handler buffer
9-2-2026 01:07:32-debug: lazy register asset handler tiled-map
9-2-2026 01:07:32-debug: lazy register asset handler sign-image
9-2-2026 01:07:32-debug: lazy register asset handler image
9-2-2026 01:07:32-debug: lazy register asset handler alpha-image
9-2-2026 01:07:32-debug: lazy register asset handler texture-cube
9-2-2026 01:07:32-debug: lazy register asset handler erp-texture-cube
9-2-2026 01:07:32-debug: lazy register asset handler texture-cube-face
9-2-2026 01:07:32-debug: lazy register asset handler texture
9-2-2026 01:07:32-debug: lazy register asset handler render-texture
9-2-2026 01:07:32-debug: lazy register asset handler rt-sprite-frame
9-2-2026 01:07:32-debug: lazy register asset handler gltf
9-2-2026 01:07:32-debug: lazy register asset handler gltf-mesh
9-2-2026 01:07:32-debug: lazy register asset handler gltf-animation
9-2-2026 01:07:32-debug: lazy register asset handler gltf-scene
9-2-2026 01:07:32-debug: lazy register asset handler gltf-skeleton
9-2-2026 01:07:32-debug: lazy register asset handler gltf-embeded-image
9-2-2026 01:07:32-debug: lazy register asset handler material
9-2-2026 01:07:32-debug: lazy register asset handler gltf-material
9-2-2026 01:07:32-debug: lazy register asset handler physics-material
9-2-2026 01:07:32-debug: lazy register asset handler effect
9-2-2026 01:07:32-debug: lazy register asset handler fbx
9-2-2026 01:07:32-debug: lazy register asset handler effect-header
9-2-2026 01:07:32-debug: lazy register asset handler animation-clip
9-2-2026 01:07:32-debug: lazy register asset handler animation-graph-variant
9-2-2026 01:07:32-debug: lazy register asset handler animation-mask
9-2-2026 01:07:32-debug: lazy register asset handler animation-graph
9-2-2026 01:07:32-debug: lazy register asset handler bitmap-font
9-2-2026 01:07:32-debug: lazy register asset handler ttf-font
9-2-2026 01:07:32-debug: lazy register asset handler sprite-atlas
9-2-2026 01:07:32-debug: lazy register asset handler audio-clip
9-2-2026 01:07:32-debug: lazy register asset handler label-atlas
9-2-2026 01:07:32-debug: lazy register asset handler auto-atlas
9-2-2026 01:07:32-debug: lazy register asset handler particle
9-2-2026 01:07:32-debug: lazy register asset handler render-pipeline
9-2-2026 01:07:32-debug: lazy register asset handler render-stage
9-2-2026 01:07:32-debug: lazy register asset handler instantiation-material
9-2-2026 01:07:32-debug: lazy register asset handler instantiation-mesh
9-2-2026 01:07:32-debug: lazy register asset handler instantiation-animation
9-2-2026 01:07:32-debug: lazy register asset handler render-flow
9-2-2026 01:07:32-debug: lazy register asset handler instantiation-skeleton
9-2-2026 01:07:32-debug: lazy register asset handler video-clip
9-2-2026 01:07:32-debug: asset-db-hook-engine-extends-afterStartDB (372ms)
9-2-2026 01:07:32-debug: asset-db:worker-effect-data-processing (372ms)
9-2-2026 01:07:32-debug: asset-db:start-database (16941ms)
9-2-2026 01:07:32-debug: asset-db:ready (27594ms)
9-2-2026 01:07:32-debug: init worker message success
9-2-2026 01:07:32-debug: programming:execute-script (13ms)
9-2-2026 01:07:32-debug: [Build Memory track]: builder:worker-init start:222.49MB, end 230.41MB, increase: 7.92MB
9-2-2026 01:07:32-debug: builder:worker-init (408ms)
9-2-2026 01:07:44-debug: Query all assets info in project
9-2-2026 01:07:45-debug: init custom config: keepNodeUuid: false, useCache: true
9-2-2026 01:07:45-debug: Skip compress image, progress: 0%
9-2-2026 01:07:45-debug: Init all bundles start..., progress: 0%
9-2-2026 01:07:45-debug: // ---- build task Query asset bundle ----
9-2-2026 01:07:45-debug: Num of bundles: 2..., progress: 0%
9-2-2026 01:07:45-debug: Query asset bundle start, progress: 0%
9-2-2026 01:07:45-debug: Init bundle root assets start..., progress: 0%
9-2-2026 01:07:45-debug:   Number of all scenes: 1
9-2-2026 01:07:45-debug:   Number of all scripts: 42
9-2-2026 01:07:45-debug: Query preload assets/scripts from cc.config.json: 60f7195c-ec2a-45eb-ba94-8955f60e81d0,1c02ae6f-4492-4915-b8f8-7492a3b1e4cd,810e96e4-e456-4468-9b59-f4e8f39732c0,efe8e2a3-eace-427b-b4f1-cb8a937ec77d,e9aa9a3e-5b2b-4ac7-a2c7-073de2b2b24f,8bbdbcdd-5cd4-4100-b6d5-b7c9625b6107,50f4348b-c883-4e2f-8f11-ce233b859fa1,fda095cb-831d-4601-ad94-846013963de8,f92806d7-1768-443f-afe8-12bcde84d0f0,dd3a144d-ab7f-41f0-82b8-2e43a090d496,f0416e68-0200-4b77-a926-4f9d16e494da,511d2633-09a7-4bdd-ac42-f778032124b3,5d45aa00-e064-4938-b314-4265f0c2258c,9361fd90-ba52-4f84-aa93-6e878fd576ca,970b0598-bcb0-4714-91fb-2e81440dccd8,bcd64cc6-2dd9-43f6-abbe-66318d332032,d930590d-bb92-4cc8-8bd1-23cd027f9edf,a3cd009f-0ab0-420d-9278-b9fdab939bbc,6a2d0734-bd9e-4ddf-946e-caa52498cb75,d9937e59-61fe-4ec6-92ab-7ac5a19c89b0,d1346436-ac96-4271-b863-1f4fdead95b0,971bdb23-3ff6-43eb-b422-1c30165a3663,17debcc3-0a6b-4b8a-b00b-dc58b885581e,711ebe11-f673-4cd9-9a83-63c60ba54c5b,c0143906-9aed-447e-9436-2ae8512d1b6e,14da1725-c4c2-42b4-ab08-ee0aeb6898b3,081cab31-dccd-428e-8652-f2404cc81c47,78e0584a-4343-4727-8f37-e14e65c2a2db,871c3b6c-7379-419d-bda3-794b239ab90d,ff9b0199-ce04-4cfe-86cc-6c719f08d6e4,de1c2107-70c8-4021-8459-6399f24d01c6,cbf30902-517f-40dc-af90-a550bac27cf1,5c601d96-e4c7-4698-991b-7ee674b11079
9-2-2026 01:07:45-debug: Init bundle root assets success..., progress: 0%
9-2-2026 01:07:45-debug:   Number of other assets: 486
9-2-2026 01:07:45-debug: // ---- build task Query asset bundle ---- (19ms)
9-2-2026 01:07:45-debug: [Build Memory track]: Query asset bundle start:221.46MB, end 221.47MB, increase: 9.37KB
9-2-2026 01:07:45-log: run build task Query asset bundle success in 19 ms√, progress: 5%
9-2-2026 01:07:45-debug: Query asset bundle start, progress: 5%
9-2-2026 01:07:45-debug: // ---- build task Query asset bundle ----
9-2-2026 01:07:45-debug: // ---- build task Query asset bundle ---- (10ms)
9-2-2026 01:07:45-log: run build task Query asset bundle success in 10 ms√, progress: 10%
9-2-2026 01:07:45-debug: [Build Memory track]: Query asset bundle start:221.51MB, end 221.68MB, increase: 175.26KB
9-2-2026 01:07:45-debug: Sort some build options to settings.json start, progress: 10%
9-2-2026 01:07:45-debug: // ---- build task Sort some build options to settings.json ----
9-2-2026 01:07:45-log: run build task Sort some build options to settings.json success in 3 ms√, progress: 12%
9-2-2026 01:07:45-debug: [Build Memory track]: Sort some build options to settings.json start:221.73MB, end 221.76MB, increase: 34.10KB
9-2-2026 01:07:45-debug: // ---- build task Fill script data to settings ----
9-2-2026 01:07:45-debug: // ---- build task Sort some build options to settings.json ---- (3ms)
9-2-2026 01:07:45-debug: Fill script data to settings start, progress: 12%
9-2-2026 01:07:45-debug: // ---- build task Fill script data to settings ---- (4ms)
9-2-2026 01:07:45-log: run build task Fill script data to settings success in 4 ms√, progress: 13%
9-2-2026 01:07:45-debug: [Build Memory track]: Fill script data to settings start:221.80MB, end 221.83MB, increase: 33.47KB
9-2-2026 01:07:45-debug: Sort some build options to settings.json start, progress: 13%
9-2-2026 01:07:45-debug: // ---- build task Sort some build options to settings.json ----
9-2-2026 01:07:45-debug: // ---- build task Sort some build options to settings.json ---- (11ms)
9-2-2026 01:07:45-log: run build task Sort some build options to settings.json success in 11 ms√, progress: 15%
9-2-2026 01:07:45-debug: [Build Memory track]: Sort some build options to settings.json start:221.88MB, end 222.02MB, increase: 145.92KB
9-2-2026 01:07:52-debug: Query all assets info in project
9-2-2026 01:07:52-debug: init custom config: keepNodeUuid: false, useCache: true
9-2-2026 01:07:52-debug: Skip compress image, progress: 0%
9-2-2026 01:07:52-debug: Init all bundles start..., progress: 0%
9-2-2026 01:07:52-debug: Query asset bundle start, progress: 0%
9-2-2026 01:07:52-debug: // ---- build task Query asset bundle ----
9-2-2026 01:07:52-debug: Num of bundles: 2..., progress: 0%
9-2-2026 01:07:52-debug: Init bundle root assets start..., progress: 0%
9-2-2026 01:07:52-debug: Query preload assets/scripts from cc.config.json: 60f7195c-ec2a-45eb-ba94-8955f60e81d0,1c02ae6f-4492-4915-b8f8-7492a3b1e4cd,810e96e4-e456-4468-9b59-f4e8f39732c0,efe8e2a3-eace-427b-b4f1-cb8a937ec77d,e9aa9a3e-5b2b-4ac7-a2c7-073de2b2b24f,8bbdbcdd-5cd4-4100-b6d5-b7c9625b6107,50f4348b-c883-4e2f-8f11-ce233b859fa1,fda095cb-831d-4601-ad94-846013963de8,f92806d7-1768-443f-afe8-12bcde84d0f0,dd3a144d-ab7f-41f0-82b8-2e43a090d496,f0416e68-0200-4b77-a926-4f9d16e494da,511d2633-09a7-4bdd-ac42-f778032124b3,5d45aa00-e064-4938-b314-4265f0c2258c,9361fd90-ba52-4f84-aa93-6e878fd576ca,970b0598-bcb0-4714-91fb-2e81440dccd8,bcd64cc6-2dd9-43f6-abbe-66318d332032,d930590d-bb92-4cc8-8bd1-23cd027f9edf,a3cd009f-0ab0-420d-9278-b9fdab939bbc,6a2d0734-bd9e-4ddf-946e-caa52498cb75,d9937e59-61fe-4ec6-92ab-7ac5a19c89b0,d1346436-ac96-4271-b863-1f4fdead95b0,971bdb23-3ff6-43eb-b422-1c30165a3663,17debcc3-0a6b-4b8a-b00b-dc58b885581e,711ebe11-f673-4cd9-9a83-63c60ba54c5b,c0143906-9aed-447e-9436-2ae8512d1b6e,14da1725-c4c2-42b4-ab08-ee0aeb6898b3,081cab31-dccd-428e-8652-f2404cc81c47,78e0584a-4343-4727-8f37-e14e65c2a2db,871c3b6c-7379-419d-bda3-794b239ab90d,ff9b0199-ce04-4cfe-86cc-6c719f08d6e4,de1c2107-70c8-4021-8459-6399f24d01c6,cbf30902-517f-40dc-af90-a550bac27cf1,5c601d96-e4c7-4698-991b-7ee674b11079
9-2-2026 01:07:52-debug:   Number of all scripts: 42
9-2-2026 01:07:52-debug:   Number of other assets: 486
9-2-2026 01:07:52-debug: Init bundle root assets success..., progress: 0%
9-2-2026 01:07:52-debug:   Number of all scenes: 1
9-2-2026 01:07:52-debug: // ---- build task Query asset bundle ---- (14ms)
9-2-2026 01:07:52-log: run build task Query asset bundle success in 14 ms√, progress: 5%
9-2-2026 01:07:52-debug: [Build Memory track]: Query asset bundle start:222.04MB, end 221.90MB, increase: -142.54KB
9-2-2026 01:07:52-debug: // ---- build task Query asset bundle ----
9-2-2026 01:07:52-debug: Query asset bundle start, progress: 5%
9-2-2026 01:07:52-debug: // ---- build task Query asset bundle ---- (7ms)
9-2-2026 01:07:52-log: run build task Query asset bundle success in 7 ms√, progress: 10%
9-2-2026 01:07:52-debug: [Build Memory track]: Query asset bundle start:221.94MB, end 222.09MB, increase: 154.90KB
9-2-2026 01:07:52-debug: // ---- build task Sort some build options to settings.json ----
9-2-2026 01:07:52-debug: Sort some build options to settings.json start, progress: 10%
9-2-2026 01:07:52-debug: // ---- build task Sort some build options to settings.json ---- (2ms)
9-2-2026 01:07:52-log: run build task Sort some build options to settings.json success in 2 ms√, progress: 12%
9-2-2026 01:07:52-debug: [Build Memory track]: Sort some build options to settings.json start:222.14MB, end 222.17MB, increase: 33.96KB
9-2-2026 01:07:52-debug: // ---- build task Fill script data to settings ----
9-2-2026 01:07:52-debug: Fill script data to settings start, progress: 12%
9-2-2026 01:07:52-debug: // ---- build task Fill script data to settings ---- (3ms)
9-2-2026 01:07:52-log: run build task Fill script data to settings success in 3 ms√, progress: 13%
9-2-2026 01:07:52-debug: [Build Memory track]: Fill script data to settings start:222.21MB, end 222.25MB, increase: 39.23KB
9-2-2026 01:07:52-debug: Sort some build options to settings.json start, progress: 13%
9-2-2026 01:07:52-debug: // ---- build task Sort some build options to settings.json ----
9-2-2026 01:07:52-debug: // ---- build task Sort some build options to settings.json ---- (11ms)
9-2-2026 01:07:52-log: run build task Sort some build options to settings.json success in 11 ms√, progress: 15%
9-2-2026 01:07:52-debug: [Build Memory track]: Sort some build options to settings.json start:222.29MB, end 221.74MB, increase: -554.64KB
9-2-2026 02:14:07-debug: refresh db internal success
9-2-2026 02:14:07-debug: %cImport%c: F:\Github\BattleGame\assets\scripts\BattleTelemetry.tsbackground: #aaff85; color: #000;color: #000;
9-2-2026 02:14:07-debug: %cImport%c: F:\Github\BattleGame\assets\scripts\GameManager.tsbackground: #aaff85; color: #000;color: #000;
9-2-2026 02:14:07-debug: %cImport%c: F:\Github\BattleGame\assets\scripts\LevelSettings.tsbackground: #aaff85; color: #000;color: #000;
9-2-2026 02:14:07-debug: refresh db assets success
9-2-2026 02:14:07-debug: asset-db:refresh-all-database (127ms)
9-2-2026 02:14:07-debug: asset-db:worker-effect-data-processing (13ms)
9-2-2026 02:14:07-debug: Run asset db hook engine-extends:afterRefresh success!
9-2-2026 02:14:07-debug: Run asset db hook engine-extends:afterRefresh ...
9-2-2026 02:14:07-debug: asset-db-hook-engine-extends-afterRefresh (13ms)
9-2-2026 02:14:17-debug: Query all assets info in project
9-2-2026 02:14:17-debug: init custom config: keepNodeUuid: false, useCache: true
9-2-2026 02:14:17-debug: Skip compress image, progress: 0%
9-2-2026 02:14:17-debug: Init all bundles start..., progress: 0%
9-2-2026 02:14:17-debug: Num of bundles: 2..., progress: 0%
9-2-2026 02:14:17-debug: // ---- build task Query asset bundle ----
9-2-2026 02:14:17-debug: Query asset bundle start, progress: 0%
9-2-2026 02:14:17-debug: Init bundle root assets start..., progress: 0%
9-2-2026 02:14:18-debug: Query preload assets/scripts from cc.config.json: 60f7195c-ec2a-45eb-ba94-8955f60e81d0,1c02ae6f-4492-4915-b8f8-7492a3b1e4cd,810e96e4-e456-4468-9b59-f4e8f39732c0,efe8e2a3-eace-427b-b4f1-cb8a937ec77d,e9aa9a3e-5b2b-4ac7-a2c7-073de2b2b24f,8bbdbcdd-5cd4-4100-b6d5-b7c9625b6107,50f4348b-c883-4e2f-8f11-ce233b859fa1,fda095cb-831d-4601-ad94-846013963de8,f92806d7-1768-443f-afe8-12bcde84d0f0,dd3a144d-ab7f-41f0-82b8-2e43a090d496,f0416e68-0200-4b77-a926-4f9d16e494da,511d2633-09a7-4bdd-ac42-f778032124b3,5d45aa00-e064-4938-b314-4265f0c2258c,9361fd90-ba52-4f84-aa93-6e878fd576ca,970b0598-bcb0-4714-91fb-2e81440dccd8,bcd64cc6-2dd9-43f6-abbe-66318d332032,d930590d-bb92-4cc8-8bd1-23cd027f9edf,a3cd009f-0ab0-420d-9278-b9fdab939bbc,6a2d0734-bd9e-4ddf-946e-caa52498cb75,d9937e59-61fe-4ec6-92ab-7ac5a19c89b0,d1346436-ac96-4271-b863-1f4fdead95b0,971bdb23-3ff6-43eb-b422-1c30165a3663,17debcc3-0a6b-4b8a-b00b-dc58b885581e,711ebe11-f673-4cd9-9a83-63c60ba54c5b,c0143906-9aed-447e-9436-2ae8512d1b6e,14da1725-c4c2-42b4-ab08-ee0aeb6898b3,081cab31-dccd-428e-8652-f2404cc81c47,78e0584a-4343-4727-8f37-e14e65c2a2db,871c3b6c-7379-419d-bda3-794b239ab90d,ff9b0199-ce04-4cfe-86cc-6c719f08d6e4,de1c2107-70c8-4021-8459-6399f24d01c6,cbf30902-517f-40dc-af90-a550bac27cf1,5c601d96-e4c7-4698-991b-7ee674b11079
9-2-2026 02:14:18-debug:   Number of other assets: 486
9-2-2026 02:14:18-debug: Init bundle root assets success..., progress: 0%
9-2-2026 02:14:18-debug:   Number of all scenes: 1
9-2-2026 02:14:18-debug:   Number of all scripts: 42
9-2-2026 02:14:18-debug: // ---- build task Query asset bundle ---- (18ms)
9-2-2026 02:14:18-log: run build task Query asset bundle success in 18 ms√, progress: 5%
9-2-2026 02:14:18-debug: [Build Memory track]: Query asset bundle start:223.97MB, end 224.73MB, increase: 777.54KB
9-2-2026 02:14:18-debug: Query asset bundle start, progress: 5%
9-2-2026 02:14:18-debug: // ---- build task Query asset bundle ----
9-2-2026 02:14:18-debug: // ---- build task Query asset bundle ---- (2ms)
9-2-2026 02:14:18-debug: Sort some build options to settings.json start, progress: 10%
9-2-2026 02:14:18-log: run build task Query asset bundle success in 2 ms√, progress: 10%
9-2-2026 02:14:18-debug: [Build Memory track]: Query asset bundle start:224.77MB, end 224.91MB, increase: 146.36KB
9-2-2026 02:14:18-debug: // ---- build task Sort some build options to settings.json ----
9-2-2026 02:14:18-debug: // ---- build task Sort some build options to settings.json ---- (1ms)
9-2-2026 02:14:18-log: run build task Sort some build options to settings.json success in 1 ms√, progress: 12%
9-2-2026 02:14:18-debug: // ---- build task Fill script data to settings ----
9-2-2026 02:14:18-debug: [Build Memory track]: Sort some build options to settings.json start:224.95MB, end 224.98MB, increase: 33.46KB
9-2-2026 02:14:18-debug: Fill script data to settings start, progress: 12%
9-2-2026 02:14:18-debug: // ---- build task Fill script data to settings ---- (2ms)
9-2-2026 02:14:18-log: run build task Fill script data to settings success in 2 ms√, progress: 13%
9-2-2026 02:14:18-debug: Sort some build options to settings.json start, progress: 13%
9-2-2026 02:14:18-debug: [Build Memory track]: Fill script data to settings start:225.02MB, end 223.54MB, increase: -1518.35KB
9-2-2026 02:14:18-debug: // ---- build task Sort some build options to settings.json ----
9-2-2026 02:14:18-debug: // ---- build task Sort some build options to settings.json ---- (6ms)
9-2-2026 02:14:18-log: run build task Sort some build options to settings.json success in 6 ms√, progress: 15%
9-2-2026 02:14:18-debug: [Build Memory track]: Sort some build options to settings.json start:223.58MB, end 223.73MB, increase: 152.14KB
9-2-2026 03:11:54-debug: refresh db internal success
9-2-2026 03:11:54-debug: %cImport%c: F:\Github\BattleGame\assets\scripts\LevelSettings.tsbackground: #aaff85; color: #000;color: #000;
9-2-2026 03:11:54-debug: refresh db assets success
9-2-2026 03:11:54-debug: Run asset db hook engine-extends:afterRefresh ...
9-2-2026 03:11:54-debug: Run asset db hook engine-extends:afterRefresh success!
9-2-2026 03:11:54-debug: asset-db:worker-effect-data-processing (4ms)
9-2-2026 03:11:54-debug: asset-db:refresh-all-database (103ms)
9-2-2026 03:11:54-debug: asset-db-hook-engine-extends-afterRefresh (5ms)
9-2-2026 03:12:00-debug: Query all assets info in project
9-2-2026 03:12:00-debug: init custom config: keepNodeUuid: false, useCache: true
9-2-2026 03:12:00-debug: Skip compress image, progress: 0%
9-2-2026 03:12:00-debug: Init all bundles start..., progress: 0%
9-2-2026 03:12:00-debug: Num of bundles: 2..., progress: 0%
9-2-2026 03:12:00-debug: // ---- build task Query asset bundle ----
9-2-2026 03:12:00-debug: Init bundle root assets start..., progress: 0%
9-2-2026 03:12:00-debug: Query asset bundle start, progress: 0%
9-2-2026 03:12:00-debug: Query preload assets/scripts from cc.config.json: 60f7195c-ec2a-45eb-ba94-8955f60e81d0,1c02ae6f-4492-4915-b8f8-7492a3b1e4cd,810e96e4-e456-4468-9b59-f4e8f39732c0,efe8e2a3-eace-427b-b4f1-cb8a937ec77d,e9aa9a3e-5b2b-4ac7-a2c7-073de2b2b24f,8bbdbcdd-5cd4-4100-b6d5-b7c9625b6107,50f4348b-c883-4e2f-8f11-ce233b859fa1,fda095cb-831d-4601-ad94-846013963de8,f92806d7-1768-443f-afe8-12bcde84d0f0,dd3a144d-ab7f-41f0-82b8-2e43a090d496,f0416e68-0200-4b77-a926-4f9d16e494da,511d2633-09a7-4bdd-ac42-f778032124b3,5d45aa00-e064-4938-b314-4265f0c2258c,9361fd90-ba52-4f84-aa93-6e878fd576ca,970b0598-bcb0-4714-91fb-2e81440dccd8,bcd64cc6-2dd9-43f6-abbe-66318d332032,d930590d-bb92-4cc8-8bd1-23cd027f9edf,a3cd009f-0ab0-420d-9278-b9fdab939bbc,6a2d0734-bd9e-4ddf-946e-caa52498cb75,d9937e59-61fe-4ec6-92ab-7ac5a19c89b0,d1346436-ac96-4271-b863-1f4fdead95b0,971bdb23-3ff6-43eb-b422-1c30165a3663,17debcc3-0a6b-4b8a-b00b-dc58b885581e,711ebe11-f673-4cd9-9a83-63c60ba54c5b,c0143906-9aed-447e-9436-2ae8512d1b6e,14da1725-c4c2-42b4-ab08-ee0aeb6898b3,081cab31-dccd-428e-8652-f2404cc81c47,78e0584a-4343-4727-8f37-e14e65c2a2db,871c3b6c-7379-419d-bda3-794b239ab90d,ff9b0199-ce04-4cfe-86cc-6c719f08d6e4,de1c2107-70c8-4021-8459-6399f24d01c6,cbf30902-517f-40dc-af90-a550bac27cf1,5c601d96-e4c7-4698-991b-7ee674b11079
9-2-2026 03:12:00-debug:   Number of all scripts: 42
9-2-2026 03:12:00-debug:   Number of other assets: 486
9-2-2026 03:12:00-debug: Init bundle root assets success..., progress: 0%
9-2-2026 03:12:00-debug:   Number of all scenes: 1
9-2-2026 03:12:00-debug: // ---- build task Query asset bundle ---- (11ms)
9-2-2026 03:12:00-log: run build task Query asset bundle success in 11 ms√, progress: 5%
9-2-2026 03:12:00-debug: [Build Memory track]: Query asset bundle start:226.00MB, end 225.88MB, increase: -126.41KB
9-2-2026 03:12:00-debug: Query asset bundle start, progress: 5%
9-2-2026 03:12:00-debug: // ---- build task Query asset bundle ----
9-2-2026 03:12:00-debug: [Build Memory track]: Query asset bundle start:226.10MB, end 225.33MB, increase: -789.26KB
9-2-2026 03:12:00-debug: Sort some build options to settings.json start, progress: 10%
9-2-2026 03:12:00-log: run build task Query asset bundle success in 5 ms√, progress: 10%
9-2-2026 03:12:00-debug: // ---- build task Sort some build options to settings.json ----
9-2-2026 03:12:00-debug: // ---- build task Query asset bundle ---- (5ms)
9-2-2026 03:12:00-debug: // ---- build task Sort some build options to settings.json ---- (3ms)
9-2-2026 03:12:00-log: run build task Sort some build options to settings.json success in 3 ms√, progress: 12%
9-2-2026 03:12:00-debug: [Build Memory track]: Sort some build options to settings.json start:225.37MB, end 225.40MB, increase: 33.25KB
9-2-2026 03:12:00-debug: // ---- build task Fill script data to settings ----
9-2-2026 03:12:00-debug: Fill script data to settings start, progress: 12%
9-2-2026 03:12:00-debug: // ---- build task Fill script data to settings ---- (1ms)
9-2-2026 03:12:00-debug: Sort some build options to settings.json start, progress: 13%
9-2-2026 03:12:00-log: run build task Fill script data to settings success in 1 ms√, progress: 13%
9-2-2026 03:12:00-debug: [Build Memory track]: Fill script data to settings start:225.44MB, end 225.47MB, increase: 32.84KB
9-2-2026 03:12:00-debug: // ---- build task Sort some build options to settings.json ----
9-2-2026 03:12:00-debug: // ---- build task Sort some build options to settings.json ---- (7ms)
9-2-2026 03:12:00-log: run build task Sort some build options to settings.json success in 7 ms√, progress: 15%
9-2-2026 03:12:00-debug: [Build Memory track]: Sort some build options to settings.json start:225.51MB, end 225.64MB, increase: 132.97KB
9-2-2026 03:12:40-debug: %cImport%c: F:\Github\BattleGame\assets\Battle.scenebackground: #aaff85; color: #000;color: #000;
9-2-2026 03:12:40-debug: asset-db:reimport-asset1effe86e-a401-4769-9dbc-62218c68834d (35ms)
9-2-2026 03:12:41-debug: Query all assets info in project
9-2-2026 03:12:41-debug: init custom config: keepNodeUuid: false, useCache: true
9-2-2026 03:12:41-debug: Skip compress image, progress: 0%
9-2-2026 03:12:41-debug: Init all bundles start..., progress: 0%
9-2-2026 03:12:41-debug: Num of bundles: 2..., progress: 0%
9-2-2026 03:12:41-debug: Init bundle root assets start..., progress: 0%
9-2-2026 03:12:41-debug: // ---- build task Query asset bundle ----
9-2-2026 03:12:41-debug: Query asset bundle start, progress: 0%
9-2-2026 03:12:41-debug: Query preload assets/scripts from cc.config.json: 60f7195c-ec2a-45eb-ba94-8955f60e81d0,1c02ae6f-4492-4915-b8f8-7492a3b1e4cd,810e96e4-e456-4468-9b59-f4e8f39732c0,efe8e2a3-eace-427b-b4f1-cb8a937ec77d,e9aa9a3e-5b2b-4ac7-a2c7-073de2b2b24f,8bbdbcdd-5cd4-4100-b6d5-b7c9625b6107,50f4348b-c883-4e2f-8f11-ce233b859fa1,fda095cb-831d-4601-ad94-846013963de8,f92806d7-1768-443f-afe8-12bcde84d0f0,dd3a144d-ab7f-41f0-82b8-2e43a090d496,f0416e68-0200-4b77-a926-4f9d16e494da,511d2633-09a7-4bdd-ac42-f778032124b3,5d45aa00-e064-4938-b314-4265f0c2258c,9361fd90-ba52-4f84-aa93-6e878fd576ca,970b0598-bcb0-4714-91fb-2e81440dccd8,bcd64cc6-2dd9-43f6-abbe-66318d332032,d930590d-bb92-4cc8-8bd1-23cd027f9edf,a3cd009f-0ab0-420d-9278-b9fdab939bbc,6a2d0734-bd9e-4ddf-946e-caa52498cb75,d9937e59-61fe-4ec6-92ab-7ac5a19c89b0,d1346436-ac96-4271-b863-1f4fdead95b0,971bdb23-3ff6-43eb-b422-1c30165a3663,17debcc3-0a6b-4b8a-b00b-dc58b885581e,711ebe11-f673-4cd9-9a83-63c60ba54c5b,c0143906-9aed-447e-9436-2ae8512d1b6e,14da1725-c4c2-42b4-ab08-ee0aeb6898b3,081cab31-dccd-428e-8652-f2404cc81c47,78e0584a-4343-4727-8f37-e14e65c2a2db,871c3b6c-7379-419d-bda3-794b239ab90d,ff9b0199-ce04-4cfe-86cc-6c719f08d6e4,de1c2107-70c8-4021-8459-6399f24d01c6,cbf30902-517f-40dc-af90-a550bac27cf1,5c601d96-e4c7-4698-991b-7ee674b11079
9-2-2026 03:12:41-debug:   Number of other assets: 486
9-2-2026 03:12:41-debug: Init bundle root assets success..., progress: 0%
9-2-2026 03:12:41-debug:   Number of all scripts: 42
9-2-2026 03:12:41-debug:   Number of all scenes: 1
9-2-2026 03:12:41-debug: // ---- build task Query asset bundle ---- (7ms)
9-2-2026 03:12:41-log: run build task Query asset bundle success in 7 ms√, progress: 5%
9-2-2026 03:12:41-debug: // ---- build task Query asset bundle ----
9-2-2026 03:12:41-debug: [Build Memory track]: Query asset bundle start:226.66MB, end 226.54MB, increase: -129.18KB
9-2-2026 03:12:41-debug: Query asset bundle start, progress: 5%
9-2-2026 03:12:41-debug: // ---- build task Query asset bundle ---- (3ms)
9-2-2026 03:12:41-log: run build task Query asset bundle success in 3 ms√, progress: 10%
9-2-2026 03:12:41-debug: [Build Memory track]: Query asset bundle start:226.57MB, end 225.99MB, increase: -601.21KB
9-2-2026 03:12:41-debug: Sort some build options to settings.json start, progress: 10%
9-2-2026 03:12:41-debug: // ---- build task Sort some build options to settings.json ----
9-2-2026 03:12:41-debug: // ---- build task Sort some build options to settings.json ---- (2ms)
9-2-2026 03:12:41-debug: Fill script data to settings start, progress: 12%
9-2-2026 03:12:41-debug: [Build Memory track]: Sort some build options to settings.json start:226.03MB, end 226.07MB, increase: 42.10KB
9-2-2026 03:12:41-debug: // ---- build task Fill script data to settings ----
9-2-2026 03:12:41-log: run build task Sort some build options to settings.json success in 2 ms√, progress: 12%
9-2-2026 03:12:41-debug: // ---- build task Fill script data to settings ---- (1ms)
9-2-2026 03:12:41-debug: [Build Memory track]: Fill script data to settings start:226.11MB, end 226.14MB, increase: 32.56KB
9-2-2026 03:12:41-log: run build task Fill script data to settings success in 1 ms√, progress: 13%
9-2-2026 03:12:41-debug: Sort some build options to settings.json start, progress: 13%
9-2-2026 03:12:41-debug: // ---- build task Sort some build options to settings.json ----
9-2-2026 03:12:41-log: run build task Sort some build options to settings.json success in 6 ms√, progress: 15%
9-2-2026 03:12:41-debug: [Build Memory track]: Sort some build options to settings.json start:226.18MB, end 226.31MB, increase: 133.53KB
9-2-2026 03:12:41-debug: // ---- build task Sort some build options to settings.json ---- (6ms)
9-2-2026 03:13:32-debug: refresh db internal success
9-2-2026 03:13:32-debug: refresh db assets success
9-2-2026 03:13:32-debug: Run asset db hook engine-extends:afterRefresh ...
9-2-2026 03:13:32-debug: Run asset db hook engine-extends:afterRefresh success!
9-2-2026 03:13:32-debug: asset-db:refresh-all-database (109ms)
9-2-2026 03:13:32-debug: asset-db:worker-effect-data-processing (8ms)
9-2-2026 03:13:32-debug: asset-db-hook-engine-extends-afterRefresh (9ms)
9-2-2026 03:19:51-debug: refresh db internal success
9-2-2026 03:19:51-debug: %cImport%c: F:\Github\BattleGame\assets\scripts\LevelSettings.tsbackground: #aaff85; color: #000;color: #000;
9-2-2026 03:19:51-debug: refresh db assets success
9-2-2026 03:19:51-debug: Run asset db hook engine-extends:afterRefresh success!
9-2-2026 03:19:51-debug: Run asset db hook engine-extends:afterRefresh ...
9-2-2026 03:19:51-debug: asset-db:refresh-all-database (83ms)
9-2-2026 03:19:51-debug: asset-db-hook-engine-extends-afterRefresh (2ms)
9-2-2026 03:19:51-debug: asset-db:worker-effect-data-processing (1ms)
9-2-2026 03:19:56-debug: Query all assets info in project
9-2-2026 03:19:56-debug: init custom config: keepNodeUuid: false, useCache: true
9-2-2026 03:19:56-debug: Skip compress image, progress: 0%
9-2-2026 03:19:56-debug: Init all bundles start..., progress: 0%
9-2-2026 03:19:56-debug: // ---- build task Query asset bundle ----
9-2-2026 03:19:56-debug: Init bundle root assets start..., progress: 0%
9-2-2026 03:19:56-debug: Query asset bundle start, progress: 0%
9-2-2026 03:19:56-debug: Num of bundles: 2..., progress: 0%
9-2-2026 03:19:56-debug: Query preload assets/scripts from cc.config.json: 60f7195c-ec2a-45eb-ba94-8955f60e81d0,1c02ae6f-4492-4915-b8f8-7492a3b1e4cd,810e96e4-e456-4468-9b59-f4e8f39732c0,efe8e2a3-eace-427b-b4f1-cb8a937ec77d,e9aa9a3e-5b2b-4ac7-a2c7-073de2b2b24f,8bbdbcdd-5cd4-4100-b6d5-b7c9625b6107,50f4348b-c883-4e2f-8f11-ce233b859fa1,fda095cb-831d-4601-ad94-846013963de8,f92806d7-1768-443f-afe8-12bcde84d0f0,dd3a144d-ab7f-41f0-82b8-2e43a090d496,f0416e68-0200-4b77-a926-4f9d16e494da,511d2633-09a7-4bdd-ac42-f778032124b3,5d45aa00-e064-4938-b314-4265f0c2258c,9361fd90-ba52-4f84-aa93-6e878fd576ca,970b0598-bcb0-4714-91fb-2e81440dccd8,bcd64cc6-2dd9-43f6-abbe-66318d332032,d930590d-bb92-4cc8-8bd1-23cd027f9edf,a3cd009f-0ab0-420d-9278-b9fdab939bbc,6a2d0734-bd9e-4ddf-946e-caa52498cb75,d9937e59-61fe-4ec6-92ab-7ac5a19c89b0,d1346436-ac96-4271-b863-1f4fdead95b0,971bdb23-3ff6-43eb-b422-1c30165a3663,17debcc3-0a6b-4b8a-b00b-dc58b885581e,711ebe11-f673-4cd9-9a83-63c60ba54c5b,c0143906-9aed-447e-9436-2ae8512d1b6e,14da1725-c4c2-42b4-ab08-ee0aeb6898b3,081cab31-dccd-428e-8652-f2404cc81c47,78e0584a-4343-4727-8f37-e14e65c2a2db,871c3b6c-7379-419d-bda3-794b239ab90d,ff9b0199-ce04-4cfe-86cc-6c719f08d6e4,de1c2107-70c8-4021-8459-6399f24d01c6,cbf30902-517f-40dc-af90-a550bac27cf1,5c601d96-e4c7-4698-991b-7ee674b11079
9-2-2026 03:19:56-debug:   Number of all scenes: 1
9-2-2026 03:19:56-debug:   Number of all scripts: 42
9-2-2026 03:19:56-debug: Init bundle root assets success..., progress: 0%
9-2-2026 03:19:56-debug:   Number of other assets: 486
9-2-2026 03:19:56-debug: // ---- build task Query asset bundle ---- (8ms)
9-2-2026 03:19:56-log: run build task Query asset bundle success in 8 ms√, progress: 5%
9-2-2026 03:19:56-debug: [Build Memory track]: Query asset bundle start:229.25MB, end 229.99MB, increase: 752.04KB
9-2-2026 03:19:56-debug: Query asset bundle start, progress: 5%
9-2-2026 03:19:56-debug: // ---- build task Query asset bundle ----
9-2-2026 03:19:56-debug: // ---- build task Query asset bundle ---- (9ms)
9-2-2026 03:19:56-debug: Sort some build options to settings.json start, progress: 10%
9-2-2026 03:19:56-log: run build task Query asset bundle success in 9 ms√, progress: 10%
9-2-2026 03:19:56-debug: [Build Memory track]: Query asset bundle start:230.03MB, end 230.17MB, increase: 146.36KB
9-2-2026 03:19:56-debug: // ---- build task Sort some build options to settings.json ----
9-2-2026 03:19:56-debug: // ---- build task Sort some build options to settings.json ---- (1ms)
9-2-2026 03:19:56-log: run build task Sort some build options to settings.json success in 1 ms√, progress: 12%
9-2-2026 03:19:56-debug: Fill script data to settings start, progress: 12%
9-2-2026 03:19:56-debug: // ---- build task Fill script data to settings ----
9-2-2026 03:19:56-debug: [Build Memory track]: Sort some build options to settings.json start:230.21MB, end 230.24MB, increase: 33.23KB
9-2-2026 03:19:56-debug: // ---- build task Fill script data to settings ---- (1ms)
9-2-2026 03:19:56-log: run build task Fill script data to settings success in 1 ms√, progress: 13%
9-2-2026 03:19:56-debug: [Build Memory track]: Fill script data to settings start:230.28MB, end 230.31MB, increase: 32.61KB
9-2-2026 03:19:56-debug: Sort some build options to settings.json start, progress: 13%
9-2-2026 03:19:56-debug: // ---- build task Sort some build options to settings.json ----
9-2-2026 03:19:56-debug: // ---- build task Sort some build options to settings.json ---- (8ms)
9-2-2026 03:19:56-log: run build task Sort some build options to settings.json success in 8 ms√, progress: 15%
9-2-2026 03:19:56-debug: [Build Memory track]: Sort some build options to settings.json start:230.35MB, end 230.48MB, increase: 134.50KB
9-2-2026 03:20:09-debug: refresh db internal success
9-2-2026 03:20:09-debug: refresh db assets success
9-2-2026 03:20:09-debug: Run asset db hook engine-extends:afterRefresh ...
9-2-2026 03:20:09-debug: Run asset db hook engine-extends:afterRefresh success!
9-2-2026 03:20:09-debug: asset-db:refresh-all-database (92ms)
9-2-2026 03:20:09-debug: asset-db:worker-effect-data-processing (2ms)
9-2-2026 03:20:09-debug: asset-db-hook-engine-extends-afterRefresh (2ms)
9-2-2026 03:30:23-debug: refresh db internal success
9-2-2026 03:30:23-debug: %cImport%c: F:\Github\BattleGame\assets\scripts\LevelSettings.tsbackground: #aaff85; color: #000;color: #000;
9-2-2026 03:30:23-debug: refresh db assets success
9-2-2026 03:30:23-debug: Run asset db hook engine-extends:afterRefresh success!
9-2-2026 03:30:23-debug: Run asset db hook engine-extends:afterRefresh ...
9-2-2026 03:30:23-debug: asset-db:refresh-all-database (96ms)
9-2-2026 03:30:23-debug: asset-db:worker-effect-data-processing (2ms)
9-2-2026 03:30:23-debug: asset-db-hook-engine-extends-afterRefresh (2ms)
9-2-2026 03:30:25-debug: %cImport%c: F:\Github\BattleGame\assets\Battle.scenebackground: #aaff85; color: #000;color: #000;
9-2-2026 03:30:25-debug: asset-db:reimport-asset1effe86e-a401-4769-9dbc-62218c68834d (36ms)
9-2-2026 03:30:28-debug: Query all assets info in project
9-2-2026 03:30:28-debug: Skip compress image, progress: 0%
9-2-2026 03:30:28-debug: init custom config: keepNodeUuid: false, useCache: true
9-2-2026 03:30:28-debug: Init all bundles start..., progress: 0%
9-2-2026 03:30:28-debug: Num of bundles: 2..., progress: 0%
9-2-2026 03:30:28-debug: Query asset bundle start, progress: 0%
9-2-2026 03:30:28-debug: // ---- build task Query asset bundle ----
9-2-2026 03:30:28-debug: Init bundle root assets start..., progress: 0%
9-2-2026 03:30:28-debug: Query preload assets/scripts from cc.config.json: 60f7195c-ec2a-45eb-ba94-8955f60e81d0,1c02ae6f-4492-4915-b8f8-7492a3b1e4cd,810e96e4-e456-4468-9b59-f4e8f39732c0,efe8e2a3-eace-427b-b4f1-cb8a937ec77d,e9aa9a3e-5b2b-4ac7-a2c7-073de2b2b24f,8bbdbcdd-5cd4-4100-b6d5-b7c9625b6107,50f4348b-c883-4e2f-8f11-ce233b859fa1,fda095cb-831d-4601-ad94-846013963de8,f92806d7-1768-443f-afe8-12bcde84d0f0,dd3a144d-ab7f-41f0-82b8-2e43a090d496,f0416e68-0200-4b77-a926-4f9d16e494da,511d2633-09a7-4bdd-ac42-f778032124b3,5d45aa00-e064-4938-b314-4265f0c2258c,9361fd90-ba52-4f84-aa93-6e878fd576ca,970b0598-bcb0-4714-91fb-2e81440dccd8,bcd64cc6-2dd9-43f6-abbe-66318d332032,d930590d-bb92-4cc8-8bd1-23cd027f9edf,a3cd009f-0ab0-420d-9278-b9fdab939bbc,6a2d0734-bd9e-4ddf-946e-caa52498cb75,d9937e59-61fe-4ec6-92ab-7ac5a19c89b0,d1346436-ac96-4271-b863-1f4fdead95b0,971bdb23-3ff6-43eb-b422-1c30165a3663,17debcc3-0a6b-4b8a-b00b-dc58b885581e,711ebe11-f673-4cd9-9a83-63c60ba54c5b,c0143906-9aed-447e-9436-2ae8512d1b6e,14da1725-c4c2-42b4-ab08-ee0aeb6898b3,081cab31-dccd-428e-8652-f2404cc81c47,78e0584a-4343-4727-8f37-e14e65c2a2db,871c3b6c-7379-419d-bda3-794b239ab90d,ff9b0199-ce04-4cfe-86cc-6c719f08d6e4,de1c2107-70c8-4021-8459-6399f24d01c6,cbf30902-517f-40dc-af90-a550bac27cf1,5c601d96-e4c7-4698-991b-7ee674b11079
9-2-2026 03:30:28-debug:   Number of all scenes: 1
9-2-2026 03:30:28-debug:   Number of all scripts: 42
9-2-2026 03:30:28-debug: Init bundle root assets success..., progress: 0%
9-2-2026 03:30:28-debug:   Number of other assets: 486
9-2-2026 03:30:28-debug: // ---- build task Query asset bundle ---- (10ms)
9-2-2026 03:30:28-log: run build task Query asset bundle success in 10 ms√, progress: 5%
9-2-2026 03:30:28-debug: Query asset bundle start, progress: 5%
9-2-2026 03:30:28-debug: [Build Memory track]: Query asset bundle start:233.93MB, end 232.50MB, increase: -1465.83KB
9-2-2026 03:30:28-debug: // ---- build task Query asset bundle ----
9-2-2026 03:30:28-debug: // ---- build task Query asset bundle ---- (10ms)
9-2-2026 03:30:28-log: run build task Query asset bundle success in 10 ms√, progress: 10%
9-2-2026 03:30:28-debug: [Build Memory track]: Query asset bundle start:232.53MB, end 232.67MB, increase: 140.59KB
9-2-2026 03:30:28-debug: Sort some build options to settings.json start, progress: 10%
9-2-2026 03:30:28-debug: // ---- build task Sort some build options to settings.json ----
9-2-2026 03:30:28-debug: // ---- build task Sort some build options to settings.json ---- (3ms)
9-2-2026 03:30:28-log: run build task Sort some build options to settings.json success in 3 ms√, progress: 12%
9-2-2026 03:30:28-debug: Fill script data to settings start, progress: 12%
9-2-2026 03:30:28-debug: // ---- build task Fill script data to settings ----
9-2-2026 03:30:28-debug: [Build Memory track]: Sort some build options to settings.json start:232.70MB, end 232.72MB, increase: 26.27KB
9-2-2026 03:30:28-debug: // ---- build task Fill script data to settings ---- (1ms)
9-2-2026 03:30:28-debug: [Build Memory track]: Fill script data to settings start:232.75MB, end 232.78MB, increase: 29.43KB
9-2-2026 03:30:28-log: run build task Fill script data to settings success in 1 ms√, progress: 13%
9-2-2026 03:30:28-debug: // ---- build task Sort some build options to settings.json ----
9-2-2026 03:30:28-debug: Sort some build options to settings.json start, progress: 13%
9-2-2026 03:30:28-debug: // ---- build task Sort some build options to settings.json ---- (10ms)
9-2-2026 03:30:28-log: run build task Sort some build options to settings.json success in 10 ms√, progress: 15%
9-2-2026 03:30:28-debug: [Build Memory track]: Sort some build options to settings.json start:232.81MB, end 232.93MB, increase: 129.48KB
9-2-2026 03:30:39-debug: refresh db internal success
9-2-2026 03:30:39-debug: refresh db assets success
9-2-2026 03:30:39-debug: Run asset db hook engine-extends:afterRefresh success!
9-2-2026 03:30:39-debug: Run asset db hook engine-extends:afterRefresh ...
9-2-2026 03:30:39-debug: asset-db:refresh-all-database (83ms)
9-2-2026 03:30:39-debug: asset-db:worker-effect-data-processing (3ms)
9-2-2026 03:30:39-debug: asset-db-hook-engine-extends-afterRefresh (3ms)
