9-2-2026 03:31:00-log: Cannot access game frame or container.
9-2-2026 03:31:01-debug: asset-db:require-engine-code (1139ms)
9-2-2026 03:31:01-log: meshopt wasm decoder initialized
9-2-2026 03:31:01-log: [bullet]:bullet wasm lib loaded.
9-2-2026 03:31:01-log: [box2d]:box2d wasm lib loaded.
9-2-2026 03:31:01-log: Cocos Creator v3.8.8
9-2-2026 03:31:01-log: Using legacy pipeline
9-2-2026 03:31:01-log: Forward render pipeline initialized.
9-2-2026 03:31:01-debug: [Assets Memory track]: asset-db:worker-init: initEngine start:31.84MB, end 79.50MB, increase: 47.66MB
9-2-2026 03:31:03-debug: [Assets Memory track]: asset-db:worker-init: initPlugin start:79.54MB, end 274.55MB, increase: 195.02MB
9-2-2026 03:31:03-debug: asset-db:worker-init: initPlugin (1875ms)
9-2-2026 03:31:03-debug: [Assets Memory track]: asset-db:worker-init start:31.83MB, end 197.49MB, increase: 165.66MB
9-2-2026 03:31:03-debug: Run asset db hook programming:beforePreStart success!
9-2-2026 03:31:03-debug: Run asset db hook engine-extends:beforePreStart success!
9-2-2026 03:31:03-debug: Run asset db hook engine-extends:beforePreStart ...
9-2-2026 03:31:03-debug: Run asset db hook programming:beforePreStart ...
9-2-2026 03:31:08-debug: asset-db:worker-init (8358ms)
9-2-2026 03:31:08-debug: asset-db-hook-programming-beforePreStart (5041ms)
9-2-2026 03:31:08-debug: asset-db-hook-engine-extends-beforePreStart (5041ms)
9-2-2026 03:31:10-debug: Preimport db internal success
9-2-2026 03:31:10-debug: Preimport db assets success
9-2-2026 03:31:10-debug: Run asset db hook programming:afterPreStart ...
9-2-2026 03:31:10-debug: starting packer-driver...
9-2-2026 03:31:14-debug: initialize scripting environment...
9-2-2026 03:31:14-debug: [[Executor]] prepare before lock
9-2-2026 03:31:14-debug: Set detail map pack:///resolution-detail-map.json: {}
9-2-2026 03:31:14-debug: [[Executor]] prepare after unlock
9-2-2026 03:31:14-debug: Run asset db hook programming:afterPreStart success!
9-2-2026 03:31:14-debug: [Assets Memory track]: asset-db:worker-init: preStart start:197.51MB, end 203.27MB, increase: 5.76MB
9-2-2026 03:31:14-debug: Run asset db hook engine-extends:afterPreStart ...
9-2-2026 03:31:14-debug: Run asset db hook engine-extends:afterPreStart success!
9-2-2026 03:31:14-debug: Start up the 'internal' database...
9-2-2026 03:31:18-debug: asset-db-hook-programming-afterPreStart (7339ms)
9-2-2026 03:31:18-debug: asset-db:worker-effect-data-processing (3324ms)
9-2-2026 03:31:18-debug: asset-db-hook-engine-extends-afterPreStart (3325ms)
9-2-2026 03:31:18-debug: Run asset db hook engine-extends:afterStartDB ...
9-2-2026 03:31:20-debug: recompile effect.bin success
9-2-2026 03:31:20-debug: Run asset db hook engine-extends:afterStartDB success!
9-2-2026 03:31:20-debug: Start up the 'assets' database...
9-2-2026 03:31:20-debug: asset-db:worker-effect-data-processing (1762ms)
9-2-2026 03:31:20-debug: asset-db-hook-engine-extends-afterStartDB (1763ms)
9-2-2026 03:31:20-debug: Run asset db hook engine-extends:afterStartDB ...
9-2-2026 03:31:20-debug: Run asset db hook engine-extends:afterStartDB success!
9-2-2026 03:31:20-debug: [Assets Memory track]: asset-db:worker-init: startup start:203.29MB, end 218.39MB, increase: 15.09MB
9-2-2026 03:31:20-debug: lazy register asset handler *
9-2-2026 03:31:20-debug: lazy register asset handler directory
9-2-2026 03:31:20-debug: lazy register asset handler json
9-2-2026 03:31:20-debug: lazy register asset handler text
9-2-2026 03:31:20-debug: lazy register asset handler spine-data
9-2-2026 03:31:20-debug: lazy register asset handler dragonbones
9-2-2026 03:31:20-debug: lazy register asset handler dragonbones-atlas
9-2-2026 03:31:20-debug: lazy register asset handler terrain
9-2-2026 03:31:20-debug: lazy register asset handler javascript
9-2-2026 03:31:20-debug: lazy register asset handler typescript
9-2-2026 03:31:20-debug: lazy register asset handler scene
9-2-2026 03:31:20-debug: lazy register asset handler prefab
9-2-2026 03:31:20-debug: lazy register asset handler sprite-frame
9-2-2026 03:31:20-debug: recompile effect.bin success
9-2-2026 03:31:20-debug: lazy register asset handler tiled-map
9-2-2026 03:31:20-debug: lazy register asset handler sign-image
9-2-2026 03:31:20-debug: lazy register asset handler alpha-image
9-2-2026 03:31:20-debug: lazy register asset handler buffer
9-2-2026 03:31:20-debug: lazy register asset handler texture
9-2-2026 03:31:20-debug: lazy register asset handler erp-texture-cube
9-2-2026 03:31:20-debug: lazy register asset handler texture-cube
9-2-2026 03:31:20-debug: lazy register asset handler render-texture
9-2-2026 03:31:20-debug: lazy register asset handler texture-cube-face
9-2-2026 03:31:20-debug: lazy register asset handler image
9-2-2026 03:31:20-debug: lazy register asset handler rt-sprite-frame
9-2-2026 03:31:20-debug: lazy register asset handler gltf
9-2-2026 03:31:20-debug: lazy register asset handler gltf-mesh
9-2-2026 03:31:20-debug: lazy register asset handler gltf-animation
9-2-2026 03:31:20-debug: lazy register asset handler gltf-skeleton
9-2-2026 03:31:20-debug: lazy register asset handler gltf-material
9-2-2026 03:31:20-debug: lazy register asset handler gltf-scene
9-2-2026 03:31:20-debug: lazy register asset handler gltf-embeded-image
9-2-2026 03:31:20-debug: lazy register asset handler fbx
9-2-2026 03:31:20-debug: lazy register asset handler material
9-2-2026 03:31:20-debug: lazy register asset handler physics-material
9-2-2026 03:31:20-debug: lazy register asset handler effect
9-2-2026 03:31:20-debug: lazy register asset handler audio-clip
9-2-2026 03:31:20-debug: lazy register asset handler effect-header
9-2-2026 03:31:20-debug: lazy register asset handler animation-graph
9-2-2026 03:31:20-debug: lazy register asset handler animation-graph-variant
9-2-2026 03:31:20-debug: lazy register asset handler ttf-font
9-2-2026 03:31:20-debug: lazy register asset handler animation-clip
9-2-2026 03:31:20-debug: lazy register asset handler bitmap-font
9-2-2026 03:31:20-debug: lazy register asset handler animation-mask
9-2-2026 03:31:20-debug: lazy register asset handler particle
9-2-2026 03:31:20-debug: lazy register asset handler sprite-atlas
9-2-2026 03:31:20-debug: lazy register asset handler label-atlas
9-2-2026 03:31:20-debug: lazy register asset handler render-pipeline
9-2-2026 03:31:20-debug: lazy register asset handler auto-atlas
9-2-2026 03:31:20-debug: lazy register asset handler render-flow
9-2-2026 03:31:20-debug: lazy register asset handler instantiation-material
9-2-2026 03:31:20-debug: lazy register asset handler render-stage
9-2-2026 03:31:20-debug: lazy register asset handler instantiation-skeleton
9-2-2026 03:31:20-debug: lazy register asset handler video-clip
9-2-2026 03:31:20-debug: lazy register asset handler instantiation-animation
9-2-2026 03:31:20-debug: lazy register asset handler instantiation-mesh
9-2-2026 03:31:20-debug: asset-db:worker-effect-data-processing (320ms)
9-2-2026 03:31:20-debug: asset-db:start-database (17282ms)
9-2-2026 03:31:20-debug: asset-db-hook-engine-extends-afterStartDB (320ms)
9-2-2026 03:31:20-debug: asset-db:ready (24386ms)
9-2-2026 03:31:20-debug: init worker message success
9-2-2026 03:31:20-debug: programming:execute-script (8ms)
9-2-2026 03:31:20-debug: [Build Memory track]: builder:worker-init start:222.47MB, end 230.44MB, increase: 7.97MB
9-2-2026 03:31:20-debug: builder:worker-init (357ms)
9-2-2026 03:31:31-debug: Query all assets info in project
9-2-2026 03:31:31-debug: init custom config: keepNodeUuid: false, useCache: true
9-2-2026 03:31:31-debug: Skip compress image, progress: 0%
9-2-2026 03:31:31-debug: Init all bundles start..., progress: 0%
9-2-2026 03:31:31-debug: Num of bundles: 2..., progress: 0%
9-2-2026 03:31:31-debug: Query asset bundle start, progress: 0%
9-2-2026 03:31:31-debug: // ---- build task Query asset bundle ----
9-2-2026 03:31:31-debug: Init bundle root assets start..., progress: 0%
9-2-2026 03:31:31-debug: Query preload assets/scripts from cc.config.json: 60f7195c-ec2a-45eb-ba94-8955f60e81d0,1c02ae6f-4492-4915-b8f8-7492a3b1e4cd,810e96e4-e456-4468-9b59-f4e8f39732c0,efe8e2a3-eace-427b-b4f1-cb8a937ec77d,e9aa9a3e-5b2b-4ac7-a2c7-073de2b2b24f,8bbdbcdd-5cd4-4100-b6d5-b7c9625b6107,50f4348b-c883-4e2f-8f11-ce233b859fa1,fda095cb-831d-4601-ad94-846013963de8,f92806d7-1768-443f-afe8-12bcde84d0f0,dd3a144d-ab7f-41f0-82b8-2e43a090d496,f0416e68-0200-4b77-a926-4f9d16e494da,511d2633-09a7-4bdd-ac42-f778032124b3,5d45aa00-e064-4938-b314-4265f0c2258c,9361fd90-ba52-4f84-aa93-6e878fd576ca,970b0598-bcb0-4714-91fb-2e81440dccd8,bcd64cc6-2dd9-43f6-abbe-66318d332032,d930590d-bb92-4cc8-8bd1-23cd027f9edf,a3cd009f-0ab0-420d-9278-b9fdab939bbc,6a2d0734-bd9e-4ddf-946e-caa52498cb75,d9937e59-61fe-4ec6-92ab-7ac5a19c89b0,d1346436-ac96-4271-b863-1f4fdead95b0,971bdb23-3ff6-43eb-b422-1c30165a3663,17debcc3-0a6b-4b8a-b00b-dc58b885581e,711ebe11-f673-4cd9-9a83-63c60ba54c5b,c0143906-9aed-447e-9436-2ae8512d1b6e,14da1725-c4c2-42b4-ab08-ee0aeb6898b3,081cab31-dccd-428e-8652-f2404cc81c47,78e0584a-4343-4727-8f37-e14e65c2a2db,871c3b6c-7379-419d-bda3-794b239ab90d,ff9b0199-ce04-4cfe-86cc-6c719f08d6e4,de1c2107-70c8-4021-8459-6399f24d01c6,cbf30902-517f-40dc-af90-a550bac27cf1,5c601d96-e4c7-4698-991b-7ee674b11079
9-2-2026 03:31:31-debug:   Number of all scenes: 1
9-2-2026 03:31:31-debug:   Number of other assets: 486
9-2-2026 03:31:31-debug: Init bundle root assets success..., progress: 0%
9-2-2026 03:31:31-debug:   Number of all scripts: 42
9-2-2026 03:31:31-debug: // ---- build task Query asset bundle ---- (22ms)
9-2-2026 03:31:31-log: run build task Query asset bundle success in 22 ms√, progress: 5%
9-2-2026 03:31:31-debug: [Build Memory track]: Query asset bundle start:231.99MB, end 232.86MB, increase: 886.53KB
9-2-2026 03:31:31-debug: Query asset bundle start, progress: 5%
9-2-2026 03:31:31-debug: // ---- build task Query asset bundle ----
9-2-2026 03:31:31-debug: // ---- build task Query asset bundle ---- (5ms)
9-2-2026 03:31:31-log: run build task Query asset bundle success in 5 ms√, progress: 10%
9-2-2026 03:31:31-debug: [Build Memory track]: Query asset bundle start:232.90MB, end 233.07MB, increase: 175.33KB
9-2-2026 03:31:31-debug: // ---- build task Sort some build options to settings.json ----
9-2-2026 03:31:31-debug: Sort some build options to settings.json start, progress: 10%
9-2-2026 03:31:31-debug: // ---- build task Sort some build options to settings.json ---- (3ms)
9-2-2026 03:31:31-log: run build task Sort some build options to settings.json success in 3 ms√, progress: 12%
9-2-2026 03:31:31-debug: [Build Memory track]: Sort some build options to settings.json start:233.11MB, end 233.14MB, increase: 34.09KB
9-2-2026 03:31:31-debug: Fill script data to settings start, progress: 12%
9-2-2026 03:31:31-debug: // ---- build task Fill script data to settings ----
9-2-2026 03:31:31-debug: // ---- build task Fill script data to settings ---- (3ms)
9-2-2026 03:31:31-log: run build task Fill script data to settings success in 3 ms√, progress: 13%
9-2-2026 03:31:31-debug: [Build Memory track]: Fill script data to settings start:233.18MB, end 233.22MB, increase: 33.55KB
9-2-2026 03:31:31-debug: Sort some build options to settings.json start, progress: 13%
9-2-2026 03:31:31-debug: // ---- build task Sort some build options to settings.json ----
9-2-2026 03:31:31-log: run build task Sort some build options to settings.json success in 9 ms√, progress: 15%
9-2-2026 03:31:31-debug: [Build Memory track]: Sort some build options to settings.json start:233.26MB, end 227.16MB, increase: -6245.55KB
9-2-2026 03:31:31-debug: // ---- build task Sort some build options to settings.json ---- (9ms)
9-2-2026 03:31:34-debug: Query all assets info in project
9-2-2026 03:31:34-debug: init custom config: keepNodeUuid: false, useCache: true
9-2-2026 03:31:34-debug: Skip compress image, progress: 0%
9-2-2026 03:31:34-debug: Init all bundles start..., progress: 0%
9-2-2026 03:31:34-debug: Query asset bundle start, progress: 0%
9-2-2026 03:31:34-debug: // ---- build task Query asset bundle ----
9-2-2026 03:31:34-debug: Init bundle root assets start..., progress: 0%
9-2-2026 03:31:34-debug: Num of bundles: 2..., progress: 0%
9-2-2026 03:31:34-debug: Query preload assets/scripts from cc.config.json: 60f7195c-ec2a-45eb-ba94-8955f60e81d0,1c02ae6f-4492-4915-b8f8-7492a3b1e4cd,810e96e4-e456-4468-9b59-f4e8f39732c0,efe8e2a3-eace-427b-b4f1-cb8a937ec77d,e9aa9a3e-5b2b-4ac7-a2c7-073de2b2b24f,8bbdbcdd-5cd4-4100-b6d5-b7c9625b6107,50f4348b-c883-4e2f-8f11-ce233b859fa1,fda095cb-831d-4601-ad94-846013963de8,f92806d7-1768-443f-afe8-12bcde84d0f0,dd3a144d-ab7f-41f0-82b8-2e43a090d496,f0416e68-0200-4b77-a926-4f9d16e494da,511d2633-09a7-4bdd-ac42-f778032124b3,5d45aa00-e064-4938-b314-4265f0c2258c,9361fd90-ba52-4f84-aa93-6e878fd576ca,970b0598-bcb0-4714-91fb-2e81440dccd8,bcd64cc6-2dd9-43f6-abbe-66318d332032,d930590d-bb92-4cc8-8bd1-23cd027f9edf,a3cd009f-0ab0-420d-9278-b9fdab939bbc,6a2d0734-bd9e-4ddf-946e-caa52498cb75,d9937e59-61fe-4ec6-92ab-7ac5a19c89b0,d1346436-ac96-4271-b863-1f4fdead95b0,971bdb23-3ff6-43eb-b422-1c30165a3663,17debcc3-0a6b-4b8a-b00b-dc58b885581e,711ebe11-f673-4cd9-9a83-63c60ba54c5b,c0143906-9aed-447e-9436-2ae8512d1b6e,14da1725-c4c2-42b4-ab08-ee0aeb6898b3,081cab31-dccd-428e-8652-f2404cc81c47,78e0584a-4343-4727-8f37-e14e65c2a2db,871c3b6c-7379-419d-bda3-794b239ab90d,ff9b0199-ce04-4cfe-86cc-6c719f08d6e4,de1c2107-70c8-4021-8459-6399f24d01c6,cbf30902-517f-40dc-af90-a550bac27cf1,5c601d96-e4c7-4698-991b-7ee674b11079
9-2-2026 03:31:34-debug:   Number of all scenes: 1
9-2-2026 03:31:34-debug:   Number of all scripts: 42
9-2-2026 03:31:34-debug: Init bundle root assets success..., progress: 0%
9-2-2026 03:31:34-debug:   Number of other assets: 486
9-2-2026 03:31:34-debug: // ---- build task Query asset bundle ---- (12ms)
9-2-2026 03:31:34-log: run build task Query asset bundle success in 12 ms√, progress: 5%
9-2-2026 03:31:34-debug: [Build Memory track]: Query asset bundle start:227.77MB, end 227.60MB, increase: -171.55KB
9-2-2026 03:31:34-debug: Query asset bundle start, progress: 5%
9-2-2026 03:31:34-debug: // ---- build task Query asset bundle ----
9-2-2026 03:31:34-debug: // ---- build task Query asset bundle ---- (7ms)
9-2-2026 03:31:34-log: run build task Query asset bundle success in 7 ms√, progress: 10%
9-2-2026 03:31:34-debug: Sort some build options to settings.json start, progress: 10%
9-2-2026 03:31:34-debug: [Build Memory track]: Query asset bundle start:227.64MB, end 227.79MB, increase: 153.59KB
9-2-2026 03:31:34-debug: // ---- build task Sort some build options to settings.json ----
9-2-2026 03:31:34-debug: // ---- build task Sort some build options to settings.json ---- (2ms)
9-2-2026 03:31:34-log: run build task Sort some build options to settings.json success in 2 ms√, progress: 12%
9-2-2026 03:31:34-debug: [Build Memory track]: Sort some build options to settings.json start:227.84MB, end 227.88MB, increase: 33.98KB
9-2-2026 03:31:34-debug: // ---- build task Fill script data to settings ----
9-2-2026 03:31:34-debug: Fill script data to settings start, progress: 12%
9-2-2026 03:31:34-debug: // ---- build task Fill script data to settings ---- (4ms)
9-2-2026 03:31:34-log: run build task Fill script data to settings success in 4 ms√, progress: 13%
9-2-2026 03:31:34-debug: [Build Memory track]: Fill script data to settings start:227.92MB, end 227.20MB, increase: -737.35KB
9-2-2026 03:31:34-debug: Sort some build options to settings.json start, progress: 13%
9-2-2026 03:31:34-debug: // ---- build task Sort some build options to settings.json ----
9-2-2026 03:31:34-debug: // ---- build task Sort some build options to settings.json ---- (8ms)
9-2-2026 03:31:34-debug: [Build Memory track]: Sort some build options to settings.json start:227.23MB, end 227.37MB, increase: 135.29KB
9-2-2026 03:31:34-log: run build task Sort some build options to settings.json success in 8 ms√, progress: 15%
9-2-2026 05:45:07-debug: refresh db internal success
9-2-2026 05:45:07-debug: refresh db assets success
9-2-2026 05:45:07-debug: Run asset db hook engine-extends:afterRefresh success!
9-2-2026 05:45:07-debug: Run asset db hook engine-extends:afterRefresh ...
9-2-2026 05:45:07-debug: asset-db:refresh-all-database (113ms)
9-2-2026 05:45:07-debug: asset-db:worker-effect-data-processing (12ms)
9-2-2026 05:45:07-debug: asset-db-hook-engine-extends-afterRefresh (12ms)
9-2-2026 05:45:11-debug: refresh db internal success
9-2-2026 05:45:11-debug: refresh db assets success
9-2-2026 05:45:11-debug: Run asset db hook engine-extends:afterRefresh ...
9-2-2026 05:45:11-debug: Run asset db hook engine-extends:afterRefresh success!
9-2-2026 05:45:11-debug: asset-db:refresh-all-database (70ms)
9-2-2026 05:45:11-debug: asset-db:worker-effect-data-processing (1ms)
9-2-2026 05:45:11-debug: asset-db-hook-engine-extends-afterRefresh (1ms)
9-2-2026 05:59:11-debug: refresh db internal success
9-2-2026 05:59:11-debug: refresh db assets success
9-2-2026 05:59:11-debug: Run asset db hook engine-extends:afterRefresh ...
9-2-2026 05:59:11-debug: Run asset db hook engine-extends:afterRefresh success!
9-2-2026 05:59:11-debug: asset-db:refresh-all-database (87ms)
9-2-2026 05:59:11-debug: asset-db:worker-effect-data-processing (2ms)
9-2-2026 05:59:11-debug: asset-db-hook-engine-extends-afterRefresh (2ms)
9-2-2026 06:00:21-debug: refresh db internal success
9-2-2026 06:00:21-debug: refresh db assets success
9-2-2026 06:00:21-debug: Run asset db hook engine-extends:afterRefresh ...
9-2-2026 06:00:21-debug: Run asset db hook engine-extends:afterRefresh success!
9-2-2026 06:00:21-debug: asset-db:refresh-all-database (97ms)
9-2-2026 06:00:21-debug: asset-db:worker-effect-data-processing (2ms)
9-2-2026 06:00:21-debug: asset-db-hook-engine-extends-afterRefresh (2ms)
9-2-2026 06:12:09-debug: refresh db internal success
9-2-2026 06:12:09-debug: refresh db assets success
9-2-2026 06:12:09-debug: Run asset db hook engine-extends:afterRefresh ...
9-2-2026 06:12:09-debug: Run asset db hook engine-extends:afterRefresh success!
9-2-2026 06:12:09-debug: asset-db:worker-effect-data-processing (2ms)
9-2-2026 06:12:09-debug: asset-db:refresh-all-database (92ms)
9-2-2026 06:12:09-debug: asset-db-hook-engine-extends-afterRefresh (2ms)
9-2-2026 06:12:12-debug: refresh db internal success
9-2-2026 06:12:12-debug: Run asset db hook engine-extends:afterRefresh ...
9-2-2026 06:12:12-debug: refresh db assets success
9-2-2026 06:12:12-debug: Run asset db hook engine-extends:afterRefresh success!
9-2-2026 06:12:12-debug: asset-db:refresh-all-database (82ms)
9-2-2026 06:12:12-debug: asset-db:worker-effect-data-processing (1ms)
9-2-2026 06:12:12-debug: asset-db-hook-engine-extends-afterRefresh (2ms)
9-2-2026 06:12:13-debug: %cImport%c: F:\Github\BattleGame\assets\Battle.scenebackground: #aaff85; color: #000;color: #000;
9-2-2026 06:12:13-debug: asset-db:reimport-asset1effe86e-a401-4769-9dbc-62218c68834d (28ms)
9-2-2026 06:12:14-debug: Query all assets info in project
9-2-2026 06:12:14-debug: init custom config: keepNodeUuid: false, useCache: true
9-2-2026 06:12:14-debug: Skip compress image, progress: 0%
9-2-2026 06:12:14-debug: Init all bundles start..., progress: 0%
9-2-2026 06:12:14-debug: // ---- build task Query asset bundle ----
9-2-2026 06:12:14-debug: Query asset bundle start, progress: 0%
9-2-2026 06:12:14-debug: Num of bundles: 2..., progress: 0%
9-2-2026 06:12:14-debug: Init bundle root assets start..., progress: 0%
9-2-2026 06:12:14-debug: Query preload assets/scripts from cc.config.json: 60f7195c-ec2a-45eb-ba94-8955f60e81d0,1c02ae6f-4492-4915-b8f8-7492a3b1e4cd,810e96e4-e456-4468-9b59-f4e8f39732c0,efe8e2a3-eace-427b-b4f1-cb8a937ec77d,e9aa9a3e-5b2b-4ac7-a2c7-073de2b2b24f,8bbdbcdd-5cd4-4100-b6d5-b7c9625b6107,50f4348b-c883-4e2f-8f11-ce233b859fa1,fda095cb-831d-4601-ad94-846013963de8,f92806d7-1768-443f-afe8-12bcde84d0f0,dd3a144d-ab7f-41f0-82b8-2e43a090d496,f0416e68-0200-4b77-a926-4f9d16e494da,511d2633-09a7-4bdd-ac42-f778032124b3,5d45aa00-e064-4938-b314-4265f0c2258c,9361fd90-ba52-4f84-aa93-6e878fd576ca,970b0598-bcb0-4714-91fb-2e81440dccd8,bcd64cc6-2dd9-43f6-abbe-66318d332032,d930590d-bb92-4cc8-8bd1-23cd027f9edf,a3cd009f-0ab0-420d-9278-b9fdab939bbc,6a2d0734-bd9e-4ddf-946e-caa52498cb75,d9937e59-61fe-4ec6-92ab-7ac5a19c89b0,d1346436-ac96-4271-b863-1f4fdead95b0,971bdb23-3ff6-43eb-b422-1c30165a3663,17debcc3-0a6b-4b8a-b00b-dc58b885581e,711ebe11-f673-4cd9-9a83-63c60ba54c5b,c0143906-9aed-447e-9436-2ae8512d1b6e,14da1725-c4c2-42b4-ab08-ee0aeb6898b3,081cab31-dccd-428e-8652-f2404cc81c47,78e0584a-4343-4727-8f37-e14e65c2a2db,871c3b6c-7379-419d-bda3-794b239ab90d,ff9b0199-ce04-4cfe-86cc-6c719f08d6e4,de1c2107-70c8-4021-8459-6399f24d01c6,cbf30902-517f-40dc-af90-a550bac27cf1,5c601d96-e4c7-4698-991b-7ee674b11079
9-2-2026 06:12:14-debug:   Number of all scripts: 42
9-2-2026 06:12:14-debug:   Number of other assets: 486
9-2-2026 06:12:14-debug: Init bundle root assets success..., progress: 0%
9-2-2026 06:12:14-debug:   Number of all scenes: 1
9-2-2026 06:12:14-log: run build task Query asset bundle success in 23 ms√, progress: 5%
9-2-2026 06:12:14-debug: [Build Memory track]: Query asset bundle start:231.36MB, end 230.23MB, increase: -1157.65KB
9-2-2026 06:12:14-debug: // ---- build task Query asset bundle ----
9-2-2026 06:12:14-debug: // ---- build task Query asset bundle ---- (23ms)
9-2-2026 06:12:14-debug: Query asset bundle start, progress: 5%
9-2-2026 06:12:14-debug: // ---- build task Query asset bundle ---- (8ms)
9-2-2026 06:12:14-log: run build task Query asset bundle success in 8 ms√, progress: 10%
9-2-2026 06:12:14-debug: [Build Memory track]: Query asset bundle start:230.27MB, end 230.42MB, increase: 154.47KB
9-2-2026 06:12:14-debug: // ---- build task Sort some build options to settings.json ----
9-2-2026 06:12:14-debug: Sort some build options to settings.json start, progress: 10%
9-2-2026 06:12:14-debug: // ---- build task Sort some build options to settings.json ---- (4ms)
9-2-2026 06:12:14-log: run build task Sort some build options to settings.json success in 4 ms√, progress: 12%
9-2-2026 06:12:14-debug: [Build Memory track]: Sort some build options to settings.json start:230.46MB, end 230.50MB, increase: 43.50KB
9-2-2026 06:12:14-debug: // ---- build task Fill script data to settings ----
9-2-2026 06:12:14-debug: Fill script data to settings start, progress: 12%
9-2-2026 06:12:14-debug: // ---- build task Fill script data to settings ---- (2ms)
9-2-2026 06:12:14-debug: Sort some build options to settings.json start, progress: 13%
9-2-2026 06:12:14-log: run build task Fill script data to settings success in 2 ms√, progress: 13%
9-2-2026 06:12:14-debug: [Build Memory track]: Fill script data to settings start:230.54MB, end 230.57MB, increase: 34.42KB
9-2-2026 06:12:14-debug: // ---- build task Sort some build options to settings.json ----
9-2-2026 06:12:14-debug: // ---- build task Sort some build options to settings.json ---- (12ms)
9-2-2026 06:12:14-log: run build task Sort some build options to settings.json success in 12 ms√, progress: 15%
9-2-2026 06:12:14-debug: [Build Memory track]: Sort some build options to settings.json start:230.61MB, end 230.74MB, increase: 137.69KB
