9-2-2026 14:39:04-log: Cannot access game frame or container.
9-2-2026 14:39:05-debug: asset-db:require-engine-code (1344ms)
9-2-2026 14:39:05-log: meshopt wasm decoder initialized
9-2-2026 14:39:05-log: [bullet]:bullet wasm lib loaded.
9-2-2026 14:39:05-log: [box2d]:box2d wasm lib loaded.
9-2-2026 14:39:05-log: Cocos Creator v3.8.8
9-2-2026 14:39:05-log: Using legacy pipeline
9-2-2026 14:39:05-log: Forward render pipeline initialized.
9-2-2026 14:39:05-debug: [Assets Memory track]: asset-db:worker-init: initEngine start:28.39MB, end 79.55MB, increase: 51.15MB
9-2-2026 14:39:07-debug: [Assets Memory track]: asset-db:worker-init: initPlugin start:79.59MB, end 221.37MB, increase: 141.78MB
9-2-2026 14:39:07-debug: asset-db:worker-init: initPlugin (1989ms)
9-2-2026 14:39:07-debug: Run asset db hook engine-extends:beforePreStart ...
9-2-2026 14:39:07-debug: Run asset db hook engine-extends:beforePreStart success!
9-2-2026 14:39:07-debug: [Assets Memory track]: asset-db:worker-init start:28.38MB, end 221.47MB, increase: 193.09MB
9-2-2026 14:39:07-debug: Run asset db hook programming:beforePreStart ...
9-2-2026 14:39:07-debug: Run asset db hook programming:beforePreStart success!
9-2-2026 14:39:10-debug: asset-db:worker-init (6695ms)
9-2-2026 14:39:10-debug: asset-db-hook-engine-extends-beforePreStart (3086ms)
9-2-2026 14:39:10-debug: asset-db-hook-programming-beforePreStart (3087ms)
9-2-2026 14:39:12-debug: Preimport db internal success
9-2-2026 14:39:13-debug: %cImport%c: F:\Github\BattleGame\assets\scripts\LevelSettings.tsbackground: #aaff85; color: #000;color: #000;
9-2-2026 14:39:13-debug: Preimport db assets success
9-2-2026 14:39:13-debug: Run asset db hook programming:afterPreStart ...
9-2-2026 14:39:13-debug: starting packer-driver...
9-2-2026 14:39:19-debug: initialize scripting environment...
9-2-2026 14:39:19-debug: [[Executor]] prepare before lock
9-2-2026 14:39:19-debug: Set detail map pack:///resolution-detail-map.json: {}
9-2-2026 14:39:19-debug: [[Executor]] prepare after unlock
9-2-2026 14:39:19-debug: Run asset db hook engine-extends:afterPreStart ...
9-2-2026 14:39:19-debug: Start up the 'internal' database...
9-2-2026 14:39:19-debug: Run asset db hook engine-extends:afterPreStart success!
9-2-2026 14:39:19-debug: Run asset db hook programming:afterPreStart success!
9-2-2026 14:39:19-debug: [Assets Memory track]: asset-db:worker-init: preStart start:221.49MB, end 222.87MB, increase: 1.37MB
9-2-2026 14:39:20-debug: asset-db-hook-programming-afterPreStart (7684ms)
9-2-2026 14:39:20-debug: asset-db:worker-effect-data-processing (1729ms)
9-2-2026 14:39:20-debug: asset-db-hook-engine-extends-afterPreStart (1729ms)
9-2-2026 14:39:20-debug: Run asset db hook engine-extends:afterStartDB ...
9-2-2026 14:39:22-debug: recompile effect.bin success
9-2-2026 14:39:22-debug: Run asset db hook engine-extends:afterStartDB success!
9-2-2026 14:39:22-debug: Start up the 'assets' database...
9-2-2026 14:39:22-debug: asset-db:worker-effect-data-processing (1889ms)
9-2-2026 14:39:22-debug: asset-db-hook-engine-extends-afterStartDB (1889ms)
9-2-2026 14:39:22-debug: Run asset db hook engine-extends:afterStartDB ...
9-2-2026 14:39:23-debug: recompile effect.bin success
9-2-2026 14:39:23-debug: lazy register asset handler directory
9-2-2026 14:39:23-debug: Run asset db hook engine-extends:afterStartDB success!
9-2-2026 14:39:23-debug: lazy register asset handler spine-data
9-2-2026 14:39:23-debug: lazy register asset handler text
9-2-2026 14:39:23-debug: lazy register asset handler dragonbones
9-2-2026 14:39:23-debug: lazy register asset handler *
9-2-2026 14:39:23-debug: lazy register asset handler dragonbones-atlas
9-2-2026 14:39:23-debug: lazy register asset handler json
9-2-2026 14:39:23-debug: lazy register asset handler terrain
9-2-2026 14:39:23-debug: lazy register asset handler javascript
9-2-2026 14:39:23-debug: lazy register asset handler typescript
9-2-2026 14:39:23-debug: lazy register asset handler scene
9-2-2026 14:39:23-debug: lazy register asset handler sprite-frame
9-2-2026 14:39:23-debug: lazy register asset handler prefab
9-2-2026 14:39:23-debug: lazy register asset handler tiled-map
9-2-2026 14:39:23-debug: lazy register asset handler sign-image
9-2-2026 14:39:23-debug: lazy register asset handler buffer
9-2-2026 14:39:23-debug: lazy register asset handler texture
9-2-2026 14:39:23-debug: lazy register asset handler alpha-image
9-2-2026 14:39:23-debug: lazy register asset handler texture-cube
9-2-2026 14:39:23-debug: lazy register asset handler erp-texture-cube
9-2-2026 14:39:23-debug: lazy register asset handler image
9-2-2026 14:39:23-debug: lazy register asset handler render-texture
9-2-2026 14:39:23-debug: lazy register asset handler rt-sprite-frame
9-2-2026 14:39:23-debug: lazy register asset handler texture-cube-face
9-2-2026 14:39:23-debug: lazy register asset handler gltf
9-2-2026 14:39:23-debug: lazy register asset handler gltf-mesh
9-2-2026 14:39:23-debug: lazy register asset handler gltf-animation
9-2-2026 14:39:23-debug: lazy register asset handler gltf-skeleton
9-2-2026 14:39:23-debug: lazy register asset handler gltf-embeded-image
9-2-2026 14:39:23-debug: lazy register asset handler gltf-material
9-2-2026 14:39:23-debug: lazy register asset handler fbx
9-2-2026 14:39:23-debug: lazy register asset handler material
9-2-2026 14:39:23-debug: lazy register asset handler gltf-scene
9-2-2026 14:39:23-debug: lazy register asset handler physics-material
9-2-2026 14:39:23-debug: lazy register asset handler audio-clip
9-2-2026 14:39:23-debug: lazy register asset handler effect-header
9-2-2026 14:39:23-debug: lazy register asset handler animation-clip
9-2-2026 14:39:23-debug: lazy register asset handler animation-graph
9-2-2026 14:39:23-debug: lazy register asset handler animation-graph-variant
9-2-2026 14:39:23-debug: lazy register asset handler animation-mask
9-2-2026 14:39:23-debug: lazy register asset handler effect
9-2-2026 14:39:23-debug: lazy register asset handler bitmap-font
9-2-2026 14:39:23-debug: lazy register asset handler particle
9-2-2026 14:39:23-debug: lazy register asset handler sprite-atlas
9-2-2026 14:39:23-debug: lazy register asset handler ttf-font
9-2-2026 14:39:23-debug: lazy register asset handler render-pipeline
9-2-2026 14:39:23-debug: lazy register asset handler render-flow
9-2-2026 14:39:23-debug: lazy register asset handler auto-atlas
9-2-2026 14:39:23-debug: lazy register asset handler label-atlas
9-2-2026 14:39:23-debug: lazy register asset handler instantiation-material
9-2-2026 14:39:23-debug: lazy register asset handler instantiation-skeleton
9-2-2026 14:39:23-debug: lazy register asset handler instantiation-mesh
9-2-2026 14:39:23-debug: lazy register asset handler instantiation-animation
9-2-2026 14:39:23-debug: lazy register asset handler render-stage
9-2-2026 14:39:23-debug: lazy register asset handler video-clip
9-2-2026 14:39:23-debug: asset-db-hook-engine-extends-afterStartDB (318ms)
9-2-2026 14:39:23-debug: asset-db:start-database (15651ms)
9-2-2026 14:39:23-debug: asset-db:worker-effect-data-processing (317ms)
9-2-2026 14:39:23-debug: asset-db:ready (23432ms)
9-2-2026 14:39:23-debug: init worker message success
9-2-2026 14:39:23-debug: programming:execute-script (5ms)
9-2-2026 14:39:23-debug: [Build Memory track]: builder:worker-init start:219.67MB, end 227.89MB, increase: 8.22MB
9-2-2026 14:39:23-debug: builder:worker-init (379ms)
9-2-2026 14:39:32-debug: Query all assets info in project
9-2-2026 14:39:33-debug: init custom config: keepNodeUuid: false, useCache: true
9-2-2026 14:39:33-debug: Skip compress image, progress: 0%
9-2-2026 14:39:33-debug: Init all bundles start..., progress: 0%
9-2-2026 14:39:33-debug: Query asset bundle start, progress: 0%
9-2-2026 14:39:33-debug: // ---- build task Query asset bundle ----
9-2-2026 14:39:33-debug: Num of bundles: 2..., progress: 0%
9-2-2026 14:39:33-debug: Init bundle root assets start..., progress: 0%
9-2-2026 14:39:33-debug: Query preload assets/scripts from cc.config.json: 60f7195c-ec2a-45eb-ba94-8955f60e81d0,1c02ae6f-4492-4915-b8f8-7492a3b1e4cd,810e96e4-e456-4468-9b59-f4e8f39732c0,efe8e2a3-eace-427b-b4f1-cb8a937ec77d,e9aa9a3e-5b2b-4ac7-a2c7-073de2b2b24f,8bbdbcdd-5cd4-4100-b6d5-b7c9625b6107,50f4348b-c883-4e2f-8f11-ce233b859fa1,fda095cb-831d-4601-ad94-846013963de8,f92806d7-1768-443f-afe8-12bcde84d0f0,dd3a144d-ab7f-41f0-82b8-2e43a090d496,f0416e68-0200-4b77-a926-4f9d16e494da,511d2633-09a7-4bdd-ac42-f778032124b3,5d45aa00-e064-4938-b314-4265f0c2258c,9361fd90-ba52-4f84-aa93-6e878fd576ca,970b0598-bcb0-4714-91fb-2e81440dccd8,bcd64cc6-2dd9-43f6-abbe-66318d332032,d930590d-bb92-4cc8-8bd1-23cd027f9edf,a3cd009f-0ab0-420d-9278-b9fdab939bbc,6a2d0734-bd9e-4ddf-946e-caa52498cb75,d9937e59-61fe-4ec6-92ab-7ac5a19c89b0,d1346436-ac96-4271-b863-1f4fdead95b0,971bdb23-3ff6-43eb-b422-1c30165a3663,17debcc3-0a6b-4b8a-b00b-dc58b885581e,711ebe11-f673-4cd9-9a83-63c60ba54c5b,c0143906-9aed-447e-9436-2ae8512d1b6e,14da1725-c4c2-42b4-ab08-ee0aeb6898b3,081cab31-dccd-428e-8652-f2404cc81c47,78e0584a-4343-4727-8f37-e14e65c2a2db,871c3b6c-7379-419d-bda3-794b239ab90d,ff9b0199-ce04-4cfe-86cc-6c719f08d6e4,de1c2107-70c8-4021-8459-6399f24d01c6,cbf30902-517f-40dc-af90-a550bac27cf1,5c601d96-e4c7-4698-991b-7ee674b11079
9-2-2026 14:39:33-debug: Init bundle root assets success..., progress: 0%
9-2-2026 14:39:33-debug:   Number of all scripts: 42
9-2-2026 14:39:33-debug:   Number of all scenes: 1
9-2-2026 14:39:33-debug:   Number of other assets: 486
9-2-2026 14:39:33-debug: // ---- build task Query asset bundle ---- (16ms)
9-2-2026 14:39:33-log: run build task Query asset bundle success in 16 ms√, progress: 5%
9-2-2026 14:39:33-debug: // ---- build task Query asset bundle ----
9-2-2026 14:39:33-debug: [Build Memory track]: Query asset bundle start:221.49MB, end 221.51MB, increase: 23.98KB
9-2-2026 14:39:33-debug: Query asset bundle start, progress: 5%
9-2-2026 14:39:33-debug: // ---- build task Query asset bundle ---- (8ms)
9-2-2026 14:39:33-log: run build task Query asset bundle success in 8 ms√, progress: 10%
9-2-2026 14:39:33-debug: Sort some build options to settings.json start, progress: 10%
9-2-2026 14:39:33-debug: [Build Memory track]: Query asset bundle start:221.55MB, end 221.72MB, increase: 172.98KB
9-2-2026 14:39:33-debug: // ---- build task Sort some build options to settings.json ----
9-2-2026 14:39:33-debug: // ---- build task Sort some build options to settings.json ---- (3ms)
9-2-2026 14:39:33-debug: [Build Memory track]: Sort some build options to settings.json start:221.76MB, end 221.80MB, increase: 35.64KB
9-2-2026 14:39:33-debug: // ---- build task Fill script data to settings ----
9-2-2026 14:39:33-log: run build task Sort some build options to settings.json success in 3 ms√, progress: 12%
9-2-2026 14:39:33-debug: Fill script data to settings start, progress: 12%
9-2-2026 14:39:33-debug: // ---- build task Fill script data to settings ---- (4ms)
9-2-2026 14:39:33-log: run build task Fill script data to settings success in 4 ms√, progress: 13%
9-2-2026 14:39:33-debug: [Build Memory track]: Fill script data to settings start:221.84MB, end 221.87MB, increase: 33.59KB
9-2-2026 14:39:33-debug: Sort some build options to settings.json start, progress: 13%
9-2-2026 14:39:33-debug: // ---- build task Sort some build options to settings.json ----
9-2-2026 14:39:33-debug: // ---- build task Sort some build options to settings.json ---- (13ms)
9-2-2026 14:39:33-log: run build task Sort some build options to settings.json success in 13 ms√, progress: 15%
9-2-2026 14:39:33-debug: [Build Memory track]: Sort some build options to settings.json start:221.91MB, end 222.06MB, increase: 150.54KB
9-2-2026 14:39:38-debug: Query all assets info in project
9-2-2026 14:39:38-debug: init custom config: keepNodeUuid: false, useCache: true
9-2-2026 14:39:38-debug: Skip compress image, progress: 0%
9-2-2026 14:39:38-debug: Init all bundles start..., progress: 0%
9-2-2026 14:39:38-debug: Num of bundles: 2..., progress: 0%
9-2-2026 14:39:38-debug: Query asset bundle start, progress: 0%
9-2-2026 14:39:38-debug: // ---- build task Query asset bundle ----
9-2-2026 14:39:38-debug: Init bundle root assets start..., progress: 0%
9-2-2026 14:39:38-debug: Query preload assets/scripts from cc.config.json: 60f7195c-ec2a-45eb-ba94-8955f60e81d0,1c02ae6f-4492-4915-b8f8-7492a3b1e4cd,810e96e4-e456-4468-9b59-f4e8f39732c0,efe8e2a3-eace-427b-b4f1-cb8a937ec77d,e9aa9a3e-5b2b-4ac7-a2c7-073de2b2b24f,8bbdbcdd-5cd4-4100-b6d5-b7c9625b6107,50f4348b-c883-4e2f-8f11-ce233b859fa1,fda095cb-831d-4601-ad94-846013963de8,f92806d7-1768-443f-afe8-12bcde84d0f0,dd3a144d-ab7f-41f0-82b8-2e43a090d496,f0416e68-0200-4b77-a926-4f9d16e494da,511d2633-09a7-4bdd-ac42-f778032124b3,5d45aa00-e064-4938-b314-4265f0c2258c,9361fd90-ba52-4f84-aa93-6e878fd576ca,970b0598-bcb0-4714-91fb-2e81440dccd8,bcd64cc6-2dd9-43f6-abbe-66318d332032,d930590d-bb92-4cc8-8bd1-23cd027f9edf,a3cd009f-0ab0-420d-9278-b9fdab939bbc,6a2d0734-bd9e-4ddf-946e-caa52498cb75,d9937e59-61fe-4ec6-92ab-7ac5a19c89b0,d1346436-ac96-4271-b863-1f4fdead95b0,971bdb23-3ff6-43eb-b422-1c30165a3663,17debcc3-0a6b-4b8a-b00b-dc58b885581e,711ebe11-f673-4cd9-9a83-63c60ba54c5b,c0143906-9aed-447e-9436-2ae8512d1b6e,14da1725-c4c2-42b4-ab08-ee0aeb6898b3,081cab31-dccd-428e-8652-f2404cc81c47,78e0584a-4343-4727-8f37-e14e65c2a2db,871c3b6c-7379-419d-bda3-794b239ab90d,ff9b0199-ce04-4cfe-86cc-6c719f08d6e4,de1c2107-70c8-4021-8459-6399f24d01c6,cbf30902-517f-40dc-af90-a550bac27cf1,5c601d96-e4c7-4698-991b-7ee674b11079
9-2-2026 14:39:38-debug:   Number of all scenes: 1
9-2-2026 14:39:38-debug:   Number of all scripts: 42
9-2-2026 14:39:38-debug:   Number of other assets: 486
9-2-2026 14:39:38-debug: Init bundle root assets success..., progress: 0%
9-2-2026 14:39:38-debug: // ---- build task Query asset bundle ---- (13ms)
9-2-2026 14:39:38-log: run build task Query asset bundle success in 13 ms√, progress: 5%
9-2-2026 14:39:38-debug: [Build Memory track]: Query asset bundle start:222.05MB, end 221.90MB, increase: -156.57KB
9-2-2026 14:39:38-debug: Query asset bundle start, progress: 5%
9-2-2026 14:39:38-debug: // ---- build task Query asset bundle ----
9-2-2026 14:39:38-debug: // ---- build task Query asset bundle ---- (6ms)
9-2-2026 14:39:38-log: run build task Query asset bundle success in 6 ms√, progress: 10%
9-2-2026 14:39:38-debug: [Build Memory track]: Query asset bundle start:221.94MB, end 222.09MB, increase: 148.04KB
9-2-2026 14:39:38-debug: Sort some build options to settings.json start, progress: 10%
9-2-2026 14:39:38-debug: // ---- build task Sort some build options to settings.json ----
9-2-2026 14:39:38-debug: // ---- build task Sort some build options to settings.json ---- (2ms)
9-2-2026 14:39:38-debug: [Build Memory track]: Sort some build options to settings.json start:222.14MB, end 222.17MB, increase: 33.96KB
9-2-2026 14:39:38-log: run build task Sort some build options to settings.json success in 2 ms√, progress: 12%
9-2-2026 14:39:38-debug: Fill script data to settings start, progress: 12%
9-2-2026 14:39:38-debug: // ---- build task Fill script data to settings ----
9-2-2026 14:39:38-debug: // ---- build task Fill script data to settings ---- (6ms)
9-2-2026 14:39:38-log: run build task Fill script data to settings success in 6 ms√, progress: 13%
9-2-2026 14:39:38-debug: [Build Memory track]: Fill script data to settings start:222.21MB, end 222.25MB, increase: 39.31KB
9-2-2026 14:39:38-debug: Sort some build options to settings.json start, progress: 13%
9-2-2026 14:39:38-debug: // ---- build task Sort some build options to settings.json ----
9-2-2026 14:39:38-debug: // ---- build task Sort some build options to settings.json ---- (12ms)
9-2-2026 14:39:38-log: run build task Sort some build options to settings.json success in 12 ms√, progress: 15%
9-2-2026 14:39:38-debug: [Build Memory track]: Sort some build options to settings.json start:222.29MB, end 221.71MB, increase: -592.81KB
9-2-2026 14:47:13-debug: refresh db internal success
9-2-2026 14:47:13-debug: refresh db assets success
9-2-2026 14:47:13-debug: Run asset db hook engine-extends:afterRefresh ...
9-2-2026 14:47:13-debug: Run asset db hook engine-extends:afterRefresh success!
9-2-2026 14:47:13-debug: asset-db:worker-effect-data-processing (2ms)
9-2-2026 14:47:13-debug: asset-db:refresh-all-database (88ms)
9-2-2026 14:47:13-debug: asset-db-hook-engine-extends-afterRefresh (3ms)
9-2-2026 14:47:35-debug: refresh db internal success
9-2-2026 14:47:35-debug: refresh db assets success
9-2-2026 14:47:35-debug: Run asset db hook engine-extends:afterRefresh ...
9-2-2026 14:47:35-debug: Run asset db hook engine-extends:afterRefresh success!
9-2-2026 14:47:35-debug: asset-db:refresh-all-database (80ms)
9-2-2026 14:47:35-debug: asset-db:worker-effect-data-processing (2ms)
9-2-2026 14:47:35-debug: asset-db-hook-engine-extends-afterRefresh (2ms)
9-2-2026 14:55:28-debug: refresh db internal success
9-2-2026 14:55:28-debug: %cImport%c: F:\Github\BattleGame\assets\scripts\LevelSettings.tsbackground: #aaff85; color: #000;color: #000;
9-2-2026 14:55:28-debug: refresh db assets success
9-2-2026 14:55:28-debug: Run asset db hook engine-extends:afterRefresh success!
9-2-2026 14:55:28-debug: Run asset db hook engine-extends:afterRefresh ...
9-2-2026 14:55:28-debug: asset-db:worker-effect-data-processing (5ms)
9-2-2026 14:55:28-debug: asset-db:refresh-all-database (96ms)
9-2-2026 14:55:28-debug: asset-db-hook-engine-extends-afterRefresh (5ms)
9-2-2026 14:55:34-debug: Query all assets info in project
9-2-2026 14:55:34-debug: init custom config: keepNodeUuid: false, useCache: true
9-2-2026 14:55:34-debug: Skip compress image, progress: 0%
9-2-2026 14:55:34-debug: Init all bundles start..., progress: 0%
9-2-2026 14:55:34-debug: Num of bundles: 2..., progress: 0%
9-2-2026 14:55:34-debug: Query asset bundle start, progress: 0%
9-2-2026 14:55:34-debug: // ---- build task Query asset bundle ----
9-2-2026 14:55:34-debug: Init bundle root assets start..., progress: 0%
9-2-2026 14:55:34-debug:   Number of all scenes: 1
9-2-2026 14:55:34-debug:   Number of all scripts: 42
9-2-2026 14:55:34-debug: Query preload assets/scripts from cc.config.json: 60f7195c-ec2a-45eb-ba94-8955f60e81d0,1c02ae6f-4492-4915-b8f8-7492a3b1e4cd,810e96e4-e456-4468-9b59-f4e8f39732c0,efe8e2a3-eace-427b-b4f1-cb8a937ec77d,e9aa9a3e-5b2b-4ac7-a2c7-073de2b2b24f,8bbdbcdd-5cd4-4100-b6d5-b7c9625b6107,50f4348b-c883-4e2f-8f11-ce233b859fa1,fda095cb-831d-4601-ad94-846013963de8,f92806d7-1768-443f-afe8-12bcde84d0f0,dd3a144d-ab7f-41f0-82b8-2e43a090d496,f0416e68-0200-4b77-a926-4f9d16e494da,511d2633-09a7-4bdd-ac42-f778032124b3,5d45aa00-e064-4938-b314-4265f0c2258c,9361fd90-ba52-4f84-aa93-6e878fd576ca,970b0598-bcb0-4714-91fb-2e81440dccd8,bcd64cc6-2dd9-43f6-abbe-66318d332032,d930590d-bb92-4cc8-8bd1-23cd027f9edf,a3cd009f-0ab0-420d-9278-b9fdab939bbc,6a2d0734-bd9e-4ddf-946e-caa52498cb75,d9937e59-61fe-4ec6-92ab-7ac5a19c89b0,d1346436-ac96-4271-b863-1f4fdead95b0,971bdb23-3ff6-43eb-b422-1c30165a3663,17debcc3-0a6b-4b8a-b00b-dc58b885581e,711ebe11-f673-4cd9-9a83-63c60ba54c5b,c0143906-9aed-447e-9436-2ae8512d1b6e,14da1725-c4c2-42b4-ab08-ee0aeb6898b3,081cab31-dccd-428e-8652-f2404cc81c47,78e0584a-4343-4727-8f37-e14e65c2a2db,871c3b6c-7379-419d-bda3-794b239ab90d,ff9b0199-ce04-4cfe-86cc-6c719f08d6e4,de1c2107-70c8-4021-8459-6399f24d01c6,cbf30902-517f-40dc-af90-a550bac27cf1,5c601d96-e4c7-4698-991b-7ee674b11079
9-2-2026 14:55:34-debug: Init bundle root assets success..., progress: 0%
9-2-2026 14:55:34-debug:   Number of other assets: 486
9-2-2026 14:55:34-debug: // ---- build task Query asset bundle ---- (9ms)
9-2-2026 14:55:34-debug: [Build Memory track]: Query asset bundle start:226.68MB, end 226.55MB, increase: -132.60KB
9-2-2026 14:55:34-debug: Query asset bundle start, progress: 5%
9-2-2026 14:55:34-log: run build task Query asset bundle success in 9 ms√, progress: 5%
9-2-2026 14:55:34-debug: // ---- build task Query asset bundle ----
9-2-2026 14:55:34-debug: // ---- build task Query asset bundle ---- (4ms)
9-2-2026 14:55:34-log: run build task Query asset bundle success in 4 ms√, progress: 10%
9-2-2026 14:55:34-debug: [Build Memory track]: Query asset bundle start:226.59MB, end 226.74MB, increase: 146.42KB
9-2-2026 14:55:34-debug: Sort some build options to settings.json start, progress: 10%
9-2-2026 14:55:34-debug: // ---- build task Sort some build options to settings.json ----
9-2-2026 14:55:34-log: run build task Sort some build options to settings.json success in √, progress: 12%
9-2-2026 14:55:34-debug: [Build Memory track]: Sort some build options to settings.json start:226.77MB, end 226.80MB, increase: 25.19KB
9-2-2026 14:55:34-debug: Fill script data to settings start, progress: 12%
9-2-2026 14:55:34-debug: // ---- build task Fill script data to settings ----
9-2-2026 14:55:34-debug: // ---- build task Fill script data to settings ---- (3ms)
9-2-2026 14:55:34-debug: [Build Memory track]: Fill script data to settings start:226.84MB, end 226.87MB, increase: 31.98KB
9-2-2026 14:55:34-debug: Sort some build options to settings.json start, progress: 13%
9-2-2026 14:55:34-log: run build task Fill script data to settings success in 3 ms√, progress: 13%
9-2-2026 14:55:34-debug: // ---- build task Sort some build options to settings.json ----
9-2-2026 14:55:34-debug: // ---- build task Sort some build options to settings.json ---- (10ms)
9-2-2026 14:55:34-log: run build task Sort some build options to settings.json success in 10 ms√, progress: 15%
9-2-2026 14:55:34-debug: [Build Memory track]: Sort some build options to settings.json start:226.91MB, end 227.06MB, increase: 158.86KB
9-2-2026 14:55:35-debug: %cImport%c: F:\Github\BattleGame\assets\Battle.scenebackground: #aaff85; color: #000;color: #000;
9-2-2026 14:55:35-debug: asset-db:reimport-asset1effe86e-a401-4769-9dbc-62218c68834d (36ms)
9-2-2026 14:55:36-debug: Query all assets info in project
9-2-2026 14:55:36-debug: init custom config: keepNodeUuid: false, useCache: true
9-2-2026 14:55:36-debug: Skip compress image, progress: 0%
9-2-2026 14:55:36-debug: Init all bundles start..., progress: 0%
9-2-2026 14:55:36-debug: Num of bundles: 2..., progress: 0%
9-2-2026 14:55:36-debug: Query asset bundle start, progress: 0%
9-2-2026 14:55:36-debug: // ---- build task Query asset bundle ----
9-2-2026 14:55:36-debug: Init bundle root assets start..., progress: 0%
9-2-2026 14:55:36-debug: Query preload assets/scripts from cc.config.json: 60f7195c-ec2a-45eb-ba94-8955f60e81d0,1c02ae6f-4492-4915-b8f8-7492a3b1e4cd,810e96e4-e456-4468-9b59-f4e8f39732c0,efe8e2a3-eace-427b-b4f1-cb8a937ec77d,e9aa9a3e-5b2b-4ac7-a2c7-073de2b2b24f,8bbdbcdd-5cd4-4100-b6d5-b7c9625b6107,50f4348b-c883-4e2f-8f11-ce233b859fa1,fda095cb-831d-4601-ad94-846013963de8,f92806d7-1768-443f-afe8-12bcde84d0f0,dd3a144d-ab7f-41f0-82b8-2e43a090d496,f0416e68-0200-4b77-a926-4f9d16e494da,511d2633-09a7-4bdd-ac42-f778032124b3,5d45aa00-e064-4938-b314-4265f0c2258c,9361fd90-ba52-4f84-aa93-6e878fd576ca,970b0598-bcb0-4714-91fb-2e81440dccd8,bcd64cc6-2dd9-43f6-abbe-66318d332032,d930590d-bb92-4cc8-8bd1-23cd027f9edf,a3cd009f-0ab0-420d-9278-b9fdab939bbc,6a2d0734-bd9e-4ddf-946e-caa52498cb75,d9937e59-61fe-4ec6-92ab-7ac5a19c89b0,d1346436-ac96-4271-b863-1f4fdead95b0,971bdb23-3ff6-43eb-b422-1c30165a3663,17debcc3-0a6b-4b8a-b00b-dc58b885581e,711ebe11-f673-4cd9-9a83-63c60ba54c5b,c0143906-9aed-447e-9436-2ae8512d1b6e,14da1725-c4c2-42b4-ab08-ee0aeb6898b3,081cab31-dccd-428e-8652-f2404cc81c47,78e0584a-4343-4727-8f37-e14e65c2a2db,871c3b6c-7379-419d-bda3-794b239ab90d,ff9b0199-ce04-4cfe-86cc-6c719f08d6e4,de1c2107-70c8-4021-8459-6399f24d01c6,cbf30902-517f-40dc-af90-a550bac27cf1,5c601d96-e4c7-4698-991b-7ee674b11079
9-2-2026 14:55:36-debug:   Number of all scripts: 42
9-2-2026 14:55:36-debug:   Number of other assets: 486
9-2-2026 14:55:36-debug: Init bundle root assets success..., progress: 0%
9-2-2026 14:55:36-debug:   Number of all scenes: 1
9-2-2026 14:55:36-debug: // ---- build task Query asset bundle ---- (16ms)
9-2-2026 14:55:36-log: run build task Query asset bundle success in 16 ms√, progress: 5%
9-2-2026 14:55:36-debug: // ---- build task Query asset bundle ----
9-2-2026 14:55:36-debug: [Build Memory track]: Query asset bundle start:227.70MB, end 227.55MB, increase: -149.71KB
9-2-2026 14:55:36-debug: Query asset bundle start, progress: 5%
9-2-2026 14:55:36-debug: // ---- build task Query asset bundle ---- (12ms)
9-2-2026 14:55:36-debug: Sort some build options to settings.json start, progress: 10%
9-2-2026 14:55:36-debug: // ---- build task Sort some build options to settings.json ----
9-2-2026 14:55:36-log: run build task Query asset bundle success in 12 ms√, progress: 10%
9-2-2026 14:55:36-debug: [Build Memory track]: Query asset bundle start:227.59MB, end 227.74MB, increase: 146.39KB
9-2-2026 14:55:36-debug: // ---- build task Sort some build options to settings.json ---- (2ms)
9-2-2026 14:55:36-debug: [Build Memory track]: Sort some build options to settings.json start:227.77MB, end 227.81MB, increase: 33.23KB
9-2-2026 14:55:36-debug: Fill script data to settings start, progress: 12%
9-2-2026 14:55:36-log: run build task Sort some build options to settings.json success in 2 ms√, progress: 12%
9-2-2026 14:55:36-debug: // ---- build task Fill script data to settings ----
9-2-2026 14:55:36-debug: // ---- build task Fill script data to settings ---- (2ms)
9-2-2026 14:55:36-log: run build task Fill script data to settings success in 2 ms√, progress: 13%
9-2-2026 14:55:36-debug: [Build Memory track]: Fill script data to settings start:227.84MB, end 227.88MB, increase: 32.60KB
9-2-2026 14:55:36-debug: Sort some build options to settings.json start, progress: 13%
9-2-2026 14:55:36-debug: // ---- build task Sort some build options to settings.json ----
9-2-2026 14:55:36-debug: // ---- build task Sort some build options to settings.json ---- (20ms)
9-2-2026 14:55:36-log: run build task Sort some build options to settings.json success in 20 ms√, progress: 15%
9-2-2026 14:55:36-debug: [Build Memory track]: Sort some build options to settings.json start:227.91MB, end 228.04MB, increase: 133.14KB
9-2-2026 15:34:57-debug: refresh db internal success
9-2-2026 15:34:57-debug: %cImport%c: F:\Github\BattleGame\assets\Battle.scenebackground: #aaff85; color: #000;color: #000;
9-2-2026 15:34:57-debug: %cImport%c: F:\Github\BattleGame\assets\scripts\LevelSettings.tsbackground: #aaff85; color: #000;color: #000;
9-2-2026 15:34:57-debug: Run asset db hook engine-extends:afterRefresh ...
9-2-2026 15:34:57-debug: refresh db assets success
9-2-2026 15:34:57-debug: Run asset db hook engine-extends:afterRefresh success!
9-2-2026 15:34:57-debug: asset-db:refresh-all-database (118ms)
9-2-2026 15:34:57-debug: asset-db:worker-effect-data-processing (7ms)
9-2-2026 15:34:57-debug: asset-db-hook-engine-extends-afterRefresh (8ms)
9-2-2026 15:35:02-debug: Query all assets info in project
9-2-2026 15:35:02-debug: init custom config: keepNodeUuid: false, useCache: true
9-2-2026 15:35:02-debug: Skip compress image, progress: 0%
9-2-2026 15:35:02-debug: Num of bundles: 2..., progress: 0%
9-2-2026 15:35:02-debug: // ---- build task Query asset bundle ----
9-2-2026 15:35:02-debug: Init all bundles start..., progress: 0%
9-2-2026 15:35:02-debug: Query asset bundle start, progress: 0%
9-2-2026 15:35:02-debug: Init bundle root assets start..., progress: 0%
9-2-2026 15:35:02-debug: Query preload assets/scripts from cc.config.json: 60f7195c-ec2a-45eb-ba94-8955f60e81d0,1c02ae6f-4492-4915-b8f8-7492a3b1e4cd,810e96e4-e456-4468-9b59-f4e8f39732c0,efe8e2a3-eace-427b-b4f1-cb8a937ec77d,e9aa9a3e-5b2b-4ac7-a2c7-073de2b2b24f,8bbdbcdd-5cd4-4100-b6d5-b7c9625b6107,50f4348b-c883-4e2f-8f11-ce233b859fa1,fda095cb-831d-4601-ad94-846013963de8,f92806d7-1768-443f-afe8-12bcde84d0f0,dd3a144d-ab7f-41f0-82b8-2e43a090d496,f0416e68-0200-4b77-a926-4f9d16e494da,511d2633-09a7-4bdd-ac42-f778032124b3,5d45aa00-e064-4938-b314-4265f0c2258c,9361fd90-ba52-4f84-aa93-6e878fd576ca,970b0598-bcb0-4714-91fb-2e81440dccd8,bcd64cc6-2dd9-43f6-abbe-66318d332032,d930590d-bb92-4cc8-8bd1-23cd027f9edf,a3cd009f-0ab0-420d-9278-b9fdab939bbc,6a2d0734-bd9e-4ddf-946e-caa52498cb75,d9937e59-61fe-4ec6-92ab-7ac5a19c89b0,d1346436-ac96-4271-b863-1f4fdead95b0,971bdb23-3ff6-43eb-b422-1c30165a3663,17debcc3-0a6b-4b8a-b00b-dc58b885581e,711ebe11-f673-4cd9-9a83-63c60ba54c5b,c0143906-9aed-447e-9436-2ae8512d1b6e,14da1725-c4c2-42b4-ab08-ee0aeb6898b3,081cab31-dccd-428e-8652-f2404cc81c47,78e0584a-4343-4727-8f37-e14e65c2a2db,871c3b6c-7379-419d-bda3-794b239ab90d,ff9b0199-ce04-4cfe-86cc-6c719f08d6e4,de1c2107-70c8-4021-8459-6399f24d01c6,cbf30902-517f-40dc-af90-a550bac27cf1,5c601d96-e4c7-4698-991b-7ee674b11079
9-2-2026 15:35:02-debug:   Number of other assets: 486
9-2-2026 15:35:02-debug:   Number of all scripts: 42
9-2-2026 15:35:02-debug: Init bundle root assets success..., progress: 0%
9-2-2026 15:35:02-debug:   Number of all scenes: 1
9-2-2026 15:35:02-log: run build task Query asset bundle success in 10 ms√, progress: 5%
9-2-2026 15:35:02-debug: [Build Memory track]: Query asset bundle start:229.82MB, end 229.63MB, increase: -190.10KB
9-2-2026 15:35:02-debug: // ---- build task Query asset bundle ----
9-2-2026 15:35:02-debug: Query asset bundle start, progress: 5%
9-2-2026 15:35:02-debug: // ---- build task Query asset bundle ---- (10ms)
9-2-2026 15:35:02-debug: // ---- build task Query asset bundle ---- (5ms)
9-2-2026 15:35:02-log: run build task Query asset bundle success in 5 ms√, progress: 10%
9-2-2026 15:35:02-debug: [Build Memory track]: Query asset bundle start:229.67MB, end 229.81MB, increase: 146.28KB
9-2-2026 15:35:02-debug: // ---- build task Sort some build options to settings.json ----
9-2-2026 15:35:02-debug: Sort some build options to settings.json start, progress: 10%
9-2-2026 15:35:02-debug: // ---- build task Sort some build options to settings.json ---- (3ms)
9-2-2026 15:35:02-log: run build task Sort some build options to settings.json success in 3 ms√, progress: 12%
9-2-2026 15:35:02-debug: [Build Memory track]: Sort some build options to settings.json start:229.85MB, end 229.89MB, increase: 41.90KB
9-2-2026 15:35:02-debug: Fill script data to settings start, progress: 12%
9-2-2026 15:35:02-debug: // ---- build task Fill script data to settings ----
9-2-2026 15:35:02-debug: // ---- build task Fill script data to settings ---- (2ms)
9-2-2026 15:35:02-debug: Sort some build options to settings.json start, progress: 13%
9-2-2026 15:35:02-debug: [Build Memory track]: Fill script data to settings start:229.93MB, end 229.96MB, increase: 32.57KB
9-2-2026 15:35:02-log: run build task Fill script data to settings success in 2 ms√, progress: 13%
9-2-2026 15:35:02-debug: // ---- build task Sort some build options to settings.json ----
9-2-2026 15:35:02-debug: // ---- build task Sort some build options to settings.json ---- (7ms)
9-2-2026 15:35:02-debug: [Build Memory track]: Sort some build options to settings.json start:230.00MB, end 229.44MB, increase: -576.34KB
9-2-2026 15:35:02-log: run build task Sort some build options to settings.json success in 7 ms√, progress: 15%
9-2-2026 15:35:04-debug: %cImport%c: F:\Github\BattleGame\assets\Battle.scenebackground: #aaff85; color: #000;color: #000;
9-2-2026 15:35:04-debug: asset-db:reimport-asset1effe86e-a401-4769-9dbc-62218c68834d (31ms)
9-2-2026 15:35:05-debug: Query all assets info in project
9-2-2026 15:35:05-debug: init custom config: keepNodeUuid: false, useCache: true
9-2-2026 15:35:05-debug: Skip compress image, progress: 0%
9-2-2026 15:35:05-debug: Init all bundles start..., progress: 0%
9-2-2026 15:35:05-debug: Query asset bundle start, progress: 0%
9-2-2026 15:35:05-debug: // ---- build task Query asset bundle ----
9-2-2026 15:35:05-debug: Init bundle root assets start..., progress: 0%
9-2-2026 15:35:05-debug: Num of bundles: 2..., progress: 0%
9-2-2026 15:35:05-debug: Query preload assets/scripts from cc.config.json: 60f7195c-ec2a-45eb-ba94-8955f60e81d0,1c02ae6f-4492-4915-b8f8-7492a3b1e4cd,810e96e4-e456-4468-9b59-f4e8f39732c0,efe8e2a3-eace-427b-b4f1-cb8a937ec77d,e9aa9a3e-5b2b-4ac7-a2c7-073de2b2b24f,8bbdbcdd-5cd4-4100-b6d5-b7c9625b6107,50f4348b-c883-4e2f-8f11-ce233b859fa1,fda095cb-831d-4601-ad94-846013963de8,f92806d7-1768-443f-afe8-12bcde84d0f0,dd3a144d-ab7f-41f0-82b8-2e43a090d496,f0416e68-0200-4b77-a926-4f9d16e494da,511d2633-09a7-4bdd-ac42-f778032124b3,5d45aa00-e064-4938-b314-4265f0c2258c,9361fd90-ba52-4f84-aa93-6e878fd576ca,970b0598-bcb0-4714-91fb-2e81440dccd8,bcd64cc6-2dd9-43f6-abbe-66318d332032,d930590d-bb92-4cc8-8bd1-23cd027f9edf,a3cd009f-0ab0-420d-9278-b9fdab939bbc,6a2d0734-bd9e-4ddf-946e-caa52498cb75,d9937e59-61fe-4ec6-92ab-7ac5a19c89b0,d1346436-ac96-4271-b863-1f4fdead95b0,971bdb23-3ff6-43eb-b422-1c30165a3663,17debcc3-0a6b-4b8a-b00b-dc58b885581e,711ebe11-f673-4cd9-9a83-63c60ba54c5b,c0143906-9aed-447e-9436-2ae8512d1b6e,14da1725-c4c2-42b4-ab08-ee0aeb6898b3,081cab31-dccd-428e-8652-f2404cc81c47,78e0584a-4343-4727-8f37-e14e65c2a2db,871c3b6c-7379-419d-bda3-794b239ab90d,ff9b0199-ce04-4cfe-86cc-6c719f08d6e4,de1c2107-70c8-4021-8459-6399f24d01c6,cbf30902-517f-40dc-af90-a550bac27cf1,5c601d96-e4c7-4698-991b-7ee674b11079
9-2-2026 15:35:05-debug:   Number of all scenes: 1
9-2-2026 15:35:05-debug:   Number of all scripts: 42
9-2-2026 15:35:05-debug: Init bundle root assets success..., progress: 0%
9-2-2026 15:35:05-debug:   Number of other assets: 486
9-2-2026 15:35:05-debug: [Build Memory track]: Query asset bundle start:230.38MB, end 230.20MB, increase: -190.06KB
9-2-2026 15:35:05-debug: Query asset bundle start, progress: 5%
9-2-2026 15:35:05-log: run build task Query asset bundle success in 12 ms√, progress: 5%
9-2-2026 15:35:05-debug: // ---- build task Query asset bundle ---- (12ms)
9-2-2026 15:35:05-debug: // ---- build task Query asset bundle ----
9-2-2026 15:35:05-debug: // ---- build task Query asset bundle ---- (16ms)
9-2-2026 15:35:05-debug: [Build Memory track]: Query asset bundle start:230.24MB, end 230.38MB, increase: 146.79KB
9-2-2026 15:35:05-debug: Sort some build options to settings.json start, progress: 10%
9-2-2026 15:35:05-log: run build task Query asset bundle success in 16 ms√, progress: 10%
9-2-2026 15:35:05-debug: // ---- build task Sort some build options to settings.json ----
9-2-2026 15:35:05-debug: // ---- build task Sort some build options to settings.json ---- (8ms)
9-2-2026 15:35:05-log: run build task Sort some build options to settings.json success in 8 ms√, progress: 12%
9-2-2026 15:35:05-debug: [Build Memory track]: Sort some build options to settings.json start:230.42MB, end 230.45MB, increase: 33.33KB
9-2-2026 15:35:05-debug: Fill script data to settings start, progress: 12%
9-2-2026 15:35:05-debug: // ---- build task Fill script data to settings ----
9-2-2026 15:35:05-debug: // ---- build task Fill script data to settings ---- (6ms)
9-2-2026 15:35:05-log: run build task Fill script data to settings success in 6 ms√, progress: 13%
9-2-2026 15:35:05-debug: [Build Memory track]: Fill script data to settings start:230.49MB, end 230.52MB, increase: 32.57KB
9-2-2026 15:35:05-debug: Sort some build options to settings.json start, progress: 13%
9-2-2026 15:35:05-debug: // ---- build task Sort some build options to settings.json ----
9-2-2026 15:35:05-debug: // ---- build task Sort some build options to settings.json ---- (11ms)
9-2-2026 15:35:05-log: run build task Sort some build options to settings.json success in 11 ms√, progress: 15%
9-2-2026 15:35:05-debug: [Build Memory track]: Sort some build options to settings.json start:230.56MB, end 229.96MB, increase: -609.22KB
9-2-2026 16:33:53-debug: refresh db internal success
9-2-2026 16:33:53-debug: %cImport%c: F:\Github\BattleGame\assets\Battle.scenebackground: #aaff85; color: #000;color: #000;
9-2-2026 16:33:53-debug: %cImport%c: F:\Github\BattleGame\assets\scripts\LevelSettings.tsbackground: #aaff85; color: #000;color: #000;
9-2-2026 16:33:53-debug: refresh db assets success
9-2-2026 16:33:53-debug: Run asset db hook engine-extends:afterRefresh ...
9-2-2026 16:33:53-debug: Run asset db hook engine-extends:afterRefresh success!
9-2-2026 16:33:53-debug: asset-db:refresh-all-database (122ms)
9-2-2026 16:33:53-debug: asset-db:worker-effect-data-processing (4ms)
9-2-2026 16:33:53-debug: asset-db-hook-engine-extends-afterRefresh (4ms)
9-2-2026 16:33:57-debug: Query all assets info in project
9-2-2026 16:33:57-debug: init custom config: keepNodeUuid: false, useCache: true
9-2-2026 16:33:57-debug: Skip compress image, progress: 0%
9-2-2026 16:33:57-debug: Init all bundles start..., progress: 0%
9-2-2026 16:33:57-debug: // ---- build task Query asset bundle ----
9-2-2026 16:33:57-debug: Query asset bundle start, progress: 0%
9-2-2026 16:33:57-debug: Init bundle root assets start..., progress: 0%
9-2-2026 16:33:57-debug: Num of bundles: 2..., progress: 0%
9-2-2026 16:33:57-debug: Query preload assets/scripts from cc.config.json: 60f7195c-ec2a-45eb-ba94-8955f60e81d0,1c02ae6f-4492-4915-b8f8-7492a3b1e4cd,810e96e4-e456-4468-9b59-f4e8f39732c0,efe8e2a3-eace-427b-b4f1-cb8a937ec77d,e9aa9a3e-5b2b-4ac7-a2c7-073de2b2b24f,8bbdbcdd-5cd4-4100-b6d5-b7c9625b6107,50f4348b-c883-4e2f-8f11-ce233b859fa1,fda095cb-831d-4601-ad94-846013963de8,f92806d7-1768-443f-afe8-12bcde84d0f0,dd3a144d-ab7f-41f0-82b8-2e43a090d496,f0416e68-0200-4b77-a926-4f9d16e494da,511d2633-09a7-4bdd-ac42-f778032124b3,5d45aa00-e064-4938-b314-4265f0c2258c,9361fd90-ba52-4f84-aa93-6e878fd576ca,970b0598-bcb0-4714-91fb-2e81440dccd8,bcd64cc6-2dd9-43f6-abbe-66318d332032,d930590d-bb92-4cc8-8bd1-23cd027f9edf,a3cd009f-0ab0-420d-9278-b9fdab939bbc,6a2d0734-bd9e-4ddf-946e-caa52498cb75,d9937e59-61fe-4ec6-92ab-7ac5a19c89b0,d1346436-ac96-4271-b863-1f4fdead95b0,971bdb23-3ff6-43eb-b422-1c30165a3663,17debcc3-0a6b-4b8a-b00b-dc58b885581e,711ebe11-f673-4cd9-9a83-63c60ba54c5b,c0143906-9aed-447e-9436-2ae8512d1b6e,14da1725-c4c2-42b4-ab08-ee0aeb6898b3,081cab31-dccd-428e-8652-f2404cc81c47,78e0584a-4343-4727-8f37-e14e65c2a2db,871c3b6c-7379-419d-bda3-794b239ab90d,ff9b0199-ce04-4cfe-86cc-6c719f08d6e4,de1c2107-70c8-4021-8459-6399f24d01c6,cbf30902-517f-40dc-af90-a550bac27cf1,5c601d96-e4c7-4698-991b-7ee674b11079
9-2-2026 16:33:57-debug:   Number of all scripts: 42
9-2-2026 16:33:57-debug:   Number of other assets: 486
9-2-2026 16:33:57-debug: Init bundle root assets success..., progress: 0%
9-2-2026 16:33:57-debug:   Number of all scenes: 1
9-2-2026 16:33:57-debug: // ---- build task Query asset bundle ---- (9ms)
9-2-2026 16:33:57-log: run build task Query asset bundle success in 9 ms√, progress: 5%
9-2-2026 16:33:57-debug: [Build Memory track]: Query asset bundle start:232.01MB, end 231.99MB, increase: -20.00KB
9-2-2026 16:33:57-debug: // ---- build task Query asset bundle ----
9-2-2026 16:33:57-debug: Query asset bundle start, progress: 5%
9-2-2026 16:33:57-debug: // ---- build task Query asset bundle ---- (8ms)
9-2-2026 16:33:57-debug: Sort some build options to settings.json start, progress: 10%
9-2-2026 16:33:57-log: run build task Query asset bundle success in 8 ms√, progress: 10%
9-2-2026 16:33:57-debug: [Build Memory track]: Query asset bundle start:232.03MB, end 232.41MB, increase: 392.91KB
9-2-2026 16:33:57-debug: // ---- build task Sort some build options to settings.json ----
9-2-2026 16:33:58-debug: // ---- build task Sort some build options to settings.json ---- (1ms)
9-2-2026 16:33:58-debug: [Build Memory track]: Sort some build options to settings.json start:232.20MB, end 232.23MB, increase: 26.87KB
9-2-2026 16:33:58-debug: Fill script data to settings start, progress: 12%
9-2-2026 16:33:58-log: run build task Sort some build options to settings.json success in 1 ms√, progress: 12%
9-2-2026 16:33:58-debug: // ---- build task Fill script data to settings ----
9-2-2026 16:33:58-debug: // ---- build task Fill script data to settings ---- (3ms)
9-2-2026 16:33:58-log: run build task Fill script data to settings success in 3 ms√, progress: 13%
9-2-2026 16:33:58-debug: // ---- build task Sort some build options to settings.json ----
9-2-2026 16:33:58-debug: [Build Memory track]: Fill script data to settings start:232.26MB, end 232.28MB, increase: 26.89KB
9-2-2026 16:33:58-debug: Sort some build options to settings.json start, progress: 13%
9-2-2026 16:33:58-debug: // ---- build task Sort some build options to settings.json ---- (6ms)
9-2-2026 16:33:58-log: run build task Sort some build options to settings.json success in 6 ms√, progress: 15%
9-2-2026 16:33:58-debug: [Build Memory track]: Sort some build options to settings.json start:232.31MB, end 232.43MB, increase: 126.10KB
9-2-2026 16:33:58-debug: %cImport%c: F:\Github\BattleGame\assets\Battle.scenebackground: #aaff85; color: #000;color: #000;
9-2-2026 16:33:58-debug: asset-db:reimport-asset1effe86e-a401-4769-9dbc-62218c68834d (23ms)
9-2-2026 16:33:59-debug: Query all assets info in project
9-2-2026 16:33:59-debug: init custom config: keepNodeUuid: false, useCache: true
9-2-2026 16:33:59-debug: Skip compress image, progress: 0%
9-2-2026 16:33:59-debug: Init all bundles start..., progress: 0%
9-2-2026 16:33:59-debug: // ---- build task Query asset bundle ----
9-2-2026 16:33:59-debug: Query asset bundle start, progress: 0%
9-2-2026 16:33:59-debug: Num of bundles: 2..., progress: 0%
9-2-2026 16:33:59-debug: Init bundle root assets start..., progress: 0%
9-2-2026 16:33:59-debug:   Number of all scenes: 1
9-2-2026 16:33:59-debug:   Number of other assets: 486
9-2-2026 16:33:59-debug: Query preload assets/scripts from cc.config.json: 60f7195c-ec2a-45eb-ba94-8955f60e81d0,1c02ae6f-4492-4915-b8f8-7492a3b1e4cd,810e96e4-e456-4468-9b59-f4e8f39732c0,efe8e2a3-eace-427b-b4f1-cb8a937ec77d,e9aa9a3e-5b2b-4ac7-a2c7-073de2b2b24f,8bbdbcdd-5cd4-4100-b6d5-b7c9625b6107,50f4348b-c883-4e2f-8f11-ce233b859fa1,fda095cb-831d-4601-ad94-846013963de8,f92806d7-1768-443f-afe8-12bcde84d0f0,dd3a144d-ab7f-41f0-82b8-2e43a090d496,f0416e68-0200-4b77-a926-4f9d16e494da,511d2633-09a7-4bdd-ac42-f778032124b3,5d45aa00-e064-4938-b314-4265f0c2258c,9361fd90-ba52-4f84-aa93-6e878fd576ca,970b0598-bcb0-4714-91fb-2e81440dccd8,bcd64cc6-2dd9-43f6-abbe-66318d332032,d930590d-bb92-4cc8-8bd1-23cd027f9edf,a3cd009f-0ab0-420d-9278-b9fdab939bbc,6a2d0734-bd9e-4ddf-946e-caa52498cb75,d9937e59-61fe-4ec6-92ab-7ac5a19c89b0,d1346436-ac96-4271-b863-1f4fdead95b0,971bdb23-3ff6-43eb-b422-1c30165a3663,17debcc3-0a6b-4b8a-b00b-dc58b885581e,711ebe11-f673-4cd9-9a83-63c60ba54c5b,c0143906-9aed-447e-9436-2ae8512d1b6e,14da1725-c4c2-42b4-ab08-ee0aeb6898b3,081cab31-dccd-428e-8652-f2404cc81c47,78e0584a-4343-4727-8f37-e14e65c2a2db,871c3b6c-7379-419d-bda3-794b239ab90d,ff9b0199-ce04-4cfe-86cc-6c719f08d6e4,de1c2107-70c8-4021-8459-6399f24d01c6,cbf30902-517f-40dc-af90-a550bac27cf1,5c601d96-e4c7-4698-991b-7ee674b11079
9-2-2026 16:33:59-debug: Init bundle root assets success..., progress: 0%
9-2-2026 16:33:59-debug:   Number of all scripts: 42
9-2-2026 16:33:59-debug: // ---- build task Query asset bundle ---- (10ms)
9-2-2026 16:33:59-log: run build task Query asset bundle success in 10 ms√, progress: 5%
9-2-2026 16:33:59-debug: [Build Memory track]: Query asset bundle start:232.15MB, end 231.99MB, increase: -165.41KB
9-2-2026 16:33:59-debug: Query asset bundle start, progress: 5%
9-2-2026 16:33:59-debug: // ---- build task Query asset bundle ----
9-2-2026 16:33:59-debug: // ---- build task Query asset bundle ---- (9ms)
9-2-2026 16:33:59-log: run build task Query asset bundle success in 9 ms√, progress: 10%
9-2-2026 16:33:59-debug: Sort some build options to settings.json start, progress: 10%
9-2-2026 16:33:59-debug: [Build Memory track]: Query asset bundle start:232.02MB, end 232.15MB, increase: 139.33KB
9-2-2026 16:33:59-debug: // ---- build task Sort some build options to settings.json ----
9-2-2026 16:33:59-debug: // ---- build task Sort some build options to settings.json ---- (4ms)
9-2-2026 16:33:59-log: run build task Sort some build options to settings.json success in 4 ms√, progress: 12%
9-2-2026 16:33:59-debug: [Build Memory track]: Sort some build options to settings.json start:232.18MB, end 232.21MB, increase: 26.26KB
9-2-2026 16:33:59-debug: Fill script data to settings start, progress: 12%
9-2-2026 16:33:59-debug: // ---- build task Fill script data to settings ----
9-2-2026 16:33:59-debug: // ---- build task Fill script data to settings ---- (2ms)
9-2-2026 16:33:59-log: run build task Fill script data to settings success in 2 ms√, progress: 13%
9-2-2026 16:33:59-debug: [Build Memory track]: Fill script data to settings start:232.24MB, end 232.26MB, increase: 25.81KB
9-2-2026 16:33:59-debug: // ---- build task Sort some build options to settings.json ----
9-2-2026 16:33:59-debug: Sort some build options to settings.json start, progress: 13%
9-2-2026 16:34:00-debug: // ---- build task Sort some build options to settings.json ---- (16ms)
9-2-2026 16:34:00-log: run build task Sort some build options to settings.json success in 16 ms√, progress: 15%
9-2-2026 16:34:00-debug: [Build Memory track]: Sort some build options to settings.json start:232.29MB, end 231.69MB, increase: -615.23KB
9-2-2026 22:33:42-debug: refresh db internal success
9-2-2026 22:33:42-debug: refresh db assets success
9-2-2026 22:33:42-debug: Run asset db hook engine-extends:afterRefresh ...
9-2-2026 22:33:42-debug: Run asset db hook engine-extends:afterRefresh success!
9-2-2026 22:33:42-debug: asset-db:worker-effect-data-processing (10ms)
9-2-2026 22:33:42-debug: asset-db:refresh-all-database (112ms)
9-2-2026 22:33:42-debug: asset-db-hook-engine-extends-afterRefresh (10ms)
9-3-2026 01:13:05-debug: refresh db internal success
9-3-2026 01:13:05-debug: %cImport%c: F:\Github\BattleGame\assets\scripts\BattleTelemetry.tsbackground: #aaff85; color: #000;color: #000;
9-3-2026 01:13:05-debug: %cImport%c: F:\Github\BattleGame\assets\scripts\GameManager.tsbackground: #aaff85; color: #000;color: #000;
9-3-2026 01:13:05-debug: refresh db assets success
9-3-2026 01:13:05-debug: Run asset db hook engine-extends:afterRefresh ...
9-3-2026 01:13:05-debug: Run asset db hook engine-extends:afterRefresh success!
9-3-2026 01:13:05-debug: asset-db:refresh-all-database (155ms)
9-3-2026 01:13:05-debug: asset-db:worker-effect-data-processing (6ms)
9-3-2026 01:13:05-debug: asset-db-hook-engine-extends-afterRefresh (7ms)
9-3-2026 01:13:11-debug: Query all assets info in project
9-3-2026 01:13:11-debug: init custom config: keepNodeUuid: false, useCache: true
9-3-2026 01:13:11-debug: Skip compress image, progress: 0%
9-3-2026 01:13:11-debug: Init all bundles start..., progress: 0%
9-3-2026 01:13:11-debug: Num of bundles: 2..., progress: 0%
9-3-2026 01:13:11-debug: Query asset bundle start, progress: 0%
9-3-2026 01:13:11-debug: // ---- build task Query asset bundle ----
9-3-2026 01:13:11-debug: Init bundle root assets start..., progress: 0%
9-3-2026 01:13:11-debug: Query preload assets/scripts from cc.config.json: 60f7195c-ec2a-45eb-ba94-8955f60e81d0,1c02ae6f-4492-4915-b8f8-7492a3b1e4cd,810e96e4-e456-4468-9b59-f4e8f39732c0,efe8e2a3-eace-427b-b4f1-cb8a937ec77d,e9aa9a3e-5b2b-4ac7-a2c7-073de2b2b24f,8bbdbcdd-5cd4-4100-b6d5-b7c9625b6107,50f4348b-c883-4e2f-8f11-ce233b859fa1,fda095cb-831d-4601-ad94-846013963de8,f92806d7-1768-443f-afe8-12bcde84d0f0,dd3a144d-ab7f-41f0-82b8-2e43a090d496,f0416e68-0200-4b77-a926-4f9d16e494da,511d2633-09a7-4bdd-ac42-f778032124b3,5d45aa00-e064-4938-b314-4265f0c2258c,9361fd90-ba52-4f84-aa93-6e878fd576ca,970b0598-bcb0-4714-91fb-2e81440dccd8,bcd64cc6-2dd9-43f6-abbe-66318d332032,d930590d-bb92-4cc8-8bd1-23cd027f9edf,a3cd009f-0ab0-420d-9278-b9fdab939bbc,6a2d0734-bd9e-4ddf-946e-caa52498cb75,d9937e59-61fe-4ec6-92ab-7ac5a19c89b0,d1346436-ac96-4271-b863-1f4fdead95b0,971bdb23-3ff6-43eb-b422-1c30165a3663,17debcc3-0a6b-4b8a-b00b-dc58b885581e,711ebe11-f673-4cd9-9a83-63c60ba54c5b,c0143906-9aed-447e-9436-2ae8512d1b6e,14da1725-c4c2-42b4-ab08-ee0aeb6898b3,081cab31-dccd-428e-8652-f2404cc81c47,78e0584a-4343-4727-8f37-e14e65c2a2db,871c3b6c-7379-419d-bda3-794b239ab90d,ff9b0199-ce04-4cfe-86cc-6c719f08d6e4,de1c2107-70c8-4021-8459-6399f24d01c6,cbf30902-517f-40dc-af90-a550bac27cf1,5c601d96-e4c7-4698-991b-7ee674b11079
9-3-2026 01:13:11-debug:   Number of all scenes: 1
9-3-2026 01:13:11-debug:   Number of other assets: 486
9-3-2026 01:13:11-debug: Init bundle root assets success..., progress: 0%
9-3-2026 01:13:11-debug:   Number of all scripts: 42
9-3-2026 01:13:11-debug: // ---- build task Query asset bundle ---- (31ms)
9-3-2026 01:13:11-log: run build task Query asset bundle success in 31 ms√, progress: 5%
9-3-2026 01:13:11-debug: [Build Memory track]: Query asset bundle start:234.26MB, end 234.15MB, increase: -109.20KB
9-3-2026 01:13:11-debug: Query asset bundle start, progress: 5%
9-3-2026 01:13:11-debug: // ---- build task Query asset bundle ----
9-3-2026 01:13:11-debug: // ---- build task Query asset bundle ---- (7ms)
9-3-2026 01:13:11-log: run build task Query asset bundle success in 7 ms√, progress: 10%
9-3-2026 01:13:11-debug: [Build Memory track]: Query asset bundle start:234.18MB, end 234.33MB, increase: 148.25KB
9-3-2026 01:13:11-debug: Sort some build options to settings.json start, progress: 10%
9-3-2026 01:13:11-debug: // ---- build task Sort some build options to settings.json ----
9-3-2026 01:13:11-debug: // ---- build task Sort some build options to settings.json ---- (5ms)
9-3-2026 01:13:11-log: run build task Sort some build options to settings.json success in 5 ms√, progress: 12%
9-3-2026 01:13:11-debug: [Build Memory track]: Sort some build options to settings.json start:234.36MB, end 234.39MB, increase: 31.84KB
9-3-2026 01:13:11-debug: // ---- build task Fill script data to settings ----
9-3-2026 01:13:11-debug: Fill script data to settings start, progress: 12%
9-3-2026 01:13:11-debug: // ---- build task Fill script data to settings ---- (3ms)
9-3-2026 01:13:11-debug: [Build Memory track]: Fill script data to settings start:234.42MB, end 234.45MB, increase: 29.90KB
9-3-2026 01:13:11-debug: // ---- build task Sort some build options to settings.json ----
9-3-2026 01:13:11-log: run build task Fill script data to settings success in 3 ms√, progress: 13%
9-3-2026 01:13:11-debug: Sort some build options to settings.json start, progress: 13%
9-3-2026 01:13:11-debug: // ---- build task Sort some build options to settings.json ---- (9ms)
9-3-2026 01:13:11-debug: [Build Memory track]: Sort some build options to settings.json start:234.48MB, end 234.60MB, increase: 131.04KB
9-3-2026 01:13:11-log: run build task Sort some build options to settings.json success in 9 ms√, progress: 15%
