9-21-2026 13:49:45-log: Cannot access game frame or container.
9-21-2026 13:49:45-debug: asset-db:require-engine-code (531ms)
9-21-2026 13:49:45-log: meshopt wasm decoder initialized
9-21-2026 13:49:45-log: [box2d]:box2d wasm lib loaded.
9-21-2026 13:49:46-log: [bullet]:bullet wasm lib loaded.
9-21-2026 13:49:46-log: Cocos Creator v3.8.8
9-21-2026 13:49:46-log: Using legacy pipeline
9-21-2026 13:49:46-debug: [Assets Memory track]: asset-db:worker-init: initEngine start:28.27MB, end 79.03MB, increase: 50.76MB
9-21-2026 13:49:46-log: Forward render pipeline initialized.
9-21-2026 13:49:47-debug: [Assets Memory track]: asset-db:worker-init: initPlugin start:79.07MB, end 340.14MB, increase: 261.07MB
9-21-2026 13:49:47-debug: run package(migu-mini-game) handler(enable) success!
9-21-2026 13:49:47-debug: run package(migu-mini-game) handler(enable) start
9-21-2026 13:49:47-debug: run package(native) handler(enable) start
9-21-2026 13:49:47-debug: run package(native) handler(enable) success!
9-21-2026 13:49:47-debug: run package(ohos) handler(enable) start
9-21-2026 13:49:47-debug: run package(oppo-mini-game) handler(enable) start
9-21-2026 13:49:47-debug: run package(ohos) handler(enable) success!
9-21-2026 13:49:47-debug: run package(oppo-mini-game) handler(enable) success!
9-21-2026 13:49:47-debug: run package(runtime-dev-tools) handler(enable) start
9-21-2026 13:49:47-debug: run package(runtime-dev-tools) handler(enable) success!
9-21-2026 13:49:47-debug: run package(taobao-mini-game) handler(enable) success!
9-21-2026 13:49:47-debug: run package(vivo-mini-game) handler(enable) success!
9-21-2026 13:49:47-debug: run package(taobao-mini-game) handler(enable) start
9-21-2026 13:49:47-debug: run package(vivo-mini-game) handler(enable) start
9-21-2026 13:49:47-debug: run package(web-desktop) handler(enable) start
9-21-2026 13:49:47-debug: run package(web-desktop) handler(enable) success!
9-21-2026 13:49:47-debug: run package(web-mobile) handler(enable) success!
9-21-2026 13:49:47-debug: run package(web-mobile) handler(enable) start
9-21-2026 13:49:47-debug: run package(wechatgame) handler(enable) success!
9-21-2026 13:49:47-debug: run package(wechatprogram) handler(enable) start
9-21-2026 13:49:47-debug: run package(wechatgame) handler(enable) start
9-21-2026 13:49:47-debug: run package(wechatprogram) handler(enable) success!
9-21-2026 13:49:47-debug: run package(xiaomi-quick-game) handler(enable) start
9-21-2026 13:49:47-debug: run package(windows) handler(enable) start
9-21-2026 13:49:47-debug: run package(windows) handler(enable) success!
9-21-2026 13:49:47-debug: run package(xiaomi-quick-game) handler(enable) success!
9-21-2026 13:49:47-debug: run package(im-plugin) handler(enable) start
9-21-2026 13:49:47-debug: run package(cocos-service) handler(enable) start
9-21-2026 13:49:47-debug: run package(cocos-service) handler(enable) success!
9-21-2026 13:49:47-debug: run package(placeholder) handler(enable) success!
9-21-2026 13:49:47-debug: run package(im-plugin) handler(enable) success!
9-21-2026 13:49:47-debug: run package(placeholder) handler(enable) start
9-21-2026 13:49:47-debug: asset-db:worker-init: initPlugin (1215ms)
9-21-2026 13:49:47-debug: [Assets Memory track]: asset-db:worker-init start:28.26MB, end 341.60MB, increase: 313.34MB
9-21-2026 13:49:47-debug: Run asset db hook programming:beforePreStart success!
9-21-2026 13:49:47-debug: Run asset db hook engine-extends:beforePreStart ...
9-21-2026 13:49:47-debug: Run asset db hook engine-extends:beforePreStart success!
9-21-2026 13:49:47-debug: Run asset db hook programming:beforePreStart ...
9-21-2026 13:49:48-debug: asset-db:worker-init (3144ms)
9-21-2026 13:49:48-debug: asset-db-hook-programming-beforePreStart (1268ms)
9-21-2026 13:49:48-debug: asset-db-hook-engine-extends-beforePreStart (1268ms)
9-21-2026 13:49:49-debug: Preimport db internal success
9-21-2026 13:49:49-debug: Preimport db assets success
9-21-2026 13:49:49-debug: Run asset db hook programming:afterPreStart ...
9-21-2026 13:49:49-debug: starting packer-driver...
9-21-2026 13:49:49-debug: initialize scripting environment...
9-21-2026 13:49:49-debug: [[Executor]] prepare before lock
9-21-2026 13:49:49-debug: Set detail map pack:///resolution-detail-map.json: {}
9-21-2026 13:49:49-debug: [[Executor]] prepare after unlock
9-21-2026 13:49:49-debug: Run asset db hook programming:afterPreStart success!
9-21-2026 13:49:49-debug: Run asset db hook engine-extends:afterPreStart ...
9-21-2026 13:49:49-debug: [Assets Memory track]: asset-db:worker-init: preStart start:341.62MB, end 347.74MB, increase: 6.12MB
9-21-2026 13:49:49-debug: Start up the 'internal' database...
9-21-2026 13:49:49-debug: Run asset db hook engine-extends:afterPreStart success!
9-21-2026 13:49:50-debug: asset-db-hook-programming-afterPreStart (1426ms)
9-21-2026 13:49:50-debug: asset-db:worker-effect-data-processing (746ms)
9-21-2026 13:49:50-debug: asset-db-hook-engine-extends-afterPreStart (746ms)
9-21-2026 13:49:50-debug: Run asset db hook engine-extends:afterStartDB ...
9-21-2026 13:49:51-debug: recompile effect.bin success
9-21-2026 13:49:51-debug: Run asset db hook engine-extends:afterStartDB success!
9-21-2026 13:49:51-debug: Start up the 'assets' database...
9-21-2026 13:49:51-debug: asset-db:worker-effect-data-processing (982ms)
9-21-2026 13:49:51-debug: asset-db-hook-engine-extends-afterStartDB (982ms)
9-21-2026 13:49:51-debug: Run asset db hook engine-extends:afterStartDB ...
9-21-2026 13:49:51-debug: Run asset db hook engine-extends:afterStartDB success!
9-21-2026 13:49:51-debug: recompile effect.bin success
9-21-2026 13:49:51-debug: lazy register asset handler text
9-21-2026 13:49:51-debug: lazy register asset handler json
9-21-2026 13:49:51-debug: lazy register asset handler spine-data
9-21-2026 13:49:51-debug: lazy register asset handler dragonbones
9-21-2026 13:49:51-debug: lazy register asset handler dragonbones-atlas
9-21-2026 13:49:51-debug: lazy register asset handler terrain
9-21-2026 13:49:51-debug: lazy register asset handler javascript
9-21-2026 13:49:51-debug: lazy register asset handler directory
9-21-2026 13:49:51-debug: lazy register asset handler typescript
9-21-2026 13:49:51-debug: lazy register asset handler prefab
9-21-2026 13:49:51-debug: lazy register asset handler *
9-21-2026 13:49:51-debug: lazy register asset handler scene
9-21-2026 13:49:51-debug: lazy register asset handler tiled-map
9-21-2026 13:49:51-debug: lazy register asset handler sprite-frame
9-21-2026 13:49:51-debug: lazy register asset handler sign-image
9-21-2026 13:49:51-debug: lazy register asset handler alpha-image
9-21-2026 13:49:51-debug: lazy register asset handler image
9-21-2026 13:49:51-debug: lazy register asset handler buffer
9-21-2026 13:49:51-debug: lazy register asset handler texture
9-21-2026 13:49:51-debug: lazy register asset handler erp-texture-cube
9-21-2026 13:49:51-debug: lazy register asset handler texture-cube-face
9-21-2026 13:49:51-debug: lazy register asset handler render-texture
9-21-2026 13:49:51-debug: lazy register asset handler texture-cube
9-21-2026 13:49:51-debug: lazy register asset handler rt-sprite-frame
9-21-2026 13:49:51-debug: lazy register asset handler gltf-mesh
9-21-2026 13:49:51-debug: lazy register asset handler gltf-animation
9-21-2026 13:49:51-debug: lazy register asset handler gltf
9-21-2026 13:49:51-debug: lazy register asset handler gltf-skeleton
9-21-2026 13:49:51-debug: lazy register asset handler gltf-material
9-21-2026 13:49:51-debug: lazy register asset handler gltf-scene
9-21-2026 13:49:51-debug: lazy register asset handler gltf-embeded-image
9-21-2026 13:49:51-debug: lazy register asset handler fbx
9-21-2026 13:49:51-debug: lazy register asset handler material
9-21-2026 13:49:51-debug: lazy register asset handler physics-material
9-21-2026 13:49:51-debug: lazy register asset handler effect-header
9-21-2026 13:49:51-debug: lazy register asset handler effect
9-21-2026 13:49:51-debug: lazy register asset handler audio-clip
9-21-2026 13:49:51-debug: lazy register asset handler animation-graph-variant
9-21-2026 13:49:51-debug: lazy register asset handler animation-clip
9-21-2026 13:49:51-debug: lazy register asset handler animation-graph
9-21-2026 13:49:51-debug: lazy register asset handler ttf-font
9-21-2026 13:49:51-debug: lazy register asset handler animation-mask
9-21-2026 13:49:51-debug: lazy register asset handler bitmap-font
9-21-2026 13:49:51-debug: lazy register asset handler sprite-atlas
9-21-2026 13:49:51-debug: lazy register asset handler particle
9-21-2026 13:49:51-debug: lazy register asset handler render-pipeline
9-21-2026 13:49:51-debug: lazy register asset handler auto-atlas
9-21-2026 13:49:51-debug: lazy register asset handler label-atlas
9-21-2026 13:49:51-debug: lazy register asset handler render-stage
9-21-2026 13:49:51-debug: lazy register asset handler instantiation-material
9-21-2026 13:49:51-debug: lazy register asset handler instantiation-mesh
9-21-2026 13:49:51-debug: lazy register asset handler instantiation-skeleton
9-21-2026 13:49:51-debug: lazy register asset handler instantiation-animation
9-21-2026 13:49:51-debug: lazy register asset handler video-clip
9-21-2026 13:49:51-debug: lazy register asset handler render-flow
9-21-2026 13:49:51-debug: asset-db:worker-effect-data-processing (216ms)
9-21-2026 13:49:51-debug: asset-db-hook-engine-extends-afterStartDB (217ms)
9-21-2026 13:49:51-debug: asset-db:start-database (4708ms)
9-21-2026 13:49:51-debug: asset-db:ready (8810ms)
9-21-2026 13:49:51-debug: init worker message success
9-21-2026 13:49:51-debug: programming:execute-script (3ms)
9-21-2026 13:49:52-debug: [Build Memory track]: builder:worker-init start:220.52MB, end 228.56MB, increase: 8.04MB
9-21-2026 13:49:52-debug: builder:worker-init (228ms)
9-21-2026 13:56:16-debug: refresh db internal success
9-21-2026 13:56:16-debug: refresh db assets success
9-21-2026 13:56:16-debug: Run asset db hook engine-extends:afterRefresh success!
9-21-2026 13:56:16-debug: Run asset db hook engine-extends:afterRefresh ...
9-21-2026 13:56:16-debug: asset-db:refresh-all-database (59ms)
9-21-2026 14:36:25-debug: refresh db internal success
9-21-2026 14:36:25-debug: refresh db assets success
9-21-2026 14:36:25-debug: Run asset db hook engine-extends:afterRefresh ...
9-21-2026 14:36:25-debug: Run asset db hook engine-extends:afterRefresh success!
9-21-2026 14:36:25-debug: asset-db:refresh-all-database (57ms)
9-21-2026 14:36:25-debug: asset-db-hook-engine-extends-afterRefresh (1ms)
9-21-2026 14:36:25-debug: asset-db:worker-effect-data-processing (1ms)
9-21-2026 14:51:55-debug: refresh db internal success
9-21-2026 14:51:55-debug: refresh db assets success
9-21-2026 14:51:55-debug: Run asset db hook engine-extends:afterRefresh success!
9-21-2026 14:51:55-debug: Run asset db hook engine-extends:afterRefresh ...
9-21-2026 14:51:55-debug: asset-db:refresh-all-database (74ms)
9-21-2026 14:51:55-debug: asset-db:worker-effect-data-processing (2ms)
9-21-2026 14:51:55-debug: asset-db-hook-engine-extends-afterRefresh (2ms)
9-21-2026 14:56:16-debug: refresh db internal success
9-21-2026 14:56:16-debug: %cImport%c: D:\Works\Github\BattleGame\assets\scripts\GameManager.tsbackground: #aaff85; color: #000;color: #000;
9-21-2026 14:56:16-debug: %cImport%c: D:\Works\Github\BattleGame\assets\scripts\Unit.tsbackground: #aaff85; color: #000;color: #000;
9-21-2026 14:56:16-debug: refresh db assets success
9-21-2026 14:56:16-debug: Run asset db hook engine-extends:afterRefresh ...
9-21-2026 14:56:16-debug: Run asset db hook engine-extends:afterRefresh success!
9-21-2026 14:56:16-debug: asset-db:refresh-all-database (58ms)
9-21-2026 14:56:16-debug: asset-db:worker-effect-data-processing (1ms)
9-21-2026 14:56:16-debug: asset-db-hook-engine-extends-afterRefresh (1ms)
9-21-2026 14:56:20-debug: Query all assets info in project
9-21-2026 14:56:20-debug: init custom config: keepNodeUuid: false, useCache: true
9-21-2026 14:56:20-debug: Skip compress image, progress: 0%
9-21-2026 14:56:20-debug: Init all bundles start..., progress: 0%
9-21-2026 14:56:20-debug: Num of bundles: 2..., progress: 0%
9-21-2026 14:56:20-debug: Query asset bundle start, progress: 0%
9-21-2026 14:56:20-debug: // ---- build task Query asset bundle ----
9-21-2026 14:56:20-debug: Init bundle root assets start..., progress: 0%
9-21-2026 14:56:20-debug: Query preload assets/scripts from cc.config.json: 60f7195c-ec2a-45eb-ba94-8955f60e81d0,1c02ae6f-4492-4915-b8f8-7492a3b1e4cd,810e96e4-e456-4468-9b59-f4e8f39732c0,efe8e2a3-eace-427b-b4f1-cb8a937ec77d,e9aa9a3e-5b2b-4ac7-a2c7-073de2b2b24f,8bbdbcdd-5cd4-4100-b6d5-b7c9625b6107,50f4348b-c883-4e2f-8f11-ce233b859fa1,fda095cb-831d-4601-ad94-846013963de8,f92806d7-1768-443f-afe8-12bcde84d0f0,dd3a144d-ab7f-41f0-82b8-2e43a090d496,f0416e68-0200-4b77-a926-4f9d16e494da,511d2633-09a7-4bdd-ac42-f778032124b3,5d45aa00-e064-4938-b314-4265f0c2258c,9361fd90-ba52-4f84-aa93-6e878fd576ca,970b0598-bcb0-4714-91fb-2e81440dccd8,bcd64cc6-2dd9-43f6-abbe-66318d332032,d930590d-bb92-4cc8-8bd1-23cd027f9edf,a3cd009f-0ab0-420d-9278-b9fdab939bbc,6a2d0734-bd9e-4ddf-946e-caa52498cb75,d9937e59-61fe-4ec6-92ab-7ac5a19c89b0,d1346436-ac96-4271-b863-1f4fdead95b0,971bdb23-3ff6-43eb-b422-1c30165a3663,17debcc3-0a6b-4b8a-b00b-dc58b885581e,711ebe11-f673-4cd9-9a83-63c60ba54c5b,c0143906-9aed-447e-9436-2ae8512d1b6e,14da1725-c4c2-42b4-ab08-ee0aeb6898b3,081cab31-dccd-428e-8652-f2404cc81c47,78e0584a-4343-4727-8f37-e14e65c2a2db,871c3b6c-7379-419d-bda3-794b239ab90d,ff9b0199-ce04-4cfe-86cc-6c719f08d6e4,de1c2107-70c8-4021-8459-6399f24d01c6,cbf30902-517f-40dc-af90-a550bac27cf1,5c601d96-e4c7-4698-991b-7ee674b11079
9-21-2026 14:56:20-debug:   Number of other assets: 486
9-21-2026 14:56:20-debug:   Number of all scripts: 42
9-21-2026 14:56:20-debug: Init bundle root assets success..., progress: 0%
9-21-2026 14:56:20-debug:   Number of all scenes: 1
9-21-2026 14:56:20-debug: // ---- build task Query asset bundle ---- (6ms)
9-21-2026 14:56:20-log: run build task Query asset bundle success in 6 ms√, progress: 5%
9-21-2026 14:56:20-debug: [Build Memory track]: Query asset bundle start:228.10MB, end 228.94MB, increase: 868.95KB
9-21-2026 14:56:20-debug: Query asset bundle start, progress: 5%
9-21-2026 14:56:20-debug: // ---- build task Query asset bundle ----
9-21-2026 14:56:20-debug: // ---- build task Query asset bundle ---- (3ms)
9-21-2026 14:56:20-log: run build task Query asset bundle success in 3 ms√, progress: 10%
9-21-2026 14:56:20-debug: Sort some build options to settings.json start, progress: 10%
9-21-2026 14:56:20-debug: // ---- build task Sort some build options to settings.json ----
9-21-2026 14:56:20-debug: [Build Memory track]: Query asset bundle start:228.99MB, end 229.16MB, increase: 173.49KB
9-21-2026 14:56:20-debug: // ---- build task Sort some build options to settings.json ---- (1ms)
9-21-2026 14:56:20-log: run build task Sort some build options to settings.json success in 1 ms√, progress: 12%
9-21-2026 14:56:20-debug: Fill script data to settings start, progress: 12%
9-21-2026 14:56:20-debug: [Build Memory track]: Sort some build options to settings.json start:229.20MB, end 229.23MB, increase: 36.70KB
9-21-2026 14:56:20-debug: // ---- build task Fill script data to settings ----
9-21-2026 14:56:20-log: run build task Fill script data to settings success in √, progress: 13%
9-21-2026 14:56:20-debug: [Build Memory track]: Fill script data to settings start:229.27MB, end 227.87MB, increase: -1440.14KB
9-21-2026 14:56:20-debug: Sort some build options to settings.json start, progress: 13%
9-21-2026 14:56:20-debug: // ---- build task Sort some build options to settings.json ----
9-21-2026 14:56:20-debug: // ---- build task Sort some build options to settings.json ---- (4ms)
9-21-2026 14:56:20-log: run build task Sort some build options to settings.json success in 4 ms√, progress: 15%
9-21-2026 14:56:20-debug: [Build Memory track]: Sort some build options to settings.json start:227.91MB, end 228.06MB, increase: 155.34KB
9-21-2026 14:56:24-debug: Query all assets info in project
9-21-2026 14:56:24-debug: init custom config: keepNodeUuid: false, useCache: true
9-21-2026 14:56:24-debug: Skip compress image, progress: 0%
9-21-2026 14:56:24-debug: Init all bundles start..., progress: 0%
9-21-2026 14:56:24-debug: Query asset bundle start, progress: 0%
9-21-2026 14:56:24-debug: // ---- build task Query asset bundle ----
9-21-2026 14:56:24-debug: Init bundle root assets start..., progress: 0%
9-21-2026 14:56:24-debug: Num of bundles: 2..., progress: 0%
9-21-2026 14:56:24-debug: Query preload assets/scripts from cc.config.json: 60f7195c-ec2a-45eb-ba94-8955f60e81d0,1c02ae6f-4492-4915-b8f8-7492a3b1e4cd,810e96e4-e456-4468-9b59-f4e8f39732c0,efe8e2a3-eace-427b-b4f1-cb8a937ec77d,e9aa9a3e-5b2b-4ac7-a2c7-073de2b2b24f,8bbdbcdd-5cd4-4100-b6d5-b7c9625b6107,50f4348b-c883-4e2f-8f11-ce233b859fa1,fda095cb-831d-4601-ad94-846013963de8,f92806d7-1768-443f-afe8-12bcde84d0f0,dd3a144d-ab7f-41f0-82b8-2e43a090d496,f0416e68-0200-4b77-a926-4f9d16e494da,511d2633-09a7-4bdd-ac42-f778032124b3,5d45aa00-e064-4938-b314-4265f0c2258c,9361fd90-ba52-4f84-aa93-6e878fd576ca,970b0598-bcb0-4714-91fb-2e81440dccd8,bcd64cc6-2dd9-43f6-abbe-66318d332032,d930590d-bb92-4cc8-8bd1-23cd027f9edf,a3cd009f-0ab0-420d-9278-b9fdab939bbc,6a2d0734-bd9e-4ddf-946e-caa52498cb75,d9937e59-61fe-4ec6-92ab-7ac5a19c89b0,d1346436-ac96-4271-b863-1f4fdead95b0,971bdb23-3ff6-43eb-b422-1c30165a3663,17debcc3-0a6b-4b8a-b00b-dc58b885581e,711ebe11-f673-4cd9-9a83-63c60ba54c5b,c0143906-9aed-447e-9436-2ae8512d1b6e,14da1725-c4c2-42b4-ab08-ee0aeb6898b3,081cab31-dccd-428e-8652-f2404cc81c47,78e0584a-4343-4727-8f37-e14e65c2a2db,871c3b6c-7379-419d-bda3-794b239ab90d,ff9b0199-ce04-4cfe-86cc-6c719f08d6e4,de1c2107-70c8-4021-8459-6399f24d01c6,cbf30902-517f-40dc-af90-a550bac27cf1,5c601d96-e4c7-4698-991b-7ee674b11079
9-21-2026 14:56:24-debug:   Number of all scenes: 1
9-21-2026 14:56:24-debug:   Number of all scripts: 42
9-21-2026 14:56:24-debug:   Number of other assets: 486
9-21-2026 14:56:24-debug: Init bundle root assets success..., progress: 0%
9-21-2026 14:56:24-debug: // ---- build task Query asset bundle ---- (7ms)
9-21-2026 14:56:24-log: run build task Query asset bundle success in 7 ms√, progress: 5%
9-21-2026 14:56:24-debug: [Build Memory track]: Query asset bundle start:229.46MB, end 228.68MB, increase: -791.80KB
9-21-2026 14:56:24-debug: Query asset bundle start, progress: 5%
9-21-2026 14:56:24-debug: // ---- build task Query asset bundle ----
9-21-2026 14:56:24-debug: // ---- build task Query asset bundle ---- (2ms)
9-21-2026 14:56:24-debug: [Build Memory track]: Query asset bundle start:228.72MB, end 228.00MB, increase: -743.48KB
9-21-2026 14:56:24-debug: Sort some build options to settings.json start, progress: 10%
9-21-2026 14:56:24-debug: // ---- build task Sort some build options to settings.json ----
9-21-2026 14:56:24-log: run build task Query asset bundle success in 2 ms√, progress: 10%
9-21-2026 14:56:24-debug: // ---- build task Sort some build options to settings.json ---- (1ms)
9-21-2026 14:56:24-log: run build task Sort some build options to settings.json success in 1 ms√, progress: 12%
9-21-2026 14:56:24-debug: Fill script data to settings start, progress: 12%
9-21-2026 14:56:24-debug: [Build Memory track]: Sort some build options to settings.json start:228.04MB, end 228.08MB, increase: 33.59KB
9-21-2026 14:56:24-debug: // ---- build task Fill script data to settings ----
9-21-2026 14:56:24-debug: // ---- build task Fill script data to settings ---- (1ms)
9-21-2026 14:56:24-log: run build task Fill script data to settings success in 1 ms√, progress: 13%
9-21-2026 14:56:24-debug: [Build Memory track]: Fill script data to settings start:228.12MB, end 228.15MB, increase: 37.32KB
9-21-2026 14:56:24-debug: Sort some build options to settings.json start, progress: 13%
9-21-2026 14:56:24-debug: // ---- build task Sort some build options to settings.json ----
9-21-2026 14:56:24-debug: // ---- build task Sort some build options to settings.json ---- (3ms)
9-21-2026 14:56:24-log: run build task Sort some build options to settings.json success in 3 ms√, progress: 15%
9-21-2026 14:56:24-debug: [Build Memory track]: Sort some build options to settings.json start:228.19MB, end 228.32MB, increase: 134.41KB
9-21-2026 14:59:36-debug: refresh db internal success
9-21-2026 14:59:36-debug: refresh db assets success
9-21-2026 14:59:36-debug: Run asset db hook engine-extends:afterRefresh ...
9-21-2026 14:59:36-debug: Run asset db hook engine-extends:afterRefresh success!
9-21-2026 14:59:36-debug: asset-db:refresh-all-database (67ms)
9-21-2026 14:59:36-debug: asset-db:worker-effect-data-processing (2ms)
9-21-2026 14:59:36-debug: asset-db-hook-engine-extends-afterRefresh (2ms)
9-21-2026 16:05:28-debug: refresh db internal success
9-21-2026 16:05:28-debug: %cImport%c: D:\Works\Github\BattleGame\assets\Battle.scenebackground: #aaff85; color: #000;color: #000;
9-21-2026 16:05:28-debug: %cImport%c: D:\Works\Github\BattleGame\assets\scripts\BattleCardRuntime.tsbackground: #aaff85; color: #000;color: #000;
9-21-2026 16:05:28-debug: %cImport%c: D:\Works\Github\BattleGame\assets\scripts\BattleTelemetry.tsbackground: #aaff85; color: #000;color: #000;
9-21-2026 16:05:28-debug: %cImport%c: D:\Works\Github\BattleGame\assets\scripts\GameManager.tsbackground: #aaff85; color: #000;color: #000;
9-21-2026 16:05:28-debug: %cImport%c: D:\Works\Github\BattleGame\assets\scripts\LevelSettings.tsbackground: #aaff85; color: #000;color: #000;
9-21-2026 16:05:28-debug: refresh db assets success
9-21-2026 16:05:28-debug: Run asset db hook engine-extends:afterRefresh ...
9-21-2026 16:05:28-debug: Run asset db hook engine-extends:afterRefresh success!
9-21-2026 16:05:28-debug: asset-db:refresh-all-database (90ms)
9-21-2026 16:05:28-debug: asset-db:worker-effect-data-processing (2ms)
9-21-2026 16:05:28-debug: asset-db-hook-engine-extends-afterRefresh (3ms)
9-21-2026 16:05:29-debug: Query all assets info in project
9-21-2026 16:05:29-debug: init custom config: keepNodeUuid: false, useCache: true
9-21-2026 16:05:29-debug: Skip compress image, progress: 0%
9-21-2026 16:05:29-debug: Init all bundles start..., progress: 0%
9-21-2026 16:05:29-debug: Query asset bundle start, progress: 0%
9-21-2026 16:05:29-debug: // ---- build task Query asset bundle ----
9-21-2026 16:05:29-debug: Init bundle root assets start..., progress: 0%
9-21-2026 16:05:29-debug: Num of bundles: 2..., progress: 0%
9-21-2026 16:05:29-debug: Query preload assets/scripts from cc.config.json: 60f7195c-ec2a-45eb-ba94-8955f60e81d0,1c02ae6f-4492-4915-b8f8-7492a3b1e4cd,810e96e4-e456-4468-9b59-f4e8f39732c0,efe8e2a3-eace-427b-b4f1-cb8a937ec77d,e9aa9a3e-5b2b-4ac7-a2c7-073de2b2b24f,8bbdbcdd-5cd4-4100-b6d5-b7c9625b6107,50f4348b-c883-4e2f-8f11-ce233b859fa1,fda095cb-831d-4601-ad94-846013963de8,f92806d7-1768-443f-afe8-12bcde84d0f0,dd3a144d-ab7f-41f0-82b8-2e43a090d496,f0416e68-0200-4b77-a926-4f9d16e494da,511d2633-09a7-4bdd-ac42-f778032124b3,5d45aa00-e064-4938-b314-4265f0c2258c,9361fd90-ba52-4f84-aa93-6e878fd576ca,970b0598-bcb0-4714-91fb-2e81440dccd8,bcd64cc6-2dd9-43f6-abbe-66318d332032,d930590d-bb92-4cc8-8bd1-23cd027f9edf,a3cd009f-0ab0-420d-9278-b9fdab939bbc,6a2d0734-bd9e-4ddf-946e-caa52498cb75,d9937e59-61fe-4ec6-92ab-7ac5a19c89b0,d1346436-ac96-4271-b863-1f4fdead95b0,971bdb23-3ff6-43eb-b422-1c30165a3663,17debcc3-0a6b-4b8a-b00b-dc58b885581e,711ebe11-f673-4cd9-9a83-63c60ba54c5b,c0143906-9aed-447e-9436-2ae8512d1b6e,14da1725-c4c2-42b4-ab08-ee0aeb6898b3,081cab31-dccd-428e-8652-f2404cc81c47,78e0584a-4343-4727-8f37-e14e65c2a2db,871c3b6c-7379-419d-bda3-794b239ab90d,ff9b0199-ce04-4cfe-86cc-6c719f08d6e4,de1c2107-70c8-4021-8459-6399f24d01c6,cbf30902-517f-40dc-af90-a550bac27cf1,5c601d96-e4c7-4698-991b-7ee674b11079
9-21-2026 16:05:29-debug:   Number of all scenes: 1
9-21-2026 16:05:29-debug:   Number of all scripts: 42
9-21-2026 16:05:29-debug:   Number of other assets: 486
9-21-2026 16:05:29-debug: Init bundle root assets success..., progress: 0%
9-21-2026 16:05:29-debug: // ---- build task Query asset bundle ---- (5ms)
9-21-2026 16:05:29-log: run build task Query asset bundle success in 5 ms√, progress: 5%
9-21-2026 16:05:29-debug: [Build Memory track]: Query asset bundle start:231.76MB, end 231.71MB, increase: -54.52KB
9-21-2026 16:05:29-debug: // ---- build task Query asset bundle ----
9-21-2026 16:05:29-debug: Query asset bundle start, progress: 5%
9-21-2026 16:05:29-debug: // ---- build task Query asset bundle ---- (3ms)
9-21-2026 16:05:29-log: run build task Query asset bundle success in 3 ms√, progress: 10%
9-21-2026 16:05:29-debug: Sort some build options to settings.json start, progress: 10%
9-21-2026 16:05:29-debug: [Build Memory track]: Query asset bundle start:231.77MB, end 231.10MB, increase: -680.77KB
9-21-2026 16:05:29-debug: // ---- build task Sort some build options to settings.json ----
9-21-2026 16:05:29-debug: // ---- build task Sort some build options to settings.json ---- (1ms)
9-21-2026 16:05:29-log: run build task Sort some build options to settings.json success in 1 ms√, progress: 12%
9-21-2026 16:05:29-debug: Fill script data to settings start, progress: 12%
9-21-2026 16:05:29-debug: [Build Memory track]: Sort some build options to settings.json start:231.14MB, end 231.18MB, increase: 33.45KB
9-21-2026 16:05:29-debug: // ---- build task Fill script data to settings ----
9-21-2026 16:05:29-debug: // ---- build task Fill script data to settings ---- (1ms)
9-21-2026 16:05:29-log: run build task Fill script data to settings success in 1 ms√, progress: 13%
9-21-2026 16:05:29-debug: [Build Memory track]: Fill script data to settings start:231.21MB, end 231.25MB, increase: 32.93KB
9-21-2026 16:05:29-debug: // ---- build task Sort some build options to settings.json ----
9-21-2026 16:05:29-debug: Sort some build options to settings.json start, progress: 13%
9-21-2026 16:05:29-debug: // ---- build task Sort some build options to settings.json ---- (6ms)
9-21-2026 16:05:29-log: run build task Sort some build options to settings.json success in 6 ms√, progress: 15%
9-21-2026 16:05:29-debug: [Build Memory track]: Sort some build options to settings.json start:231.49MB, end 231.42MB, increase: -70.97KB
9-21-2026 16:05:33-debug: Query all assets info in project
9-21-2026 16:05:33-debug: init custom config: keepNodeUuid: false, useCache: true
9-21-2026 16:05:33-debug: Skip compress image, progress: 0%
9-21-2026 16:05:33-debug: Init all bundles start..., progress: 0%
9-21-2026 16:05:33-debug: // ---- build task Query asset bundle ----
9-21-2026 16:05:33-debug: Init bundle root assets start..., progress: 0%
9-21-2026 16:05:33-debug: Num of bundles: 2..., progress: 0%
9-21-2026 16:05:33-debug: Query asset bundle start, progress: 0%
9-21-2026 16:05:33-debug: Query preload assets/scripts from cc.config.json: 60f7195c-ec2a-45eb-ba94-8955f60e81d0,1c02ae6f-4492-4915-b8f8-7492a3b1e4cd,810e96e4-e456-4468-9b59-f4e8f39732c0,efe8e2a3-eace-427b-b4f1-cb8a937ec77d,e9aa9a3e-5b2b-4ac7-a2c7-073de2b2b24f,8bbdbcdd-5cd4-4100-b6d5-b7c9625b6107,50f4348b-c883-4e2f-8f11-ce233b859fa1,fda095cb-831d-4601-ad94-846013963de8,f92806d7-1768-443f-afe8-12bcde84d0f0,dd3a144d-ab7f-41f0-82b8-2e43a090d496,f0416e68-0200-4b77-a926-4f9d16e494da,511d2633-09a7-4bdd-ac42-f778032124b3,5d45aa00-e064-4938-b314-4265f0c2258c,9361fd90-ba52-4f84-aa93-6e878fd576ca,970b0598-bcb0-4714-91fb-2e81440dccd8,bcd64cc6-2dd9-43f6-abbe-66318d332032,d930590d-bb92-4cc8-8bd1-23cd027f9edf,a3cd009f-0ab0-420d-9278-b9fdab939bbc,6a2d0734-bd9e-4ddf-946e-caa52498cb75,d9937e59-61fe-4ec6-92ab-7ac5a19c89b0,d1346436-ac96-4271-b863-1f4fdead95b0,971bdb23-3ff6-43eb-b422-1c30165a3663,17debcc3-0a6b-4b8a-b00b-dc58b885581e,711ebe11-f673-4cd9-9a83-63c60ba54c5b,c0143906-9aed-447e-9436-2ae8512d1b6e,14da1725-c4c2-42b4-ab08-ee0aeb6898b3,081cab31-dccd-428e-8652-f2404cc81c47,78e0584a-4343-4727-8f37-e14e65c2a2db,871c3b6c-7379-419d-bda3-794b239ab90d,ff9b0199-ce04-4cfe-86cc-6c719f08d6e4,de1c2107-70c8-4021-8459-6399f24d01c6,cbf30902-517f-40dc-af90-a550bac27cf1,5c601d96-e4c7-4698-991b-7ee674b11079
9-21-2026 16:05:33-debug:   Number of all scripts: 42
9-21-2026 16:05:33-debug: Init bundle root assets success..., progress: 0%
9-21-2026 16:05:33-debug:   Number of all scenes: 1
9-21-2026 16:05:33-debug:   Number of other assets: 486
9-21-2026 16:05:33-debug: // ---- build task Query asset bundle ---- (7ms)
9-21-2026 16:05:33-log: run build task Query asset bundle success in 7 ms√, progress: 5%
9-21-2026 16:05:33-debug: [Build Memory track]: Query asset bundle start:231.96MB, end 231.89MB, increase: -75.88KB
9-21-2026 16:05:33-debug: // ---- build task Query asset bundle ----
9-21-2026 16:05:33-debug: Query asset bundle start, progress: 5%
9-21-2026 16:05:33-debug: // ---- build task Query asset bundle ---- (3ms)
9-21-2026 16:05:33-log: run build task Query asset bundle success in 3 ms√, progress: 10%
9-21-2026 16:05:33-debug: [Build Memory track]: Query asset bundle start:231.92MB, end 231.36MB, increase: -576.15KB
9-21-2026 16:05:33-debug: Sort some build options to settings.json start, progress: 10%
9-21-2026 16:05:33-debug: // ---- build task Sort some build options to settings.json ----
9-21-2026 16:05:33-log: run build task Sort some build options to settings.json success in √, progress: 12%
9-21-2026 16:05:33-debug: [Build Memory track]: Sort some build options to settings.json start:231.40MB, end 231.42MB, increase: 22.33KB
9-21-2026 16:05:33-debug: Fill script data to settings start, progress: 12%
9-21-2026 16:05:33-debug: // ---- build task Fill script data to settings ----
9-21-2026 16:05:33-debug: // ---- build task Fill script data to settings ---- (1ms)
9-21-2026 16:05:33-log: run build task Fill script data to settings success in 1 ms√, progress: 13%
9-21-2026 16:05:33-debug: [Build Memory track]: Fill script data to settings start:231.46MB, end 231.49MB, increase: 32.84KB
9-21-2026 16:05:33-debug: // ---- build task Sort some build options to settings.json ----
9-21-2026 16:05:33-debug: Sort some build options to settings.json start, progress: 13%
9-21-2026 16:05:33-debug: // ---- build task Sort some build options to settings.json ---- (5ms)
9-21-2026 16:05:33-log: run build task Sort some build options to settings.json success in 5 ms√, progress: 15%
9-21-2026 16:05:33-debug: [Build Memory track]: Sort some build options to settings.json start:231.53MB, end 231.67MB, increase: 138.64KB
9-21-2026 16:06:08-debug: %cImport%c: D:\Works\Github\BattleGame\assets\Battle.scenebackground: #aaff85; color: #000;color: #000;
9-21-2026 16:06:08-debug: asset-db:reimport-asset1effe86e-a401-4769-9dbc-62218c68834d (14ms)
9-21-2026 16:06:08-debug: Query all assets info in project
9-21-2026 16:06:08-debug: init custom config: keepNodeUuid: false, useCache: true
9-21-2026 16:06:08-debug: Skip compress image, progress: 0%
9-21-2026 16:06:08-debug: Init all bundles start..., progress: 0%
9-21-2026 16:06:08-debug: Num of bundles: 2..., progress: 0%
9-21-2026 16:06:08-debug: // ---- build task Query asset bundle ----
9-21-2026 16:06:08-debug: Init bundle root assets start..., progress: 0%
9-21-2026 16:06:08-debug: Query asset bundle start, progress: 0%
9-21-2026 16:06:08-debug: Query preload assets/scripts from cc.config.json: 60f7195c-ec2a-45eb-ba94-8955f60e81d0,1c02ae6f-4492-4915-b8f8-7492a3b1e4cd,810e96e4-e456-4468-9b59-f4e8f39732c0,efe8e2a3-eace-427b-b4f1-cb8a937ec77d,e9aa9a3e-5b2b-4ac7-a2c7-073de2b2b24f,8bbdbcdd-5cd4-4100-b6d5-b7c9625b6107,50f4348b-c883-4e2f-8f11-ce233b859fa1,fda095cb-831d-4601-ad94-846013963de8,f92806d7-1768-443f-afe8-12bcde84d0f0,dd3a144d-ab7f-41f0-82b8-2e43a090d496,f0416e68-0200-4b77-a926-4f9d16e494da,511d2633-09a7-4bdd-ac42-f778032124b3,5d45aa00-e064-4938-b314-4265f0c2258c,9361fd90-ba52-4f84-aa93-6e878fd576ca,970b0598-bcb0-4714-91fb-2e81440dccd8,bcd64cc6-2dd9-43f6-abbe-66318d332032,d930590d-bb92-4cc8-8bd1-23cd027f9edf,a3cd009f-0ab0-420d-9278-b9fdab939bbc,6a2d0734-bd9e-4ddf-946e-caa52498cb75,d9937e59-61fe-4ec6-92ab-7ac5a19c89b0,d1346436-ac96-4271-b863-1f4fdead95b0,971bdb23-3ff6-43eb-b422-1c30165a3663,17debcc3-0a6b-4b8a-b00b-dc58b885581e,711ebe11-f673-4cd9-9a83-63c60ba54c5b,c0143906-9aed-447e-9436-2ae8512d1b6e,14da1725-c4c2-42b4-ab08-ee0aeb6898b3,081cab31-dccd-428e-8652-f2404cc81c47,78e0584a-4343-4727-8f37-e14e65c2a2db,871c3b6c-7379-419d-bda3-794b239ab90d,ff9b0199-ce04-4cfe-86cc-6c719f08d6e4,de1c2107-70c8-4021-8459-6399f24d01c6,cbf30902-517f-40dc-af90-a550bac27cf1,5c601d96-e4c7-4698-991b-7ee674b11079
9-21-2026 16:06:08-debug:   Number of all scenes: 1
9-21-2026 16:06:08-debug:   Number of all scripts: 42
9-21-2026 16:06:08-debug: Init bundle root assets success..., progress: 0%
9-21-2026 16:06:08-debug:   Number of other assets: 486
9-21-2026 16:06:08-debug: // ---- build task Query asset bundle ---- (5ms)
9-21-2026 16:06:08-log: run build task Query asset bundle success in 5 ms√, progress: 5%
9-21-2026 16:06:08-debug: [Build Memory track]: Query asset bundle start:232.10MB, end 231.92MB, increase: -177.44KB
9-21-2026 16:06:08-debug: Query asset bundle start, progress: 5%
9-21-2026 16:06:08-debug: // ---- build task Query asset bundle ----
9-21-2026 16:06:08-debug: // ---- build task Query asset bundle ---- (4ms)
9-21-2026 16:06:08-log: run build task Query asset bundle success in 4 ms√, progress: 10%
9-21-2026 16:06:08-debug: [Build Memory track]: Query asset bundle start:231.96MB, end 232.11MB, increase: 148.91KB
9-21-2026 16:06:08-debug: Sort some build options to settings.json start, progress: 10%
9-21-2026 16:06:08-debug: // ---- build task Sort some build options to settings.json ----
9-21-2026 16:06:08-debug: // ---- build task Sort some build options to settings.json ---- (1ms)
9-21-2026 16:06:08-log: run build task Sort some build options to settings.json success in 1 ms√, progress: 12%
9-21-2026 16:06:08-debug: [Build Memory track]: Sort some build options to settings.json start:232.15MB, end 232.19MB, increase: 41.87KB
9-21-2026 16:06:08-debug: // ---- build task Fill script data to settings ----
9-21-2026 16:06:08-debug: Fill script data to settings start, progress: 12%
9-21-2026 16:06:08-debug: // ---- build task Fill script data to settings ---- (1ms)
9-21-2026 16:06:08-log: run build task Fill script data to settings success in 1 ms√, progress: 13%
9-21-2026 16:06:08-debug: [Build Memory track]: Fill script data to settings start:232.23MB, end 232.26MB, increase: 33.72KB
9-21-2026 16:06:08-debug: // ---- build task Sort some build options to settings.json ----
9-21-2026 16:06:08-debug: Sort some build options to settings.json start, progress: 13%
9-21-2026 16:06:08-debug: // ---- build task Sort some build options to settings.json ---- (5ms)
9-21-2026 16:06:08-log: run build task Sort some build options to settings.json success in 5 ms√, progress: 15%
9-21-2026 16:06:08-debug: [Build Memory track]: Sort some build options to settings.json start:232.30MB, end 232.43MB, increase: 138.17KB
9-21-2026 16:06:13-debug: refresh db internal success
9-21-2026 16:06:13-debug: refresh db assets success
9-21-2026 16:06:13-debug: Run asset db hook engine-extends:afterRefresh ...
9-21-2026 16:06:13-debug: Run asset db hook engine-extends:afterRefresh success!
9-21-2026 16:06:13-debug: asset-db:refresh-all-database (64ms)
9-21-2026 16:06:13-debug: asset-db:worker-effect-data-processing (2ms)
9-21-2026 16:06:13-debug: asset-db-hook-engine-extends-afterRefresh (2ms)
9-21-2026 16:06:17-debug: refresh db internal success
9-21-2026 16:06:17-debug: refresh db assets success
9-21-2026 16:06:17-debug: Run asset db hook engine-extends:afterRefresh ...
9-21-2026 16:06:17-debug: Run asset db hook engine-extends:afterRefresh success!
9-21-2026 16:06:17-debug: asset-db:refresh-all-database (54ms)
9-21-2026 16:06:17-debug: asset-db:worker-effect-data-processing (3ms)
9-21-2026 16:06:17-debug: asset-db-hook-engine-extends-afterRefresh (3ms)
9-21-2026 16:06:21-debug: %cImport%c: D:\Works\Github\BattleGame\assets\Battle.scenebackground: #aaff85; color: #000;color: #000;
9-21-2026 16:06:21-debug: asset-db:reimport-asset1effe86e-a401-4769-9dbc-62218c68834d (13ms)
9-21-2026 16:06:22-debug: Query all assets info in project
9-21-2026 16:06:22-debug: init custom config: keepNodeUuid: false, useCache: true
9-21-2026 16:06:22-debug: Skip compress image, progress: 0%
9-21-2026 16:06:22-debug: Init all bundles start..., progress: 0%
9-21-2026 16:06:22-debug: Num of bundles: 2..., progress: 0%
9-21-2026 16:06:22-debug: Init bundle root assets start..., progress: 0%
9-21-2026 16:06:22-debug: // ---- build task Query asset bundle ----
9-21-2026 16:06:22-debug: Query asset bundle start, progress: 0%
9-21-2026 16:06:22-debug: Query preload assets/scripts from cc.config.json: 60f7195c-ec2a-45eb-ba94-8955f60e81d0,1c02ae6f-4492-4915-b8f8-7492a3b1e4cd,810e96e4-e456-4468-9b59-f4e8f39732c0,efe8e2a3-eace-427b-b4f1-cb8a937ec77d,e9aa9a3e-5b2b-4ac7-a2c7-073de2b2b24f,8bbdbcdd-5cd4-4100-b6d5-b7c9625b6107,50f4348b-c883-4e2f-8f11-ce233b859fa1,fda095cb-831d-4601-ad94-846013963de8,f92806d7-1768-443f-afe8-12bcde84d0f0,dd3a144d-ab7f-41f0-82b8-2e43a090d496,f0416e68-0200-4b77-a926-4f9d16e494da,511d2633-09a7-4bdd-ac42-f778032124b3,5d45aa00-e064-4938-b314-4265f0c2258c,9361fd90-ba52-4f84-aa93-6e878fd576ca,970b0598-bcb0-4714-91fb-2e81440dccd8,bcd64cc6-2dd9-43f6-abbe-66318d332032,d930590d-bb92-4cc8-8bd1-23cd027f9edf,a3cd009f-0ab0-420d-9278-b9fdab939bbc,6a2d0734-bd9e-4ddf-946e-caa52498cb75,d9937e59-61fe-4ec6-92ab-7ac5a19c89b0,d1346436-ac96-4271-b863-1f4fdead95b0,971bdb23-3ff6-43eb-b422-1c30165a3663,17debcc3-0a6b-4b8a-b00b-dc58b885581e,711ebe11-f673-4cd9-9a83-63c60ba54c5b,c0143906-9aed-447e-9436-2ae8512d1b6e,14da1725-c4c2-42b4-ab08-ee0aeb6898b3,081cab31-dccd-428e-8652-f2404cc81c47,78e0584a-4343-4727-8f37-e14e65c2a2db,871c3b6c-7379-419d-bda3-794b239ab90d,ff9b0199-ce04-4cfe-86cc-6c719f08d6e4,de1c2107-70c8-4021-8459-6399f24d01c6,cbf30902-517f-40dc-af90-a550bac27cf1,5c601d96-e4c7-4698-991b-7ee674b11079
9-21-2026 16:06:22-debug:   Number of all scenes: 1
9-21-2026 16:06:22-debug:   Number of other assets: 486
9-21-2026 16:06:22-debug: Init bundle root assets success..., progress: 0%
9-21-2026 16:06:22-debug:   Number of all scripts: 42
9-21-2026 16:06:22-debug: // ---- build task Query asset bundle ---- (7ms)
9-21-2026 16:06:22-log: run build task Query asset bundle success in 7 ms√, progress: 5%
9-21-2026 16:06:22-debug: [Build Memory track]: Query asset bundle start:235.22MB, end 235.93MB, increase: 722.28KB
9-21-2026 16:06:22-debug: // ---- build task Query asset bundle ----
9-21-2026 16:06:22-debug: Query asset bundle start, progress: 5%
9-21-2026 16:06:22-debug: // ---- build task Query asset bundle ---- (4ms)
9-21-2026 16:06:22-log: run build task Query asset bundle success in 4 ms√, progress: 10%
9-21-2026 16:06:22-debug: [Build Memory track]: Query asset bundle start:235.95MB, end 236.09MB, increase: 140.01KB
9-21-2026 16:06:22-debug: Sort some build options to settings.json start, progress: 10%
9-21-2026 16:06:22-debug: // ---- build task Sort some build options to settings.json ----
9-21-2026 16:06:22-debug: // ---- build task Sort some build options to settings.json ---- (1ms)
9-21-2026 16:06:22-log: run build task Sort some build options to settings.json success in 1 ms√, progress: 12%
9-21-2026 16:06:22-debug: [Build Memory track]: Sort some build options to settings.json start:236.12MB, end 236.15MB, increase: 30.15KB
9-21-2026 16:06:22-debug: Fill script data to settings start, progress: 12%
9-21-2026 16:06:22-debug: // ---- build task Fill script data to settings ----
9-21-2026 16:06:22-debug: // ---- build task Fill script data to settings ---- (3ms)
9-21-2026 16:06:22-log: run build task Fill script data to settings success in 3 ms√, progress: 13%
9-21-2026 16:06:22-debug: [Build Memory track]: Fill script data to settings start:236.18MB, end 236.21MB, increase: 30.38KB
9-21-2026 16:06:22-debug: Sort some build options to settings.json start, progress: 13%
9-21-2026 16:06:22-debug: // ---- build task Sort some build options to settings.json ----
9-21-2026 16:06:22-debug: // ---- build task Sort some build options to settings.json ---- (5ms)
9-21-2026 16:06:22-log: run build task Sort some build options to settings.json success in 5 ms√, progress: 15%
9-21-2026 16:06:22-debug: [Build Memory track]: Sort some build options to settings.json start:236.24MB, end 236.37MB, increase: 132.49KB
9-21-2026 16:20:22-debug: refresh db internal success
9-21-2026 16:20:22-debug: %cImport%c: D:\Works\Github\BattleGame\assets\Battle.scenebackground: #aaff85; color: #000;color: #000;
9-21-2026 16:20:22-debug: %cImport%c: D:\Works\Github\BattleGame\assets\scripts\BattleCardRuntime.tsbackground: #aaff85; color: #000;color: #000;
9-21-2026 16:20:22-debug: %cImport%c: D:\Works\Github\BattleGame\assets\scripts\BattleTelemetry.tsbackground: #aaff85; color: #000;color: #000;
9-21-2026 16:20:22-debug: %cImport%c: D:\Works\Github\BattleGame\assets\scripts\GameManager.tsbackground: #aaff85; color: #000;color: #000;
9-21-2026 16:20:22-debug: %cImport%c: D:\Works\Github\BattleGame\assets\scripts\LevelSettings.tsbackground: #aaff85; color: #000;color: #000;
9-21-2026 16:20:22-debug: refresh db assets success
9-21-2026 16:20:22-debug: Run asset db hook engine-extends:afterRefresh ...
9-21-2026 16:20:22-debug: Run asset db hook engine-extends:afterRefresh success!
9-21-2026 16:20:22-debug: asset-db:refresh-all-database (59ms)
9-21-2026 16:20:22-debug: asset-db:worker-effect-data-processing (1ms)
9-21-2026 16:20:22-debug: asset-db-hook-engine-extends-afterRefresh (1ms)
9-21-2026 16:20:27-debug: Query all assets info in project
9-21-2026 16:20:27-debug: init custom config: keepNodeUuid: false, useCache: true
9-21-2026 16:20:27-debug: Skip compress image, progress: 0%
9-21-2026 16:20:27-debug: Init all bundles start..., progress: 0%
9-21-2026 16:20:27-debug: // ---- build task Query asset bundle ----
9-21-2026 16:20:27-debug: Init bundle root assets start..., progress: 0%
9-21-2026 16:20:27-debug: Query asset bundle start, progress: 0%
9-21-2026 16:20:27-debug: Num of bundles: 2..., progress: 0%
9-21-2026 16:20:27-debug: Query preload assets/scripts from cc.config.json: 60f7195c-ec2a-45eb-ba94-8955f60e81d0,1c02ae6f-4492-4915-b8f8-7492a3b1e4cd,810e96e4-e456-4468-9b59-f4e8f39732c0,efe8e2a3-eace-427b-b4f1-cb8a937ec77d,e9aa9a3e-5b2b-4ac7-a2c7-073de2b2b24f,8bbdbcdd-5cd4-4100-b6d5-b7c9625b6107,50f4348b-c883-4e2f-8f11-ce233b859fa1,fda095cb-831d-4601-ad94-846013963de8,f92806d7-1768-443f-afe8-12bcde84d0f0,dd3a144d-ab7f-41f0-82b8-2e43a090d496,f0416e68-0200-4b77-a926-4f9d16e494da,511d2633-09a7-4bdd-ac42-f778032124b3,5d45aa00-e064-4938-b314-4265f0c2258c,9361fd90-ba52-4f84-aa93-6e878fd576ca,970b0598-bcb0-4714-91fb-2e81440dccd8,bcd64cc6-2dd9-43f6-abbe-66318d332032,d930590d-bb92-4cc8-8bd1-23cd027f9edf,a3cd009f-0ab0-420d-9278-b9fdab939bbc,6a2d0734-bd9e-4ddf-946e-caa52498cb75,d9937e59-61fe-4ec6-92ab-7ac5a19c89b0,d1346436-ac96-4271-b863-1f4fdead95b0,971bdb23-3ff6-43eb-b422-1c30165a3663,17debcc3-0a6b-4b8a-b00b-dc58b885581e,711ebe11-f673-4cd9-9a83-63c60ba54c5b,c0143906-9aed-447e-9436-2ae8512d1b6e,14da1725-c4c2-42b4-ab08-ee0aeb6898b3,081cab31-dccd-428e-8652-f2404cc81c47,78e0584a-4343-4727-8f37-e14e65c2a2db,871c3b6c-7379-419d-bda3-794b239ab90d,ff9b0199-ce04-4cfe-86cc-6c719f08d6e4,de1c2107-70c8-4021-8459-6399f24d01c6,cbf30902-517f-40dc-af90-a550bac27cf1,5c601d96-e4c7-4698-991b-7ee674b11079
9-21-2026 16:20:27-debug:   Number of all scripts: 42
9-21-2026 16:20:27-debug:   Number of other assets: 486
9-21-2026 16:20:27-debug: Init bundle root assets success..., progress: 0%
9-21-2026 16:20:27-debug:   Number of all scenes: 1
9-21-2026 16:20:27-debug: // ---- build task Query asset bundle ---- (5ms)
9-21-2026 16:20:27-log: run build task Query asset bundle success in 5 ms√, progress: 5%
9-21-2026 16:20:27-debug: [Build Memory track]: Query asset bundle start:237.39MB, end 237.29MB, increase: -103.59KB
9-21-2026 16:20:27-debug: Query asset bundle start, progress: 5%
9-21-2026 16:20:27-debug: // ---- build task Query asset bundle ----
9-21-2026 16:20:27-debug: // ---- build task Query asset bundle ---- (8ms)
9-21-2026 16:20:27-log: run build task Query asset bundle success in 8 ms√, progress: 10%
9-21-2026 16:20:27-debug: [Build Memory track]: Query asset bundle start:237.32MB, end 236.64MB, increase: -695.73KB
9-21-2026 16:20:27-debug: Sort some build options to settings.json start, progress: 10%
9-21-2026 16:20:27-debug: // ---- build task Sort some build options to settings.json ----
9-21-2026 16:20:27-log: run build task Sort some build options to settings.json success in 2 ms√, progress: 12%
9-21-2026 16:20:27-debug: [Build Memory track]: Sort some build options to settings.json start:236.67MB, end 236.70MB, increase: 26.74KB
9-21-2026 16:20:27-debug: // ---- build task Fill script data to settings ----
9-21-2026 16:20:27-debug: // ---- build task Sort some build options to settings.json ---- (2ms)
9-21-2026 16:20:27-debug: Fill script data to settings start, progress: 12%
9-21-2026 16:20:27-debug: // ---- build task Fill script data to settings ---- (2ms)
9-21-2026 16:20:27-log: run build task Fill script data to settings success in 2 ms√, progress: 13%
9-21-2026 16:20:27-debug: Sort some build options to settings.json start, progress: 13%
9-21-2026 16:20:27-debug: [Build Memory track]: Fill script data to settings start:236.73MB, end 236.75MB, increase: 26.10KB
9-21-2026 16:20:27-debug: // ---- build task Sort some build options to settings.json ----
9-21-2026 16:20:27-debug: // ---- build task Sort some build options to settings.json ---- (4ms)
9-21-2026 16:20:27-debug: [Build Memory track]: Sort some build options to settings.json start:236.78MB, end 236.91MB, increase: 129.68KB
9-21-2026 16:20:27-log: run build task Sort some build options to settings.json success in 4 ms√, progress: 15%
9-21-2026 16:21:10-debug: refresh db internal success
9-21-2026 16:21:10-debug: refresh db assets success
9-21-2026 16:21:10-debug: Run asset db hook engine-extends:afterRefresh success!
9-21-2026 16:21:10-debug: Run asset db hook engine-extends:afterRefresh ...
9-21-2026 16:21:10-debug: asset-db:refresh-all-database (52ms)
9-21-2026 16:21:10-debug: asset-db:worker-effect-data-processing (1ms)
9-21-2026 16:21:10-debug: asset-db-hook-engine-extends-afterRefresh (1ms)
9-21-2026 16:21:29-debug: %cImport%c: D:\Works\Github\BattleGame\assets\Battle.scenebackground: #aaff85; color: #000;color: #000;
9-21-2026 16:21:29-debug: asset-db:reimport-asset1effe86e-a401-4769-9dbc-62218c68834d (14ms)
9-21-2026 16:21:29-debug: Query all assets info in project
9-21-2026 16:21:29-debug: init custom config: keepNodeUuid: false, useCache: true
9-21-2026 16:21:29-debug: Skip compress image, progress: 0%
9-21-2026 16:21:29-debug: Init all bundles start..., progress: 0%
9-21-2026 16:21:29-debug: Num of bundles: 2..., progress: 0%
9-21-2026 16:21:29-debug: // ---- build task Query asset bundle ----
9-21-2026 16:21:29-debug: Query asset bundle start, progress: 0%
9-21-2026 16:21:29-debug: Init bundle root assets start..., progress: 0%
9-21-2026 16:21:29-debug: Query preload assets/scripts from cc.config.json: 60f7195c-ec2a-45eb-ba94-8955f60e81d0,1c02ae6f-4492-4915-b8f8-7492a3b1e4cd,810e96e4-e456-4468-9b59-f4e8f39732c0,efe8e2a3-eace-427b-b4f1-cb8a937ec77d,e9aa9a3e-5b2b-4ac7-a2c7-073de2b2b24f,8bbdbcdd-5cd4-4100-b6d5-b7c9625b6107,50f4348b-c883-4e2f-8f11-ce233b859fa1,fda095cb-831d-4601-ad94-846013963de8,f92806d7-1768-443f-afe8-12bcde84d0f0,dd3a144d-ab7f-41f0-82b8-2e43a090d496,f0416e68-0200-4b77-a926-4f9d16e494da,511d2633-09a7-4bdd-ac42-f778032124b3,5d45aa00-e064-4938-b314-4265f0c2258c,9361fd90-ba52-4f84-aa93-6e878fd576ca,970b0598-bcb0-4714-91fb-2e81440dccd8,bcd64cc6-2dd9-43f6-abbe-66318d332032,d930590d-bb92-4cc8-8bd1-23cd027f9edf,a3cd009f-0ab0-420d-9278-b9fdab939bbc,6a2d0734-bd9e-4ddf-946e-caa52498cb75,d9937e59-61fe-4ec6-92ab-7ac5a19c89b0,d1346436-ac96-4271-b863-1f4fdead95b0,971bdb23-3ff6-43eb-b422-1c30165a3663,17debcc3-0a6b-4b8a-b00b-dc58b885581e,711ebe11-f673-4cd9-9a83-63c60ba54c5b,c0143906-9aed-447e-9436-2ae8512d1b6e,14da1725-c4c2-42b4-ab08-ee0aeb6898b3,081cab31-dccd-428e-8652-f2404cc81c47,78e0584a-4343-4727-8f37-e14e65c2a2db,871c3b6c-7379-419d-bda3-794b239ab90d,ff9b0199-ce04-4cfe-86cc-6c719f08d6e4,de1c2107-70c8-4021-8459-6399f24d01c6,cbf30902-517f-40dc-af90-a550bac27cf1,5c601d96-e4c7-4698-991b-7ee674b11079
9-21-2026 16:21:29-debug:   Number of all scenes: 1
9-21-2026 16:21:29-debug:   Number of other assets: 486
9-21-2026 16:21:29-debug: Init bundle root assets success..., progress: 0%
9-21-2026 16:21:29-debug:   Number of all scripts: 42
9-21-2026 16:21:29-debug: // ---- build task Query asset bundle ---- (4ms)
9-21-2026 16:21:29-debug: [Build Memory track]: Query asset bundle start:239.09MB, end 238.88MB, increase: -219.28KB
9-21-2026 16:21:29-log: run build task Query asset bundle success in 4 ms√, progress: 5%
9-21-2026 16:21:29-debug: Query asset bundle start, progress: 5%
9-21-2026 16:21:29-debug: // ---- build task Query asset bundle ----
9-21-2026 16:21:29-debug: // ---- build task Query asset bundle ---- (4ms)
9-21-2026 16:21:29-log: run build task Query asset bundle success in 4 ms√, progress: 10%
9-21-2026 16:21:29-debug: [Build Memory track]: Query asset bundle start:238.91MB, end 239.04MB, increase: 140.12KB
9-21-2026 16:21:29-debug: Sort some build options to settings.json start, progress: 10%
9-21-2026 16:21:29-debug: // ---- build task Sort some build options to settings.json ----
9-21-2026 16:21:29-debug: // ---- build task Sort some build options to settings.json ---- (1ms)
9-21-2026 16:21:29-log: run build task Sort some build options to settings.json success in 1 ms√, progress: 12%
9-21-2026 16:21:29-debug: [Build Memory track]: Sort some build options to settings.json start:239.07MB, end 239.10MB, increase: 26.62KB
9-21-2026 16:21:29-debug: // ---- build task Fill script data to settings ----
9-21-2026 16:21:29-debug: Fill script data to settings start, progress: 12%
9-21-2026 16:21:29-debug: // ---- build task Fill script data to settings ---- (1ms)
9-21-2026 16:21:29-log: run build task Fill script data to settings success in 1 ms√, progress: 13%
9-21-2026 16:21:29-debug: Sort some build options to settings.json start, progress: 13%
9-21-2026 16:21:29-debug: [Build Memory track]: Fill script data to settings start:239.13MB, end 239.16MB, increase: 28.58KB
9-21-2026 16:21:29-debug: // ---- build task Sort some build options to settings.json ----
9-21-2026 16:21:29-debug: // ---- build task Sort some build options to settings.json ---- (3ms)
9-21-2026 16:21:29-log: run build task Sort some build options to settings.json success in 3 ms√, progress: 15%
9-21-2026 16:21:29-debug: [Build Memory track]: Sort some build options to settings.json start:239.44MB, end 239.34MB, increase: -107.25KB
9-21-2026 16:59:35-debug: refresh db internal success
9-21-2026 16:59:35-debug: refresh db assets success
9-21-2026 16:59:35-debug: Run asset db hook engine-extends:afterRefresh ...
9-21-2026 16:59:35-debug: Run asset db hook engine-extends:afterRefresh success!
9-21-2026 16:59:35-debug: asset-db:refresh-all-database (49ms)
9-21-2026 16:59:35-debug: asset-db:worker-effect-data-processing (1ms)
9-21-2026 16:59:35-debug: asset-db-hook-engine-extends-afterRefresh (1ms)
9-21-2026 18:13:17-debug: refresh db internal success
9-21-2026 18:13:17-debug: refresh db assets success
9-21-2026 18:13:17-debug: Run asset db hook engine-extends:afterRefresh ...
9-21-2026 18:13:17-debug: Run asset db hook engine-extends:afterRefresh success!
9-21-2026 18:13:17-debug: asset-db:refresh-all-database (65ms)
9-21-2026 18:13:17-debug: asset-db:worker-effect-data-processing (1ms)
9-21-2026 18:13:17-debug: asset-db-hook-engine-extends-afterRefresh (1ms)
