9-23-2026 15:58:54-log: Cannot access game frame or container.
9-23-2026 15:58:54-debug: asset-db:require-engine-code (470ms)
9-23-2026 15:58:54-log: meshopt wasm decoder initialized
9-23-2026 15:58:54-log: [bullet]:bullet wasm lib loaded.
9-23-2026 15:58:54-log: [box2d]:box2d wasm lib loaded.
9-23-2026 15:58:54-log: Cocos Creator v3.8.8
9-23-2026 15:58:54-log: Using legacy pipeline
9-23-2026 15:58:54-debug: [Assets Memory track]: asset-db:worker-init: initEngine start:31.39MB, end 79.25MB, increase: 47.85MB
9-23-2026 15:58:54-log: Forward render pipeline initialized.
9-23-2026 15:58:56-debug: [Assets Memory track]: asset-db:worker-init: initPlugin start:79.31MB, end 343.46MB, increase: 264.14MB
9-23-2026 15:58:56-debug: run package(taobao-mini-game) handler(enable) start
9-23-2026 15:58:56-debug: run package(taobao-mini-game) handler(enable) success!
9-23-2026 15:58:56-debug: run package(vivo-mini-game) handler(enable) start
9-23-2026 15:58:56-debug: run package(vivo-mini-game) handler(enable) success!
9-23-2026 15:58:56-debug: run package(web-desktop) handler(enable) start
9-23-2026 15:58:56-debug: run package(web-desktop) handler(enable) success!
9-23-2026 15:58:56-debug: run package(web-mobile) handler(enable) success!
9-23-2026 15:58:56-debug: run package(web-mobile) handler(enable) start
9-23-2026 15:58:56-debug: run package(wechatgame) handler(enable) success!
9-23-2026 15:58:56-debug: run package(wechatgame) handler(enable) start
9-23-2026 15:58:56-debug: run package(wechatprogram) handler(enable) success!
9-23-2026 15:58:56-debug: run package(windows) handler(enable) start
9-23-2026 15:58:56-debug: run package(wechatprogram) handler(enable) start
9-23-2026 15:58:56-debug: run package(xiaomi-quick-game) handler(enable) start
9-23-2026 15:58:56-debug: run package(xiaomi-quick-game) handler(enable) success!
9-23-2026 15:58:56-debug: run package(cocos-service) handler(enable) start
9-23-2026 15:58:56-debug: run package(cocos-service) handler(enable) success!
9-23-2026 15:58:56-debug: run package(im-plugin) handler(enable) success!
9-23-2026 15:58:56-debug: run package(windows) handler(enable) success!
9-23-2026 15:58:56-debug: run package(placeholder) handler(enable) start
9-23-2026 15:58:56-debug: run package(placeholder) handler(enable) success!
9-23-2026 15:58:56-debug: run package(im-plugin) handler(enable) start
9-23-2026 15:58:56-debug: asset-db:worker-init: initPlugin (1641ms)
9-23-2026 15:58:56-debug: [Assets Memory track]: asset-db:worker-init start:31.39MB, end 341.43MB, increase: 310.04MB
9-23-2026 15:58:56-debug: Run asset db hook programming:beforePreStart ...
9-23-2026 15:58:56-debug: Run asset db hook programming:beforePreStart success!
9-23-2026 15:58:56-debug: Run asset db hook engine-extends:beforePreStart ...
9-23-2026 15:58:56-debug: Run asset db hook engine-extends:beforePreStart success!
9-23-2026 15:58:57-debug: asset-db:worker-init (3750ms)
9-23-2026 15:58:57-debug: asset-db-hook-programming-beforePreStart (1438ms)
9-23-2026 15:58:57-debug: asset-db-hook-engine-extends-beforePreStart (1438ms)
9-23-2026 15:58:58-debug: Preimport db internal success
9-23-2026 15:58:58-debug: Preimport db assets success
9-23-2026 15:58:58-debug: Run asset db hook programming:afterPreStart ...
9-23-2026 15:58:58-debug: starting packer-driver...
9-23-2026 15:58:59-debug: initialize scripting environment...
9-23-2026 15:58:59-debug: [[Executor]] prepare before lock
9-23-2026 15:58:59-debug: Set detail map pack:///resolution-detail-map.json: {}
9-23-2026 15:58:59-debug: [[Executor]] prepare after unlock
9-23-2026 15:58:59-debug: Run asset db hook programming:afterPreStart success!
9-23-2026 15:58:59-debug: Run asset db hook engine-extends:afterPreStart success!
9-23-2026 15:58:59-debug: Run asset db hook engine-extends:afterPreStart ...
9-23-2026 15:58:59-debug: Start up the 'internal' database...
9-23-2026 15:59:00-debug: asset-db-hook-programming-afterPreStart (1661ms)
9-23-2026 15:59:00-debug: asset-db:worker-effect-data-processing (1032ms)
9-23-2026 15:59:00-debug: asset-db-hook-engine-extends-afterPreStart (1032ms)
9-23-2026 15:59:00-debug: Run asset db hook engine-extends:afterStartDB ...
9-23-2026 15:59:01-debug: recompile effect.bin success
9-23-2026 15:59:01-debug: Run asset db hook engine-extends:afterStartDB success!
9-23-2026 15:59:01-debug: asset-db:worker-effect-data-processing (1048ms)
9-23-2026 15:59:01-debug: Start up the 'assets' database...
9-23-2026 15:59:01-debug: asset-db-hook-engine-extends-afterStartDB (1048ms)
9-23-2026 15:59:01-debug: Run asset db hook engine-extends:afterStartDB ...
9-23-2026 15:59:01-debug: recompile effect.bin success
9-23-2026 15:59:01-debug: Run asset db hook engine-extends:afterStartDB success!
9-23-2026 15:59:01-debug: [Assets Memory track]: asset-db:worker-init: startup start:200.02MB, end 216.40MB, increase: 16.38MB
9-23-2026 15:59:01-debug: lazy register asset handler text
9-23-2026 15:59:01-debug: lazy register asset handler json
9-23-2026 15:59:01-debug: lazy register asset handler spine-data
9-23-2026 15:59:01-debug: lazy register asset handler dragonbones
9-23-2026 15:59:01-debug: lazy register asset handler dragonbones-atlas
9-23-2026 15:59:01-debug: lazy register asset handler directory
9-23-2026 15:59:01-debug: lazy register asset handler javascript
9-23-2026 15:59:01-debug: lazy register asset handler *
9-23-2026 15:59:01-debug: lazy register asset handler typescript
9-23-2026 15:59:01-debug: lazy register asset handler terrain
9-23-2026 15:59:01-debug: lazy register asset handler scene
9-23-2026 15:59:01-debug: lazy register asset handler prefab
9-23-2026 15:59:01-debug: lazy register asset handler sprite-frame
9-23-2026 15:59:01-debug: lazy register asset handler tiled-map
9-23-2026 15:59:01-debug: lazy register asset handler image
9-23-2026 15:59:01-debug: lazy register asset handler sign-image
9-23-2026 15:59:01-debug: lazy register asset handler alpha-image
9-23-2026 15:59:01-debug: lazy register asset handler buffer
9-23-2026 15:59:01-debug: lazy register asset handler texture
9-23-2026 15:59:01-debug: lazy register asset handler texture-cube
9-23-2026 15:59:01-debug: lazy register asset handler erp-texture-cube
9-23-2026 15:59:01-debug: lazy register asset handler rt-sprite-frame
9-23-2026 15:59:01-debug: lazy register asset handler render-texture
9-23-2026 15:59:01-debug: lazy register asset handler texture-cube-face
9-23-2026 15:59:01-debug: lazy register asset handler gltf
9-23-2026 15:59:01-debug: lazy register asset handler gltf-mesh
9-23-2026 15:59:01-debug: lazy register asset handler gltf-skeleton
9-23-2026 15:59:01-debug: lazy register asset handler gltf-animation
9-23-2026 15:59:01-debug: lazy register asset handler gltf-embeded-image
9-23-2026 15:59:01-debug: lazy register asset handler gltf-scene
9-23-2026 15:59:01-debug: lazy register asset handler gltf-material
9-23-2026 15:59:01-debug: lazy register asset handler fbx
9-23-2026 15:59:01-debug: lazy register asset handler physics-material
9-23-2026 15:59:01-debug: lazy register asset handler material
9-23-2026 15:59:01-debug: lazy register asset handler effect-header
9-23-2026 15:59:01-debug: lazy register asset handler animation-clip
9-23-2026 15:59:01-debug: lazy register asset handler effect
9-23-2026 15:59:01-debug: lazy register asset handler animation-graph
9-23-2026 15:59:01-debug: lazy register asset handler animation-graph-variant
9-23-2026 15:59:01-debug: lazy register asset handler audio-clip
9-23-2026 15:59:01-debug: lazy register asset handler animation-mask
9-23-2026 15:59:01-debug: lazy register asset handler ttf-font
9-23-2026 15:59:01-debug: lazy register asset handler bitmap-font
9-23-2026 15:59:01-debug: lazy register asset handler sprite-atlas
9-23-2026 15:59:01-debug: lazy register asset handler auto-atlas
9-23-2026 15:59:01-debug: lazy register asset handler particle
9-23-2026 15:59:01-debug: lazy register asset handler label-atlas
9-23-2026 15:59:01-debug: lazy register asset handler render-flow
9-23-2026 15:59:01-debug: lazy register asset handler render-stage
9-23-2026 15:59:01-debug: lazy register asset handler instantiation-mesh
9-23-2026 15:59:01-debug: lazy register asset handler instantiation-skeleton
9-23-2026 15:59:01-debug: lazy register asset handler instantiation-animation
9-23-2026 15:59:01-debug: lazy register asset handler video-clip
9-23-2026 15:59:01-debug: lazy register asset handler render-pipeline
9-23-2026 15:59:01-debug: lazy register asset handler instantiation-material
9-23-2026 15:59:01-debug: asset-db:worker-effect-data-processing (202ms)
9-23-2026 15:59:01-debug: asset-db-hook-engine-extends-afterStartDB (202ms)
9-23-2026 15:59:01-debug: asset-db:start-database (5338ms)
9-23-2026 15:59:01-debug: asset-db:ready (9938ms)
9-23-2026 15:59:01-debug: init worker message success
9-23-2026 15:59:01-debug: programming:execute-script (3ms)
9-23-2026 15:59:02-debug: [Build Memory track]: builder:worker-init start:220.49MB, end 228.81MB, increase: 8.31MB
9-23-2026 15:59:02-debug: builder:worker-init (296ms)
9-23-2026 15:59:08-debug: Query all assets info in project
9-23-2026 15:59:08-debug: Skip compress image, progress: 0%
9-23-2026 15:59:08-debug: init custom config: keepNodeUuid: false, useCache: true
9-23-2026 15:59:08-debug: Num of bundles: 2..., progress: 0%
9-23-2026 15:59:08-debug: Query asset bundle start, progress: 0%
9-23-2026 15:59:08-debug: Init all bundles start..., progress: 0%
9-23-2026 15:59:08-debug: // ---- build task Query asset bundle ----
9-23-2026 15:59:08-debug: Init bundle root assets start..., progress: 0%
9-23-2026 15:59:08-debug: Query preload assets/scripts from cc.config.json: 60f7195c-ec2a-45eb-ba94-8955f60e81d0,1c02ae6f-4492-4915-b8f8-7492a3b1e4cd,810e96e4-e456-4468-9b59-f4e8f39732c0,efe8e2a3-eace-427b-b4f1-cb8a937ec77d,e9aa9a3e-5b2b-4ac7-a2c7-073de2b2b24f,8bbdbcdd-5cd4-4100-b6d5-b7c9625b6107,50f4348b-c883-4e2f-8f11-ce233b859fa1,fda095cb-831d-4601-ad94-846013963de8,f92806d7-1768-443f-afe8-12bcde84d0f0,dd3a144d-ab7f-41f0-82b8-2e43a090d496,f0416e68-0200-4b77-a926-4f9d16e494da,511d2633-09a7-4bdd-ac42-f778032124b3,5d45aa00-e064-4938-b314-4265f0c2258c,9361fd90-ba52-4f84-aa93-6e878fd576ca,970b0598-bcb0-4714-91fb-2e81440dccd8,bcd64cc6-2dd9-43f6-abbe-66318d332032,d930590d-bb92-4cc8-8bd1-23cd027f9edf,a3cd009f-0ab0-420d-9278-b9fdab939bbc,6a2d0734-bd9e-4ddf-946e-caa52498cb75,d9937e59-61fe-4ec6-92ab-7ac5a19c89b0,d1346436-ac96-4271-b863-1f4fdead95b0,971bdb23-3ff6-43eb-b422-1c30165a3663,17debcc3-0a6b-4b8a-b00b-dc58b885581e,711ebe11-f673-4cd9-9a83-63c60ba54c5b,c0143906-9aed-447e-9436-2ae8512d1b6e,14da1725-c4c2-42b4-ab08-ee0aeb6898b3,081cab31-dccd-428e-8652-f2404cc81c47,78e0584a-4343-4727-8f37-e14e65c2a2db,871c3b6c-7379-419d-bda3-794b239ab90d,ff9b0199-ce04-4cfe-86cc-6c719f08d6e4,de1c2107-70c8-4021-8459-6399f24d01c6,cbf30902-517f-40dc-af90-a550bac27cf1,5c601d96-e4c7-4698-991b-7ee674b11079
9-23-2026 15:59:08-debug:   Number of other assets: 486
9-23-2026 15:59:08-debug: Init bundle root assets success..., progress: 0%
9-23-2026 15:59:08-debug:   Number of all scripts: 42
9-23-2026 15:59:08-debug:   Number of all scenes: 1
9-23-2026 15:59:08-debug: // ---- build task Query asset bundle ---- (7ms)
9-23-2026 15:59:08-log: run build task Query asset bundle success in 7 ms√, progress: 5%
9-23-2026 15:59:08-debug: [Build Memory track]: Query asset bundle start:229.91MB, end 230.78MB, increase: 890.49KB
9-23-2026 15:59:08-debug: Query asset bundle start, progress: 5%
9-23-2026 15:59:08-debug: // ---- build task Query asset bundle ----
9-23-2026 15:59:08-debug: // ---- build task Query asset bundle ---- (2ms)
9-23-2026 15:59:08-log: run build task Query asset bundle success in 2 ms√, progress: 10%
9-23-2026 15:59:08-debug: [Build Memory track]: Query asset bundle start:230.82MB, end 230.99MB, increase: 174.04KB
9-23-2026 15:59:08-debug: // ---- build task Sort some build options to settings.json ----
9-23-2026 15:59:08-debug: Sort some build options to settings.json start, progress: 10%
9-23-2026 15:59:08-log: run build task Sort some build options to settings.json success in √, progress: 12%
9-23-2026 15:59:08-debug: [Build Memory track]: Sort some build options to settings.json start:231.03MB, end 231.05MB, increase: 21.41KB
9-23-2026 15:59:08-debug: Fill script data to settings start, progress: 12%
9-23-2026 15:59:08-debug: // ---- build task Fill script data to settings ----
9-23-2026 15:59:08-log: run build task Fill script data to settings success in √, progress: 13%
9-23-2026 15:59:08-debug: [Build Memory track]: Fill script data to settings start:231.09MB, end 231.11MB, increase: 20.26KB
9-23-2026 15:59:08-debug: Sort some build options to settings.json start, progress: 13%
9-23-2026 15:59:08-debug: // ---- build task Sort some build options to settings.json ----
9-23-2026 15:59:08-debug: // ---- build task Sort some build options to settings.json ---- (4ms)
9-23-2026 15:59:08-log: run build task Sort some build options to settings.json success in 4 ms√, progress: 15%
9-23-2026 15:59:08-debug: [Build Memory track]: Sort some build options to settings.json start:231.16MB, end 231.30MB, increase: 145.67KB
9-23-2026 15:59:14-debug: Query all assets info in project
9-23-2026 15:59:14-debug: init custom config: keepNodeUuid: false, useCache: true
9-23-2026 15:59:14-debug: Skip compress image, progress: 0%
9-23-2026 15:59:14-debug: Init all bundles start..., progress: 0%
9-23-2026 15:59:14-debug: Num of bundles: 2..., progress: 0%
9-23-2026 15:59:14-debug: // ---- build task Query asset bundle ----
9-23-2026 15:59:14-debug: Query asset bundle start, progress: 0%
9-23-2026 15:59:14-debug: Init bundle root assets start..., progress: 0%
9-23-2026 15:59:14-debug: Query preload assets/scripts from cc.config.json: 60f7195c-ec2a-45eb-ba94-8955f60e81d0,1c02ae6f-4492-4915-b8f8-7492a3b1e4cd,810e96e4-e456-4468-9b59-f4e8f39732c0,efe8e2a3-eace-427b-b4f1-cb8a937ec77d,e9aa9a3e-5b2b-4ac7-a2c7-073de2b2b24f,8bbdbcdd-5cd4-4100-b6d5-b7c9625b6107,50f4348b-c883-4e2f-8f11-ce233b859fa1,fda095cb-831d-4601-ad94-846013963de8,f92806d7-1768-443f-afe8-12bcde84d0f0,dd3a144d-ab7f-41f0-82b8-2e43a090d496,f0416e68-0200-4b77-a926-4f9d16e494da,511d2633-09a7-4bdd-ac42-f778032124b3,5d45aa00-e064-4938-b314-4265f0c2258c,9361fd90-ba52-4f84-aa93-6e878fd576ca,970b0598-bcb0-4714-91fb-2e81440dccd8,bcd64cc6-2dd9-43f6-abbe-66318d332032,d930590d-bb92-4cc8-8bd1-23cd027f9edf,a3cd009f-0ab0-420d-9278-b9fdab939bbc,6a2d0734-bd9e-4ddf-946e-caa52498cb75,d9937e59-61fe-4ec6-92ab-7ac5a19c89b0,d1346436-ac96-4271-b863-1f4fdead95b0,971bdb23-3ff6-43eb-b422-1c30165a3663,17debcc3-0a6b-4b8a-b00b-dc58b885581e,711ebe11-f673-4cd9-9a83-63c60ba54c5b,c0143906-9aed-447e-9436-2ae8512d1b6e,14da1725-c4c2-42b4-ab08-ee0aeb6898b3,081cab31-dccd-428e-8652-f2404cc81c47,78e0584a-4343-4727-8f37-e14e65c2a2db,871c3b6c-7379-419d-bda3-794b239ab90d,ff9b0199-ce04-4cfe-86cc-6c719f08d6e4,de1c2107-70c8-4021-8459-6399f24d01c6,cbf30902-517f-40dc-af90-a550bac27cf1,5c601d96-e4c7-4698-991b-7ee674b11079
9-23-2026 15:59:14-debug:   Number of all scenes: 1
9-23-2026 15:59:14-debug:   Number of all scripts: 42
9-23-2026 15:59:14-debug: Init bundle root assets success..., progress: 0%
9-23-2026 15:59:14-debug:   Number of other assets: 486
9-23-2026 15:59:14-debug: // ---- build task Query asset bundle ---- (4ms)
9-23-2026 15:59:14-log: run build task Query asset bundle success in 4 ms√, progress: 5%
9-23-2026 15:59:14-debug: [Build Memory track]: Query asset bundle start:232.74MB, end 226.99MB, increase: -5881.07KB
9-23-2026 15:59:14-debug: Query asset bundle start, progress: 5%
9-23-2026 15:59:14-debug: // ---- build task Query asset bundle ----
9-23-2026 15:59:14-debug: // ---- build task Query asset bundle ---- (2ms)
9-23-2026 15:59:14-log: run build task Query asset bundle success in 2 ms√, progress: 10%
9-23-2026 15:59:14-debug: [Build Memory track]: Query asset bundle start:227.03MB, end 227.18MB, increase: 152.42KB
9-23-2026 15:59:14-debug: Sort some build options to settings.json start, progress: 10%
9-23-2026 15:59:14-debug: // ---- build task Sort some build options to settings.json ----
9-23-2026 15:59:14-log: run build task Sort some build options to settings.json success in √, progress: 12%
9-23-2026 15:59:14-debug: [Build Memory track]: Sort some build options to settings.json start:227.23MB, end 227.25MB, increase: 21.79KB
9-23-2026 15:59:14-debug: Fill script data to settings start, progress: 12%
9-23-2026 15:59:14-debug: // ---- build task Fill script data to settings ----
9-23-2026 15:59:14-log: run build task Fill script data to settings success in √, progress: 13%
9-23-2026 15:59:14-debug: [Build Memory track]: Fill script data to settings start:227.29MB, end 227.31MB, increase: 23.72KB
9-23-2026 15:59:14-debug: Sort some build options to settings.json start, progress: 13%
9-23-2026 15:59:14-debug: // ---- build task Sort some build options to settings.json ----
9-23-2026 15:59:14-debug: // ---- build task Sort some build options to settings.json ---- (3ms)
9-23-2026 15:59:14-log: run build task Sort some build options to settings.json success in 3 ms√, progress: 15%
9-23-2026 15:59:14-debug: [Build Memory track]: Sort some build options to settings.json start:227.35MB, end 227.49MB, increase: 135.84KB
9-23-2026 16:15:17-debug: refresh db internal success
9-23-2026 16:15:17-debug: refresh db assets success
9-23-2026 16:15:17-debug: Run asset db hook engine-extends:afterRefresh success!
9-23-2026 16:15:17-debug: Run asset db hook engine-extends:afterRefresh ...
9-23-2026 16:15:17-debug: asset-db:refresh-all-database (57ms)
9-23-2026 16:15:17-debug: asset-db:worker-effect-data-processing (1ms)
9-23-2026 16:15:17-debug: asset-db-hook-engine-extends-afterRefresh (2ms)
9-23-2026 16:17:56-debug: %cImport%c: D:\Works\Github\BattleGame\assets\Battle.scenebackground: #aaff85; color: #000;color: #000;
9-23-2026 16:17:56-debug: asset-db:reimport-asset1effe86e-a401-4769-9dbc-62218c68834d (15ms)
9-23-2026 16:17:57-debug: Query all assets info in project
9-23-2026 16:17:57-debug: Skip compress image, progress: 0%
9-23-2026 16:17:57-debug: init custom config: keepNodeUuid: false, useCache: true
9-23-2026 16:17:57-debug: Init all bundles start..., progress: 0%
9-23-2026 16:17:57-debug: Query asset bundle start, progress: 0%
9-23-2026 16:17:57-debug: // ---- build task Query asset bundle ----
9-23-2026 16:17:57-debug: Init bundle root assets start..., progress: 0%
9-23-2026 16:17:57-debug: Num of bundles: 2..., progress: 0%
9-23-2026 16:17:57-debug: Query preload assets/scripts from cc.config.json: 60f7195c-ec2a-45eb-ba94-8955f60e81d0,1c02ae6f-4492-4915-b8f8-7492a3b1e4cd,810e96e4-e456-4468-9b59-f4e8f39732c0,efe8e2a3-eace-427b-b4f1-cb8a937ec77d,e9aa9a3e-5b2b-4ac7-a2c7-073de2b2b24f,8bbdbcdd-5cd4-4100-b6d5-b7c9625b6107,50f4348b-c883-4e2f-8f11-ce233b859fa1,fda095cb-831d-4601-ad94-846013963de8,f92806d7-1768-443f-afe8-12bcde84d0f0,dd3a144d-ab7f-41f0-82b8-2e43a090d496,f0416e68-0200-4b77-a926-4f9d16e494da,511d2633-09a7-4bdd-ac42-f778032124b3,5d45aa00-e064-4938-b314-4265f0c2258c,9361fd90-ba52-4f84-aa93-6e878fd576ca,970b0598-bcb0-4714-91fb-2e81440dccd8,bcd64cc6-2dd9-43f6-abbe-66318d332032,d930590d-bb92-4cc8-8bd1-23cd027f9edf,a3cd009f-0ab0-420d-9278-b9fdab939bbc,6a2d0734-bd9e-4ddf-946e-caa52498cb75,d9937e59-61fe-4ec6-92ab-7ac5a19c89b0,d1346436-ac96-4271-b863-1f4fdead95b0,971bdb23-3ff6-43eb-b422-1c30165a3663,17debcc3-0a6b-4b8a-b00b-dc58b885581e,711ebe11-f673-4cd9-9a83-63c60ba54c5b,c0143906-9aed-447e-9436-2ae8512d1b6e,14da1725-c4c2-42b4-ab08-ee0aeb6898b3,081cab31-dccd-428e-8652-f2404cc81c47,78e0584a-4343-4727-8f37-e14e65c2a2db,871c3b6c-7379-419d-bda3-794b239ab90d,ff9b0199-ce04-4cfe-86cc-6c719f08d6e4,de1c2107-70c8-4021-8459-6399f24d01c6,cbf30902-517f-40dc-af90-a550bac27cf1,5c601d96-e4c7-4698-991b-7ee674b11079
9-23-2026 16:17:57-debug:   Number of other assets: 486
9-23-2026 16:17:57-debug: Init bundle root assets success..., progress: 0%
9-23-2026 16:17:57-debug:   Number of all scripts: 42
9-23-2026 16:17:57-debug:   Number of all scenes: 1
9-23-2026 16:17:57-debug: // ---- build task Query asset bundle ---- (8ms)
9-23-2026 16:17:57-log: run build task Query asset bundle success in 8 ms√, progress: 5%
9-23-2026 16:17:57-debug: [Build Memory track]: Query asset bundle start:224.17MB, end 224.02MB, increase: -152.44KB
9-23-2026 16:17:57-debug: // ---- build task Query asset bundle ----
9-23-2026 16:17:57-debug: Query asset bundle start, progress: 5%
9-23-2026 16:17:57-debug: // ---- build task Query asset bundle ---- (3ms)
9-23-2026 16:17:57-log: run build task Query asset bundle success in 3 ms√, progress: 10%
9-23-2026 16:17:57-debug: Sort some build options to settings.json start, progress: 10%
9-23-2026 16:17:57-debug: [Build Memory track]: Query asset bundle start:224.06MB, end 224.20MB, increase: 147.25KB
9-23-2026 16:17:57-debug: // ---- build task Sort some build options to settings.json ----
9-23-2026 16:17:57-debug: // ---- build task Sort some build options to settings.json ---- (1ms)
9-23-2026 16:17:57-log: run build task Sort some build options to settings.json success in 1 ms√, progress: 12%
9-23-2026 16:17:57-debug: // ---- build task Fill script data to settings ----
9-23-2026 16:17:57-debug: [Build Memory track]: Sort some build options to settings.json start:224.24MB, end 224.28MB, increase: 37.88KB
9-23-2026 16:17:57-debug: Fill script data to settings start, progress: 12%
9-23-2026 16:17:57-debug: // ---- build task Fill script data to settings ---- (1ms)
9-23-2026 16:17:57-log: run build task Fill script data to settings success in 1 ms√, progress: 13%
9-23-2026 16:17:57-debug: [Build Memory track]: Fill script data to settings start:224.32MB, end 224.35MB, increase: 33.17KB
9-23-2026 16:17:57-debug: // ---- build task Sort some build options to settings.json ----
9-23-2026 16:17:57-debug: Sort some build options to settings.json start, progress: 13%
9-23-2026 16:17:57-debug: [Build Memory track]: Sort some build options to settings.json start:224.39MB, end 224.54MB, increase: 148.98KB
9-23-2026 16:17:57-log: run build task Sort some build options to settings.json success in 5 ms√, progress: 15%
9-23-2026 16:17:57-debug: // ---- build task Sort some build options to settings.json ---- (5ms)
9-23-2026 16:18:06-debug: refresh db internal success
9-23-2026 16:18:06-debug: refresh db assets success
9-23-2026 16:18:06-debug: Run asset db hook engine-extends:afterRefresh ...
9-23-2026 16:18:06-debug: Run asset db hook engine-extends:afterRefresh success!
9-23-2026 16:18:06-debug: asset-db:refresh-all-database (57ms)
9-23-2026 16:18:34-debug: refresh db internal success
9-23-2026 16:18:34-debug: refresh db assets success
9-23-2026 16:18:34-debug: Run asset db hook engine-extends:afterRefresh ...
9-23-2026 16:18:34-debug: Run asset db hook engine-extends:afterRefresh success!
9-23-2026 16:18:34-debug: asset-db:refresh-all-database (54ms)
9-23-2026 16:18:34-debug: asset-db:worker-effect-data-processing (2ms)
9-23-2026 16:18:34-debug: asset-db-hook-engine-extends-afterRefresh (2ms)
9-23-2026 16:18:40-debug: %cImport%c: D:\Works\Github\BattleGame\assets\Battle.scenebackground: #aaff85; color: #000;color: #000;
9-23-2026 16:18:40-debug: asset-db:reimport-asset1effe86e-a401-4769-9dbc-62218c68834d (15ms)
9-23-2026 16:18:41-debug: Query all assets info in project
9-23-2026 16:18:41-debug: Skip compress image, progress: 0%
9-23-2026 16:18:41-debug: init custom config: keepNodeUuid: false, useCache: true
9-23-2026 16:18:41-debug: Init all bundles start..., progress: 0%
9-23-2026 16:18:41-debug: Num of bundles: 2..., progress: 0%
9-23-2026 16:18:41-debug: Query asset bundle start, progress: 0%
9-23-2026 16:18:41-debug: // ---- build task Query asset bundle ----
9-23-2026 16:18:41-debug: Init bundle root assets start..., progress: 0%
9-23-2026 16:18:41-debug: Query preload assets/scripts from cc.config.json: 60f7195c-ec2a-45eb-ba94-8955f60e81d0,1c02ae6f-4492-4915-b8f8-7492a3b1e4cd,810e96e4-e456-4468-9b59-f4e8f39732c0,efe8e2a3-eace-427b-b4f1-cb8a937ec77d,e9aa9a3e-5b2b-4ac7-a2c7-073de2b2b24f,8bbdbcdd-5cd4-4100-b6d5-b7c9625b6107,50f4348b-c883-4e2f-8f11-ce233b859fa1,fda095cb-831d-4601-ad94-846013963de8,f92806d7-1768-443f-afe8-12bcde84d0f0,dd3a144d-ab7f-41f0-82b8-2e43a090d496,f0416e68-0200-4b77-a926-4f9d16e494da,511d2633-09a7-4bdd-ac42-f778032124b3,5d45aa00-e064-4938-b314-4265f0c2258c,9361fd90-ba52-4f84-aa93-6e878fd576ca,970b0598-bcb0-4714-91fb-2e81440dccd8,bcd64cc6-2dd9-43f6-abbe-66318d332032,d930590d-bb92-4cc8-8bd1-23cd027f9edf,a3cd009f-0ab0-420d-9278-b9fdab939bbc,6a2d0734-bd9e-4ddf-946e-caa52498cb75,d9937e59-61fe-4ec6-92ab-7ac5a19c89b0,d1346436-ac96-4271-b863-1f4fdead95b0,971bdb23-3ff6-43eb-b422-1c30165a3663,17debcc3-0a6b-4b8a-b00b-dc58b885581e,711ebe11-f673-4cd9-9a83-63c60ba54c5b,c0143906-9aed-447e-9436-2ae8512d1b6e,14da1725-c4c2-42b4-ab08-ee0aeb6898b3,081cab31-dccd-428e-8652-f2404cc81c47,78e0584a-4343-4727-8f37-e14e65c2a2db,871c3b6c-7379-419d-bda3-794b239ab90d,ff9b0199-ce04-4cfe-86cc-6c719f08d6e4,de1c2107-70c8-4021-8459-6399f24d01c6,cbf30902-517f-40dc-af90-a550bac27cf1,5c601d96-e4c7-4698-991b-7ee674b11079
9-23-2026 16:18:41-debug:   Number of all scenes: 1
9-23-2026 16:18:41-debug:   Number of all scripts: 42
9-23-2026 16:18:41-debug: Init bundle root assets success..., progress: 0%
9-23-2026 16:18:41-debug:   Number of other assets: 486
9-23-2026 16:18:41-debug: // ---- build task Query asset bundle ---- (7ms)
9-23-2026 16:18:41-log: run build task Query asset bundle success in 7 ms√, progress: 5%
9-23-2026 16:18:41-debug: Query asset bundle start, progress: 5%
9-23-2026 16:18:41-debug: // ---- build task Query asset bundle ----
9-23-2026 16:18:41-debug: [Build Memory track]: Query asset bundle start:227.92MB, end 227.76MB, increase: -163.99KB
9-23-2026 16:18:41-debug: // ---- build task Query asset bundle ---- (2ms)
9-23-2026 16:18:41-log: run build task Query asset bundle success in 2 ms√, progress: 10%
9-23-2026 16:18:41-debug: // ---- build task Sort some build options to settings.json ----
9-23-2026 16:18:41-debug: [Build Memory track]: Query asset bundle start:227.80MB, end 227.94MB, increase: 146.81KB
9-23-2026 16:18:41-debug: Sort some build options to settings.json start, progress: 10%
9-23-2026 16:18:41-debug: // ---- build task Sort some build options to settings.json ---- (1ms)
9-23-2026 16:18:41-log: run build task Sort some build options to settings.json success in 1 ms√, progress: 12%
9-23-2026 16:18:41-debug: [Build Memory track]: Sort some build options to settings.json start:227.98MB, end 228.01MB, increase: 33.55KB
9-23-2026 16:18:41-debug: Fill script data to settings start, progress: 12%
9-23-2026 16:18:41-debug: // ---- build task Fill script data to settings ----
9-23-2026 16:18:41-log: run build task Fill script data to settings success in √, progress: 13%
9-23-2026 16:18:41-debug: [Build Memory track]: Fill script data to settings start:228.05MB, end 228.07MB, increase: 20.25KB
9-23-2026 16:18:41-debug: Sort some build options to settings.json start, progress: 13%
9-23-2026 16:18:41-debug: // ---- build task Sort some build options to settings.json ----
9-23-2026 16:18:41-debug: // ---- build task Sort some build options to settings.json ---- (7ms)
9-23-2026 16:18:41-log: run build task Sort some build options to settings.json success in 7 ms√, progress: 15%
9-23-2026 16:18:41-debug: [Build Memory track]: Sort some build options to settings.json start:228.11MB, end 228.24MB, increase: 132.81KB
9-23-2026 16:18:50-debug: %cImport%c: D:\Works\Github\BattleGame\assets\Battle.scenebackground: #aaff85; color: #000;color: #000;
9-23-2026 16:18:50-debug: asset-db:reimport-asset1effe86e-a401-4769-9dbc-62218c68834d (16ms)
9-23-2026 16:18:51-debug: Query all assets info in project
9-23-2026 16:18:51-debug: init custom config: keepNodeUuid: false, useCache: true
9-23-2026 16:18:51-debug: Skip compress image, progress: 0%
9-23-2026 16:18:51-debug: Init all bundles start..., progress: 0%
9-23-2026 16:18:51-debug: Query asset bundle start, progress: 0%
9-23-2026 16:18:51-debug: // ---- build task Query asset bundle ----
9-23-2026 16:18:51-debug: Init bundle root assets start..., progress: 0%
9-23-2026 16:18:51-debug: Num of bundles: 2..., progress: 0%
9-23-2026 16:18:51-debug: Query preload assets/scripts from cc.config.json: 60f7195c-ec2a-45eb-ba94-8955f60e81d0,1c02ae6f-4492-4915-b8f8-7492a3b1e4cd,810e96e4-e456-4468-9b59-f4e8f39732c0,efe8e2a3-eace-427b-b4f1-cb8a937ec77d,e9aa9a3e-5b2b-4ac7-a2c7-073de2b2b24f,8bbdbcdd-5cd4-4100-b6d5-b7c9625b6107,50f4348b-c883-4e2f-8f11-ce233b859fa1,fda095cb-831d-4601-ad94-846013963de8,f92806d7-1768-443f-afe8-12bcde84d0f0,dd3a144d-ab7f-41f0-82b8-2e43a090d496,f0416e68-0200-4b77-a926-4f9d16e494da,511d2633-09a7-4bdd-ac42-f778032124b3,5d45aa00-e064-4938-b314-4265f0c2258c,9361fd90-ba52-4f84-aa93-6e878fd576ca,970b0598-bcb0-4714-91fb-2e81440dccd8,bcd64cc6-2dd9-43f6-abbe-66318d332032,d930590d-bb92-4cc8-8bd1-23cd027f9edf,a3cd009f-0ab0-420d-9278-b9fdab939bbc,6a2d0734-bd9e-4ddf-946e-caa52498cb75,d9937e59-61fe-4ec6-92ab-7ac5a19c89b0,d1346436-ac96-4271-b863-1f4fdead95b0,971bdb23-3ff6-43eb-b422-1c30165a3663,17debcc3-0a6b-4b8a-b00b-dc58b885581e,711ebe11-f673-4cd9-9a83-63c60ba54c5b,c0143906-9aed-447e-9436-2ae8512d1b6e,14da1725-c4c2-42b4-ab08-ee0aeb6898b3,081cab31-dccd-428e-8652-f2404cc81c47,78e0584a-4343-4727-8f37-e14e65c2a2db,871c3b6c-7379-419d-bda3-794b239ab90d,ff9b0199-ce04-4cfe-86cc-6c719f08d6e4,de1c2107-70c8-4021-8459-6399f24d01c6,cbf30902-517f-40dc-af90-a550bac27cf1,5c601d96-e4c7-4698-991b-7ee674b11079
9-23-2026 16:18:51-debug:   Number of all scenes: 1
9-23-2026 16:18:51-debug:   Number of all scripts: 42
9-23-2026 16:18:51-debug: Init bundle root assets success..., progress: 0%
9-23-2026 16:18:51-debug:   Number of other assets: 486
9-23-2026 16:18:51-log: run build task Query asset bundle success in 6 ms√, progress: 5%
9-23-2026 16:18:51-debug: // ---- build task Query asset bundle ---- (6ms)
9-23-2026 16:18:51-debug: // ---- build task Query asset bundle ----
9-23-2026 16:18:51-debug: [Build Memory track]: Query asset bundle start:228.64MB, end 228.49MB, increase: -147.14KB
9-23-2026 16:18:51-debug: Query asset bundle start, progress: 5%
9-23-2026 16:18:51-debug: // ---- build task Query asset bundle ---- (4ms)
9-23-2026 16:18:51-log: run build task Query asset bundle success in 4 ms√, progress: 10%
9-23-2026 16:18:51-debug: [Build Memory track]: Query asset bundle start:228.53MB, end 228.68MB, increase: 149.30KB
9-23-2026 16:18:51-debug: Sort some build options to settings.json start, progress: 10%
9-23-2026 16:18:51-debug: // ---- build task Sort some build options to settings.json ----
9-23-2026 16:18:51-debug: // ---- build task Sort some build options to settings.json ---- (3ms)
9-23-2026 16:18:51-log: run build task Sort some build options to settings.json success in 3 ms√, progress: 12%
9-23-2026 16:18:51-debug: [Build Memory track]: Sort some build options to settings.json start:228.72MB, end 228.76MB, increase: 44.59KB
9-23-2026 16:18:51-debug: // ---- build task Fill script data to settings ----
9-23-2026 16:18:51-debug: Fill script data to settings start, progress: 12%
9-23-2026 16:18:51-debug: // ---- build task Fill script data to settings ---- (1ms)
9-23-2026 16:18:51-debug: [Build Memory track]: Fill script data to settings start:228.80MB, end 228.83MB, increase: 33.01KB
9-23-2026 16:18:51-debug: Sort some build options to settings.json start, progress: 13%
9-23-2026 16:18:51-debug: // ---- build task Sort some build options to settings.json ----
9-23-2026 16:18:51-log: run build task Fill script data to settings success in 1 ms√, progress: 13%
9-23-2026 16:18:51-debug: // ---- build task Sort some build options to settings.json ---- (4ms)
9-23-2026 16:18:51-log: run build task Sort some build options to settings.json success in 4 ms√, progress: 15%
9-23-2026 16:18:51-debug: [Build Memory track]: Sort some build options to settings.json start:228.87MB, end 228.28MB, increase: -597.50KB
9-23-2026 16:19:16-debug: %cImport%c: D:\Works\Github\BattleGame\assets\Battle.scenebackground: #aaff85; color: #000;color: #000;
9-23-2026 16:19:16-debug: asset-db:reimport-asset1effe86e-a401-4769-9dbc-62218c68834d (13ms)
9-23-2026 16:19:17-debug: Query all assets info in project
9-23-2026 16:19:17-debug: init custom config: keepNodeUuid: false, useCache: true
9-23-2026 16:19:17-debug: Skip compress image, progress: 0%
9-23-2026 16:19:17-debug: Num of bundles: 2..., progress: 0%
9-23-2026 16:19:17-debug: Query asset bundle start, progress: 0%
9-23-2026 16:19:17-debug: Init bundle root assets start..., progress: 0%
9-23-2026 16:19:17-debug: // ---- build task Query asset bundle ----
9-23-2026 16:19:17-debug: Init all bundles start..., progress: 0%
9-23-2026 16:19:17-debug: Query preload assets/scripts from cc.config.json: 60f7195c-ec2a-45eb-ba94-8955f60e81d0,1c02ae6f-4492-4915-b8f8-7492a3b1e4cd,810e96e4-e456-4468-9b59-f4e8f39732c0,efe8e2a3-eace-427b-b4f1-cb8a937ec77d,e9aa9a3e-5b2b-4ac7-a2c7-073de2b2b24f,8bbdbcdd-5cd4-4100-b6d5-b7c9625b6107,50f4348b-c883-4e2f-8f11-ce233b859fa1,fda095cb-831d-4601-ad94-846013963de8,f92806d7-1768-443f-afe8-12bcde84d0f0,dd3a144d-ab7f-41f0-82b8-2e43a090d496,f0416e68-0200-4b77-a926-4f9d16e494da,511d2633-09a7-4bdd-ac42-f778032124b3,5d45aa00-e064-4938-b314-4265f0c2258c,9361fd90-ba52-4f84-aa93-6e878fd576ca,970b0598-bcb0-4714-91fb-2e81440dccd8,bcd64cc6-2dd9-43f6-abbe-66318d332032,d930590d-bb92-4cc8-8bd1-23cd027f9edf,a3cd009f-0ab0-420d-9278-b9fdab939bbc,6a2d0734-bd9e-4ddf-946e-caa52498cb75,d9937e59-61fe-4ec6-92ab-7ac5a19c89b0,d1346436-ac96-4271-b863-1f4fdead95b0,971bdb23-3ff6-43eb-b422-1c30165a3663,17debcc3-0a6b-4b8a-b00b-dc58b885581e,711ebe11-f673-4cd9-9a83-63c60ba54c5b,c0143906-9aed-447e-9436-2ae8512d1b6e,14da1725-c4c2-42b4-ab08-ee0aeb6898b3,081cab31-dccd-428e-8652-f2404cc81c47,78e0584a-4343-4727-8f37-e14e65c2a2db,871c3b6c-7379-419d-bda3-794b239ab90d,ff9b0199-ce04-4cfe-86cc-6c719f08d6e4,de1c2107-70c8-4021-8459-6399f24d01c6,cbf30902-517f-40dc-af90-a550bac27cf1,5c601d96-e4c7-4698-991b-7ee674b11079
9-23-2026 16:19:17-debug:   Number of all scenes: 1
9-23-2026 16:19:17-debug:   Number of all scripts: 42
9-23-2026 16:19:17-debug: Init bundle root assets success..., progress: 0%
9-23-2026 16:19:17-debug:   Number of other assets: 486
9-23-2026 16:19:17-debug: // ---- build task Query asset bundle ---- (4ms)
9-23-2026 16:19:17-log: run build task Query asset bundle success in 4 ms√, progress: 5%
9-23-2026 16:19:17-debug: [Build Memory track]: Query asset bundle start:228.84MB, end 228.71MB, increase: -130.24KB
9-23-2026 16:19:17-debug: // ---- build task Query asset bundle ----
9-23-2026 16:19:17-debug: Query asset bundle start, progress: 5%
9-23-2026 16:19:17-debug: // ---- build task Query asset bundle ---- (1ms)
9-23-2026 16:19:17-debug: [Build Memory track]: Query asset bundle start:228.75MB, end 228.90MB, increase: 146.81KB
9-23-2026 16:19:17-log: run build task Query asset bundle success in 1 ms√, progress: 10%
9-23-2026 16:19:17-debug: Sort some build options to settings.json start, progress: 10%
9-23-2026 16:19:17-debug: // ---- build task Sort some build options to settings.json ----
9-23-2026 16:19:17-log: run build task Sort some build options to settings.json success in √, progress: 12%
9-23-2026 16:19:17-debug: [Build Memory track]: Sort some build options to settings.json start:228.94MB, end 228.96MB, increase: 19.77KB
9-23-2026 16:19:17-debug: Fill script data to settings start, progress: 12%
9-23-2026 16:19:17-debug: // ---- build task Fill script data to settings ----
9-23-2026 16:19:17-log: run build task Fill script data to settings success in √, progress: 13%
9-23-2026 16:19:17-debug: [Build Memory track]: Fill script data to settings start:228.99MB, end 229.01MB, increase: 20.56KB
9-23-2026 16:19:17-debug: Sort some build options to settings.json start, progress: 13%
9-23-2026 16:19:17-debug: // ---- build task Sort some build options to settings.json ----
9-23-2026 16:19:17-debug: // ---- build task Sort some build options to settings.json ---- (2ms)
9-23-2026 16:19:17-log: run build task Sort some build options to settings.json success in 2 ms√, progress: 15%
9-23-2026 16:19:17-debug: [Build Memory track]: Sort some build options to settings.json start:229.05MB, end 229.20MB, increase: 152.29KB
9-23-2026 16:29:04-debug: refresh db internal success
9-23-2026 16:29:04-debug: %cImport%c: D:\Works\Github\BattleGame\assets\Battle.scenebackground: #aaff85; color: #000;color: #000;
9-23-2026 16:29:04-debug: %cImport%c: D:\Works\Github\BattleGame\assets\scripts\GameManager.tsbackground: #aaff85; color: #000;color: #000;
9-23-2026 16:29:04-debug: %cImport%c: D:\Works\Github\BattleGame\assets\scripts\PlayerArmyController.tsbackground: #aaff85; color: #000;color: #000;
9-23-2026 16:29:04-debug: refresh db assets success
9-23-2026 16:29:04-debug: Run asset db hook engine-extends:afterRefresh ...
9-23-2026 16:29:04-debug: Run asset db hook engine-extends:afterRefresh success!
9-23-2026 16:29:04-debug: asset-db:refresh-all-database (88ms)
9-23-2026 16:29:07-debug: Query all assets info in project
9-23-2026 16:29:07-debug: init custom config: keepNodeUuid: false, useCache: true
9-23-2026 16:29:07-debug: Skip compress image, progress: 0%
9-23-2026 16:29:07-debug: Init all bundles start..., progress: 0%
9-23-2026 16:29:07-debug: Query asset bundle start, progress: 0%
9-23-2026 16:29:07-debug: Init bundle root assets start..., progress: 0%
9-23-2026 16:29:07-debug: Num of bundles: 2..., progress: 0%
9-23-2026 16:29:07-debug: // ---- build task Query asset bundle ----
9-23-2026 16:29:07-debug: Query preload assets/scripts from cc.config.json: 60f7195c-ec2a-45eb-ba94-8955f60e81d0,1c02ae6f-4492-4915-b8f8-7492a3b1e4cd,810e96e4-e456-4468-9b59-f4e8f39732c0,efe8e2a3-eace-427b-b4f1-cb8a937ec77d,e9aa9a3e-5b2b-4ac7-a2c7-073de2b2b24f,8bbdbcdd-5cd4-4100-b6d5-b7c9625b6107,50f4348b-c883-4e2f-8f11-ce233b859fa1,fda095cb-831d-4601-ad94-846013963de8,f92806d7-1768-443f-afe8-12bcde84d0f0,dd3a144d-ab7f-41f0-82b8-2e43a090d496,f0416e68-0200-4b77-a926-4f9d16e494da,511d2633-09a7-4bdd-ac42-f778032124b3,5d45aa00-e064-4938-b314-4265f0c2258c,9361fd90-ba52-4f84-aa93-6e878fd576ca,970b0598-bcb0-4714-91fb-2e81440dccd8,bcd64cc6-2dd9-43f6-abbe-66318d332032,d930590d-bb92-4cc8-8bd1-23cd027f9edf,a3cd009f-0ab0-420d-9278-b9fdab939bbc,6a2d0734-bd9e-4ddf-946e-caa52498cb75,d9937e59-61fe-4ec6-92ab-7ac5a19c89b0,d1346436-ac96-4271-b863-1f4fdead95b0,971bdb23-3ff6-43eb-b422-1c30165a3663,17debcc3-0a6b-4b8a-b00b-dc58b885581e,711ebe11-f673-4cd9-9a83-63c60ba54c5b,c0143906-9aed-447e-9436-2ae8512d1b6e,14da1725-c4c2-42b4-ab08-ee0aeb6898b3,081cab31-dccd-428e-8652-f2404cc81c47,78e0584a-4343-4727-8f37-e14e65c2a2db,871c3b6c-7379-419d-bda3-794b239ab90d,ff9b0199-ce04-4cfe-86cc-6c719f08d6e4,de1c2107-70c8-4021-8459-6399f24d01c6,cbf30902-517f-40dc-af90-a550bac27cf1,5c601d96-e4c7-4698-991b-7ee674b11079
9-23-2026 16:29:07-debug:   Number of all scripts: 42
9-23-2026 16:29:07-debug:   Number of other assets: 486
9-23-2026 16:29:07-debug: Init bundle root assets success..., progress: 0%
9-23-2026 16:29:07-debug:   Number of all scenes: 1
9-23-2026 16:29:07-debug: // ---- build task Query asset bundle ---- (5ms)
9-23-2026 16:29:07-log: run build task Query asset bundle success in 5 ms√, progress: 5%
9-23-2026 16:29:07-debug: [Build Memory track]: Query asset bundle start:230.98MB, end 230.78MB, increase: -207.22KB
9-23-2026 16:29:07-debug: Query asset bundle start, progress: 5%
9-23-2026 16:29:07-debug: // ---- build task Query asset bundle ----
9-23-2026 16:29:07-debug: // ---- build task Query asset bundle ---- (4ms)
9-23-2026 16:29:07-debug: [Build Memory track]: Query asset bundle start:230.81MB, end 230.95MB, increase: 141.30KB
9-23-2026 16:29:07-log: run build task Query asset bundle success in 4 ms√, progress: 10%
9-23-2026 16:29:07-debug: // ---- build task Sort some build options to settings.json ----
9-23-2026 16:29:07-debug: Sort some build options to settings.json start, progress: 10%
9-23-2026 16:29:07-log: run build task Sort some build options to settings.json success in √, progress: 12%
9-23-2026 16:29:07-debug: [Build Memory track]: Sort some build options to settings.json start:230.98MB, end 230.99MB, increase: 17.27KB
9-23-2026 16:29:07-debug: // ---- build task Fill script data to settings ----
9-23-2026 16:29:07-debug: Fill script data to settings start, progress: 12%
9-23-2026 16:29:07-log: run build task Fill script data to settings success in √, progress: 13%
9-23-2026 16:29:07-debug: Sort some build options to settings.json start, progress: 13%
9-23-2026 16:29:07-debug: [Build Memory track]: Fill script data to settings start:231.02MB, end 231.04MB, increase: 16.09KB
9-23-2026 16:29:07-debug: // ---- build task Sort some build options to settings.json ----
9-23-2026 16:29:07-debug: // ---- build task Sort some build options to settings.json ---- (3ms)
9-23-2026 16:29:07-debug: [Build Memory track]: Sort some build options to settings.json start:231.07MB, end 231.20MB, increase: 127.81KB
9-23-2026 16:29:07-log: run build task Sort some build options to settings.json success in 3 ms√, progress: 15%
9-23-2026 16:29:08-debug: %cImport%c: D:\Works\Github\BattleGame\assets\Battle.scenebackground: #aaff85; color: #000;color: #000;
9-23-2026 16:29:08-debug: asset-db:reimport-asset1effe86e-a401-4769-9dbc-62218c68834d (14ms)
9-23-2026 16:29:09-debug: Query all assets info in project
9-23-2026 16:29:09-debug: init custom config: keepNodeUuid: false, useCache: true
9-23-2026 16:29:09-debug: Skip compress image, progress: 0%
9-23-2026 16:29:09-debug: Init all bundles start..., progress: 0%
9-23-2026 16:29:09-debug: Query asset bundle start, progress: 0%
9-23-2026 16:29:09-debug: // ---- build task Query asset bundle ----
9-23-2026 16:29:09-debug: Num of bundles: 2..., progress: 0%
9-23-2026 16:29:09-debug: Init bundle root assets start..., progress: 0%
9-23-2026 16:29:09-debug: Query preload assets/scripts from cc.config.json: 60f7195c-ec2a-45eb-ba94-8955f60e81d0,1c02ae6f-4492-4915-b8f8-7492a3b1e4cd,810e96e4-e456-4468-9b59-f4e8f39732c0,efe8e2a3-eace-427b-b4f1-cb8a937ec77d,e9aa9a3e-5b2b-4ac7-a2c7-073de2b2b24f,8bbdbcdd-5cd4-4100-b6d5-b7c9625b6107,50f4348b-c883-4e2f-8f11-ce233b859fa1,fda095cb-831d-4601-ad94-846013963de8,f92806d7-1768-443f-afe8-12bcde84d0f0,dd3a144d-ab7f-41f0-82b8-2e43a090d496,f0416e68-0200-4b77-a926-4f9d16e494da,511d2633-09a7-4bdd-ac42-f778032124b3,5d45aa00-e064-4938-b314-4265f0c2258c,9361fd90-ba52-4f84-aa93-6e878fd576ca,970b0598-bcb0-4714-91fb-2e81440dccd8,bcd64cc6-2dd9-43f6-abbe-66318d332032,d930590d-bb92-4cc8-8bd1-23cd027f9edf,a3cd009f-0ab0-420d-9278-b9fdab939bbc,6a2d0734-bd9e-4ddf-946e-caa52498cb75,d9937e59-61fe-4ec6-92ab-7ac5a19c89b0,d1346436-ac96-4271-b863-1f4fdead95b0,971bdb23-3ff6-43eb-b422-1c30165a3663,17debcc3-0a6b-4b8a-b00b-dc58b885581e,711ebe11-f673-4cd9-9a83-63c60ba54c5b,c0143906-9aed-447e-9436-2ae8512d1b6e,14da1725-c4c2-42b4-ab08-ee0aeb6898b3,081cab31-dccd-428e-8652-f2404cc81c47,78e0584a-4343-4727-8f37-e14e65c2a2db,871c3b6c-7379-419d-bda3-794b239ab90d,ff9b0199-ce04-4cfe-86cc-6c719f08d6e4,de1c2107-70c8-4021-8459-6399f24d01c6,cbf30902-517f-40dc-af90-a550bac27cf1,5c601d96-e4c7-4698-991b-7ee674b11079
9-23-2026 16:29:09-debug:   Number of all scenes: 1
9-23-2026 16:29:09-debug:   Number of all scripts: 42
9-23-2026 16:29:09-debug:   Number of other assets: 486
9-23-2026 16:29:09-debug: Init bundle root assets success..., progress: 0%
9-23-2026 16:29:09-debug: // ---- build task Query asset bundle ---- (6ms)
9-23-2026 16:29:09-log: run build task Query asset bundle success in 6 ms√, progress: 5%
9-23-2026 16:29:09-debug: [Build Memory track]: Query asset bundle start:231.73MB, end 232.44MB, increase: 725.25KB
9-23-2026 16:29:09-debug: Query asset bundle start, progress: 5%
9-23-2026 16:29:09-debug: // ---- build task Query asset bundle ----
9-23-2026 16:29:09-debug: // ---- build task Query asset bundle ---- (3ms)
9-23-2026 16:29:09-debug: [Build Memory track]: Query asset bundle start:232.47MB, end 232.61MB, increase: 139.86KB
9-23-2026 16:29:09-log: run build task Query asset bundle success in 3 ms√, progress: 10%
9-23-2026 16:29:09-debug: Sort some build options to settings.json start, progress: 10%
9-23-2026 16:29:09-debug: // ---- build task Sort some build options to settings.json ----
9-23-2026 16:29:09-debug: // ---- build task Sort some build options to settings.json ---- (1ms)
9-23-2026 16:29:09-log: run build task Sort some build options to settings.json success in 1 ms√, progress: 12%
9-23-2026 16:29:09-debug: // ---- build task Fill script data to settings ----
9-23-2026 16:29:09-debug: [Build Memory track]: Sort some build options to settings.json start:232.64MB, end 232.66MB, increase: 26.55KB
9-23-2026 16:29:09-debug: Fill script data to settings start, progress: 12%
9-23-2026 16:29:09-debug: // ---- build task Fill script data to settings ---- (1ms)
9-23-2026 16:29:09-log: run build task Fill script data to settings success in 1 ms√, progress: 13%
9-23-2026 16:29:09-debug: [Build Memory track]: Fill script data to settings start:232.69MB, end 232.71MB, increase: 25.94KB
9-23-2026 16:29:09-debug: Sort some build options to settings.json start, progress: 13%
9-23-2026 16:29:09-debug: // ---- build task Sort some build options to settings.json ----
9-23-2026 16:29:09-debug: // ---- build task Sort some build options to settings.json ---- (4ms)
9-23-2026 16:29:09-log: run build task Sort some build options to settings.json success in 4 ms√, progress: 15%
9-23-2026 16:29:09-debug: [Build Memory track]: Sort some build options to settings.json start:232.74MB, end 232.87MB, increase: 127.43KB
9-23-2026 16:29:17-debug: refresh db internal success
9-23-2026 16:29:17-debug: refresh db assets success
9-23-2026 16:29:17-debug: Run asset db hook engine-extends:afterRefresh ...
9-23-2026 16:29:17-debug: Run asset db hook engine-extends:afterRefresh success!
9-23-2026 16:29:17-debug: asset-db:refresh-all-database (76ms)
9-23-2026 16:29:54-debug: %cImport%c: D:\Works\Github\BattleGame\assets\Battle.scenebackground: #aaff85; color: #000;color: #000;
9-23-2026 16:29:54-debug: asset-db:reimport-asset1effe86e-a401-4769-9dbc-62218c68834d (14ms)
9-23-2026 16:29:55-debug: Query all assets info in project
9-23-2026 16:29:55-debug: init custom config: keepNodeUuid: false, useCache: true
9-23-2026 16:29:55-debug: Skip compress image, progress: 0%
9-23-2026 16:29:55-debug: Init all bundles start..., progress: 0%
9-23-2026 16:29:55-debug: // ---- build task Query asset bundle ----
9-23-2026 16:29:55-debug: Init bundle root assets start..., progress: 0%
9-23-2026 16:29:55-debug: Query asset bundle start, progress: 0%
9-23-2026 16:29:55-debug: Num of bundles: 2..., progress: 0%
9-23-2026 16:29:55-debug: Query preload assets/scripts from cc.config.json: 60f7195c-ec2a-45eb-ba94-8955f60e81d0,1c02ae6f-4492-4915-b8f8-7492a3b1e4cd,810e96e4-e456-4468-9b59-f4e8f39732c0,efe8e2a3-eace-427b-b4f1-cb8a937ec77d,e9aa9a3e-5b2b-4ac7-a2c7-073de2b2b24f,8bbdbcdd-5cd4-4100-b6d5-b7c9625b6107,50f4348b-c883-4e2f-8f11-ce233b859fa1,fda095cb-831d-4601-ad94-846013963de8,f92806d7-1768-443f-afe8-12bcde84d0f0,dd3a144d-ab7f-41f0-82b8-2e43a090d496,f0416e68-0200-4b77-a926-4f9d16e494da,511d2633-09a7-4bdd-ac42-f778032124b3,5d45aa00-e064-4938-b314-4265f0c2258c,9361fd90-ba52-4f84-aa93-6e878fd576ca,970b0598-bcb0-4714-91fb-2e81440dccd8,bcd64cc6-2dd9-43f6-abbe-66318d332032,d930590d-bb92-4cc8-8bd1-23cd027f9edf,a3cd009f-0ab0-420d-9278-b9fdab939bbc,6a2d0734-bd9e-4ddf-946e-caa52498cb75,d9937e59-61fe-4ec6-92ab-7ac5a19c89b0,d1346436-ac96-4271-b863-1f4fdead95b0,971bdb23-3ff6-43eb-b422-1c30165a3663,17debcc3-0a6b-4b8a-b00b-dc58b885581e,711ebe11-f673-4cd9-9a83-63c60ba54c5b,c0143906-9aed-447e-9436-2ae8512d1b6e,14da1725-c4c2-42b4-ab08-ee0aeb6898b3,081cab31-dccd-428e-8652-f2404cc81c47,78e0584a-4343-4727-8f37-e14e65c2a2db,871c3b6c-7379-419d-bda3-794b239ab90d,ff9b0199-ce04-4cfe-86cc-6c719f08d6e4,de1c2107-70c8-4021-8459-6399f24d01c6,cbf30902-517f-40dc-af90-a550bac27cf1,5c601d96-e4c7-4698-991b-7ee674b11079
9-23-2026 16:29:55-debug:   Number of all scripts: 42
9-23-2026 16:29:55-debug:   Number of all scenes: 1
9-23-2026 16:29:55-debug: Init bundle root assets success..., progress: 0%
9-23-2026 16:29:55-debug:   Number of other assets: 486
9-23-2026 16:29:55-debug: // ---- build task Query asset bundle ---- (5ms)
9-23-2026 16:29:55-log: run build task Query asset bundle success in 5 ms√, progress: 5%
9-23-2026 16:29:55-debug: [Build Memory track]: Query asset bundle start:233.22MB, end 233.02MB, increase: -205.39KB
9-23-2026 16:29:55-debug: // ---- build task Query asset bundle ----
9-23-2026 16:29:55-debug: Query asset bundle start, progress: 5%
9-23-2026 16:29:55-debug: // ---- build task Query asset bundle ---- (4ms)
9-23-2026 16:29:55-log: run build task Query asset bundle success in 4 ms√, progress: 10%
9-23-2026 16:29:55-debug: // ---- build task Sort some build options to settings.json ----
9-23-2026 16:29:55-debug: [Build Memory track]: Query asset bundle start:233.04MB, end 233.19MB, increase: 148.61KB
9-23-2026 16:29:55-debug: Sort some build options to settings.json start, progress: 10%
9-23-2026 16:29:55-log: run build task Sort some build options to settings.json success in √, progress: 12%
9-23-2026 16:29:55-debug: [Build Memory track]: Sort some build options to settings.json start:233.22MB, end 233.23MB, increase: 17.32KB
9-23-2026 16:29:55-debug: Fill script data to settings start, progress: 12%
9-23-2026 16:29:55-debug: // ---- build task Fill script data to settings ----
9-23-2026 16:29:55-debug: // ---- build task Fill script data to settings ---- (1ms)
9-23-2026 16:29:55-log: run build task Fill script data to settings success in 1 ms√, progress: 13%
9-23-2026 16:29:55-debug: [Build Memory track]: Fill script data to settings start:233.26MB, end 233.30MB, increase: 33.94KB
9-23-2026 16:29:55-debug: Sort some build options to settings.json start, progress: 13%
9-23-2026 16:29:55-debug: // ---- build task Sort some build options to settings.json ----
9-23-2026 16:29:55-debug: // ---- build task Sort some build options to settings.json ---- (3ms)
9-23-2026 16:29:55-log: run build task Sort some build options to settings.json success in 3 ms√, progress: 15%
9-23-2026 16:29:55-debug: [Build Memory track]: Sort some build options to settings.json start:233.32MB, end 233.47MB, increase: 149.39KB
9-23-2026 16:30:03-debug: refresh db internal success
9-23-2026 16:30:03-debug: refresh db assets success
9-23-2026 16:30:03-debug: Run asset db hook engine-extends:afterRefresh ...
9-23-2026 16:30:03-debug: Run asset db hook engine-extends:afterRefresh success!
9-23-2026 16:30:03-debug: asset-db:refresh-all-database (47ms)
9-23-2026 16:30:05-debug: %cImport%c: D:\Works\Github\BattleGame\assets\Battle.scenebackground: #aaff85; color: #000;color: #000;
9-23-2026 16:30:05-debug: asset-db:reimport-asset1effe86e-a401-4769-9dbc-62218c68834d (14ms)
9-23-2026 16:30:06-debug: Query all assets info in project
9-23-2026 16:30:06-debug: init custom config: keepNodeUuid: false, useCache: true
9-23-2026 16:30:06-debug: Skip compress image, progress: 0%
9-23-2026 16:30:06-debug: Init all bundles start..., progress: 0%
9-23-2026 16:30:06-debug: Num of bundles: 2..., progress: 0%
9-23-2026 16:30:06-debug: Query asset bundle start, progress: 0%
9-23-2026 16:30:06-debug: // ---- build task Query asset bundle ----
9-23-2026 16:30:06-debug: Init bundle root assets start..., progress: 0%
9-23-2026 16:30:06-debug: Query preload assets/scripts from cc.config.json: 60f7195c-ec2a-45eb-ba94-8955f60e81d0,1c02ae6f-4492-4915-b8f8-7492a3b1e4cd,810e96e4-e456-4468-9b59-f4e8f39732c0,efe8e2a3-eace-427b-b4f1-cb8a937ec77d,e9aa9a3e-5b2b-4ac7-a2c7-073de2b2b24f,8bbdbcdd-5cd4-4100-b6d5-b7c9625b6107,50f4348b-c883-4e2f-8f11-ce233b859fa1,fda095cb-831d-4601-ad94-846013963de8,f92806d7-1768-443f-afe8-12bcde84d0f0,dd3a144d-ab7f-41f0-82b8-2e43a090d496,f0416e68-0200-4b77-a926-4f9d16e494da,511d2633-09a7-4bdd-ac42-f778032124b3,5d45aa00-e064-4938-b314-4265f0c2258c,9361fd90-ba52-4f84-aa93-6e878fd576ca,970b0598-bcb0-4714-91fb-2e81440dccd8,bcd64cc6-2dd9-43f6-abbe-66318d332032,d930590d-bb92-4cc8-8bd1-23cd027f9edf,a3cd009f-0ab0-420d-9278-b9fdab939bbc,6a2d0734-bd9e-4ddf-946e-caa52498cb75,d9937e59-61fe-4ec6-92ab-7ac5a19c89b0,d1346436-ac96-4271-b863-1f4fdead95b0,971bdb23-3ff6-43eb-b422-1c30165a3663,17debcc3-0a6b-4b8a-b00b-dc58b885581e,711ebe11-f673-4cd9-9a83-63c60ba54c5b,c0143906-9aed-447e-9436-2ae8512d1b6e,14da1725-c4c2-42b4-ab08-ee0aeb6898b3,081cab31-dccd-428e-8652-f2404cc81c47,78e0584a-4343-4727-8f37-e14e65c2a2db,871c3b6c-7379-419d-bda3-794b239ab90d,ff9b0199-ce04-4cfe-86cc-6c719f08d6e4,de1c2107-70c8-4021-8459-6399f24d01c6,cbf30902-517f-40dc-af90-a550bac27cf1,5c601d96-e4c7-4698-991b-7ee674b11079
9-23-2026 16:30:06-debug:   Number of all scenes: 1
9-23-2026 16:30:06-debug:   Number of all scripts: 42
9-23-2026 16:30:06-debug: Init bundle root assets success..., progress: 0%
9-23-2026 16:30:06-debug:   Number of other assets: 486
9-23-2026 16:30:06-debug: // ---- build task Query asset bundle ---- (4ms)
9-23-2026 16:30:06-log: run build task Query asset bundle success in 4 ms√, progress: 5%
9-23-2026 16:30:06-debug: [Build Memory track]: Query asset bundle start:234.48MB, end 235.20MB, increase: 741.91KB
9-23-2026 16:30:06-debug: Query asset bundle start, progress: 5%
9-23-2026 16:30:06-debug: // ---- build task Query asset bundle ----
9-23-2026 16:30:06-debug: // ---- build task Query asset bundle ---- (1ms)
9-23-2026 16:30:06-log: run build task Query asset bundle success in 1 ms√, progress: 10%
9-23-2026 16:30:06-debug: [Build Memory track]: Query asset bundle start:235.23MB, end 235.37MB, increase: 147.38KB
9-23-2026 16:30:06-debug: // ---- build task Sort some build options to settings.json ----
9-23-2026 16:30:06-debug: Sort some build options to settings.json start, progress: 10%
9-23-2026 16:30:06-log: run build task Sort some build options to settings.json success in √, progress: 12%
9-23-2026 16:30:06-debug: [Build Memory track]: Sort some build options to settings.json start:235.40MB, end 235.42MB, increase: 16.37KB
9-23-2026 16:30:06-debug: // ---- build task Fill script data to settings ----
9-23-2026 16:30:06-debug: Fill script data to settings start, progress: 12%
9-23-2026 16:30:06-log: run build task Fill script data to settings success in √, progress: 13%
9-23-2026 16:30:06-debug: [Build Memory track]: Fill script data to settings start:235.45MB, end 235.47MB, increase: 18.93KB
9-23-2026 16:30:06-debug: // ---- build task Sort some build options to settings.json ----
9-23-2026 16:30:06-debug: Sort some build options to settings.json start, progress: 13%
9-23-2026 16:30:06-debug: // ---- build task Sort some build options to settings.json ---- (4ms)
9-23-2026 16:30:06-log: run build task Sort some build options to settings.json success in 4 ms√, progress: 15%
9-23-2026 16:30:06-debug: [Build Memory track]: Sort some build options to settings.json start:235.50MB, end 235.62MB, increase: 126.00KB
9-23-2026 16:31:16-debug: %cImport%c: D:\Works\Github\BattleGame\assets\Battle.scenebackground: #aaff85; color: #000;color: #000;
9-23-2026 16:31:16-debug: asset-db:reimport-asset1effe86e-a401-4769-9dbc-62218c68834d (14ms)
9-23-2026 16:31:16-debug: Query all assets info in project
9-23-2026 16:31:16-debug: init custom config: keepNodeUuid: false, useCache: true
9-23-2026 16:31:16-debug: Skip compress image, progress: 0%
9-23-2026 16:31:16-debug: Init all bundles start..., progress: 0%
9-23-2026 16:31:16-debug: Query asset bundle start, progress: 0%
9-23-2026 16:31:16-debug: // ---- build task Query asset bundle ----
9-23-2026 16:31:16-debug: Init bundle root assets start..., progress: 0%
9-23-2026 16:31:16-debug: Num of bundles: 2..., progress: 0%
9-23-2026 16:31:16-debug: Query preload assets/scripts from cc.config.json: 60f7195c-ec2a-45eb-ba94-8955f60e81d0,1c02ae6f-4492-4915-b8f8-7492a3b1e4cd,810e96e4-e456-4468-9b59-f4e8f39732c0,efe8e2a3-eace-427b-b4f1-cb8a937ec77d,e9aa9a3e-5b2b-4ac7-a2c7-073de2b2b24f,8bbdbcdd-5cd4-4100-b6d5-b7c9625b6107,50f4348b-c883-4e2f-8f11-ce233b859fa1,fda095cb-831d-4601-ad94-846013963de8,f92806d7-1768-443f-afe8-12bcde84d0f0,dd3a144d-ab7f-41f0-82b8-2e43a090d496,f0416e68-0200-4b77-a926-4f9d16e494da,511d2633-09a7-4bdd-ac42-f778032124b3,5d45aa00-e064-4938-b314-4265f0c2258c,9361fd90-ba52-4f84-aa93-6e878fd576ca,970b0598-bcb0-4714-91fb-2e81440dccd8,bcd64cc6-2dd9-43f6-abbe-66318d332032,d930590d-bb92-4cc8-8bd1-23cd027f9edf,a3cd009f-0ab0-420d-9278-b9fdab939bbc,6a2d0734-bd9e-4ddf-946e-caa52498cb75,d9937e59-61fe-4ec6-92ab-7ac5a19c89b0,d1346436-ac96-4271-b863-1f4fdead95b0,971bdb23-3ff6-43eb-b422-1c30165a3663,17debcc3-0a6b-4b8a-b00b-dc58b885581e,711ebe11-f673-4cd9-9a83-63c60ba54c5b,c0143906-9aed-447e-9436-2ae8512d1b6e,14da1725-c4c2-42b4-ab08-ee0aeb6898b3,081cab31-dccd-428e-8652-f2404cc81c47,78e0584a-4343-4727-8f37-e14e65c2a2db,871c3b6c-7379-419d-bda3-794b239ab90d,ff9b0199-ce04-4cfe-86cc-6c719f08d6e4,de1c2107-70c8-4021-8459-6399f24d01c6,cbf30902-517f-40dc-af90-a550bac27cf1,5c601d96-e4c7-4698-991b-7ee674b11079
9-23-2026 16:31:16-debug:   Number of all scripts: 42
9-23-2026 16:31:16-debug:   Number of other assets: 486
9-23-2026 16:31:16-debug:   Number of all scenes: 1
9-23-2026 16:31:16-debug: Init bundle root assets success..., progress: 0%
9-23-2026 16:31:16-debug: // ---- build task Query asset bundle ---- (6ms)
9-23-2026 16:31:16-log: run build task Query asset bundle success in 6 ms√, progress: 5%
9-23-2026 16:31:16-debug: [Build Memory track]: Query asset bundle start:235.18MB, end 234.97MB, increase: -208.59KB
9-23-2026 16:31:16-debug: Query asset bundle start, progress: 5%
9-23-2026 16:31:16-debug: // ---- build task Query asset bundle ----
9-23-2026 16:31:16-debug: // ---- build task Query asset bundle ---- (2ms)
9-23-2026 16:31:16-log: run build task Query asset bundle success in 2 ms√, progress: 10%
9-23-2026 16:31:16-debug: [Build Memory track]: Query asset bundle start:235.00MB, end 235.15MB, increase: 155.49KB
9-23-2026 16:31:16-debug: Sort some build options to settings.json start, progress: 10%
9-23-2026 16:31:16-debug: // ---- build task Sort some build options to settings.json ----
9-23-2026 16:31:16-debug: // ---- build task Sort some build options to settings.json ---- (1ms)
9-23-2026 16:31:16-debug: [Build Memory track]: Sort some build options to settings.json start:235.18MB, end 235.21MB, increase: 27.48KB
9-23-2026 16:31:16-log: run build task Sort some build options to settings.json success in 1 ms√, progress: 12%
9-23-2026 16:31:16-debug: // ---- build task Fill script data to settings ----
9-23-2026 16:31:16-debug: Fill script data to settings start, progress: 12%
9-23-2026 16:31:16-debug: // ---- build task Fill script data to settings ---- (1ms)
9-23-2026 16:31:16-log: run build task Fill script data to settings success in 1 ms√, progress: 13%
9-23-2026 16:31:16-debug: [Build Memory track]: Fill script data to settings start:235.24MB, end 235.27MB, increase: 32.02KB
9-23-2026 16:31:16-debug: Sort some build options to settings.json start, progress: 13%
9-23-2026 16:31:16-debug: // ---- build task Sort some build options to settings.json ----
9-23-2026 16:31:16-debug: // ---- build task Sort some build options to settings.json ---- (4ms)
9-23-2026 16:31:16-log: run build task Sort some build options to settings.json success in 4 ms√, progress: 15%
9-23-2026 16:31:16-debug: [Build Memory track]: Sort some build options to settings.json start:235.30MB, end 235.43MB, increase: 137.90KB
9-23-2026 16:31:21-debug: %cImport%c: D:\Works\Github\BattleGame\assets\Battle.scenebackground: #aaff85; color: #000;color: #000;
9-23-2026 16:31:21-debug: asset-db:reimport-asset1effe86e-a401-4769-9dbc-62218c68834d (17ms)
9-23-2026 16:31:21-debug: Query all assets info in project
9-23-2026 16:31:21-debug: init custom config: keepNodeUuid: false, useCache: true
9-23-2026 16:31:21-debug: Skip compress image, progress: 0%
9-23-2026 16:31:21-debug: Init all bundles start..., progress: 0%
9-23-2026 16:31:21-debug: Num of bundles: 2..., progress: 0%
9-23-2026 16:31:21-debug: Init bundle root assets start..., progress: 0%
9-23-2026 16:31:21-debug: // ---- build task Query asset bundle ----
9-23-2026 16:31:21-debug: Query asset bundle start, progress: 0%
9-23-2026 16:31:21-debug: Query preload assets/scripts from cc.config.json: 60f7195c-ec2a-45eb-ba94-8955f60e81d0,1c02ae6f-4492-4915-b8f8-7492a3b1e4cd,810e96e4-e456-4468-9b59-f4e8f39732c0,efe8e2a3-eace-427b-b4f1-cb8a937ec77d,e9aa9a3e-5b2b-4ac7-a2c7-073de2b2b24f,8bbdbcdd-5cd4-4100-b6d5-b7c9625b6107,50f4348b-c883-4e2f-8f11-ce233b859fa1,fda095cb-831d-4601-ad94-846013963de8,f92806d7-1768-443f-afe8-12bcde84d0f0,dd3a144d-ab7f-41f0-82b8-2e43a090d496,f0416e68-0200-4b77-a926-4f9d16e494da,511d2633-09a7-4bdd-ac42-f778032124b3,5d45aa00-e064-4938-b314-4265f0c2258c,9361fd90-ba52-4f84-aa93-6e878fd576ca,970b0598-bcb0-4714-91fb-2e81440dccd8,bcd64cc6-2dd9-43f6-abbe-66318d332032,d930590d-bb92-4cc8-8bd1-23cd027f9edf,a3cd009f-0ab0-420d-9278-b9fdab939bbc,6a2d0734-bd9e-4ddf-946e-caa52498cb75,d9937e59-61fe-4ec6-92ab-7ac5a19c89b0,d1346436-ac96-4271-b863-1f4fdead95b0,971bdb23-3ff6-43eb-b422-1c30165a3663,17debcc3-0a6b-4b8a-b00b-dc58b885581e,711ebe11-f673-4cd9-9a83-63c60ba54c5b,c0143906-9aed-447e-9436-2ae8512d1b6e,14da1725-c4c2-42b4-ab08-ee0aeb6898b3,081cab31-dccd-428e-8652-f2404cc81c47,78e0584a-4343-4727-8f37-e14e65c2a2db,871c3b6c-7379-419d-bda3-794b239ab90d,ff9b0199-ce04-4cfe-86cc-6c719f08d6e4,de1c2107-70c8-4021-8459-6399f24d01c6,cbf30902-517f-40dc-af90-a550bac27cf1,5c601d96-e4c7-4698-991b-7ee674b11079
9-23-2026 16:31:21-debug:   Number of all scenes: 1
9-23-2026 16:31:21-debug:   Number of all scripts: 42
9-23-2026 16:31:21-debug: Init bundle root assets success..., progress: 0%
9-23-2026 16:31:21-debug:   Number of other assets: 486
9-23-2026 16:31:21-debug: // ---- build task Query asset bundle ---- (7ms)
9-23-2026 16:31:21-log: run build task Query asset bundle success in 7 ms√, progress: 5%
9-23-2026 16:31:21-debug: [Build Memory track]: Query asset bundle start:236.41MB, end 235.91MB, increase: -514.38KB
9-23-2026 16:31:21-debug: // ---- build task Query asset bundle ----
9-23-2026 16:31:21-debug: Query asset bundle start, progress: 5%
9-23-2026 16:31:21-debug: // ---- build task Query asset bundle ---- (5ms)
9-23-2026 16:31:21-log: run build task Query asset bundle success in 5 ms√, progress: 10%
9-23-2026 16:31:21-debug: [Build Memory track]: Query asset bundle start:235.94MB, end 235.27MB, increase: -681.31KB
9-23-2026 16:31:21-debug: // ---- build task Sort some build options to settings.json ----
9-23-2026 16:31:21-debug: Sort some build options to settings.json start, progress: 10%
9-23-2026 16:31:21-debug: // ---- build task Sort some build options to settings.json ---- (1ms)
9-23-2026 16:31:21-log: run build task Sort some build options to settings.json success in 1 ms√, progress: 12%
9-23-2026 16:31:21-debug: [Build Memory track]: Sort some build options to settings.json start:235.30MB, end 235.32MB, increase: 26.50KB
9-23-2026 16:31:21-debug: // ---- build task Fill script data to settings ----
9-23-2026 16:31:21-debug: Fill script data to settings start, progress: 12%
9-23-2026 16:31:21-debug: // ---- build task Fill script data to settings ---- (2ms)
9-23-2026 16:31:21-log: run build task Fill script data to settings success in 2 ms√, progress: 13%
9-23-2026 16:31:21-debug: // ---- build task Sort some build options to settings.json ----
9-23-2026 16:31:21-debug: [Build Memory track]: Fill script data to settings start:235.35MB, end 235.38MB, increase: 25.86KB
9-23-2026 16:31:21-debug: Sort some build options to settings.json start, progress: 13%
9-23-2026 16:31:21-debug: // ---- build task Sort some build options to settings.json ---- (7ms)
9-23-2026 16:31:21-debug: [Build Memory track]: Sort some build options to settings.json start:235.41MB, end 235.43MB, increase: 22.71KB
9-23-2026 16:31:21-log: run build task Sort some build options to settings.json success in 7 ms√, progress: 15%
9-23-2026 16:31:22-debug: Query all assets info in project
9-23-2026 16:31:22-debug: init custom config: keepNodeUuid: false, useCache: true
9-23-2026 16:31:22-debug: Skip compress image, progress: 0%
9-23-2026 16:31:22-debug: Init all bundles start..., progress: 0%
9-23-2026 16:31:22-debug: Num of bundles: 2..., progress: 0%
9-23-2026 16:31:22-debug: Init bundle root assets start..., progress: 0%
9-23-2026 16:31:22-debug: // ---- build task Query asset bundle ----
9-23-2026 16:31:22-debug: Query asset bundle start, progress: 0%
9-23-2026 16:31:22-debug: Query preload assets/scripts from cc.config.json: 60f7195c-ec2a-45eb-ba94-8955f60e81d0,1c02ae6f-4492-4915-b8f8-7492a3b1e4cd,810e96e4-e456-4468-9b59-f4e8f39732c0,efe8e2a3-eace-427b-b4f1-cb8a937ec77d,e9aa9a3e-5b2b-4ac7-a2c7-073de2b2b24f,8bbdbcdd-5cd4-4100-b6d5-b7c9625b6107,50f4348b-c883-4e2f-8f11-ce233b859fa1,fda095cb-831d-4601-ad94-846013963de8,f92806d7-1768-443f-afe8-12bcde84d0f0,dd3a144d-ab7f-41f0-82b8-2e43a090d496,f0416e68-0200-4b77-a926-4f9d16e494da,511d2633-09a7-4bdd-ac42-f778032124b3,5d45aa00-e064-4938-b314-4265f0c2258c,9361fd90-ba52-4f84-aa93-6e878fd576ca,970b0598-bcb0-4714-91fb-2e81440dccd8,bcd64cc6-2dd9-43f6-abbe-66318d332032,d930590d-bb92-4cc8-8bd1-23cd027f9edf,a3cd009f-0ab0-420d-9278-b9fdab939bbc,6a2d0734-bd9e-4ddf-946e-caa52498cb75,d9937e59-61fe-4ec6-92ab-7ac5a19c89b0,d1346436-ac96-4271-b863-1f4fdead95b0,971bdb23-3ff6-43eb-b422-1c30165a3663,17debcc3-0a6b-4b8a-b00b-dc58b885581e,711ebe11-f673-4cd9-9a83-63c60ba54c5b,c0143906-9aed-447e-9436-2ae8512d1b6e,14da1725-c4c2-42b4-ab08-ee0aeb6898b3,081cab31-dccd-428e-8652-f2404cc81c47,78e0584a-4343-4727-8f37-e14e65c2a2db,871c3b6c-7379-419d-bda3-794b239ab90d,ff9b0199-ce04-4cfe-86cc-6c719f08d6e4,de1c2107-70c8-4021-8459-6399f24d01c6,cbf30902-517f-40dc-af90-a550bac27cf1,5c601d96-e4c7-4698-991b-7ee674b11079
9-23-2026 16:31:22-debug:   Number of all scenes: 1
9-23-2026 16:31:22-debug:   Number of all scripts: 42
9-23-2026 16:31:22-debug: Init bundle root assets success..., progress: 0%
9-23-2026 16:31:22-debug:   Number of other assets: 486
9-23-2026 16:31:22-log: run build task Query asset bundle success in 4 ms√, progress: 5%
9-23-2026 16:31:22-debug: [Build Memory track]: Query asset bundle start:235.52MB, end 235.41MB, increase: -114.74KB
9-23-2026 16:31:22-debug: // ---- build task Query asset bundle ----
9-23-2026 16:31:22-debug: Query asset bundle start, progress: 5%
9-23-2026 16:31:22-debug: // ---- build task Query asset bundle ---- (4ms)
9-23-2026 16:31:22-debug: // ---- build task Query asset bundle ---- (3ms)
9-23-2026 16:31:22-log: run build task Query asset bundle success in 3 ms√, progress: 10%
9-23-2026 16:31:22-debug: [Build Memory track]: Query asset bundle start:235.44MB, end 235.57MB, increase: 139.86KB
9-23-2026 16:31:22-debug: Sort some build options to settings.json start, progress: 10%
9-23-2026 16:31:22-debug: // ---- build task Sort some build options to settings.json ----
9-23-2026 16:31:22-debug: // ---- build task Sort some build options to settings.json ---- (1ms)
9-23-2026 16:31:22-log: run build task Sort some build options to settings.json success in 1 ms√, progress: 12%
9-23-2026 16:31:22-debug: [Build Memory track]: Sort some build options to settings.json start:235.60MB, end 235.63MB, increase: 26.26KB
9-23-2026 16:31:22-debug: Fill script data to settings start, progress: 12%
9-23-2026 16:31:22-debug: // ---- build task Fill script data to settings ----
9-23-2026 16:31:22-debug: // ---- build task Fill script data to settings ---- (1ms)
9-23-2026 16:31:22-log: run build task Fill script data to settings success in 1 ms√, progress: 13%
9-23-2026 16:31:22-debug: [Build Memory track]: Fill script data to settings start:235.66MB, end 235.69MB, increase: 32.96KB
9-23-2026 16:31:22-debug: Sort some build options to settings.json start, progress: 13%
9-23-2026 16:31:22-debug: // ---- build task Sort some build options to settings.json ----
9-23-2026 16:31:22-debug: // ---- build task Sort some build options to settings.json ---- (16ms)
9-23-2026 16:31:22-log: run build task Sort some build options to settings.json success in 16 ms√, progress: 15%
9-23-2026 16:31:22-debug: [Build Memory track]: Sort some build options to settings.json start:235.72MB, end 235.84MB, increase: 126.79KB
9-23-2026 16:31:25-debug: refresh db internal success
9-23-2026 16:31:25-debug: refresh db assets success
9-23-2026 16:31:25-debug: Run asset db hook engine-extends:afterRefresh ...
9-23-2026 16:31:25-debug: Run asset db hook engine-extends:afterRefresh success!
9-23-2026 16:31:25-debug: asset-db:refresh-all-database (51ms)
9-23-2026 16:31:25-debug: asset-db:worker-effect-data-processing (1ms)
9-23-2026 16:31:25-debug: asset-db-hook-engine-extends-afterRefresh (1ms)
9-23-2026 16:32:54-debug: start refresh asset from D:\Works\Github\BattleGame\assets\materials\Red-001.mtl...
9-23-2026 16:32:54-debug: %cImport%c: D:\Works\Github\BattleGame\assets\materials\Red-001.mtlbackground: #aaff85; color: #000;color: #000;
9-23-2026 16:32:54-debug: refresh asset D:\Works\Github\BattleGame\assets\materials success
9-23-2026 16:32:55-debug: %cImport%c: D:\Works\Github\BattleGame\assets\materialsbackground: #aaff85; color: #000;color: #000;
9-23-2026 16:33:07-debug: start move asset from D:\Works\Github\BattleGame\assets\materials\Red-001.mtl -> D:\Works\Github\BattleGame\assets\materials\RedLine.mtl...
9-23-2026 16:33:07-debug: start refresh asset from D:\Works\Github\BattleGame\assets\materials\RedLine.mtl...
9-23-2026 16:33:07-debug: %cImport%c: D:\Works\Github\BattleGame\assets\materials\RedLine.mtlbackground: #aaff85; color: #000;color: #000;
9-23-2026 16:33:07-debug: refresh asset D:\Works\Github\BattleGame\assets\materials success
9-23-2026 16:33:07-debug: start refresh asset from D:\Works\Github\BattleGame\assets\materials...
9-23-2026 16:33:07-debug: %cImport%c: D:\Works\Github\BattleGame\assets\materialsbackground: #aaff85; color: #000;color: #000;
9-23-2026 16:33:07-debug: refresh asset D:\Works\Github\BattleGame\assets success
9-23-2026 16:33:07-debug: move asset from D:\Works\Github\BattleGame\assets\materials\Red-001.mtl -> D:\Works\Github\BattleGame\assets\materials\RedLine.mtl success
9-23-2026 16:33:13-debug: %cImport%c: D:\Works\Github\BattleGame\assets\materials\RedLine.mtlbackground: #aaff85; color: #000;color: #000;
9-23-2026 16:33:13-debug: asset-db:reimport-asset05660a32-02eb-4393-833c-341ebf9d5c1f (12ms)
9-23-2026 16:33:16-debug: start refresh asset from D:\Works\Github\BattleGame\assets\materials\RedLine-001.mtl...
9-23-2026 16:33:16-debug: %cImport%c: D:\Works\Github\BattleGame\assets\materials\RedLine-001.mtlbackground: #aaff85; color: #000;color: #000;
9-23-2026 16:33:16-debug: refresh asset D:\Works\Github\BattleGame\assets\materials success
9-23-2026 16:33:17-debug: %cImport%c: D:\Works\Github\BattleGame\assets\materialsbackground: #aaff85; color: #000;color: #000;
9-23-2026 16:33:23-debug: start move asset from D:\Works\Github\BattleGame\assets\materials\RedLine-001.mtl -> D:\Works\Github\BattleGame\assets\materials\BlueLine.mtl...
9-23-2026 16:33:23-debug: start refresh asset from D:\Works\Github\BattleGame\assets\materials\BlueLine.mtl...
9-23-2026 16:33:23-debug: %cImport%c: D:\Works\Github\BattleGame\assets\materials\BlueLine.mtlbackground: #aaff85; color: #000;color: #000;
9-23-2026 16:33:23-debug: refresh asset D:\Works\Github\BattleGame\assets\materials success
9-23-2026 16:33:23-debug: start refresh asset from D:\Works\Github\BattleGame\assets\materials...
9-23-2026 16:33:23-debug: %cImport%c: D:\Works\Github\BattleGame\assets\materialsbackground: #aaff85; color: #000;color: #000;
9-23-2026 16:33:23-debug: refresh asset D:\Works\Github\BattleGame\assets success
9-23-2026 16:33:23-debug: move asset from D:\Works\Github\BattleGame\assets\materials\RedLine-001.mtl -> D:\Works\Github\BattleGame\assets\materials\BlueLine.mtl success
9-23-2026 16:33:31-log: The asset database is locked, asset operations(bound _reimportAsset) will delay response, please wait a moment.
9-23-2026 16:33:31-debug: refresh db internal success
9-23-2026 16:33:31-debug: %cImport%c: D:\Works\Github\BattleGame\assets\materials\BlueLine.mtlbackground: #aaff85; color: #000;color: #000;
9-23-2026 16:33:31-debug: refresh db assets success
9-23-2026 16:33:31-debug: Run asset db hook engine-extends:afterRefresh success!
9-23-2026 16:33:31-debug: Run asset db hook engine-extends:afterRefresh ...
9-23-2026 16:33:31-debug: asset-db:refresh-all-database (58ms)
9-23-2026 16:33:31-debug: asset-db:worker-effect-data-processing (1ms)
9-23-2026 16:33:31-debug: asset-db-hook-engine-extends-afterRefresh (1ms)
9-23-2026 16:33:31-debug: %cImport%c: D:\Works\Github\BattleGame\assets\materials\BlueLine.mtlbackground: #aaff85; color: #000;color: #000;
9-23-2026 16:33:31-debug: asset-db:reimport-assete427cb1b-ed59-4775-aadb-03e537a79362 (2ms)
9-23-2026 16:33:48-debug: refresh db internal success
9-23-2026 16:33:48-debug: refresh db assets success
9-23-2026 16:33:48-debug: Run asset db hook engine-extends:afterRefresh ...
9-23-2026 16:33:48-debug: Run asset db hook engine-extends:afterRefresh success!
9-23-2026 16:33:48-debug: asset-db:refresh-all-database (83ms)
9-23-2026 16:33:48-debug: asset-db-hook-engine-extends-afterRefresh (2ms)
9-23-2026 16:33:48-debug: asset-db:worker-effect-data-processing (2ms)
9-23-2026 16:33:53-debug: refresh db internal success
9-23-2026 16:33:53-debug: refresh db assets success
9-23-2026 16:33:53-debug: Run asset db hook engine-extends:afterRefresh ...
9-23-2026 16:33:53-debug: Run asset db hook engine-extends:afterRefresh success!
9-23-2026 16:33:53-debug: asset-db:refresh-all-database (46ms)
9-23-2026 16:33:53-debug: asset-db:worker-effect-data-processing (2ms)
9-23-2026 16:33:53-debug: asset-db-hook-engine-extends-afterRefresh (2ms)
9-23-2026 16:33:57-debug: refresh db internal success
9-23-2026 16:33:57-debug: refresh db assets success
9-23-2026 16:33:57-debug: Run asset db hook engine-extends:afterRefresh ...
9-23-2026 16:33:57-debug: Run asset db hook engine-extends:afterRefresh success!
9-23-2026 16:33:57-debug: asset-db:refresh-all-database (68ms)
9-23-2026 16:34:09-debug: refresh db internal success
9-23-2026 16:34:09-debug: refresh db assets success
9-23-2026 16:34:09-debug: Run asset db hook engine-extends:afterRefresh success!
9-23-2026 16:34:09-debug: Run asset db hook engine-extends:afterRefresh ...
9-23-2026 16:34:09-debug: asset-db:refresh-all-database (49ms)
9-23-2026 16:34:09-debug: asset-db:worker-effect-data-processing (2ms)
9-23-2026 16:34:09-debug: asset-db-hook-engine-extends-afterRefresh (2ms)
9-23-2026 16:34:10-debug: %cImport%c: D:\Works\Github\BattleGame\assets\Battle.scenebackground: #aaff85; color: #000;color: #000;
9-23-2026 16:34:10-debug: asset-db:reimport-asset1effe86e-a401-4769-9dbc-62218c68834d (9ms)
9-23-2026 16:34:10-debug: Query all assets info in project
9-23-2026 16:34:10-debug: init custom config: keepNodeUuid: false, useCache: true
9-23-2026 16:34:10-debug: Skip compress image, progress: 0%
9-23-2026 16:34:10-debug: Init all bundles start..., progress: 0%
9-23-2026 16:34:10-debug: Num of bundles: 2..., progress: 0%
9-23-2026 16:34:10-debug: Query asset bundle start, progress: 0%
9-23-2026 16:34:10-debug: // ---- build task Query asset bundle ----
9-23-2026 16:34:10-debug: Init bundle root assets start..., progress: 0%
9-23-2026 16:34:10-debug: Query preload assets/scripts from cc.config.json: 60f7195c-ec2a-45eb-ba94-8955f60e81d0,1c02ae6f-4492-4915-b8f8-7492a3b1e4cd,810e96e4-e456-4468-9b59-f4e8f39732c0,efe8e2a3-eace-427b-b4f1-cb8a937ec77d,e9aa9a3e-5b2b-4ac7-a2c7-073de2b2b24f,8bbdbcdd-5cd4-4100-b6d5-b7c9625b6107,50f4348b-c883-4e2f-8f11-ce233b859fa1,fda095cb-831d-4601-ad94-846013963de8,f92806d7-1768-443f-afe8-12bcde84d0f0,dd3a144d-ab7f-41f0-82b8-2e43a090d496,f0416e68-0200-4b77-a926-4f9d16e494da,511d2633-09a7-4bdd-ac42-f778032124b3,5d45aa00-e064-4938-b314-4265f0c2258c,9361fd90-ba52-4f84-aa93-6e878fd576ca,970b0598-bcb0-4714-91fb-2e81440dccd8,bcd64cc6-2dd9-43f6-abbe-66318d332032,d930590d-bb92-4cc8-8bd1-23cd027f9edf,a3cd009f-0ab0-420d-9278-b9fdab939bbc,6a2d0734-bd9e-4ddf-946e-caa52498cb75,d9937e59-61fe-4ec6-92ab-7ac5a19c89b0,d1346436-ac96-4271-b863-1f4fdead95b0,971bdb23-3ff6-43eb-b422-1c30165a3663,17debcc3-0a6b-4b8a-b00b-dc58b885581e,711ebe11-f673-4cd9-9a83-63c60ba54c5b,c0143906-9aed-447e-9436-2ae8512d1b6e,14da1725-c4c2-42b4-ab08-ee0aeb6898b3,081cab31-dccd-428e-8652-f2404cc81c47,78e0584a-4343-4727-8f37-e14e65c2a2db,871c3b6c-7379-419d-bda3-794b239ab90d,ff9b0199-ce04-4cfe-86cc-6c719f08d6e4,de1c2107-70c8-4021-8459-6399f24d01c6,cbf30902-517f-40dc-af90-a550bac27cf1,5c601d96-e4c7-4698-991b-7ee674b11079
9-23-2026 16:34:10-debug:   Number of all scenes: 1
9-23-2026 16:34:10-debug:   Number of all scripts: 42
9-23-2026 16:34:10-debug:   Number of other assets: 488
9-23-2026 16:34:10-debug: Init bundle root assets success..., progress: 0%
9-23-2026 16:34:10-debug: // ---- build task Query asset bundle ---- (7ms)
9-23-2026 16:34:10-log: run build task Query asset bundle success in 7 ms√, progress: 5%
9-23-2026 16:34:10-debug: // ---- build task Query asset bundle ----
9-23-2026 16:34:10-debug: [Build Memory track]: Query asset bundle start:225.07MB, end 225.84MB, increase: 793.36KB
9-23-2026 16:34:10-debug: Query asset bundle start, progress: 5%
9-23-2026 16:34:10-debug: // ---- build task Query asset bundle ---- (6ms)
9-23-2026 16:34:10-log: run build task Query asset bundle success in 6 ms√, progress: 10%
9-23-2026 16:34:10-debug: [Build Memory track]: Query asset bundle start:225.87MB, end 226.01MB, increase: 140.51KB
9-23-2026 16:34:10-debug: // ---- build task Sort some build options to settings.json ----
9-23-2026 16:34:10-debug: Sort some build options to settings.json start, progress: 10%
9-23-2026 16:34:10-debug: // ---- build task Sort some build options to settings.json ---- (1ms)
9-23-2026 16:34:10-log: run build task Sort some build options to settings.json success in 1 ms√, progress: 12%
9-23-2026 16:34:10-debug: [Build Memory track]: Sort some build options to settings.json start:226.04MB, end 226.06MB, increase: 26.75KB
9-23-2026 16:34:10-debug: Fill script data to settings start, progress: 12%
9-23-2026 16:34:10-debug: // ---- build task Fill script data to settings ----
9-23-2026 16:34:10-debug: // ---- build task Fill script data to settings ---- (1ms)
9-23-2026 16:34:10-log: run build task Fill script data to settings success in 1 ms√, progress: 13%
9-23-2026 16:34:10-debug: [Build Memory track]: Fill script data to settings start:226.09MB, end 226.12MB, increase: 26.15KB
9-23-2026 16:34:10-debug: Sort some build options to settings.json start, progress: 13%
9-23-2026 16:34:10-debug: // ---- build task Sort some build options to settings.json ----
9-23-2026 16:34:10-debug: // ---- build task Sort some build options to settings.json ---- (6ms)
9-23-2026 16:34:10-log: run build task Sort some build options to settings.json success in 6 ms√, progress: 15%
9-23-2026 16:34:10-debug: [Build Memory track]: Sort some build options to settings.json start:226.15MB, end 224.87MB, increase: -1308.44KB
9-23-2026 16:34:56-debug: refresh db internal success
9-23-2026 16:34:56-debug: refresh db assets success
9-23-2026 16:34:56-debug: Run asset db hook engine-extends:afterRefresh ...
9-23-2026 16:34:56-debug: Run asset db hook engine-extends:afterRefresh success!
9-23-2026 16:34:56-debug: asset-db:refresh-all-database (49ms)
9-23-2026 16:34:58-debug: %cImport%c: D:\Works\Github\BattleGame\assets\Battle.scenebackground: #aaff85; color: #000;color: #000;
9-23-2026 16:34:58-debug: asset-db:reimport-asset1effe86e-a401-4769-9dbc-62218c68834d (14ms)
9-23-2026 16:34:59-debug: Query all assets info in project
9-23-2026 16:34:59-debug: init custom config: keepNodeUuid: false, useCache: true
9-23-2026 16:34:59-debug: Skip compress image, progress: 0%
9-23-2026 16:34:59-debug: Init all bundles start..., progress: 0%
9-23-2026 16:34:59-debug: // ---- build task Query asset bundle ----
9-23-2026 16:34:59-debug: Init bundle root assets start..., progress: 0%
9-23-2026 16:34:59-debug: Query asset bundle start, progress: 0%
9-23-2026 16:34:59-debug: Num of bundles: 2..., progress: 0%
9-23-2026 16:34:59-debug: Query preload assets/scripts from cc.config.json: 60f7195c-ec2a-45eb-ba94-8955f60e81d0,1c02ae6f-4492-4915-b8f8-7492a3b1e4cd,810e96e4-e456-4468-9b59-f4e8f39732c0,efe8e2a3-eace-427b-b4f1-cb8a937ec77d,e9aa9a3e-5b2b-4ac7-a2c7-073de2b2b24f,8bbdbcdd-5cd4-4100-b6d5-b7c9625b6107,50f4348b-c883-4e2f-8f11-ce233b859fa1,fda095cb-831d-4601-ad94-846013963de8,f92806d7-1768-443f-afe8-12bcde84d0f0,dd3a144d-ab7f-41f0-82b8-2e43a090d496,f0416e68-0200-4b77-a926-4f9d16e494da,511d2633-09a7-4bdd-ac42-f778032124b3,5d45aa00-e064-4938-b314-4265f0c2258c,9361fd90-ba52-4f84-aa93-6e878fd576ca,970b0598-bcb0-4714-91fb-2e81440dccd8,bcd64cc6-2dd9-43f6-abbe-66318d332032,d930590d-bb92-4cc8-8bd1-23cd027f9edf,a3cd009f-0ab0-420d-9278-b9fdab939bbc,6a2d0734-bd9e-4ddf-946e-caa52498cb75,d9937e59-61fe-4ec6-92ab-7ac5a19c89b0,d1346436-ac96-4271-b863-1f4fdead95b0,971bdb23-3ff6-43eb-b422-1c30165a3663,17debcc3-0a6b-4b8a-b00b-dc58b885581e,711ebe11-f673-4cd9-9a83-63c60ba54c5b,c0143906-9aed-447e-9436-2ae8512d1b6e,14da1725-c4c2-42b4-ab08-ee0aeb6898b3,081cab31-dccd-428e-8652-f2404cc81c47,78e0584a-4343-4727-8f37-e14e65c2a2db,871c3b6c-7379-419d-bda3-794b239ab90d,ff9b0199-ce04-4cfe-86cc-6c719f08d6e4,de1c2107-70c8-4021-8459-6399f24d01c6,cbf30902-517f-40dc-af90-a550bac27cf1,5c601d96-e4c7-4698-991b-7ee674b11079
9-23-2026 16:34:59-debug:   Number of other assets: 488
9-23-2026 16:34:59-debug: Init bundle root assets success..., progress: 0%
9-23-2026 16:34:59-debug:   Number of all scripts: 42
9-23-2026 16:34:59-debug:   Number of all scenes: 1
9-23-2026 16:34:59-debug: // ---- build task Query asset bundle ---- (5ms)
9-23-2026 16:34:59-debug: [Build Memory track]: Query asset bundle start:227.27MB, end 226.21MB, increase: -1078.38KB
9-23-2026 16:34:59-log: run build task Query asset bundle success in 5 ms√, progress: 5%
9-23-2026 16:34:59-debug: Query asset bundle start, progress: 5%
9-23-2026 16:34:59-debug: // ---- build task Query asset bundle ----
9-23-2026 16:34:59-debug: // ---- build task Query asset bundle ---- (5ms)
9-23-2026 16:34:59-log: run build task Query asset bundle success in 5 ms√, progress: 10%
9-23-2026 16:34:59-debug: [Build Memory track]: Query asset bundle start:226.24MB, end 226.38MB, increase: 140.13KB
9-23-2026 16:34:59-debug: Sort some build options to settings.json start, progress: 10%
9-23-2026 16:34:59-debug: // ---- build task Sort some build options to settings.json ----
9-23-2026 16:34:59-log: run build task Sort some build options to settings.json success in √, progress: 12%
9-23-2026 16:34:59-debug: [Build Memory track]: Sort some build options to settings.json start:226.41MB, end 226.43MB, increase: 17.41KB
9-23-2026 16:34:59-debug: Fill script data to settings start, progress: 12%
9-23-2026 16:34:59-debug: // ---- build task Fill script data to settings ----
9-23-2026 16:34:59-debug: // ---- build task Fill script data to settings ---- (1ms)
9-23-2026 16:34:59-debug: [Build Memory track]: Fill script data to settings start:226.45MB, end 226.48MB, increase: 25.37KB
9-23-2026 16:34:59-log: run build task Fill script data to settings success in 1 ms√, progress: 13%
9-23-2026 16:34:59-debug: Sort some build options to settings.json start, progress: 13%
9-23-2026 16:34:59-debug: // ---- build task Sort some build options to settings.json ----
9-23-2026 16:34:59-debug: // ---- build task Sort some build options to settings.json ---- (6ms)
9-23-2026 16:34:59-log: run build task Sort some build options to settings.json success in 6 ms√, progress: 15%
9-23-2026 16:34:59-debug: [Build Memory track]: Sort some build options to settings.json start:226.51MB, end 226.65MB, increase: 140.32KB
9-23-2026 16:40:11-debug: refresh db internal success
9-23-2026 16:40:11-debug: refresh db assets success
9-23-2026 16:40:11-debug: Run asset db hook engine-extends:afterRefresh ...
9-23-2026 16:40:11-debug: Run asset db hook engine-extends:afterRefresh success!
9-23-2026 16:40:11-debug: asset-db:refresh-all-database (59ms)
9-23-2026 16:40:11-debug: asset-db:worker-effect-data-processing (1ms)
9-23-2026 16:40:11-debug: asset-db-hook-engine-extends-afterRefresh (1ms)
9-23-2026 16:44:29-debug: refresh db internal success
9-23-2026 16:44:29-debug: %cImport%c: D:\Works\Github\BattleGame\assets\scripts\PlayerArmyController.tsbackground: #aaff85; color: #000;color: #000;
9-23-2026 16:44:29-debug: refresh db assets success
9-23-2026 16:44:29-debug: Run asset db hook engine-extends:afterRefresh ...
9-23-2026 16:44:29-debug: Run asset db hook engine-extends:afterRefresh success!
9-23-2026 16:44:29-debug: asset-db:refresh-all-database (53ms)
9-23-2026 16:44:30-debug: Query all assets info in project
9-23-2026 16:44:30-debug: init custom config: keepNodeUuid: false, useCache: true
9-23-2026 16:44:30-debug: Skip compress image, progress: 0%
9-23-2026 16:44:30-debug: Init all bundles start..., progress: 0%
9-23-2026 16:44:30-debug: // ---- build task Query asset bundle ----
9-23-2026 16:44:30-debug: Num of bundles: 2..., progress: 0%
9-23-2026 16:44:30-debug: Query asset bundle start, progress: 0%
9-23-2026 16:44:30-debug: Init bundle root assets start..., progress: 0%
9-23-2026 16:44:30-debug: Query preload assets/scripts from cc.config.json: 60f7195c-ec2a-45eb-ba94-8955f60e81d0,1c02ae6f-4492-4915-b8f8-7492a3b1e4cd,810e96e4-e456-4468-9b59-f4e8f39732c0,efe8e2a3-eace-427b-b4f1-cb8a937ec77d,e9aa9a3e-5b2b-4ac7-a2c7-073de2b2b24f,8bbdbcdd-5cd4-4100-b6d5-b7c9625b6107,50f4348b-c883-4e2f-8f11-ce233b859fa1,fda095cb-831d-4601-ad94-846013963de8,f92806d7-1768-443f-afe8-12bcde84d0f0,dd3a144d-ab7f-41f0-82b8-2e43a090d496,f0416e68-0200-4b77-a926-4f9d16e494da,511d2633-09a7-4bdd-ac42-f778032124b3,5d45aa00-e064-4938-b314-4265f0c2258c,9361fd90-ba52-4f84-aa93-6e878fd576ca,970b0598-bcb0-4714-91fb-2e81440dccd8,bcd64cc6-2dd9-43f6-abbe-66318d332032,d930590d-bb92-4cc8-8bd1-23cd027f9edf,a3cd009f-0ab0-420d-9278-b9fdab939bbc,6a2d0734-bd9e-4ddf-946e-caa52498cb75,d9937e59-61fe-4ec6-92ab-7ac5a19c89b0,d1346436-ac96-4271-b863-1f4fdead95b0,971bdb23-3ff6-43eb-b422-1c30165a3663,17debcc3-0a6b-4b8a-b00b-dc58b885581e,711ebe11-f673-4cd9-9a83-63c60ba54c5b,c0143906-9aed-447e-9436-2ae8512d1b6e,14da1725-c4c2-42b4-ab08-ee0aeb6898b3,081cab31-dccd-428e-8652-f2404cc81c47,78e0584a-4343-4727-8f37-e14e65c2a2db,871c3b6c-7379-419d-bda3-794b239ab90d,ff9b0199-ce04-4cfe-86cc-6c719f08d6e4,de1c2107-70c8-4021-8459-6399f24d01c6,cbf30902-517f-40dc-af90-a550bac27cf1,5c601d96-e4c7-4698-991b-7ee674b11079
9-23-2026 16:44:30-debug:   Number of other assets: 488
9-23-2026 16:44:30-debug:   Number of all scripts: 42
9-23-2026 16:44:30-debug: Init bundle root assets success..., progress: 0%
9-23-2026 16:44:30-debug:   Number of all scenes: 1
9-23-2026 16:44:30-debug: // ---- build task Query asset bundle ---- (6ms)
9-23-2026 16:44:30-debug: [Build Memory track]: Query asset bundle start:229.10MB, end 228.92MB, increase: -184.41KB
9-23-2026 16:44:30-log: run build task Query asset bundle success in 6 ms√, progress: 5%
9-23-2026 16:44:30-debug: Query asset bundle start, progress: 5%
9-23-2026 16:44:30-debug: // ---- build task Query asset bundle ----
9-23-2026 16:44:30-debug: // ---- build task Query asset bundle ---- (3ms)
9-23-2026 16:44:30-log: run build task Query asset bundle success in 3 ms√, progress: 10%
9-23-2026 16:44:30-debug: [Build Memory track]: Query asset bundle start:228.95MB, end 229.09MB, increase: 139.96KB
9-23-2026 16:44:30-debug: // ---- build task Sort some build options to settings.json ----
9-23-2026 16:44:30-debug: Sort some build options to settings.json start, progress: 10%
9-23-2026 16:44:30-debug: // ---- build task Sort some build options to settings.json ---- (-1ms)
9-23-2026 16:44:30-log: run build task Sort some build options to settings.json success in -1 h -1 min -1 s√, progress: 12%
9-23-2026 16:44:30-debug: [Build Memory track]: Sort some build options to settings.json start:229.12MB, end 229.14MB, increase: 25.89KB
9-23-2026 16:44:30-debug: Fill script data to settings start, progress: 12%
9-23-2026 16:44:30-debug: // ---- build task Fill script data to settings ----
9-23-2026 16:44:30-log: run build task Fill script data to settings success in √, progress: 13%
9-23-2026 16:44:30-debug: [Build Memory track]: Fill script data to settings start:229.17MB, end 229.19MB, increase: 17.70KB
9-23-2026 16:44:30-debug: Sort some build options to settings.json start, progress: 13%
9-23-2026 16:44:30-debug: // ---- build task Sort some build options to settings.json ----
9-23-2026 16:44:30-log: run build task Sort some build options to settings.json success in 4 ms√, progress: 15%
9-23-2026 16:44:30-debug: [Build Memory track]: Sort some build options to settings.json start:229.22MB, end 228.63MB, increase: -601.88KB
9-23-2026 16:44:30-debug: // ---- build task Sort some build options to settings.json ---- (4ms)
9-23-2026 16:44:32-debug: %cImport%c: D:\Works\Github\BattleGame\assets\Battle.scenebackground: #aaff85; color: #000;color: #000;
9-23-2026 16:44:32-debug: asset-db:reimport-asset1effe86e-a401-4769-9dbc-62218c68834d (13ms)
9-23-2026 16:44:33-debug: Query all assets info in project
9-23-2026 16:44:33-debug: init custom config: keepNodeUuid: false, useCache: true
9-23-2026 16:44:33-debug: Skip compress image, progress: 0%
9-23-2026 16:44:33-debug: Init all bundles start..., progress: 0%
9-23-2026 16:44:33-debug: Num of bundles: 2..., progress: 0%
9-23-2026 16:44:33-debug: Query asset bundle start, progress: 0%
9-23-2026 16:44:33-debug: // ---- build task Query asset bundle ----
9-23-2026 16:44:33-debug: Init bundle root assets start..., progress: 0%
9-23-2026 16:44:33-debug: Query preload assets/scripts from cc.config.json: 60f7195c-ec2a-45eb-ba94-8955f60e81d0,1c02ae6f-4492-4915-b8f8-7492a3b1e4cd,810e96e4-e456-4468-9b59-f4e8f39732c0,efe8e2a3-eace-427b-b4f1-cb8a937ec77d,e9aa9a3e-5b2b-4ac7-a2c7-073de2b2b24f,8bbdbcdd-5cd4-4100-b6d5-b7c9625b6107,50f4348b-c883-4e2f-8f11-ce233b859fa1,fda095cb-831d-4601-ad94-846013963de8,f92806d7-1768-443f-afe8-12bcde84d0f0,dd3a144d-ab7f-41f0-82b8-2e43a090d496,f0416e68-0200-4b77-a926-4f9d16e494da,511d2633-09a7-4bdd-ac42-f778032124b3,5d45aa00-e064-4938-b314-4265f0c2258c,9361fd90-ba52-4f84-aa93-6e878fd576ca,970b0598-bcb0-4714-91fb-2e81440dccd8,bcd64cc6-2dd9-43f6-abbe-66318d332032,d930590d-bb92-4cc8-8bd1-23cd027f9edf,a3cd009f-0ab0-420d-9278-b9fdab939bbc,6a2d0734-bd9e-4ddf-946e-caa52498cb75,d9937e59-61fe-4ec6-92ab-7ac5a19c89b0,d1346436-ac96-4271-b863-1f4fdead95b0,971bdb23-3ff6-43eb-b422-1c30165a3663,17debcc3-0a6b-4b8a-b00b-dc58b885581e,711ebe11-f673-4cd9-9a83-63c60ba54c5b,c0143906-9aed-447e-9436-2ae8512d1b6e,14da1725-c4c2-42b4-ab08-ee0aeb6898b3,081cab31-dccd-428e-8652-f2404cc81c47,78e0584a-4343-4727-8f37-e14e65c2a2db,871c3b6c-7379-419d-bda3-794b239ab90d,ff9b0199-ce04-4cfe-86cc-6c719f08d6e4,de1c2107-70c8-4021-8459-6399f24d01c6,cbf30902-517f-40dc-af90-a550bac27cf1,5c601d96-e4c7-4698-991b-7ee674b11079
9-23-2026 16:44:33-debug:   Number of all scripts: 42
9-23-2026 16:44:33-debug:   Number of all scenes: 1
9-23-2026 16:44:33-debug:   Number of other assets: 488
9-23-2026 16:44:33-debug: Init bundle root assets success..., progress: 0%
9-23-2026 16:44:33-log: run build task Query asset bundle success in 4 ms√, progress: 5%
9-23-2026 16:44:33-debug: [Build Memory track]: Query asset bundle start:229.39MB, end 229.26MB, increase: -138.94KB
9-23-2026 16:44:33-debug: Query asset bundle start, progress: 5%
9-23-2026 16:44:33-debug: // ---- build task Query asset bundle ----
9-23-2026 16:44:33-debug: // ---- build task Query asset bundle ---- (4ms)
9-23-2026 16:44:33-debug: // ---- build task Query asset bundle ---- (3ms)
9-23-2026 16:44:33-debug: [Build Memory track]: Query asset bundle start:229.29MB, end 229.42MB, increase: 140.52KB
9-23-2026 16:44:33-log: run build task Query asset bundle success in 3 ms√, progress: 10%
9-23-2026 16:44:33-debug: // ---- build task Sort some build options to settings.json ----
9-23-2026 16:44:33-debug: Sort some build options to settings.json start, progress: 10%
9-23-2026 16:44:33-debug: // ---- build task Sort some build options to settings.json ---- (1ms)
9-23-2026 16:44:33-log: run build task Sort some build options to settings.json success in 1 ms√, progress: 12%
9-23-2026 16:44:33-debug: [Build Memory track]: Sort some build options to settings.json start:229.45MB, end 229.48MB, increase: 27.22KB
9-23-2026 16:44:33-debug: Fill script data to settings start, progress: 12%
9-23-2026 16:44:33-debug: // ---- build task Fill script data to settings ----
9-23-2026 16:44:33-log: run build task Fill script data to settings success in √, progress: 13%
9-23-2026 16:44:33-debug: [Build Memory track]: Fill script data to settings start:229.51MB, end 229.53MB, increase: 17.32KB
9-23-2026 16:44:33-debug: Sort some build options to settings.json start, progress: 13%
9-23-2026 16:44:33-debug: // ---- build task Sort some build options to settings.json ----
9-23-2026 16:44:33-debug: // ---- build task Sort some build options to settings.json ---- (2ms)
9-23-2026 16:44:33-log: run build task Sort some build options to settings.json success in 2 ms√, progress: 15%
9-23-2026 16:44:33-debug: [Build Memory track]: Sort some build options to settings.json start:229.55MB, end 229.68MB, increase: 126.22KB
9-23-2026 16:49:40-debug: refresh db internal success
9-23-2026 16:49:40-debug: refresh db assets success
9-23-2026 16:49:40-debug: Run asset db hook engine-extends:afterRefresh ...
9-23-2026 16:49:40-debug: Run asset db hook engine-extends:afterRefresh success!
9-23-2026 16:49:40-debug: asset-db:refresh-all-database (72ms)
9-23-2026 16:49:40-debug: asset-db:worker-effect-data-processing (1ms)
9-23-2026 16:49:40-debug: asset-db-hook-engine-extends-afterRefresh (1ms)
9-23-2026 16:49:47-debug: Query all assets info in project
9-23-2026 16:49:47-debug: init custom config: keepNodeUuid: false, useCache: true
9-23-2026 16:49:47-debug: Skip compress image, progress: 0%
9-23-2026 16:49:47-debug: Init all bundles start..., progress: 0%
9-23-2026 16:49:47-debug: Num of bundles: 2..., progress: 0%
9-23-2026 16:49:47-debug: // ---- build task Query asset bundle ----
9-23-2026 16:49:47-debug: Init bundle root assets start..., progress: 0%
9-23-2026 16:49:47-debug: Query asset bundle start, progress: 0%
9-23-2026 16:49:47-debug: Query preload assets/scripts from cc.config.json: 60f7195c-ec2a-45eb-ba94-8955f60e81d0,1c02ae6f-4492-4915-b8f8-7492a3b1e4cd,810e96e4-e456-4468-9b59-f4e8f39732c0,efe8e2a3-eace-427b-b4f1-cb8a937ec77d,e9aa9a3e-5b2b-4ac7-a2c7-073de2b2b24f,8bbdbcdd-5cd4-4100-b6d5-b7c9625b6107,50f4348b-c883-4e2f-8f11-ce233b859fa1,fda095cb-831d-4601-ad94-846013963de8,f92806d7-1768-443f-afe8-12bcde84d0f0,dd3a144d-ab7f-41f0-82b8-2e43a090d496,f0416e68-0200-4b77-a926-4f9d16e494da,511d2633-09a7-4bdd-ac42-f778032124b3,5d45aa00-e064-4938-b314-4265f0c2258c,9361fd90-ba52-4f84-aa93-6e878fd576ca,970b0598-bcb0-4714-91fb-2e81440dccd8,bcd64cc6-2dd9-43f6-abbe-66318d332032,d930590d-bb92-4cc8-8bd1-23cd027f9edf,a3cd009f-0ab0-420d-9278-b9fdab939bbc,6a2d0734-bd9e-4ddf-946e-caa52498cb75,d9937e59-61fe-4ec6-92ab-7ac5a19c89b0,d1346436-ac96-4271-b863-1f4fdead95b0,971bdb23-3ff6-43eb-b422-1c30165a3663,17debcc3-0a6b-4b8a-b00b-dc58b885581e,711ebe11-f673-4cd9-9a83-63c60ba54c5b,c0143906-9aed-447e-9436-2ae8512d1b6e,14da1725-c4c2-42b4-ab08-ee0aeb6898b3,081cab31-dccd-428e-8652-f2404cc81c47,78e0584a-4343-4727-8f37-e14e65c2a2db,871c3b6c-7379-419d-bda3-794b239ab90d,ff9b0199-ce04-4cfe-86cc-6c719f08d6e4,de1c2107-70c8-4021-8459-6399f24d01c6,cbf30902-517f-40dc-af90-a550bac27cf1,5c601d96-e4c7-4698-991b-7ee674b11079
9-23-2026 16:49:47-debug:   Number of all scenes: 1
9-23-2026 16:49:47-debug:   Number of all scripts: 42
9-23-2026 16:49:47-debug:   Number of other assets: 488
9-23-2026 16:49:47-debug: Init bundle root assets success..., progress: 0%
9-23-2026 16:49:47-debug: // ---- build task Query asset bundle ---- (5ms)
9-23-2026 16:49:47-log: run build task Query asset bundle success in 5 ms√, progress: 5%
9-23-2026 16:49:47-debug: [Build Memory track]: Query asset bundle start:230.54MB, end 230.33MB, increase: -220.01KB
9-23-2026 16:49:47-debug: // ---- build task Query asset bundle ----
9-23-2026 16:49:47-debug: Query asset bundle start, progress: 5%
9-23-2026 16:49:47-debug: // ---- build task Query asset bundle ---- (4ms)
9-23-2026 16:49:47-log: run build task Query asset bundle success in 4 ms√, progress: 10%
9-23-2026 16:49:47-debug: Sort some build options to settings.json start, progress: 10%
9-23-2026 16:49:47-debug: // ---- build task Sort some build options to settings.json ----
9-23-2026 16:49:47-debug: [Build Memory track]: Query asset bundle start:230.36MB, end 230.49MB, increase: 141.20KB
9-23-2026 16:49:47-debug: // ---- build task Sort some build options to settings.json ---- (2ms)
9-23-2026 16:49:47-log: run build task Sort some build options to settings.json success in 2 ms√, progress: 12%
9-23-2026 16:49:47-debug: [Build Memory track]: Sort some build options to settings.json start:230.52MB, end 230.55MB, increase: 27.18KB
9-23-2026 16:49:47-debug: // ---- build task Fill script data to settings ----
9-23-2026 16:49:47-debug: Fill script data to settings start, progress: 12%
9-23-2026 16:49:47-debug: // ---- build task Fill script data to settings ---- (1ms)
9-23-2026 16:49:47-debug: [Build Memory track]: Fill script data to settings start:230.58MB, end 230.60MB, increase: 26.66KB
9-23-2026 16:49:47-log: run build task Fill script data to settings success in 1 ms√, progress: 13%
9-23-2026 16:49:47-debug: // ---- build task Sort some build options to settings.json ----
9-23-2026 16:49:47-debug: Sort some build options to settings.json start, progress: 13%
9-23-2026 16:49:47-debug: // ---- build task Sort some build options to settings.json ---- (5ms)
9-23-2026 16:49:47-log: run build task Sort some build options to settings.json success in 5 ms√, progress: 15%
9-23-2026 16:49:47-debug: [Build Memory track]: Sort some build options to settings.json start:230.63MB, end 230.76MB, increase: 126.78KB
9-23-2026 18:53:09-debug: refresh db internal success
9-23-2026 18:53:09-debug: refresh db assets success
9-23-2026 18:53:09-debug: Run asset db hook engine-extends:afterRefresh ...
9-23-2026 18:53:09-debug: Run asset db hook engine-extends:afterRefresh success!
9-23-2026 18:53:09-debug: asset-db:refresh-all-database (68ms)
9-23-2026 18:53:09-debug: asset-db-hook-engine-extends-afterRefresh (2ms)
9-23-2026 18:53:09-debug: asset-db:worker-effect-data-processing (2ms)
