9-6-2026 18:01:11-log: Cannot access game frame or container.
9-6-2026 18:01:11-debug: asset-db:require-engine-code (707ms)
9-6-2026 18:01:11-log: meshopt wasm decoder initialized
9-6-2026 18:01:11-log: [bullet]:bullet wasm lib loaded.
9-6-2026 18:01:11-log: [box2d]:box2d wasm lib loaded.
9-6-2026 18:01:11-log: Cocos Creator v3.8.8
9-6-2026 18:01:11-log: Forward render pipeline initialized.
9-6-2026 18:01:11-debug: [Assets Memory track]: asset-db:worker-init: initEngine start:31.33MB, end 79.16MB, increase: 47.83MB
9-6-2026 18:01:11-log: Using legacy pipeline
9-6-2026 18:01:13-debug: [Assets Memory track]: asset-db:worker-init: initPlugin start:79.23MB, end 274.16MB, increase: 194.93MB
9-6-2026 18:01:13-debug: run package(web-mobile) handler(enable) start
9-6-2026 18:01:13-debug: run package(wechatgame) handler(enable) success!
9-6-2026 18:01:13-debug: run package(wechatgame) handler(enable) start
9-6-2026 18:01:13-debug: run package(web-mobile) handler(enable) success!
9-6-2026 18:01:13-debug: run package(wechatprogram) handler(enable) start
9-6-2026 18:01:13-debug: run package(windows) handler(enable) success!
9-6-2026 18:01:13-debug: run package(wechatprogram) handler(enable) success!
9-6-2026 18:01:13-debug: run package(xiaomi-quick-game) handler(enable) start
9-6-2026 18:01:13-debug: run package(xiaomi-quick-game) handler(enable) success!
9-6-2026 18:01:13-debug: run package(windows) handler(enable) start
9-6-2026 18:01:13-debug: run package(cocos-service) handler(enable) success!
9-6-2026 18:01:13-debug: run package(im-plugin) handler(enable) success!
9-6-2026 18:01:13-debug: run package(cocos-service) handler(enable) start
9-6-2026 18:01:13-debug: run package(placeholder) handler(enable) success!
9-6-2026 18:01:13-debug: run package(placeholder) handler(enable) start
9-6-2026 18:01:13-debug: run package(im-plugin) handler(enable) start
9-6-2026 18:01:13-debug: asset-db:worker-init: initPlugin (2063ms)
9-6-2026 18:01:13-debug: [Assets Memory track]: asset-db:worker-init start:31.32MB, end 274.82MB, increase: 243.50MB
9-6-2026 18:01:13-debug: Run asset db hook programming:beforePreStart success!
9-6-2026 18:01:13-debug: Run asset db hook engine-extends:beforePreStart ...
9-6-2026 18:01:13-debug: Run asset db hook engine-extends:beforePreStart success!
9-6-2026 18:01:13-debug: Run asset db hook programming:beforePreStart ...
9-6-2026 18:01:13-debug: asset-db:worker-init (2963ms)
9-6-2026 18:01:13-debug: asset-db-hook-programming-beforePreStart (77ms)
9-6-2026 18:01:13-debug: asset-db-hook-engine-extends-beforePreStart (76ms)
9-6-2026 18:01:13-debug: Preimport db internal success
9-6-2026 18:01:13-debug: Preimport db assets success
9-6-2026 18:01:13-debug: Run asset db hook programming:afterPreStart ...
9-6-2026 18:01:13-debug: starting packer-driver...
9-6-2026 18:01:18-debug: initialize scripting environment...
9-6-2026 18:01:18-debug: [[Executor]] prepare before lock
9-6-2026 18:01:18-debug: Set detail map pack:///resolution-detail-map.json: {}
9-6-2026 18:01:18-debug: [[Executor]] prepare after unlock
9-6-2026 18:01:18-debug: Run asset db hook programming:afterPreStart success!
9-6-2026 18:01:18-debug: Run asset db hook engine-extends:afterPreStart success!
9-6-2026 18:01:18-debug: Run asset db hook engine-extends:afterPreStart ...
9-6-2026 18:01:18-debug: Start up the 'internal' database...
9-6-2026 18:01:18-debug: asset-db-hook-programming-afterPreStart (4920ms)
9-6-2026 18:01:18-debug: asset-db:worker-effect-data-processing (363ms)
9-6-2026 18:01:18-debug: asset-db-hook-engine-extends-afterPreStart (364ms)
9-6-2026 18:01:18-debug: Run asset db hook engine-extends:afterStartDB ...
9-6-2026 18:01:19-debug: recompile effect.bin success
9-6-2026 18:01:19-debug: Run asset db hook engine-extends:afterStartDB success!
9-6-2026 18:01:19-debug: Start up the 'assets' database...
9-6-2026 18:01:19-debug: asset-db:worker-effect-data-processing (394ms)
9-6-2026 18:01:19-debug: asset-db-hook-engine-extends-afterStartDB (394ms)
9-6-2026 18:01:19-debug: Run asset db hook engine-extends:afterStartDB ...
9-6-2026 18:01:19-debug: recompile effect.bin success
9-6-2026 18:01:19-debug: Run asset db hook engine-extends:afterStartDB success!
9-6-2026 18:01:19-debug: lazy register asset handler *
9-6-2026 18:01:19-debug: lazy register asset handler directory
9-6-2026 18:01:19-debug: lazy register asset handler spine-data
9-6-2026 18:01:19-debug: lazy register asset handler text
9-6-2026 18:01:19-debug: lazy register asset handler dragonbones
9-6-2026 18:01:19-debug: lazy register asset handler json
9-6-2026 18:01:19-debug: lazy register asset handler dragonbones-atlas
9-6-2026 18:01:19-debug: lazy register asset handler typescript
9-6-2026 18:01:19-debug: lazy register asset handler scene
9-6-2026 18:01:19-debug: lazy register asset handler terrain
9-6-2026 18:01:19-debug: lazy register asset handler sprite-frame
9-6-2026 18:01:19-debug: lazy register asset handler buffer
9-6-2026 18:01:19-debug: lazy register asset handler javascript
9-6-2026 18:01:19-debug: lazy register asset handler tiled-map
9-6-2026 18:01:19-debug: lazy register asset handler image
9-6-2026 18:01:19-debug: lazy register asset handler sign-image
9-6-2026 18:01:19-debug: lazy register asset handler alpha-image
9-6-2026 18:01:19-debug: lazy register asset handler texture-cube
9-6-2026 18:01:19-debug: lazy register asset handler prefab
9-6-2026 18:01:19-debug: lazy register asset handler erp-texture-cube
9-6-2026 18:01:19-debug: lazy register asset handler render-texture
9-6-2026 18:01:19-debug: lazy register asset handler texture-cube-face
9-6-2026 18:01:19-debug: lazy register asset handler rt-sprite-frame
9-6-2026 18:01:19-debug: lazy register asset handler gltf
9-6-2026 18:01:19-debug: lazy register asset handler texture
9-6-2026 18:01:19-debug: lazy register asset handler gltf-animation
9-6-2026 18:01:19-debug: lazy register asset handler gltf-mesh
9-6-2026 18:01:19-debug: lazy register asset handler gltf-material
9-6-2026 18:01:19-debug: lazy register asset handler gltf-embeded-image
9-6-2026 18:01:19-debug: lazy register asset handler gltf-skeleton
9-6-2026 18:01:19-debug: lazy register asset handler gltf-scene
9-6-2026 18:01:19-debug: lazy register asset handler material
9-6-2026 18:01:19-debug: lazy register asset handler effect
9-6-2026 18:01:19-debug: lazy register asset handler physics-material
9-6-2026 18:01:19-debug: lazy register asset handler effect-header
9-6-2026 18:01:19-debug: lazy register asset handler audio-clip
9-6-2026 18:01:19-debug: lazy register asset handler fbx
9-6-2026 18:01:19-debug: lazy register asset handler animation-clip
9-6-2026 18:01:19-debug: lazy register asset handler animation-graph-variant
9-6-2026 18:01:19-debug: lazy register asset handler animation-graph
9-6-2026 18:01:19-debug: lazy register asset handler animation-mask
9-6-2026 18:01:19-debug: lazy register asset handler ttf-font
9-6-2026 18:01:19-debug: lazy register asset handler bitmap-font
9-6-2026 18:01:19-debug: lazy register asset handler sprite-atlas
9-6-2026 18:01:19-debug: lazy register asset handler particle
9-6-2026 18:01:19-debug: lazy register asset handler label-atlas
9-6-2026 18:01:19-debug: lazy register asset handler auto-atlas
9-6-2026 18:01:19-debug: lazy register asset handler render-pipeline
9-6-2026 18:01:19-debug: lazy register asset handler render-flow
9-6-2026 18:01:19-debug: lazy register asset handler instantiation-material
9-6-2026 18:01:19-debug: lazy register asset handler instantiation-mesh
9-6-2026 18:01:19-debug: lazy register asset handler instantiation-skeleton
9-6-2026 18:01:19-debug: lazy register asset handler instantiation-animation
9-6-2026 18:01:19-debug: lazy register asset handler video-clip
9-6-2026 18:01:19-debug: lazy register asset handler render-stage
9-6-2026 18:01:19-debug: asset-db:worker-effect-data-processing (332ms)
9-6-2026 18:01:19-debug: asset-db-hook-engine-extends-afterStartDB (333ms)
9-6-2026 18:01:19-debug: asset-db:ready (11415ms)
9-6-2026 18:01:19-debug: asset-db:start-database (5863ms)
9-6-2026 18:01:19-debug: init worker message success
9-6-2026 18:01:19-debug: programming:execute-script (7ms)
9-6-2026 18:01:19-debug: [Build Memory track]: builder:worker-init start:219.75MB, end 227.64MB, increase: 7.89MB
9-6-2026 18:01:19-debug: builder:worker-init (368ms)
9-6-2026 18:01:29-debug: Query all assets info in project
9-6-2026 18:01:29-debug: init custom config: keepNodeUuid: false, useCache: true
9-6-2026 18:01:29-debug: Skip compress image, progress: 0%
9-6-2026 18:01:29-debug: Init all bundles start..., progress: 0%
9-6-2026 18:01:29-debug: Query asset bundle start, progress: 0%
9-6-2026 18:01:29-debug: // ---- build task Query asset bundle ----
9-6-2026 18:01:29-debug: Num of bundles: 2..., progress: 0%
9-6-2026 18:01:29-debug: Init bundle root assets start..., progress: 0%
9-6-2026 18:01:29-debug: Query preload assets/scripts from cc.config.json: 60f7195c-ec2a-45eb-ba94-8955f60e81d0,1c02ae6f-4492-4915-b8f8-7492a3b1e4cd,810e96e4-e456-4468-9b59-f4e8f39732c0,efe8e2a3-eace-427b-b4f1-cb8a937ec77d,e9aa9a3e-5b2b-4ac7-a2c7-073de2b2b24f,8bbdbcdd-5cd4-4100-b6d5-b7c9625b6107,50f4348b-c883-4e2f-8f11-ce233b859fa1,fda095cb-831d-4601-ad94-846013963de8,f92806d7-1768-443f-afe8-12bcde84d0f0,dd3a144d-ab7f-41f0-82b8-2e43a090d496,f0416e68-0200-4b77-a926-4f9d16e494da,511d2633-09a7-4bdd-ac42-f778032124b3,5d45aa00-e064-4938-b314-4265f0c2258c,9361fd90-ba52-4f84-aa93-6e878fd576ca,970b0598-bcb0-4714-91fb-2e81440dccd8,bcd64cc6-2dd9-43f6-abbe-66318d332032,d930590d-bb92-4cc8-8bd1-23cd027f9edf,a3cd009f-0ab0-420d-9278-b9fdab939bbc,6a2d0734-bd9e-4ddf-946e-caa52498cb75,d9937e59-61fe-4ec6-92ab-7ac5a19c89b0,d1346436-ac96-4271-b863-1f4fdead95b0,971bdb23-3ff6-43eb-b422-1c30165a3663,17debcc3-0a6b-4b8a-b00b-dc58b885581e,711ebe11-f673-4cd9-9a83-63c60ba54c5b,c0143906-9aed-447e-9436-2ae8512d1b6e,14da1725-c4c2-42b4-ab08-ee0aeb6898b3,081cab31-dccd-428e-8652-f2404cc81c47,78e0584a-4343-4727-8f37-e14e65c2a2db,871c3b6c-7379-419d-bda3-794b239ab90d,ff9b0199-ce04-4cfe-86cc-6c719f08d6e4,de1c2107-70c8-4021-8459-6399f24d01c6,cbf30902-517f-40dc-af90-a550bac27cf1,5c601d96-e4c7-4698-991b-7ee674b11079
9-6-2026 18:01:29-debug:   Number of all scenes: 1
9-6-2026 18:01:29-debug:   Number of all scripts: 42
9-6-2026 18:01:29-debug: Init bundle root assets success..., progress: 0%
9-6-2026 18:01:29-debug:   Number of other assets: 486
9-6-2026 18:01:29-debug: // ---- build task Query asset bundle ---- (15ms)
9-6-2026 18:01:29-log: run build task Query asset bundle success in 15 ms√, progress: 5%
9-6-2026 18:01:29-debug: [Build Memory track]: Query asset bundle start:229.18MB, end 230.04MB, increase: 886.91KB
9-6-2026 18:01:29-debug: // ---- build task Query asset bundle ----
9-6-2026 18:01:29-debug: Query asset bundle start, progress: 5%
9-6-2026 18:01:29-debug: // ---- build task Query asset bundle ---- (6ms)
9-6-2026 18:01:29-log: run build task Query asset bundle success in 6 ms√, progress: 10%
9-6-2026 18:01:29-debug: [Build Memory track]: Query asset bundle start:230.08MB, end 230.25MB, increase: 174.91KB
9-6-2026 18:01:29-debug: // ---- build task Sort some build options to settings.json ----
9-6-2026 18:01:29-debug: Sort some build options to settings.json start, progress: 10%
9-6-2026 18:01:29-debug: // ---- build task Sort some build options to settings.json ---- (2ms)
9-6-2026 18:01:29-log: run build task Sort some build options to settings.json success in 2 ms√, progress: 12%
9-6-2026 18:01:29-debug: [Build Memory track]: Sort some build options to settings.json start:230.29MB, end 230.33MB, increase: 34.09KB
9-6-2026 18:01:29-debug: Fill script data to settings start, progress: 12%
9-6-2026 18:01:29-debug: // ---- build task Fill script data to settings ----
9-6-2026 18:01:29-debug: // ---- build task Fill script data to settings ---- (3ms)
9-6-2026 18:01:29-debug: [Build Memory track]: Fill script data to settings start:230.37MB, end 230.40MB, increase: 33.54KB
9-6-2026 18:01:29-log: run build task Fill script data to settings success in 3 ms√, progress: 13%
9-6-2026 18:01:29-debug: Sort some build options to settings.json start, progress: 13%
9-6-2026 18:01:29-debug: // ---- build task Sort some build options to settings.json ----
9-6-2026 18:01:29-debug: // ---- build task Sort some build options to settings.json ---- (8ms)
9-6-2026 18:01:29-log: run build task Sort some build options to settings.json success in 8 ms√, progress: 15%
9-6-2026 18:01:29-debug: [Build Memory track]: Sort some build options to settings.json start:230.44MB, end 230.59MB, increase: 145.73KB
9-6-2026 18:01:35-debug: Query all assets info in project
9-6-2026 18:01:35-debug: init custom config: keepNodeUuid: false, useCache: true
9-6-2026 18:01:35-debug: Skip compress image, progress: 0%
9-6-2026 18:01:35-debug: Init all bundles start..., progress: 0%
9-6-2026 18:01:35-debug: Num of bundles: 2..., progress: 0%
9-6-2026 18:01:35-debug: // ---- build task Query asset bundle ----
9-6-2026 18:01:35-debug: Query asset bundle start, progress: 0%
9-6-2026 18:01:35-debug: Init bundle root assets start..., progress: 0%
9-6-2026 18:01:35-debug: Query preload assets/scripts from cc.config.json: 60f7195c-ec2a-45eb-ba94-8955f60e81d0,1c02ae6f-4492-4915-b8f8-7492a3b1e4cd,810e96e4-e456-4468-9b59-f4e8f39732c0,efe8e2a3-eace-427b-b4f1-cb8a937ec77d,e9aa9a3e-5b2b-4ac7-a2c7-073de2b2b24f,8bbdbcdd-5cd4-4100-b6d5-b7c9625b6107,50f4348b-c883-4e2f-8f11-ce233b859fa1,fda095cb-831d-4601-ad94-846013963de8,f92806d7-1768-443f-afe8-12bcde84d0f0,dd3a144d-ab7f-41f0-82b8-2e43a090d496,f0416e68-0200-4b77-a926-4f9d16e494da,511d2633-09a7-4bdd-ac42-f778032124b3,5d45aa00-e064-4938-b314-4265f0c2258c,9361fd90-ba52-4f84-aa93-6e878fd576ca,970b0598-bcb0-4714-91fb-2e81440dccd8,bcd64cc6-2dd9-43f6-abbe-66318d332032,d930590d-bb92-4cc8-8bd1-23cd027f9edf,a3cd009f-0ab0-420d-9278-b9fdab939bbc,6a2d0734-bd9e-4ddf-946e-caa52498cb75,d9937e59-61fe-4ec6-92ab-7ac5a19c89b0,d1346436-ac96-4271-b863-1f4fdead95b0,971bdb23-3ff6-43eb-b422-1c30165a3663,17debcc3-0a6b-4b8a-b00b-dc58b885581e,711ebe11-f673-4cd9-9a83-63c60ba54c5b,c0143906-9aed-447e-9436-2ae8512d1b6e,14da1725-c4c2-42b4-ab08-ee0aeb6898b3,081cab31-dccd-428e-8652-f2404cc81c47,78e0584a-4343-4727-8f37-e14e65c2a2db,871c3b6c-7379-419d-bda3-794b239ab90d,ff9b0199-ce04-4cfe-86cc-6c719f08d6e4,de1c2107-70c8-4021-8459-6399f24d01c6,cbf30902-517f-40dc-af90-a550bac27cf1,5c601d96-e4c7-4698-991b-7ee674b11079
9-6-2026 18:01:35-debug:   Number of other assets: 486
9-6-2026 18:01:35-debug:   Number of all scenes: 1
9-6-2026 18:01:35-debug: Init bundle root assets success..., progress: 0%
9-6-2026 18:01:35-debug:   Number of all scripts: 42
9-6-2026 18:01:35-log: run build task Query asset bundle success in 13 ms√, progress: 5%
9-6-2026 18:01:35-debug: // ---- build task Query asset bundle ---- (13ms)
9-6-2026 18:01:35-debug: Query asset bundle start, progress: 5%
9-6-2026 18:01:35-debug: [Build Memory track]: Query asset bundle start:231.98MB, end 226.20MB, increase: -5915.29KB
9-6-2026 18:01:35-debug: // ---- build task Query asset bundle ----
9-6-2026 18:01:35-debug: // ---- build task Query asset bundle ---- (7ms)
9-6-2026 18:01:35-log: run build task Query asset bundle success in 7 ms√, progress: 10%
9-6-2026 18:01:35-debug: [Build Memory track]: Query asset bundle start:226.24MB, end 226.39MB, increase: 150.07KB
9-6-2026 18:01:35-debug: Sort some build options to settings.json start, progress: 10%
9-6-2026 18:01:35-debug: // ---- build task Sort some build options to settings.json ----
9-6-2026 18:01:35-debug: // ---- build task Sort some build options to settings.json ---- (2ms)
9-6-2026 18:01:35-log: run build task Sort some build options to settings.json success in 2 ms√, progress: 12%
9-6-2026 18:01:35-debug: [Build Memory track]: Sort some build options to settings.json start:226.43MB, end 226.47MB, increase: 36.39KB
9-6-2026 18:01:35-debug: Fill script data to settings start, progress: 12%
9-6-2026 18:01:35-debug: // ---- build task Fill script data to settings ----
9-6-2026 18:01:35-debug: // ---- build task Fill script data to settings ---- (3ms)
9-6-2026 18:01:35-log: run build task Fill script data to settings success in 3 ms√, progress: 13%
9-6-2026 18:01:35-debug: [Build Memory track]: Fill script data to settings start:226.51MB, end 226.55MB, increase: 38.07KB
9-6-2026 18:01:35-debug: Sort some build options to settings.json start, progress: 13%
9-6-2026 18:01:35-debug: // ---- build task Sort some build options to settings.json ----
9-6-2026 18:01:35-debug: // ---- build task Sort some build options to settings.json ---- (13ms)
9-6-2026 18:01:35-log: run build task Sort some build options to settings.json success in 13 ms√, progress: 15%
9-6-2026 18:01:35-debug: [Build Memory track]: Sort some build options to settings.json start:226.59MB, end 226.73MB, increase: 149.31KB
9-6-2026 18:13:45-debug: refresh db internal success
9-6-2026 18:13:45-debug: %cImport%c: F:\Github\BattleGame\assets\scripts\GameManager.tsbackground: #aaff85; color: #000;color: #000;
9-6-2026 18:13:45-debug: %cImport%c: F:\Github\BattleGame\assets\scripts\Unit.tsbackground: #aaff85; color: #000;color: #000;
9-6-2026 18:13:45-debug: refresh db assets success
9-6-2026 18:13:45-debug: Run asset db hook engine-extends:afterRefresh ...
9-6-2026 18:13:45-debug: Run asset db hook engine-extends:afterRefresh success!
9-6-2026 18:13:45-debug: asset-db:refresh-all-database (130ms)
9-6-2026 18:13:45-debug: asset-db:worker-effect-data-processing (6ms)
9-6-2026 18:13:45-debug: asset-db-hook-engine-extends-afterRefresh (7ms)
9-6-2026 18:13:53-debug: Query all assets info in project
9-6-2026 18:13:53-debug: init custom config: keepNodeUuid: false, useCache: true
9-6-2026 18:13:53-debug: Skip compress image, progress: 0%
9-6-2026 18:13:53-debug: Init all bundles start..., progress: 0%
9-6-2026 18:13:53-debug: Num of bundles: 2..., progress: 0%
9-6-2026 18:13:53-debug: Query asset bundle start, progress: 0%
9-6-2026 18:13:53-debug: // ---- build task Query asset bundle ----
9-6-2026 18:13:53-debug: Init bundle root assets start..., progress: 0%
9-6-2026 18:13:53-debug: Query preload assets/scripts from cc.config.json: 60f7195c-ec2a-45eb-ba94-8955f60e81d0,1c02ae6f-4492-4915-b8f8-7492a3b1e4cd,810e96e4-e456-4468-9b59-f4e8f39732c0,efe8e2a3-eace-427b-b4f1-cb8a937ec77d,e9aa9a3e-5b2b-4ac7-a2c7-073de2b2b24f,8bbdbcdd-5cd4-4100-b6d5-b7c9625b6107,50f4348b-c883-4e2f-8f11-ce233b859fa1,fda095cb-831d-4601-ad94-846013963de8,f92806d7-1768-443f-afe8-12bcde84d0f0,dd3a144d-ab7f-41f0-82b8-2e43a090d496,f0416e68-0200-4b77-a926-4f9d16e494da,511d2633-09a7-4bdd-ac42-f778032124b3,5d45aa00-e064-4938-b314-4265f0c2258c,9361fd90-ba52-4f84-aa93-6e878fd576ca,970b0598-bcb0-4714-91fb-2e81440dccd8,bcd64cc6-2dd9-43f6-abbe-66318d332032,d930590d-bb92-4cc8-8bd1-23cd027f9edf,a3cd009f-0ab0-420d-9278-b9fdab939bbc,6a2d0734-bd9e-4ddf-946e-caa52498cb75,d9937e59-61fe-4ec6-92ab-7ac5a19c89b0,d1346436-ac96-4271-b863-1f4fdead95b0,971bdb23-3ff6-43eb-b422-1c30165a3663,17debcc3-0a6b-4b8a-b00b-dc58b885581e,711ebe11-f673-4cd9-9a83-63c60ba54c5b,c0143906-9aed-447e-9436-2ae8512d1b6e,14da1725-c4c2-42b4-ab08-ee0aeb6898b3,081cab31-dccd-428e-8652-f2404cc81c47,78e0584a-4343-4727-8f37-e14e65c2a2db,871c3b6c-7379-419d-bda3-794b239ab90d,ff9b0199-ce04-4cfe-86cc-6c719f08d6e4,de1c2107-70c8-4021-8459-6399f24d01c6,cbf30902-517f-40dc-af90-a550bac27cf1,5c601d96-e4c7-4698-991b-7ee674b11079
9-6-2026 18:13:53-debug:   Number of other assets: 486
9-6-2026 18:13:53-debug: Init bundle root assets success..., progress: 0%
9-6-2026 18:13:53-debug:   Number of all scenes: 1
9-6-2026 18:13:53-debug:   Number of all scripts: 42
9-6-2026 18:13:53-debug: // ---- build task Query asset bundle ---- (20ms)
9-6-2026 18:13:53-log: run build task Query asset bundle success in 20 ms√, progress: 5%
9-6-2026 18:13:53-debug: // ---- build task Query asset bundle ----
9-6-2026 18:13:53-debug: [Build Memory track]: Query asset bundle start:223.33MB, end 223.18MB, increase: -154.54KB
9-6-2026 18:13:53-debug: Query asset bundle start, progress: 5%
9-6-2026 18:13:53-debug: // ---- build task Query asset bundle ---- (20ms)
9-6-2026 18:13:53-debug: [Build Memory track]: Query asset bundle start:223.22MB, end 223.36MB, increase: 147.17KB
9-6-2026 18:13:53-debug: // ---- build task Sort some build options to settings.json ----
9-6-2026 18:13:53-log: run build task Query asset bundle success in 20 ms√, progress: 10%
9-6-2026 18:13:53-debug: Sort some build options to settings.json start, progress: 10%
9-6-2026 18:13:53-debug: [Build Memory track]: Sort some build options to settings.json start:223.40MB, end 223.43MB, increase: 33.21KB
9-6-2026 18:13:53-log: run build task Sort some build options to settings.json success in 2 ms√, progress: 12%
9-6-2026 18:13:53-debug: // ---- build task Sort some build options to settings.json ---- (2ms)
9-6-2026 18:13:53-debug: Fill script data to settings start, progress: 12%
9-6-2026 18:13:53-debug: // ---- build task Fill script data to settings ----
9-6-2026 18:13:53-debug: // ---- build task Fill script data to settings ---- (4ms)
9-6-2026 18:13:53-log: run build task Fill script data to settings success in 4 ms√, progress: 13%
9-6-2026 18:13:53-debug: [Build Memory track]: Fill script data to settings start:223.47MB, end 223.50MB, increase: 32.71KB
9-6-2026 18:13:53-debug: Sort some build options to settings.json start, progress: 13%
9-6-2026 18:13:53-debug: // ---- build task Sort some build options to settings.json ----
9-6-2026 18:13:53-debug: // ---- build task Sort some build options to settings.json ---- (10ms)
9-6-2026 18:13:53-log: run build task Sort some build options to settings.json success in 10 ms√, progress: 15%
9-6-2026 18:13:53-debug: [Build Memory track]: Sort some build options to settings.json start:223.54MB, end 223.67MB, increase: 137.63KB
9-6-2026 19:05:19-debug: refresh db internal success
9-6-2026 19:05:19-debug: refresh db assets success
9-6-2026 19:05:19-debug: Run asset db hook engine-extends:afterRefresh ...
9-6-2026 19:05:19-debug: Run asset db hook engine-extends:afterRefresh success!
9-6-2026 19:05:19-debug: asset-db:refresh-all-database (104ms)
9-6-2026 19:05:19-debug: asset-db:worker-effect-data-processing (3ms)
9-6-2026 19:05:19-debug: asset-db-hook-engine-extends-afterRefresh (3ms)
9-6-2026 19:06:05-debug: refresh db internal success
9-6-2026 19:06:05-debug: Run asset db hook engine-extends:afterRefresh success!
9-6-2026 19:06:05-debug: Run asset db hook engine-extends:afterRefresh ...
9-6-2026 19:06:05-debug: refresh db assets success
9-6-2026 19:06:05-debug: asset-db:refresh-all-database (85ms)
9-6-2026 19:06:05-debug: asset-db:worker-effect-data-processing (5ms)
9-6-2026 19:06:05-debug: asset-db-hook-engine-extends-afterRefresh (5ms)
9-6-2026 19:08:53-debug: refresh db internal success
9-6-2026 19:08:53-debug: refresh db assets success
9-6-2026 19:08:53-debug: Run asset db hook engine-extends:afterRefresh ...
9-6-2026 19:08:53-debug: Run asset db hook engine-extends:afterRefresh success!
9-6-2026 19:08:53-debug: asset-db:refresh-all-database (72ms)
9-6-2026 19:08:53-debug: asset-db:worker-effect-data-processing (2ms)
9-6-2026 19:08:53-debug: asset-db-hook-engine-extends-afterRefresh (2ms)
