9-6-2026 17:59:05-log: Cannot access game frame or container.
9-6-2026 17:59:06-debug: asset-db:require-engine-code (1797ms)
9-6-2026 17:59:06-log: meshopt wasm decoder initialized
9-6-2026 17:59:06-log: [box2d]:box2d wasm lib loaded.
9-6-2026 17:59:06-log: [bullet]:bullet wasm lib loaded.
9-6-2026 17:59:06-log: Cocos Creator v3.8.8
9-6-2026 17:59:06-log: Using legacy pipeline
9-6-2026 17:59:06-log: Forward render pipeline initialized.
9-6-2026 17:59:06-debug: [Assets Memory track]: asset-db:worker-init: initEngine start:31.54MB, end 79.10MB, increase: 47.56MB
9-6-2026 17:59:09-debug: [Assets Memory track]: asset-db:worker-init: initPlugin start:79.15MB, end 221.55MB, increase: 142.40MB
9-6-2026 17:59:09-debug: asset-db:worker-init: initPlugin (3298ms)
9-6-2026 17:59:09-debug: Run asset db hook programming:beforePreStart ...
9-6-2026 17:59:09-debug: [Assets Memory track]: asset-db:worker-init start:31.53MB, end 221.66MB, increase: 190.13MB
9-6-2026 17:59:09-debug: Run asset db hook programming:beforePreStart success!
9-6-2026 17:59:09-debug: Run asset db hook engine-extends:beforePreStart ...
9-6-2026 17:59:09-debug: Run asset db hook engine-extends:beforePreStart success!
9-6-2026 17:59:09-debug: asset-db:worker-init (5425ms)
9-6-2026 17:59:09-debug: asset-db-hook-programming-beforePreStart (160ms)
9-6-2026 17:59:09-debug: asset-db-hook-engine-extends-beforePreStart (159ms)
9-6-2026 17:59:09-debug: Preimport db internal success
9-6-2026 17:59:09-debug: Preimport db assets success
9-6-2026 17:59:09-debug: Run asset db hook programming:afterPreStart ...
9-6-2026 17:59:09-debug: starting packer-driver...
9-6-2026 17:59:13-debug: initialize scripting environment...
9-6-2026 17:59:13-debug: [[Executor]] prepare before lock
9-6-2026 17:59:13-debug: Set detail map pack:///resolution-detail-map.json: {}
9-6-2026 17:59:13-debug: [[Executor]] prepare after unlock
9-6-2026 17:59:13-debug: Run asset db hook programming:afterPreStart success!
9-6-2026 17:59:13-debug: Run asset db hook engine-extends:afterPreStart ...
9-6-2026 17:59:13-debug: Run asset db hook engine-extends:afterPreStart success!
9-6-2026 17:59:13-debug: Start up the 'internal' database...
9-6-2026 17:59:14-debug: asset-db-hook-programming-afterPreStart (4194ms)
9-6-2026 17:59:14-debug: asset-db:worker-effect-data-processing (571ms)
9-6-2026 17:59:14-debug: asset-db-hook-engine-extends-afterPreStart (571ms)
9-6-2026 17:59:14-debug: Run asset db hook engine-extends:afterStartDB ...
9-6-2026 17:59:14-debug: recompile effect.bin success
9-6-2026 17:59:14-debug: Run asset db hook engine-extends:afterStartDB success!
9-6-2026 17:59:14-debug: Start up the 'assets' database...
9-6-2026 17:59:14-debug: asset-db:worker-effect-data-processing (576ms)
9-6-2026 17:59:14-debug: asset-db-hook-engine-extends-afterStartDB (577ms)
9-6-2026 17:59:14-debug: Run asset db hook engine-extends:afterStartDB ...
9-6-2026 17:59:15-debug: recompile effect.bin success
9-6-2026 17:59:15-debug: Run asset db hook engine-extends:afterStartDB success!
9-6-2026 17:59:15-debug: lazy register asset handler *
9-6-2026 17:59:15-debug: [Assets Memory track]: asset-db:worker-init: startup start:222.18MB, end 237.98MB, increase: 15.81MB
9-6-2026 17:59:15-debug: lazy register asset handler directory
9-6-2026 17:59:15-debug: lazy register asset handler text
9-6-2026 17:59:15-debug: lazy register asset handler spine-data
9-6-2026 17:59:15-debug: lazy register asset handler dragonbones
9-6-2026 17:59:15-debug: lazy register asset handler dragonbones-atlas
9-6-2026 17:59:15-debug: lazy register asset handler javascript
9-6-2026 17:59:15-debug: lazy register asset handler terrain
9-6-2026 17:59:15-debug: lazy register asset handler scene
9-6-2026 17:59:15-debug: lazy register asset handler typescript
9-6-2026 17:59:15-debug: lazy register asset handler json
9-6-2026 17:59:15-debug: lazy register asset handler prefab
9-6-2026 17:59:15-debug: lazy register asset handler sprite-frame
9-6-2026 17:59:15-debug: lazy register asset handler buffer
9-6-2026 17:59:15-debug: lazy register asset handler tiled-map
9-6-2026 17:59:15-debug: lazy register asset handler sign-image
9-6-2026 17:59:15-debug: lazy register asset handler alpha-image
9-6-2026 17:59:15-debug: lazy register asset handler texture-cube
9-6-2026 17:59:15-debug: lazy register asset handler texture
9-6-2026 17:59:15-debug: lazy register asset handler erp-texture-cube
9-6-2026 17:59:15-debug: lazy register asset handler texture-cube-face
9-6-2026 17:59:15-debug: lazy register asset handler render-texture
9-6-2026 17:59:15-debug: lazy register asset handler rt-sprite-frame
9-6-2026 17:59:15-debug: lazy register asset handler gltf-mesh
9-6-2026 17:59:15-debug: lazy register asset handler gltf
9-6-2026 17:59:15-debug: lazy register asset handler image
9-6-2026 17:59:15-debug: lazy register asset handler gltf-skeleton
9-6-2026 17:59:15-debug: lazy register asset handler gltf-animation
9-6-2026 17:59:15-debug: lazy register asset handler gltf-embeded-image
9-6-2026 17:59:15-debug: lazy register asset handler gltf-scene
9-6-2026 17:59:15-debug: lazy register asset handler gltf-material
9-6-2026 17:59:15-debug: lazy register asset handler material
9-6-2026 17:59:15-debug: lazy register asset handler physics-material
9-6-2026 17:59:15-debug: lazy register asset handler effect-header
9-6-2026 17:59:15-debug: lazy register asset handler effect
9-6-2026 17:59:15-debug: lazy register asset handler fbx
9-6-2026 17:59:15-debug: lazy register asset handler audio-clip
9-6-2026 17:59:15-debug: lazy register asset handler animation-graph
9-6-2026 17:59:15-debug: lazy register asset handler animation-graph-variant
9-6-2026 17:59:15-debug: lazy register asset handler animation-mask
9-6-2026 17:59:15-debug: lazy register asset handler bitmap-font
9-6-2026 17:59:15-debug: lazy register asset handler animation-clip
9-6-2026 17:59:15-debug: lazy register asset handler particle
9-6-2026 17:59:15-debug: lazy register asset handler sprite-atlas
9-6-2026 17:59:15-debug: lazy register asset handler auto-atlas
9-6-2026 17:59:15-debug: lazy register asset handler label-atlas
9-6-2026 17:59:15-debug: lazy register asset handler render-pipeline
9-6-2026 17:59:15-debug: lazy register asset handler ttf-font
9-6-2026 17:59:15-debug: lazy register asset handler render-flow
9-6-2026 17:59:15-debug: lazy register asset handler instantiation-material
9-6-2026 17:59:15-debug: lazy register asset handler instantiation-skeleton
9-6-2026 17:59:15-debug: lazy register asset handler render-stage
9-6-2026 17:59:15-debug: lazy register asset handler instantiation-mesh
9-6-2026 17:59:15-debug: lazy register asset handler instantiation-animation
9-6-2026 17:59:15-debug: lazy register asset handler video-clip
9-6-2026 17:59:15-debug: asset-db:worker-effect-data-processing (579ms)
9-6-2026 17:59:15-debug: asset-db-hook-engine-extends-afterStartDB (580ms)
9-6-2026 17:59:15-debug: asset-db:start-database (5710ms)
9-6-2026 17:59:15-debug: asset-db:ready (14676ms)
9-6-2026 17:59:15-debug: init worker message success
9-6-2026 17:59:15-debug: programming:execute-script (7ms)
9-6-2026 17:59:15-debug: [Build Memory track]: builder:worker-init start:242.06MB, end 250.12MB, increase: 8.06MB
9-6-2026 17:59:16-debug: builder:worker-init (574ms)
9-6-2026 18:00:10-debug: refresh db internal success
9-6-2026 18:00:10-debug: refresh db assets success
9-6-2026 18:00:10-debug: Run asset db hook engine-extends:afterRefresh ...
9-6-2026 18:00:10-debug: Run asset db hook engine-extends:afterRefresh success!
9-6-2026 18:00:10-debug: asset-db:worker-effect-data-processing (1ms)
9-6-2026 18:00:10-debug: asset-db:refresh-all-database (91ms)
9-6-2026 18:00:10-debug: asset-db-hook-engine-extends-afterRefresh (1ms)
9-6-2026 18:00:12-debug: %cImport%c: F:\Github\BattleGame\assets\Battle.scenebackground: #aaff85; color: #000;color: #000;
9-6-2026 18:00:12-debug: asset-db:reimport-asset1effe86e-a401-4769-9dbc-62218c68834d (24ms)
9-6-2026 18:00:21-debug: refresh db internal success
9-6-2026 18:00:21-debug: refresh db assets success
9-6-2026 18:00:21-debug: Run asset db hook engine-extends:afterRefresh ...
9-6-2026 18:00:21-debug: Run asset db hook engine-extends:afterRefresh success!
9-6-2026 18:00:21-debug: asset-db:refresh-all-database (73ms)
9-6-2026 18:00:21-debug: asset-db:worker-effect-data-processing (2ms)
9-6-2026 18:00:21-debug: asset-db-hook-engine-extends-afterRefresh (2ms)
9-6-2026 18:00:26-debug: Query all assets info in project
9-6-2026 18:00:26-debug: init custom config: keepNodeUuid: false, useCache: true
9-6-2026 18:00:26-debug: Skip compress image, progress: 0%
9-6-2026 18:00:26-debug: Init all bundles start..., progress: 0%
9-6-2026 18:00:26-debug: Num of bundles: 2..., progress: 0%
9-6-2026 18:00:26-debug: Query asset bundle start, progress: 0%
9-6-2026 18:00:26-debug: // ---- build task Query asset bundle ----
9-6-2026 18:00:26-debug: Init bundle root assets start..., progress: 0%
9-6-2026 18:00:26-debug: Query preload assets/scripts from cc.config.json: 60f7195c-ec2a-45eb-ba94-8955f60e81d0,1c02ae6f-4492-4915-b8f8-7492a3b1e4cd,810e96e4-e456-4468-9b59-f4e8f39732c0,efe8e2a3-eace-427b-b4f1-cb8a937ec77d,e9aa9a3e-5b2b-4ac7-a2c7-073de2b2b24f,8bbdbcdd-5cd4-4100-b6d5-b7c9625b6107,50f4348b-c883-4e2f-8f11-ce233b859fa1,fda095cb-831d-4601-ad94-846013963de8,f92806d7-1768-443f-afe8-12bcde84d0f0,dd3a144d-ab7f-41f0-82b8-2e43a090d496,f0416e68-0200-4b77-a926-4f9d16e494da,511d2633-09a7-4bdd-ac42-f778032124b3,5d45aa00-e064-4938-b314-4265f0c2258c,9361fd90-ba52-4f84-aa93-6e878fd576ca,970b0598-bcb0-4714-91fb-2e81440dccd8,bcd64cc6-2dd9-43f6-abbe-66318d332032,d930590d-bb92-4cc8-8bd1-23cd027f9edf,a3cd009f-0ab0-420d-9278-b9fdab939bbc,6a2d0734-bd9e-4ddf-946e-caa52498cb75,d9937e59-61fe-4ec6-92ab-7ac5a19c89b0,d1346436-ac96-4271-b863-1f4fdead95b0,971bdb23-3ff6-43eb-b422-1c30165a3663,17debcc3-0a6b-4b8a-b00b-dc58b885581e,711ebe11-f673-4cd9-9a83-63c60ba54c5b,c0143906-9aed-447e-9436-2ae8512d1b6e,14da1725-c4c2-42b4-ab08-ee0aeb6898b3,081cab31-dccd-428e-8652-f2404cc81c47,78e0584a-4343-4727-8f37-e14e65c2a2db,871c3b6c-7379-419d-bda3-794b239ab90d,ff9b0199-ce04-4cfe-86cc-6c719f08d6e4,de1c2107-70c8-4021-8459-6399f24d01c6,cbf30902-517f-40dc-af90-a550bac27cf1,5c601d96-e4c7-4698-991b-7ee674b11079
9-6-2026 18:00:26-debug:   Number of all scenes: 1
9-6-2026 18:00:26-debug:   Number of all scripts: 42
9-6-2026 18:00:26-debug:   Number of other assets: 486
9-6-2026 18:00:26-debug: Init bundle root assets success..., progress: 0%
9-6-2026 18:00:26-debug: // ---- build task Query asset bundle ---- (21ms)
9-6-2026 18:00:26-debug: [Build Memory track]: Query asset bundle start:225.63MB, end 225.64MB, increase: 9.21KB
9-6-2026 18:00:26-log: run build task Query asset bundle success in 21 ms√, progress: 5%
9-6-2026 18:00:26-debug: // ---- build task Query asset bundle ----
9-6-2026 18:00:26-debug: Query asset bundle start, progress: 5%
9-6-2026 18:00:26-debug: // ---- build task Query asset bundle ---- (6ms)
9-6-2026 18:00:26-log: run build task Query asset bundle success in 6 ms√, progress: 10%
9-6-2026 18:00:26-debug: [Build Memory track]: Query asset bundle start:225.68MB, end 225.85MB, increase: 173.50KB
9-6-2026 18:00:26-debug: // ---- build task Sort some build options to settings.json ----
9-6-2026 18:00:26-debug: Sort some build options to settings.json start, progress: 10%
9-6-2026 18:00:26-debug: // ---- build task Sort some build options to settings.json ---- (2ms)
9-6-2026 18:00:26-log: run build task Sort some build options to settings.json success in 2 ms√, progress: 12%
9-6-2026 18:00:26-debug: Fill script data to settings start, progress: 12%
9-6-2026 18:00:26-debug: // ---- build task Fill script data to settings ----
9-6-2026 18:00:26-debug: [Build Memory track]: Sort some build options to settings.json start:225.89MB, end 225.92MB, increase: 33.75KB
9-6-2026 18:00:26-debug: // ---- build task Fill script data to settings ---- (4ms)
9-6-2026 18:00:26-log: run build task Fill script data to settings success in 4 ms√, progress: 13%
9-6-2026 18:00:26-debug: [Build Memory track]: Fill script data to settings start:225.97MB, end 225.30MB, increase: -681.61KB
9-6-2026 18:00:26-debug: Sort some build options to settings.json start, progress: 13%
9-6-2026 18:00:26-debug: // ---- build task Sort some build options to settings.json ----
9-6-2026 18:00:26-debug: // ---- build task Sort some build options to settings.json ---- (8ms)
9-6-2026 18:00:26-log: run build task Sort some build options to settings.json success in 8 ms√, progress: 15%
9-6-2026 18:00:26-debug: [Build Memory track]: Sort some build options to settings.json start:225.34MB, end 225.49MB, increase: 145.27KB
9-6-2026 18:00:38-debug: Query all assets info in project
9-6-2026 18:00:38-debug: init custom config: keepNodeUuid: false, useCache: true
9-6-2026 18:00:38-debug: Skip compress image, progress: 0%
9-6-2026 18:00:38-debug: Init all bundles start..., progress: 0%
9-6-2026 18:00:38-debug: Query asset bundle start, progress: 0%
9-6-2026 18:00:38-debug: Init bundle root assets start..., progress: 0%
9-6-2026 18:00:38-debug: // ---- build task Query asset bundle ----
9-6-2026 18:00:38-debug: Num of bundles: 2..., progress: 0%
9-6-2026 18:00:38-debug: Query preload assets/scripts from cc.config.json: 60f7195c-ec2a-45eb-ba94-8955f60e81d0,1c02ae6f-4492-4915-b8f8-7492a3b1e4cd,810e96e4-e456-4468-9b59-f4e8f39732c0,efe8e2a3-eace-427b-b4f1-cb8a937ec77d,e9aa9a3e-5b2b-4ac7-a2c7-073de2b2b24f,8bbdbcdd-5cd4-4100-b6d5-b7c9625b6107,50f4348b-c883-4e2f-8f11-ce233b859fa1,fda095cb-831d-4601-ad94-846013963de8,f92806d7-1768-443f-afe8-12bcde84d0f0,dd3a144d-ab7f-41f0-82b8-2e43a090d496,f0416e68-0200-4b77-a926-4f9d16e494da,511d2633-09a7-4bdd-ac42-f778032124b3,5d45aa00-e064-4938-b314-4265f0c2258c,9361fd90-ba52-4f84-aa93-6e878fd576ca,970b0598-bcb0-4714-91fb-2e81440dccd8,bcd64cc6-2dd9-43f6-abbe-66318d332032,d930590d-bb92-4cc8-8bd1-23cd027f9edf,a3cd009f-0ab0-420d-9278-b9fdab939bbc,6a2d0734-bd9e-4ddf-946e-caa52498cb75,d9937e59-61fe-4ec6-92ab-7ac5a19c89b0,d1346436-ac96-4271-b863-1f4fdead95b0,971bdb23-3ff6-43eb-b422-1c30165a3663,17debcc3-0a6b-4b8a-b00b-dc58b885581e,711ebe11-f673-4cd9-9a83-63c60ba54c5b,c0143906-9aed-447e-9436-2ae8512d1b6e,14da1725-c4c2-42b4-ab08-ee0aeb6898b3,081cab31-dccd-428e-8652-f2404cc81c47,78e0584a-4343-4727-8f37-e14e65c2a2db,871c3b6c-7379-419d-bda3-794b239ab90d,ff9b0199-ce04-4cfe-86cc-6c719f08d6e4,de1c2107-70c8-4021-8459-6399f24d01c6,cbf30902-517f-40dc-af90-a550bac27cf1,5c601d96-e4c7-4698-991b-7ee674b11079
9-6-2026 18:00:38-debug:   Number of all scenes: 1
9-6-2026 18:00:38-debug:   Number of all scripts: 42
9-6-2026 18:00:38-debug: Init bundle root assets success..., progress: 0%
9-6-2026 18:00:38-debug:   Number of other assets: 486
9-6-2026 18:00:38-debug: // ---- build task Query asset bundle ---- (13ms)
9-6-2026 18:00:38-log: run build task Query asset bundle success in 13 ms√, progress: 5%
9-6-2026 18:00:38-debug: [Build Memory track]: Query asset bundle start:226.16MB, end 226.09MB, increase: -69.52KB
9-6-2026 18:00:38-debug: Query asset bundle start, progress: 5%
9-6-2026 18:00:38-debug: // ---- build task Query asset bundle ----
9-6-2026 18:00:38-debug: // ---- build task Query asset bundle ---- (9ms)
9-6-2026 18:00:38-log: run build task Query asset bundle success in 9 ms√, progress: 10%
9-6-2026 18:00:38-debug: [Build Memory track]: Query asset bundle start:226.13MB, end 225.55MB, increase: -589.79KB
9-6-2026 18:00:38-debug: Sort some build options to settings.json start, progress: 10%
9-6-2026 18:00:38-debug: // ---- build task Sort some build options to settings.json ----
9-6-2026 18:00:38-debug: // ---- build task Sort some build options to settings.json ---- (2ms)
9-6-2026 18:00:38-log: run build task Sort some build options to settings.json success in 2 ms√, progress: 12%
9-6-2026 18:00:38-debug: [Build Memory track]: Sort some build options to settings.json start:225.60MB, end 225.64MB, increase: 36.26KB
9-6-2026 18:00:38-debug: Fill script data to settings start, progress: 12%
9-6-2026 18:00:38-debug: // ---- build task Fill script data to settings ----
9-6-2026 18:00:38-debug: // ---- build task Fill script data to settings ---- (3ms)
9-6-2026 18:00:38-log: run build task Fill script data to settings success in 3 ms√, progress: 13%
9-6-2026 18:00:38-debug: [Build Memory track]: Fill script data to settings start:225.67MB, end 225.71MB, increase: 39.04KB
9-6-2026 18:00:38-debug: Sort some build options to settings.json start, progress: 13%
9-6-2026 18:00:38-debug: // ---- build task Sort some build options to settings.json ----
9-6-2026 18:00:38-debug: // ---- build task Sort some build options to settings.json ---- (21ms)
9-6-2026 18:00:38-debug: [Build Memory track]: Sort some build options to settings.json start:225.75MB, end 225.89MB, increase: 141.51KB
9-6-2026 18:00:38-log: run build task Sort some build options to settings.json success in 21 ms√, progress: 15%
9-6-2026 18:00:43-debug: refresh db internal success
9-6-2026 18:00:43-debug: Run asset db hook engine-extends:afterRefresh ...
9-6-2026 18:00:43-debug: Run asset db hook engine-extends:afterRefresh success!
9-6-2026 18:00:43-debug: refresh db assets success
9-6-2026 18:00:43-debug: asset-db:refresh-all-database (78ms)
9-6-2026 18:00:43-debug: asset-db:worker-effect-data-processing (1ms)
9-6-2026 18:00:43-debug: asset-db-hook-engine-extends-afterRefresh (2ms)
