9-8-2026 00:58:27-log: Cannot access game frame or container.
9-8-2026 00:58:28-debug: asset-db:require-engine-code (1987ms)
9-8-2026 00:58:28-log: meshopt wasm decoder initialized
9-8-2026 00:58:28-log: [bullet]:bullet wasm lib loaded.
9-8-2026 00:58:28-log: [box2d]:box2d wasm lib loaded.
9-8-2026 00:58:28-log: Forward render pipeline initialized.
9-8-2026 00:58:28-debug: [Assets Memory track]: asset-db:worker-init: initEngine start:28.32MB, end 79.02MB, increase: 50.70MB
9-8-2026 00:58:28-log: Cocos Creator v3.8.8
9-8-2026 00:58:28-log: Using legacy pipeline
9-8-2026 00:58:32-debug: [Assets Memory track]: asset-db:worker-init: initPlugin start:79.06MB, end 274.06MB, increase: 195.00MB
9-8-2026 00:58:32-debug: asset-db:worker-init: initPlugin (3671ms)
9-8-2026 00:58:32-debug: [Assets Memory track]: asset-db:worker-init start:28.31MB, end 274.17MB, increase: 245.86MB
9-8-2026 00:58:32-debug: Run asset db hook programming:beforePreStart ...
9-8-2026 00:58:32-debug: Run asset db hook programming:beforePreStart success!
9-8-2026 00:58:32-debug: Run asset db hook engine-extends:beforePreStart ...
9-8-2026 00:58:32-debug: Run asset db hook engine-extends:beforePreStart success!
9-8-2026 00:58:35-debug: asset-db-hook-programming-beforePreStart (3052ms)
9-8-2026 00:58:35-debug: asset-db:worker-init (9035ms)
9-8-2026 00:58:35-debug: asset-db-hook-engine-extends-beforePreStart (3051ms)
9-8-2026 00:58:36-debug: Preimport db internal success
9-8-2026 00:58:36-debug: Preimport db assets success
9-8-2026 00:58:36-debug: Run asset db hook programming:afterPreStart ...
9-8-2026 00:58:36-debug: starting packer-driver...
9-8-2026 00:58:40-debug: initialize scripting environment...
9-8-2026 00:58:40-debug: [[Executor]] prepare before lock
9-8-2026 00:58:41-debug: Set detail map pack:///resolution-detail-map.json: {}
9-8-2026 00:58:41-debug: [[Executor]] prepare after unlock
9-8-2026 00:58:41-debug: Run asset db hook programming:afterPreStart success!
9-8-2026 00:58:41-debug: Run asset db hook engine-extends:afterPreStart success!
9-8-2026 00:58:41-debug: Run asset db hook engine-extends:afterPreStart ...
9-8-2026 00:58:41-debug: Start up the 'internal' database...
9-8-2026 00:58:43-debug: asset-db-hook-programming-afterPreStart (6121ms)
9-8-2026 00:58:43-debug: asset-db-hook-engine-extends-afterPreStart (2090ms)
9-8-2026 00:58:43-debug: asset-db:worker-effect-data-processing (2088ms)
9-8-2026 00:58:43-debug: Run asset db hook engine-extends:afterStartDB ...
9-8-2026 00:58:45-debug: recompile effect.bin success
9-8-2026 00:58:45-debug: Run asset db hook engine-extends:afterStartDB success!
9-8-2026 00:58:45-debug: Start up the 'assets' database...
9-8-2026 00:58:45-debug: asset-db:worker-effect-data-processing (2382ms)
9-8-2026 00:58:45-debug: asset-db-hook-engine-extends-afterStartDB (2383ms)
9-8-2026 00:58:45-debug: Run asset db hook engine-extends:afterStartDB ...
9-8-2026 00:58:46-debug: recompile effect.bin success
9-8-2026 00:58:46-debug: Run asset db hook engine-extends:afterStartDB success!
9-8-2026 00:58:46-debug: lazy register asset handler *
9-8-2026 00:58:46-debug: lazy register asset handler directory
9-8-2026 00:58:46-debug: lazy register asset handler spine-data
9-8-2026 00:58:46-debug: lazy register asset handler text
9-8-2026 00:58:46-debug: lazy register asset handler dragonbones
9-8-2026 00:58:46-debug: lazy register asset handler dragonbones-atlas
9-8-2026 00:58:46-debug: lazy register asset handler terrain
9-8-2026 00:58:46-debug: lazy register asset handler json
9-8-2026 00:58:46-debug: lazy register asset handler javascript
9-8-2026 00:58:46-debug: lazy register asset handler typescript
9-8-2026 00:58:46-debug: lazy register asset handler prefab
9-8-2026 00:58:46-debug: lazy register asset handler sprite-frame
9-8-2026 00:58:46-debug: lazy register asset handler buffer
9-8-2026 00:58:46-debug: lazy register asset handler tiled-map
9-8-2026 00:58:46-debug: lazy register asset handler image
9-8-2026 00:58:46-debug: lazy register asset handler scene
9-8-2026 00:58:46-debug: lazy register asset handler sign-image
9-8-2026 00:58:46-debug: lazy register asset handler texture-cube
9-8-2026 00:58:46-debug: lazy register asset handler erp-texture-cube
9-8-2026 00:58:46-debug: lazy register asset handler render-texture
9-8-2026 00:58:46-debug: lazy register asset handler texture
9-8-2026 00:58:46-debug: lazy register asset handler alpha-image
9-8-2026 00:58:46-debug: lazy register asset handler texture-cube-face
9-8-2026 00:58:46-debug: lazy register asset handler rt-sprite-frame
9-8-2026 00:58:46-debug: lazy register asset handler gltf-mesh
9-8-2026 00:58:46-debug: lazy register asset handler gltf
9-8-2026 00:58:46-debug: lazy register asset handler gltf-animation
9-8-2026 00:58:46-debug: lazy register asset handler gltf-material
9-8-2026 00:58:46-debug: lazy register asset handler gltf-embeded-image
9-8-2026 00:58:46-debug: lazy register asset handler gltf-skeleton
9-8-2026 00:58:46-debug: lazy register asset handler fbx
9-8-2026 00:58:46-debug: lazy register asset handler gltf-scene
9-8-2026 00:58:46-debug: lazy register asset handler physics-material
9-8-2026 00:58:46-debug: lazy register asset handler effect-header
9-8-2026 00:58:46-debug: lazy register asset handler material
9-8-2026 00:58:46-debug: lazy register asset handler audio-clip
9-8-2026 00:58:46-debug: lazy register asset handler animation-clip
9-8-2026 00:58:46-debug: lazy register asset handler animation-graph
9-8-2026 00:58:46-debug: lazy register asset handler animation-graph-variant
9-8-2026 00:58:46-debug: lazy register asset handler ttf-font
9-8-2026 00:58:46-debug: lazy register asset handler animation-mask
9-8-2026 00:58:46-debug: lazy register asset handler particle
9-8-2026 00:58:46-debug: lazy register asset handler bitmap-font
9-8-2026 00:58:46-debug: lazy register asset handler sprite-atlas
9-8-2026 00:58:46-debug: lazy register asset handler auto-atlas
9-8-2026 00:58:46-debug: lazy register asset handler effect
9-8-2026 00:58:46-debug: lazy register asset handler label-atlas
9-8-2026 00:58:46-debug: lazy register asset handler render-stage
9-8-2026 00:58:46-debug: lazy register asset handler instantiation-material
9-8-2026 00:58:46-debug: lazy register asset handler render-flow
9-8-2026 00:58:46-debug: lazy register asset handler instantiation-mesh
9-8-2026 00:58:46-debug: lazy register asset handler instantiation-skeleton
9-8-2026 00:58:46-debug: lazy register asset handler instantiation-animation
9-8-2026 00:58:46-debug: lazy register asset handler render-pipeline
9-8-2026 00:58:46-debug: lazy register asset handler video-clip
9-8-2026 00:58:46-debug: asset-db-hook-engine-extends-afterStartDB (627ms)
9-8-2026 00:58:46-debug: asset-db:start-database (14190ms)
9-8-2026 00:58:46-debug: asset-db:worker-effect-data-processing (627ms)
9-8-2026 00:58:46-debug: asset-db:ready (27248ms)
9-8-2026 00:58:46-debug: init worker message success
9-8-2026 00:58:46-debug: programming:execute-script (16ms)
9-8-2026 00:58:47-debug: [Build Memory track]: builder:worker-init start:221.60MB, end 229.32MB, increase: 7.72MB
9-8-2026 00:58:47-debug: builder:worker-init (757ms)
9-8-2026 00:58:52-debug: refresh db internal success
9-8-2026 00:58:52-debug: refresh db assets success
9-8-2026 00:58:52-debug: Run asset db hook engine-extends:afterRefresh ...
9-8-2026 00:58:52-debug: Run asset db hook engine-extends:afterRefresh success!
9-8-2026 00:58:52-debug: asset-db:refresh-all-database (94ms)
9-8-2026 00:58:52-debug: asset-db:worker-effect-data-processing (4ms)
9-8-2026 00:58:52-debug: asset-db-hook-engine-extends-afterRefresh (4ms)
9-8-2026 00:58:58-debug: Query all assets info in project
9-8-2026 00:58:58-debug: init custom config: keepNodeUuid: false, useCache: true
9-8-2026 00:58:58-debug: Skip compress image, progress: 0%
9-8-2026 00:58:58-debug: Init all bundles start..., progress: 0%
9-8-2026 00:58:58-debug: // ---- build task Query asset bundle ----
9-8-2026 00:58:58-debug: Num of bundles: 2..., progress: 0%
9-8-2026 00:58:58-debug: Query asset bundle start, progress: 0%
9-8-2026 00:58:58-debug: Init bundle root assets start..., progress: 0%
9-8-2026 00:58:58-debug: Query preload assets/scripts from cc.config.json: 60f7195c-ec2a-45eb-ba94-8955f60e81d0,1c02ae6f-4492-4915-b8f8-7492a3b1e4cd,810e96e4-e456-4468-9b59-f4e8f39732c0,efe8e2a3-eace-427b-b4f1-cb8a937ec77d,e9aa9a3e-5b2b-4ac7-a2c7-073de2b2b24f,8bbdbcdd-5cd4-4100-b6d5-b7c9625b6107,50f4348b-c883-4e2f-8f11-ce233b859fa1,fda095cb-831d-4601-ad94-846013963de8,f92806d7-1768-443f-afe8-12bcde84d0f0,dd3a144d-ab7f-41f0-82b8-2e43a090d496,f0416e68-0200-4b77-a926-4f9d16e494da,511d2633-09a7-4bdd-ac42-f778032124b3,5d45aa00-e064-4938-b314-4265f0c2258c,9361fd90-ba52-4f84-aa93-6e878fd576ca,970b0598-bcb0-4714-91fb-2e81440dccd8,bcd64cc6-2dd9-43f6-abbe-66318d332032,d930590d-bb92-4cc8-8bd1-23cd027f9edf,a3cd009f-0ab0-420d-9278-b9fdab939bbc,6a2d0734-bd9e-4ddf-946e-caa52498cb75,d9937e59-61fe-4ec6-92ab-7ac5a19c89b0,d1346436-ac96-4271-b863-1f4fdead95b0,971bdb23-3ff6-43eb-b422-1c30165a3663,17debcc3-0a6b-4b8a-b00b-dc58b885581e,711ebe11-f673-4cd9-9a83-63c60ba54c5b,c0143906-9aed-447e-9436-2ae8512d1b6e,14da1725-c4c2-42b4-ab08-ee0aeb6898b3,081cab31-dccd-428e-8652-f2404cc81c47,78e0584a-4343-4727-8f37-e14e65c2a2db,871c3b6c-7379-419d-bda3-794b239ab90d,ff9b0199-ce04-4cfe-86cc-6c719f08d6e4,de1c2107-70c8-4021-8459-6399f24d01c6,cbf30902-517f-40dc-af90-a550bac27cf1,5c601d96-e4c7-4698-991b-7ee674b11079
9-8-2026 00:58:58-debug:   Number of all scenes: 1
9-8-2026 00:58:58-debug: Init bundle root assets success..., progress: 0%
9-8-2026 00:58:58-debug:   Number of all scripts: 42
9-8-2026 00:58:58-debug:   Number of other assets: 486
9-8-2026 00:58:58-debug: // ---- build task Query asset bundle ---- (17ms)
9-8-2026 00:58:58-log: run build task Query asset bundle success in 17 ms√, progress: 5%
9-8-2026 00:58:58-debug: [Build Memory track]: Query asset bundle start:221.54MB, end 221.58MB, increase: 33.11KB
9-8-2026 00:58:58-debug: Query asset bundle start, progress: 5%
9-8-2026 00:58:58-debug: // ---- build task Query asset bundle ----
9-8-2026 00:58:58-debug: // ---- build task Query asset bundle ---- (7ms)
9-8-2026 00:58:58-debug: [Build Memory track]: Query asset bundle start:221.62MB, end 221.79MB, increase: 174.19KB
9-8-2026 00:58:58-debug: Sort some build options to settings.json start, progress: 10%
9-8-2026 00:58:58-debug: // ---- build task Sort some build options to settings.json ----
9-8-2026 00:58:58-log: run build task Query asset bundle success in 7 ms√, progress: 10%
9-8-2026 00:58:58-debug: // ---- build task Sort some build options to settings.json ---- (3ms)
9-8-2026 00:58:58-log: run build task Sort some build options to settings.json success in 3 ms√, progress: 12%
9-8-2026 00:58:58-debug: [Build Memory track]: Sort some build options to settings.json start:221.83MB, end 221.86MB, increase: 34.02KB
9-8-2026 00:58:58-debug: // ---- build task Fill script data to settings ----
9-8-2026 00:58:58-debug: Fill script data to settings start, progress: 12%
9-8-2026 00:58:58-debug: // ---- build task Fill script data to settings ---- (3ms)
9-8-2026 00:58:58-log: run build task Fill script data to settings success in 3 ms√, progress: 13%
9-8-2026 00:58:58-debug: [Build Memory track]: Fill script data to settings start:221.90MB, end 221.93MB, increase: 33.39KB
9-8-2026 00:58:58-debug: // ---- build task Sort some build options to settings.json ----
9-8-2026 00:58:58-debug: Sort some build options to settings.json start, progress: 13%
9-8-2026 00:58:58-log: run build task Sort some build options to settings.json success in 9 ms√, progress: 15%
9-8-2026 00:58:58-debug: [Build Memory track]: Sort some build options to settings.json start:221.97MB, end 222.12MB, increase: 145.38KB
9-8-2026 00:58:58-debug: // ---- build task Sort some build options to settings.json ---- (9ms)
9-8-2026 00:59:03-debug: Query all assets info in project
9-8-2026 00:59:03-debug: init custom config: keepNodeUuid: false, useCache: true
9-8-2026 00:59:03-debug: Skip compress image, progress: 0%
9-8-2026 00:59:03-debug: Init all bundles start..., progress: 0%
9-8-2026 00:59:03-debug: // ---- build task Query asset bundle ----
9-8-2026 00:59:03-debug: Query asset bundle start, progress: 0%
9-8-2026 00:59:03-debug: Num of bundles: 2..., progress: 0%
9-8-2026 00:59:03-debug: Init bundle root assets start..., progress: 0%
9-8-2026 00:59:03-debug: Query preload assets/scripts from cc.config.json: 60f7195c-ec2a-45eb-ba94-8955f60e81d0,1c02ae6f-4492-4915-b8f8-7492a3b1e4cd,810e96e4-e456-4468-9b59-f4e8f39732c0,efe8e2a3-eace-427b-b4f1-cb8a937ec77d,e9aa9a3e-5b2b-4ac7-a2c7-073de2b2b24f,8bbdbcdd-5cd4-4100-b6d5-b7c9625b6107,50f4348b-c883-4e2f-8f11-ce233b859fa1,fda095cb-831d-4601-ad94-846013963de8,f92806d7-1768-443f-afe8-12bcde84d0f0,dd3a144d-ab7f-41f0-82b8-2e43a090d496,f0416e68-0200-4b77-a926-4f9d16e494da,511d2633-09a7-4bdd-ac42-f778032124b3,5d45aa00-e064-4938-b314-4265f0c2258c,9361fd90-ba52-4f84-aa93-6e878fd576ca,970b0598-bcb0-4714-91fb-2e81440dccd8,bcd64cc6-2dd9-43f6-abbe-66318d332032,d930590d-bb92-4cc8-8bd1-23cd027f9edf,a3cd009f-0ab0-420d-9278-b9fdab939bbc,6a2d0734-bd9e-4ddf-946e-caa52498cb75,d9937e59-61fe-4ec6-92ab-7ac5a19c89b0,d1346436-ac96-4271-b863-1f4fdead95b0,971bdb23-3ff6-43eb-b422-1c30165a3663,17debcc3-0a6b-4b8a-b00b-dc58b885581e,711ebe11-f673-4cd9-9a83-63c60ba54c5b,c0143906-9aed-447e-9436-2ae8512d1b6e,14da1725-c4c2-42b4-ab08-ee0aeb6898b3,081cab31-dccd-428e-8652-f2404cc81c47,78e0584a-4343-4727-8f37-e14e65c2a2db,871c3b6c-7379-419d-bda3-794b239ab90d,ff9b0199-ce04-4cfe-86cc-6c719f08d6e4,de1c2107-70c8-4021-8459-6399f24d01c6,cbf30902-517f-40dc-af90-a550bac27cf1,5c601d96-e4c7-4698-991b-7ee674b11079
9-8-2026 00:59:03-debug:   Number of other assets: 486
9-8-2026 00:59:03-debug:   Number of all scenes: 1
9-8-2026 00:59:03-debug: Init bundle root assets success..., progress: 0%
9-8-2026 00:59:03-debug:   Number of all scripts: 42
9-8-2026 00:59:03-debug: // ---- build task Query asset bundle ---- (17ms)
9-8-2026 00:59:03-log: run build task Query asset bundle success in 17 ms√, progress: 5%
9-8-2026 00:59:03-debug: [Build Memory track]: Query asset bundle start:222.13MB, end 221.96MB, increase: -175.13KB
9-8-2026 00:59:03-debug: Query asset bundle start, progress: 5%
9-8-2026 00:59:03-debug: // ---- build task Query asset bundle ----
9-8-2026 00:59:03-debug: // ---- build task Query asset bundle ---- (17ms)
9-8-2026 00:59:03-log: run build task Query asset bundle success in 17 ms√, progress: 10%
9-8-2026 00:59:03-debug: [Build Memory track]: Query asset bundle start:222.01MB, end 222.15MB, increase: 147.68KB
9-8-2026 00:59:03-debug: Sort some build options to settings.json start, progress: 10%
9-8-2026 00:59:03-debug: // ---- build task Sort some build options to settings.json ----
9-8-2026 00:59:03-debug: // ---- build task Sort some build options to settings.json ---- (5ms)
9-8-2026 00:59:03-debug: [Build Memory track]: Sort some build options to settings.json start:222.20MB, end 222.23MB, increase: 35.35KB
9-8-2026 00:59:03-debug: Fill script data to settings start, progress: 12%
9-8-2026 00:59:03-log: run build task Sort some build options to settings.json success in 5 ms√, progress: 12%
9-8-2026 00:59:03-debug: // ---- build task Fill script data to settings ----
9-8-2026 00:59:03-debug: // ---- build task Fill script data to settings ---- (3ms)
9-8-2026 00:59:03-log: run build task Fill script data to settings success in 3 ms√, progress: 13%
9-8-2026 00:59:03-debug: [Build Memory track]: Fill script data to settings start:222.27MB, end 222.31MB, increase: 37.43KB
9-8-2026 00:59:03-debug: Sort some build options to settings.json start, progress: 13%
9-8-2026 00:59:03-debug: // ---- build task Sort some build options to settings.json ----
9-8-2026 00:59:03-debug: // ---- build task Sort some build options to settings.json ---- (13ms)
9-8-2026 00:59:03-log: run build task Sort some build options to settings.json success in 13 ms√, progress: 15%
9-8-2026 00:59:03-debug: [Build Memory track]: Sort some build options to settings.json start:222.35MB, end 221.78MB, increase: -582.72KB
9-8-2026 01:53:55-debug: refresh db internal success
9-8-2026 01:53:55-debug: %cImport%c: F:\Github\BattleGame\assets\scripts\BattleWave.tsbackground: #aaff85; color: #000;color: #000;
9-8-2026 01:53:55-debug: refresh db assets success
9-8-2026 01:53:55-debug: Run asset db hook engine-extends:afterRefresh success!
9-8-2026 01:53:55-debug: Run asset db hook engine-extends:afterRefresh ...
9-8-2026 01:53:55-debug: asset-db:refresh-all-database (136ms)
9-8-2026 01:53:55-debug: asset-db:worker-effect-data-processing (6ms)
9-8-2026 01:53:55-debug: asset-db-hook-engine-extends-afterRefresh (7ms)
9-8-2026 01:53:58-debug: Query all assets info in project
9-8-2026 01:53:58-debug: init custom config: keepNodeUuid: false, useCache: true
9-8-2026 01:53:58-debug: Skip compress image, progress: 0%
9-8-2026 01:53:58-debug: Init all bundles start..., progress: 0%
9-8-2026 01:53:58-debug: Query asset bundle start, progress: 0%
9-8-2026 01:53:58-debug: Num of bundles: 2..., progress: 0%
9-8-2026 01:53:58-debug: Init bundle root assets start..., progress: 0%
9-8-2026 01:53:58-debug: // ---- build task Query asset bundle ----
9-8-2026 01:53:58-debug: Query preload assets/scripts from cc.config.json: 60f7195c-ec2a-45eb-ba94-8955f60e81d0,1c02ae6f-4492-4915-b8f8-7492a3b1e4cd,810e96e4-e456-4468-9b59-f4e8f39732c0,efe8e2a3-eace-427b-b4f1-cb8a937ec77d,e9aa9a3e-5b2b-4ac7-a2c7-073de2b2b24f,8bbdbcdd-5cd4-4100-b6d5-b7c9625b6107,50f4348b-c883-4e2f-8f11-ce233b859fa1,fda095cb-831d-4601-ad94-846013963de8,f92806d7-1768-443f-afe8-12bcde84d0f0,dd3a144d-ab7f-41f0-82b8-2e43a090d496,f0416e68-0200-4b77-a926-4f9d16e494da,511d2633-09a7-4bdd-ac42-f778032124b3,5d45aa00-e064-4938-b314-4265f0c2258c,9361fd90-ba52-4f84-aa93-6e878fd576ca,970b0598-bcb0-4714-91fb-2e81440dccd8,bcd64cc6-2dd9-43f6-abbe-66318d332032,d930590d-bb92-4cc8-8bd1-23cd027f9edf,a3cd009f-0ab0-420d-9278-b9fdab939bbc,6a2d0734-bd9e-4ddf-946e-caa52498cb75,d9937e59-61fe-4ec6-92ab-7ac5a19c89b0,d1346436-ac96-4271-b863-1f4fdead95b0,971bdb23-3ff6-43eb-b422-1c30165a3663,17debcc3-0a6b-4b8a-b00b-dc58b885581e,711ebe11-f673-4cd9-9a83-63c60ba54c5b,c0143906-9aed-447e-9436-2ae8512d1b6e,14da1725-c4c2-42b4-ab08-ee0aeb6898b3,081cab31-dccd-428e-8652-f2404cc81c47,78e0584a-4343-4727-8f37-e14e65c2a2db,871c3b6c-7379-419d-bda3-794b239ab90d,ff9b0199-ce04-4cfe-86cc-6c719f08d6e4,de1c2107-70c8-4021-8459-6399f24d01c6,cbf30902-517f-40dc-af90-a550bac27cf1,5c601d96-e4c7-4698-991b-7ee674b11079
9-8-2026 01:53:58-debug:   Number of all scenes: 1
9-8-2026 01:53:58-debug:   Number of all scripts: 42
9-8-2026 01:53:58-debug: Init bundle root assets success..., progress: 0%
9-8-2026 01:53:58-debug:   Number of other assets: 486
9-8-2026 01:53:58-debug: // ---- build task Query asset bundle ---- (19ms)
9-8-2026 01:53:58-debug: [Build Memory track]: Query asset bundle start:224.31MB, end 224.20MB, increase: -110.90KB
9-8-2026 01:53:58-debug: // ---- build task Query asset bundle ----
9-8-2026 01:53:58-debug: Query asset bundle start, progress: 5%
9-8-2026 01:53:58-log: run build task Query asset bundle success in 19 ms√, progress: 5%
9-8-2026 01:53:58-debug: // ---- build task Query asset bundle ---- (11ms)
9-8-2026 01:53:58-log: run build task Query asset bundle success in 11 ms√, progress: 10%
9-8-2026 01:53:58-debug: // ---- build task Sort some build options to settings.json ----
9-8-2026 01:53:58-debug: [Build Memory track]: Query asset bundle start:224.24MB, end 224.38MB, increase: 150.93KB
9-8-2026 01:53:58-debug: Sort some build options to settings.json start, progress: 10%
9-8-2026 01:53:58-debug: // ---- build task Sort some build options to settings.json ---- (6ms)
9-8-2026 01:53:58-log: run build task Sort some build options to settings.json success in 6 ms√, progress: 12%
9-8-2026 01:53:58-debug: [Build Memory track]: Sort some build options to settings.json start:224.42MB, end 224.45MB, increase: 33.14KB
9-8-2026 01:53:58-debug: // ---- build task Fill script data to settings ----
9-8-2026 01:53:58-debug: Fill script data to settings start, progress: 12%
9-8-2026 01:53:58-debug: // ---- build task Fill script data to settings ---- (5ms)
9-8-2026 01:53:58-debug: [Build Memory track]: Fill script data to settings start:224.49MB, end 224.52MB, increase: 32.67KB
9-8-2026 01:53:58-debug: // ---- build task Sort some build options to settings.json ----
9-8-2026 01:53:58-log: run build task Fill script data to settings success in 5 ms√, progress: 13%
9-8-2026 01:53:58-debug: Sort some build options to settings.json start, progress: 13%
9-8-2026 01:53:58-debug: // ---- build task Sort some build options to settings.json ---- (12ms)
9-8-2026 01:53:58-log: run build task Sort some build options to settings.json success in 12 ms√, progress: 15%
9-8-2026 01:53:58-debug: [Build Memory track]: Sort some build options to settings.json start:224.56MB, end 224.71MB, increase: 147.20KB
9-8-2026 01:53:59-debug: %cImport%c: F:\Github\BattleGame\assets\Battle.scenebackground: #aaff85; color: #000;color: #000;
9-8-2026 01:53:59-debug: asset-db:reimport-asset1effe86e-a401-4769-9dbc-62218c68834d (35ms)
9-8-2026 01:54:00-debug: Query all assets info in project
9-8-2026 01:54:00-debug: init custom config: keepNodeUuid: false, useCache: true
9-8-2026 01:54:00-debug: Skip compress image, progress: 0%
9-8-2026 01:54:00-debug: Init all bundles start..., progress: 0%
9-8-2026 01:54:00-debug: Num of bundles: 2..., progress: 0%
9-8-2026 01:54:00-debug: // ---- build task Query asset bundle ----
9-8-2026 01:54:00-debug: Query asset bundle start, progress: 0%
9-8-2026 01:54:00-debug: Init bundle root assets start..., progress: 0%
9-8-2026 01:54:00-debug: Query preload assets/scripts from cc.config.json: 60f7195c-ec2a-45eb-ba94-8955f60e81d0,1c02ae6f-4492-4915-b8f8-7492a3b1e4cd,810e96e4-e456-4468-9b59-f4e8f39732c0,efe8e2a3-eace-427b-b4f1-cb8a937ec77d,e9aa9a3e-5b2b-4ac7-a2c7-073de2b2b24f,8bbdbcdd-5cd4-4100-b6d5-b7c9625b6107,50f4348b-c883-4e2f-8f11-ce233b859fa1,fda095cb-831d-4601-ad94-846013963de8,f92806d7-1768-443f-afe8-12bcde84d0f0,dd3a144d-ab7f-41f0-82b8-2e43a090d496,f0416e68-0200-4b77-a926-4f9d16e494da,511d2633-09a7-4bdd-ac42-f778032124b3,5d45aa00-e064-4938-b314-4265f0c2258c,9361fd90-ba52-4f84-aa93-6e878fd576ca,970b0598-bcb0-4714-91fb-2e81440dccd8,bcd64cc6-2dd9-43f6-abbe-66318d332032,d930590d-bb92-4cc8-8bd1-23cd027f9edf,a3cd009f-0ab0-420d-9278-b9fdab939bbc,6a2d0734-bd9e-4ddf-946e-caa52498cb75,d9937e59-61fe-4ec6-92ab-7ac5a19c89b0,d1346436-ac96-4271-b863-1f4fdead95b0,971bdb23-3ff6-43eb-b422-1c30165a3663,17debcc3-0a6b-4b8a-b00b-dc58b885581e,711ebe11-f673-4cd9-9a83-63c60ba54c5b,c0143906-9aed-447e-9436-2ae8512d1b6e,14da1725-c4c2-42b4-ab08-ee0aeb6898b3,081cab31-dccd-428e-8652-f2404cc81c47,78e0584a-4343-4727-8f37-e14e65c2a2db,871c3b6c-7379-419d-bda3-794b239ab90d,ff9b0199-ce04-4cfe-86cc-6c719f08d6e4,de1c2107-70c8-4021-8459-6399f24d01c6,cbf30902-517f-40dc-af90-a550bac27cf1,5c601d96-e4c7-4698-991b-7ee674b11079
9-8-2026 01:54:00-debug:   Number of all scenes: 1
9-8-2026 01:54:00-debug: Init bundle root assets success..., progress: 0%
9-8-2026 01:54:00-debug:   Number of other assets: 486
9-8-2026 01:54:00-debug:   Number of all scripts: 42
9-8-2026 01:54:00-debug: // ---- build task Query asset bundle ---- (16ms)
9-8-2026 01:54:00-log: run build task Query asset bundle success in 16 ms√, progress: 5%
9-8-2026 01:54:00-debug: Query asset bundle start, progress: 5%
9-8-2026 01:54:00-debug: [Build Memory track]: Query asset bundle start:225.09MB, end 224.09MB, increase: -1024.17KB
9-8-2026 01:54:00-debug: // ---- build task Query asset bundle ----
9-8-2026 01:54:00-debug: // ---- build task Query asset bundle ---- (10ms)
9-8-2026 01:54:00-log: run build task Query asset bundle success in 10 ms√, progress: 10%
9-8-2026 01:54:00-debug: [Build Memory track]: Query asset bundle start:224.14MB, end 224.28MB, increase: 146.52KB
9-8-2026 01:54:00-debug: Sort some build options to settings.json start, progress: 10%
9-8-2026 01:54:00-debug: // ---- build task Sort some build options to settings.json ----
9-8-2026 01:54:00-debug: // ---- build task Sort some build options to settings.json ---- (2ms)
9-8-2026 01:54:00-log: run build task Sort some build options to settings.json success in 2 ms√, progress: 12%
9-8-2026 01:54:00-debug: [Build Memory track]: Sort some build options to settings.json start:224.33MB, end 224.36MB, increase: 33.21KB
9-8-2026 01:54:00-debug: Fill script data to settings start, progress: 12%
9-8-2026 01:54:00-debug: // ---- build task Fill script data to settings ----
9-8-2026 01:54:00-debug: // ---- build task Fill script data to settings ---- (6ms)
9-8-2026 01:54:00-debug: [Build Memory track]: Fill script data to settings start:224.40MB, end 224.43MB, increase: 32.57KB
9-8-2026 01:54:00-debug: // ---- build task Sort some build options to settings.json ----
9-8-2026 01:54:00-log: run build task Fill script data to settings success in 6 ms√, progress: 13%
9-8-2026 01:54:00-debug: Sort some build options to settings.json start, progress: 13%
9-8-2026 01:54:00-debug: // ---- build task Sort some build options to settings.json ---- (13ms)
9-8-2026 01:54:00-log: run build task Sort some build options to settings.json success in 13 ms√, progress: 15%
9-8-2026 01:54:00-debug: [Build Memory track]: Sort some build options to settings.json start:224.47MB, end 224.60MB, increase: 141.38KB
9-8-2026 02:43:14-debug: refresh db internal success
9-8-2026 02:43:14-debug: refresh db assets success
9-8-2026 02:43:14-debug: Run asset db hook engine-extends:afterRefresh ...
9-8-2026 02:43:14-debug: Run asset db hook engine-extends:afterRefresh success!
9-8-2026 02:43:14-debug: asset-db:refresh-all-database (134ms)
9-8-2026 02:43:14-debug: asset-db:worker-effect-data-processing (4ms)
9-8-2026 02:43:14-debug: asset-db-hook-engine-extends-afterRefresh (4ms)
9-8-2026 03:16:36-debug: refresh db internal success
9-8-2026 03:16:36-debug: refresh db assets success
9-8-2026 03:16:36-debug: Run asset db hook engine-extends:afterRefresh success!
9-8-2026 03:16:36-debug: Run asset db hook engine-extends:afterRefresh ...
9-8-2026 03:16:36-debug: asset-db:worker-effect-data-processing (1ms)
9-8-2026 03:16:36-debug: asset-db-hook-engine-extends-afterRefresh (1ms)
9-8-2026 03:16:36-debug: asset-db:refresh-all-database (93ms)
