9-9-2026 16:08:57-log: Cannot access game frame or container.
9-9-2026 16:08:57-debug: asset-db:require-engine-code (417ms)
9-9-2026 16:08:57-log: meshopt wasm decoder initialized
9-9-2026 16:08:57-log: [box2d]:box2d wasm lib loaded.
9-9-2026 16:08:57-log: [bullet]:bullet wasm lib loaded.
9-9-2026 16:08:57-log: Using legacy pipeline
9-9-2026 16:08:57-log: Forward render pipeline initialized.
9-9-2026 16:08:57-log: Cocos Creator v3.8.8
9-9-2026 16:08:57-debug: [Assets Memory track]: asset-db:worker-init: initEngine start:28.05MB, end 78.82MB, increase: 50.77MB
9-9-2026 16:08:58-debug: [Assets Memory track]: asset-db:worker-init: initPlugin start:78.86MB, end 273.88MB, increase: 195.02MB
9-9-2026 16:08:58-debug: run package(channel-upload-tools) handler(enable) start
9-9-2026 16:08:58-debug: run package(fb-instant-games) handler(enable) success!
9-9-2026 16:08:58-debug: run package(channel-upload-tools) handler(enable) success!
9-9-2026 16:08:58-debug: run package(google-play) handler(enable) start
9-9-2026 16:08:58-debug: run package(google-play) handler(enable) success!
9-9-2026 16:08:58-debug: run package(fb-instant-games) handler(enable) start
9-9-2026 16:08:58-debug: run package(harmonyos-next) handler(enable) start
9-9-2026 16:08:58-debug: run package(honor-mini-game) handler(enable) start
9-9-2026 16:08:58-debug: run package(harmonyos-next) handler(enable) success!
9-9-2026 16:08:58-debug: run package(huawei-agc) handler(enable) success!
9-9-2026 16:08:58-debug: run package(honor-mini-game) handler(enable) success!
9-9-2026 16:08:58-debug: run package(huawei-quick-game) handler(enable) success!
9-9-2026 16:08:58-debug: run package(huawei-agc) handler(enable) start
9-9-2026 16:08:58-debug: run package(linux) handler(enable) start
9-9-2026 16:08:58-debug: run package(huawei-quick-game) handler(enable) start
9-9-2026 16:08:58-debug: run package(ios) handler(enable) start
9-9-2026 16:08:58-debug: run package(ios) handler(enable) success!
9-9-2026 16:08:58-debug: run package(linux) handler(enable) success!
9-9-2026 16:08:58-debug: run package(mac) handler(enable) success!
9-9-2026 16:08:58-debug: run package(mac) handler(enable) start
9-9-2026 16:08:58-debug: run package(migu-mini-game) handler(enable) start
9-9-2026 16:08:58-debug: run package(migu-mini-game) handler(enable) success!
9-9-2026 16:08:58-debug: run package(native) handler(enable) start
9-9-2026 16:08:58-debug: run package(native) handler(enable) success!
9-9-2026 16:08:58-debug: run package(oppo-mini-game) handler(enable) start
9-9-2026 16:08:58-debug: run package(ohos) handler(enable) success!
9-9-2026 16:08:58-debug: run package(runtime-dev-tools) handler(enable) start
9-9-2026 16:08:58-debug: run package(ohos) handler(enable) start
9-9-2026 16:08:58-debug: run package(oppo-mini-game) handler(enable) success!
9-9-2026 16:08:58-debug: run package(taobao-mini-game) handler(enable) success!
9-9-2026 16:08:58-debug: run package(vivo-mini-game) handler(enable) start
9-9-2026 16:08:58-debug: run package(vivo-mini-game) handler(enable) success!
9-9-2026 16:08:58-debug: run package(web-desktop) handler(enable) start
9-9-2026 16:08:58-debug: run package(runtime-dev-tools) handler(enable) success!
9-9-2026 16:08:58-debug: run package(web-mobile) handler(enable) start
9-9-2026 16:08:58-debug: run package(taobao-mini-game) handler(enable) start
9-9-2026 16:08:58-debug: run package(wechatgame) handler(enable) start
9-9-2026 16:08:58-debug: run package(web-desktop) handler(enable) success!
9-9-2026 16:08:58-debug: run package(web-mobile) handler(enable) success!
9-9-2026 16:08:58-debug: run package(wechatgame) handler(enable) success!
9-9-2026 16:08:58-debug: run package(wechatprogram) handler(enable) success!
9-9-2026 16:08:58-debug: run package(windows) handler(enable) start
9-9-2026 16:08:58-debug: run package(wechatprogram) handler(enable) start
9-9-2026 16:08:58-debug: run package(xiaomi-quick-game) handler(enable) start
9-9-2026 16:08:58-debug: run package(xiaomi-quick-game) handler(enable) success!
9-9-2026 16:08:58-debug: run package(cocos-service) handler(enable) start
9-9-2026 16:08:58-debug: run package(cocos-service) handler(enable) success!
9-9-2026 16:08:58-debug: run package(windows) handler(enable) success!
9-9-2026 16:08:58-debug: run package(im-plugin) handler(enable) success!
9-9-2026 16:08:58-debug: run package(im-plugin) handler(enable) start
9-9-2026 16:08:58-debug: run package(placeholder) handler(enable) start
9-9-2026 16:08:58-debug: run package(placeholder) handler(enable) success!
9-9-2026 16:08:58-debug: asset-db:worker-init: initPlugin (1131ms)
9-9-2026 16:08:58-debug: [Assets Memory track]: asset-db:worker-init start:28.04MB, end 271.80MB, increase: 243.76MB
9-9-2026 16:08:58-debug: Run asset db hook engine-extends:beforePreStart ...
9-9-2026 16:08:58-debug: Run asset db hook programming:beforePreStart success!
9-9-2026 16:08:58-debug: Run asset db hook programming:beforePreStart ...
9-9-2026 16:08:58-debug: Run asset db hook engine-extends:beforePreStart success!
9-9-2026 16:08:58-debug: asset-db:worker-init (1690ms)
9-9-2026 16:08:58-debug: asset-db-hook-programming-beforePreStart (56ms)
9-9-2026 16:08:58-debug: asset-db-hook-engine-extends-beforePreStart (55ms)
9-9-2026 16:08:58-debug: Preimport db internal success
9-9-2026 16:08:58-debug: Preimport db assets success
9-9-2026 16:08:58-debug: Run asset db hook programming:afterPreStart ...
9-9-2026 16:08:58-debug: starting packer-driver...
9-9-2026 16:09:00-debug: initialize scripting environment...
9-9-2026 16:09:00-debug: [[Executor]] prepare before lock
9-9-2026 16:09:00-debug: Set detail map pack:///resolution-detail-map.json: {}
9-9-2026 16:09:00-debug: [[Executor]] prepare after unlock
9-9-2026 16:09:00-debug: Run asset db hook programming:afterPreStart success!
9-9-2026 16:09:00-debug: Run asset db hook engine-extends:afterPreStart success!
9-9-2026 16:09:00-debug: Start up the 'internal' database...
9-9-2026 16:09:00-debug: Run asset db hook engine-extends:afterPreStart ...
9-9-2026 16:09:00-debug: [Assets Memory track]: asset-db:worker-init: preStart start:271.81MB, end 277.69MB, increase: 5.88MB
9-9-2026 16:09:00-debug: asset-db-hook-programming-afterPreStart (1516ms)
9-9-2026 16:09:00-debug: asset-db:worker-effect-data-processing (200ms)
9-9-2026 16:09:00-debug: asset-db-hook-engine-extends-afterPreStart (201ms)
9-9-2026 16:09:00-debug: Run asset db hook engine-extends:afterStartDB ...
9-9-2026 16:09:00-debug: recompile effect.bin success
9-9-2026 16:09:00-debug: Start up the 'assets' database...
9-9-2026 16:09:00-debug: Run asset db hook engine-extends:afterStartDB success!
9-9-2026 16:09:00-debug: asset-db:worker-effect-data-processing (240ms)
9-9-2026 16:09:00-debug: asset-db-hook-engine-extends-afterStartDB (240ms)
9-9-2026 16:09:00-debug: Run asset db hook engine-extends:afterStartDB ...
9-9-2026 16:09:01-debug: recompile effect.bin success
9-9-2026 16:09:01-debug: Run asset db hook engine-extends:afterStartDB success!
9-9-2026 16:09:01-debug: [Assets Memory track]: asset-db:worker-init: startup start:277.70MB, end 309.41MB, increase: 31.70MB
9-9-2026 16:09:01-debug: lazy register asset handler *
9-9-2026 16:09:01-debug: lazy register asset handler directory
9-9-2026 16:09:01-debug: lazy register asset handler spine-data
9-9-2026 16:09:01-debug: lazy register asset handler json
9-9-2026 16:09:01-debug: lazy register asset handler dragonbones
9-9-2026 16:09:01-debug: lazy register asset handler text
9-9-2026 16:09:01-debug: lazy register asset handler terrain
9-9-2026 16:09:01-debug: lazy register asset handler dragonbones-atlas
9-9-2026 16:09:01-debug: lazy register asset handler javascript
9-9-2026 16:09:01-debug: lazy register asset handler prefab
9-9-2026 16:09:01-debug: lazy register asset handler sprite-frame
9-9-2026 16:09:01-debug: lazy register asset handler scene
9-9-2026 16:09:01-debug: lazy register asset handler typescript
9-9-2026 16:09:01-debug: lazy register asset handler image
9-9-2026 16:09:01-debug: lazy register asset handler buffer
9-9-2026 16:09:01-debug: lazy register asset handler sign-image
9-9-2026 16:09:01-debug: lazy register asset handler alpha-image
9-9-2026 16:09:01-debug: lazy register asset handler texture-cube
9-9-2026 16:09:01-debug: lazy register asset handler texture
9-9-2026 16:09:01-debug: lazy register asset handler tiled-map
9-9-2026 16:09:01-debug: lazy register asset handler texture-cube-face
9-9-2026 16:09:01-debug: lazy register asset handler render-texture
9-9-2026 16:09:01-debug: lazy register asset handler rt-sprite-frame
9-9-2026 16:09:01-debug: lazy register asset handler erp-texture-cube
9-9-2026 16:09:01-debug: lazy register asset handler gltf
9-9-2026 16:09:01-debug: lazy register asset handler gltf-mesh
9-9-2026 16:09:01-debug: lazy register asset handler gltf-material
9-9-2026 16:09:01-debug: lazy register asset handler gltf-animation
9-9-2026 16:09:01-debug: lazy register asset handler gltf-embeded-image
9-9-2026 16:09:01-debug: lazy register asset handler fbx
9-9-2026 16:09:01-debug: lazy register asset handler gltf-skeleton
9-9-2026 16:09:01-debug: lazy register asset handler physics-material
9-9-2026 16:09:01-debug: lazy register asset handler material
9-9-2026 16:09:01-debug: lazy register asset handler gltf-scene
9-9-2026 16:09:01-debug: lazy register asset handler effect-header
9-9-2026 16:09:01-debug: lazy register asset handler effect
9-9-2026 16:09:01-debug: lazy register asset handler animation-clip
9-9-2026 16:09:01-debug: lazy register asset handler animation-graph-variant
9-9-2026 16:09:01-debug: lazy register asset handler audio-clip
9-9-2026 16:09:01-debug: lazy register asset handler animation-graph
9-9-2026 16:09:01-debug: lazy register asset handler ttf-font
9-9-2026 16:09:01-debug: lazy register asset handler animation-mask
9-9-2026 16:09:01-debug: lazy register asset handler bitmap-font
9-9-2026 16:09:01-debug: lazy register asset handler sprite-atlas
9-9-2026 16:09:01-debug: lazy register asset handler label-atlas
9-9-2026 16:09:01-debug: lazy register asset handler particle
9-9-2026 16:09:01-debug: lazy register asset handler auto-atlas
9-9-2026 16:09:01-debug: lazy register asset handler render-stage
9-9-2026 16:09:01-debug: lazy register asset handler instantiation-material
9-9-2026 16:09:01-debug: lazy register asset handler render-flow
9-9-2026 16:09:01-debug: lazy register asset handler instantiation-mesh
9-9-2026 16:09:01-debug: lazy register asset handler instantiation-skeleton
9-9-2026 16:09:01-debug: lazy register asset handler render-pipeline
9-9-2026 16:09:01-debug: lazy register asset handler instantiation-animation
9-9-2026 16:09:01-debug: lazy register asset handler video-clip
9-9-2026 16:09:01-debug: asset-db:worker-effect-data-processing (231ms)
9-9-2026 16:09:01-debug: asset-db-hook-engine-extends-afterStartDB (231ms)
9-9-2026 16:09:01-debug: asset-db:start-database (2133ms)
9-9-2026 16:09:01-debug: asset-db:ready (5265ms)
9-9-2026 16:09:01-debug: init worker message success
9-9-2026 16:09:01-debug: programming:execute-script (4ms)
9-9-2026 16:09:01-debug: [Build Memory track]: builder:worker-init start:308.21MB, end 318.03MB, increase: 9.82MB
9-9-2026 16:09:01-debug: builder:worker-init (205ms)
9-9-2026 16:09:04-debug: refresh db internal success
9-9-2026 16:09:04-debug: refresh db assets success
9-9-2026 16:09:04-debug: Run asset db hook engine-extends:afterRefresh ...
9-9-2026 16:09:04-debug: Run asset db hook engine-extends:afterRefresh success!
9-9-2026 16:09:04-debug: asset-db:refresh-all-database (73ms)
9-9-2026 16:09:04-debug: asset-db:worker-effect-data-processing (2ms)
9-9-2026 16:09:04-debug: asset-db-hook-engine-extends-afterRefresh (2ms)
9-9-2026 16:09:07-debug: Query all assets info in project
9-9-2026 16:09:07-debug: init custom config: keepNodeUuid: false, useCache: true
9-9-2026 16:09:07-debug: Skip compress image, progress: 0%
9-9-2026 16:09:07-debug: Init all bundles start..., progress: 0%
9-9-2026 16:09:07-debug: Query asset bundle start, progress: 0%
9-9-2026 16:09:07-debug: // ---- build task Query asset bundle ----
9-9-2026 16:09:07-debug: Init bundle root assets start..., progress: 0%
9-9-2026 16:09:07-debug: Num of bundles: 2..., progress: 0%
9-9-2026 16:09:07-debug: Query preload assets/scripts from cc.config.json: 60f7195c-ec2a-45eb-ba94-8955f60e81d0,1c02ae6f-4492-4915-b8f8-7492a3b1e4cd,810e96e4-e456-4468-9b59-f4e8f39732c0,efe8e2a3-eace-427b-b4f1-cb8a937ec77d,e9aa9a3e-5b2b-4ac7-a2c7-073de2b2b24f,8bbdbcdd-5cd4-4100-b6d5-b7c9625b6107,50f4348b-c883-4e2f-8f11-ce233b859fa1,fda095cb-831d-4601-ad94-846013963de8,f92806d7-1768-443f-afe8-12bcde84d0f0,dd3a144d-ab7f-41f0-82b8-2e43a090d496,f0416e68-0200-4b77-a926-4f9d16e494da,511d2633-09a7-4bdd-ac42-f778032124b3,5d45aa00-e064-4938-b314-4265f0c2258c,9361fd90-ba52-4f84-aa93-6e878fd576ca,970b0598-bcb0-4714-91fb-2e81440dccd8,bcd64cc6-2dd9-43f6-abbe-66318d332032,d930590d-bb92-4cc8-8bd1-23cd027f9edf,a3cd009f-0ab0-420d-9278-b9fdab939bbc,6a2d0734-bd9e-4ddf-946e-caa52498cb75,d9937e59-61fe-4ec6-92ab-7ac5a19c89b0,d1346436-ac96-4271-b863-1f4fdead95b0,971bdb23-3ff6-43eb-b422-1c30165a3663,17debcc3-0a6b-4b8a-b00b-dc58b885581e,711ebe11-f673-4cd9-9a83-63c60ba54c5b,c0143906-9aed-447e-9436-2ae8512d1b6e,14da1725-c4c2-42b4-ab08-ee0aeb6898b3,081cab31-dccd-428e-8652-f2404cc81c47,78e0584a-4343-4727-8f37-e14e65c2a2db,871c3b6c-7379-419d-bda3-794b239ab90d,ff9b0199-ce04-4cfe-86cc-6c719f08d6e4,de1c2107-70c8-4021-8459-6399f24d01c6,cbf30902-517f-40dc-af90-a550bac27cf1,5c601d96-e4c7-4698-991b-7ee674b11079
9-9-2026 16:09:07-debug:   Number of all scenes: 1
9-9-2026 16:09:07-debug:   Number of all scripts: 42
9-9-2026 16:09:07-debug: Init bundle root assets success..., progress: 0%
9-9-2026 16:09:07-debug: // ---- build task Query asset bundle ---- (8ms)
9-9-2026 16:09:07-log: run build task Query asset bundle success in 8 ms√, progress: 5%
9-9-2026 16:09:07-debug: [Build Memory track]: Query asset bundle start:227.24MB, end 222.95MB, increase: -4395.09KB
9-9-2026 16:09:07-debug: // ---- build task Query asset bundle ----
9-9-2026 16:09:07-debug:   Number of other assets: 486
9-9-2026 16:09:07-debug: Query asset bundle start, progress: 5%
9-9-2026 16:09:07-debug: // ---- build task Query asset bundle ---- (3ms)
9-9-2026 16:09:07-log: run build task Query asset bundle success in 3 ms√, progress: 10%
9-9-2026 16:09:07-debug: // ---- build task Sort some build options to settings.json ----
9-9-2026 16:09:07-debug: [Build Memory track]: Query asset bundle start:223.00MB, end 223.15MB, increase: 156.68KB
9-9-2026 16:09:07-debug: Sort some build options to settings.json start, progress: 10%
9-9-2026 16:09:07-debug: // ---- build task Sort some build options to settings.json ---- (2ms)
9-9-2026 16:09:07-log: run build task Sort some build options to settings.json success in 2 ms√, progress: 12%
9-9-2026 16:09:07-debug: [Build Memory track]: Sort some build options to settings.json start:223.19MB, end 223.23MB, increase: 42.26KB
9-9-2026 16:09:07-debug: Fill script data to settings start, progress: 12%
9-9-2026 16:09:07-debug: // ---- build task Fill script data to settings ----
9-9-2026 16:09:07-debug: // ---- build task Fill script data to settings ---- (2ms)
9-9-2026 16:09:07-log: run build task Fill script data to settings success in 2 ms√, progress: 13%
9-9-2026 16:09:07-debug: [Build Memory track]: Fill script data to settings start:223.27MB, end 223.31MB, increase: 35.88KB
9-9-2026 16:09:07-debug: Sort some build options to settings.json start, progress: 13%
9-9-2026 16:09:07-debug: // ---- build task Sort some build options to settings.json ----
9-9-2026 16:09:07-debug: // ---- build task Sort some build options to settings.json ---- (4ms)
9-9-2026 16:09:07-debug: [Build Memory track]: Sort some build options to settings.json start:223.35MB, end 223.50MB, increase: 154.59KB
9-9-2026 16:09:07-log: run build task Sort some build options to settings.json success in 4 ms√, progress: 15%
9-9-2026 16:09:12-debug: Query all assets info in project
9-9-2026 16:09:12-debug: init custom config: keepNodeUuid: false, useCache: true
9-9-2026 16:09:12-debug: Skip compress image, progress: 0%
9-9-2026 16:09:12-debug: Init all bundles start..., progress: 0%
9-9-2026 16:09:12-debug: // ---- build task Query asset bundle ----
9-9-2026 16:09:12-debug: Init bundle root assets start..., progress: 0%
9-9-2026 16:09:12-debug: Num of bundles: 2..., progress: 0%
9-9-2026 16:09:12-debug: Query asset bundle start, progress: 0%
9-9-2026 16:09:12-debug: Query preload assets/scripts from cc.config.json: 60f7195c-ec2a-45eb-ba94-8955f60e81d0,1c02ae6f-4492-4915-b8f8-7492a3b1e4cd,810e96e4-e456-4468-9b59-f4e8f39732c0,efe8e2a3-eace-427b-b4f1-cb8a937ec77d,e9aa9a3e-5b2b-4ac7-a2c7-073de2b2b24f,8bbdbcdd-5cd4-4100-b6d5-b7c9625b6107,50f4348b-c883-4e2f-8f11-ce233b859fa1,fda095cb-831d-4601-ad94-846013963de8,f92806d7-1768-443f-afe8-12bcde84d0f0,dd3a144d-ab7f-41f0-82b8-2e43a090d496,f0416e68-0200-4b77-a926-4f9d16e494da,511d2633-09a7-4bdd-ac42-f778032124b3,5d45aa00-e064-4938-b314-4265f0c2258c,9361fd90-ba52-4f84-aa93-6e878fd576ca,970b0598-bcb0-4714-91fb-2e81440dccd8,bcd64cc6-2dd9-43f6-abbe-66318d332032,d930590d-bb92-4cc8-8bd1-23cd027f9edf,a3cd009f-0ab0-420d-9278-b9fdab939bbc,6a2d0734-bd9e-4ddf-946e-caa52498cb75,d9937e59-61fe-4ec6-92ab-7ac5a19c89b0,d1346436-ac96-4271-b863-1f4fdead95b0,971bdb23-3ff6-43eb-b422-1c30165a3663,17debcc3-0a6b-4b8a-b00b-dc58b885581e,711ebe11-f673-4cd9-9a83-63c60ba54c5b,c0143906-9aed-447e-9436-2ae8512d1b6e,14da1725-c4c2-42b4-ab08-ee0aeb6898b3,081cab31-dccd-428e-8652-f2404cc81c47,78e0584a-4343-4727-8f37-e14e65c2a2db,871c3b6c-7379-419d-bda3-794b239ab90d,ff9b0199-ce04-4cfe-86cc-6c719f08d6e4,de1c2107-70c8-4021-8459-6399f24d01c6,cbf30902-517f-40dc-af90-a550bac27cf1,5c601d96-e4c7-4698-991b-7ee674b11079
9-9-2026 16:09:12-debug:   Number of all scenes: 1
9-9-2026 16:09:12-debug:   Number of all scripts: 42
9-9-2026 16:09:12-debug:   Number of other assets: 486
9-9-2026 16:09:12-debug: Init bundle root assets success..., progress: 0%
9-9-2026 16:09:12-debug: // ---- build task Query asset bundle ---- (5ms)
9-9-2026 16:09:12-debug: Query asset bundle start, progress: 5%
9-9-2026 16:09:12-log: run build task Query asset bundle success in 5 ms√, progress: 5%
9-9-2026 16:09:12-debug: [Build Memory track]: Query asset bundle start:224.91MB, end 225.64MB, increase: 748.04KB
9-9-2026 16:09:12-debug: // ---- build task Query asset bundle ----
9-9-2026 16:09:12-debug: // ---- build task Query asset bundle ---- (4ms)
9-9-2026 16:09:12-log: run build task Query asset bundle success in 4 ms√, progress: 10%
9-9-2026 16:09:12-debug: // ---- build task Sort some build options to settings.json ----
9-9-2026 16:09:12-debug: Sort some build options to settings.json start, progress: 10%
9-9-2026 16:09:12-debug: [Build Memory track]: Query asset bundle start:225.68MB, end 225.84MB, increase: 170.22KB
9-9-2026 16:09:12-debug: // ---- build task Sort some build options to settings.json ---- (2ms)
9-9-2026 16:09:12-log: run build task Sort some build options to settings.json success in 2 ms√, progress: 12%
9-9-2026 16:09:12-debug: Fill script data to settings start, progress: 12%
9-9-2026 16:09:12-debug: [Build Memory track]: Sort some build options to settings.json start:225.89MB, end 225.92MB, increase: 34.26KB
9-9-2026 16:09:12-debug: // ---- build task Fill script data to settings ----
9-9-2026 16:09:12-debug: // ---- build task Fill script data to settings ---- (3ms)
9-9-2026 16:09:12-log: run build task Fill script data to settings success in 3 ms√, progress: 13%
9-9-2026 16:09:12-debug: [Build Memory track]: Fill script data to settings start:225.97MB, end 226.00MB, increase: 37.43KB
9-9-2026 16:09:12-debug: // ---- build task Sort some build options to settings.json ----
9-9-2026 16:09:12-debug: Sort some build options to settings.json start, progress: 13%
9-9-2026 16:09:12-debug: // ---- build task Sort some build options to settings.json ---- (6ms)
9-9-2026 16:09:12-log: run build task Sort some build options to settings.json success in 6 ms√, progress: 15%
9-9-2026 16:09:12-debug: [Build Memory track]: Sort some build options to settings.json start:226.04MB, end 226.17MB, increase: 134.50KB
9-9-2026 17:44:15-debug: refresh db internal success
9-9-2026 17:44:15-debug: %cImport%c: D:\Works\Github\BattleGame\assets\scripts\BattleTelemetry.tsbackground: #aaff85; color: #000;color: #000;
9-9-2026 17:44:15-debug: %cImport%c: D:\Works\Github\BattleGame\assets\scripts\BattleWave.tsbackground: #aaff85; color: #000;color: #000;
9-9-2026 17:44:15-debug: %cImport%c: D:\Works\Github\BattleGame\assets\scripts\GameManager.tsbackground: #aaff85; color: #000;color: #000;
9-9-2026 17:44:15-debug: refresh db assets success
9-9-2026 17:44:15-debug: Run asset db hook engine-extends:afterRefresh ...
9-9-2026 17:44:15-debug: Run asset db hook engine-extends:afterRefresh success!
9-9-2026 17:44:15-debug: asset-db:refresh-all-database (63ms)
9-9-2026 17:44:15-debug: asset-db:worker-effect-data-processing (1ms)
9-9-2026 17:44:15-debug: asset-db-hook-engine-extends-afterRefresh (2ms)
9-9-2026 17:44:18-debug: Query all assets info in project
9-9-2026 17:44:18-debug: init custom config: keepNodeUuid: false, useCache: true
9-9-2026 17:44:18-debug: Skip compress image, progress: 0%
9-9-2026 17:44:18-debug: Init all bundles start..., progress: 0%
9-9-2026 17:44:18-debug: Num of bundles: 2..., progress: 0%
9-9-2026 17:44:18-debug: Query asset bundle start, progress: 0%
9-9-2026 17:44:18-debug: // ---- build task Query asset bundle ----
9-9-2026 17:44:18-debug: Init bundle root assets start..., progress: 0%
9-9-2026 17:44:18-debug: Query preload assets/scripts from cc.config.json: 60f7195c-ec2a-45eb-ba94-8955f60e81d0,1c02ae6f-4492-4915-b8f8-7492a3b1e4cd,810e96e4-e456-4468-9b59-f4e8f39732c0,efe8e2a3-eace-427b-b4f1-cb8a937ec77d,e9aa9a3e-5b2b-4ac7-a2c7-073de2b2b24f,8bbdbcdd-5cd4-4100-b6d5-b7c9625b6107,50f4348b-c883-4e2f-8f11-ce233b859fa1,fda095cb-831d-4601-ad94-846013963de8,f92806d7-1768-443f-afe8-12bcde84d0f0,dd3a144d-ab7f-41f0-82b8-2e43a090d496,f0416e68-0200-4b77-a926-4f9d16e494da,511d2633-09a7-4bdd-ac42-f778032124b3,5d45aa00-e064-4938-b314-4265f0c2258c,9361fd90-ba52-4f84-aa93-6e878fd576ca,970b0598-bcb0-4714-91fb-2e81440dccd8,bcd64cc6-2dd9-43f6-abbe-66318d332032,d930590d-bb92-4cc8-8bd1-23cd027f9edf,a3cd009f-0ab0-420d-9278-b9fdab939bbc,6a2d0734-bd9e-4ddf-946e-caa52498cb75,d9937e59-61fe-4ec6-92ab-7ac5a19c89b0,d1346436-ac96-4271-b863-1f4fdead95b0,971bdb23-3ff6-43eb-b422-1c30165a3663,17debcc3-0a6b-4b8a-b00b-dc58b885581e,711ebe11-f673-4cd9-9a83-63c60ba54c5b,c0143906-9aed-447e-9436-2ae8512d1b6e,14da1725-c4c2-42b4-ab08-ee0aeb6898b3,081cab31-dccd-428e-8652-f2404cc81c47,78e0584a-4343-4727-8f37-e14e65c2a2db,871c3b6c-7379-419d-bda3-794b239ab90d,ff9b0199-ce04-4cfe-86cc-6c719f08d6e4,de1c2107-70c8-4021-8459-6399f24d01c6,cbf30902-517f-40dc-af90-a550bac27cf1,5c601d96-e4c7-4698-991b-7ee674b11079
9-9-2026 17:44:18-debug:   Number of all scenes: 1
9-9-2026 17:44:18-debug:   Number of all scripts: 42
9-9-2026 17:44:18-debug:   Number of other assets: 486
9-9-2026 17:44:18-debug: Init bundle root assets success..., progress: 0%
9-9-2026 17:44:18-debug: // ---- build task Query asset bundle ---- (5ms)
9-9-2026 17:44:18-log: run build task Query asset bundle success in 5 ms√, progress: 5%
9-9-2026 17:44:18-debug: [Build Memory track]: Query asset bundle start:223.55MB, end 223.40MB, increase: -149.70KB
9-9-2026 17:44:18-debug: Query asset bundle start, progress: 5%
9-9-2026 17:44:18-debug: // ---- build task Query asset bundle ----
9-9-2026 17:44:18-debug: // ---- build task Query asset bundle ---- (4ms)
9-9-2026 17:44:18-log: run build task Query asset bundle success in 4 ms√, progress: 10%
9-9-2026 17:44:18-debug: [Build Memory track]: Query asset bundle start:223.44MB, end 223.59MB, increase: 148.39KB
9-9-2026 17:44:18-debug: // ---- build task Sort some build options to settings.json ----
9-9-2026 17:44:18-debug: Sort some build options to settings.json start, progress: 10%
9-9-2026 17:44:18-debug: // ---- build task Sort some build options to settings.json ---- (-1ms)
9-9-2026 17:44:18-debug: [Build Memory track]: Sort some build options to settings.json start:223.62MB, end 223.66MB, increase: 32.87KB
9-9-2026 17:44:18-debug: Fill script data to settings start, progress: 12%
9-9-2026 17:44:18-log: run build task Sort some build options to settings.json success in -1 h -1 min -1 s√, progress: 12%
9-9-2026 17:44:18-debug: // ---- build task Fill script data to settings ----
9-9-2026 17:44:18-log: run build task Fill script data to settings success in √, progress: 13%
9-9-2026 17:44:18-debug: [Build Memory track]: Fill script data to settings start:223.69MB, end 223.72MB, increase: 21.21KB
9-9-2026 17:44:18-debug: Sort some build options to settings.json start, progress: 13%
9-9-2026 17:44:18-debug: // ---- build task Sort some build options to settings.json ----
9-9-2026 17:44:18-debug: // ---- build task Sort some build options to settings.json ---- (4ms)
9-9-2026 17:44:18-log: run build task Sort some build options to settings.json success in 4 ms√, progress: 15%
9-9-2026 17:44:18-debug: [Build Memory track]: Sort some build options to settings.json start:223.75MB, end 223.17MB, increase: -598.52KB
